test_build_dynamic_chart_data_nan_keys_and_none_and_json_roundtrip (test_main_page_redesign.PageRedesignHelperTests.test_build_dynamic_chart_data_nan_keys_and_none_and_json_roundtrip) ... ok
test_build_dynamic_chart_data_raises_on_empty_data (test_main_page_redesign.PageRedesignHelperTests.test_build_dynamic_chart_data_raises_on_empty_data) ... ok
test_build_dynamic_chart_document_uses_local_echarts_script_and_full_height_layout (test_main_page_redesign.PageRedesignHelperTests.test_build_dynamic_chart_document_uses_local_echarts_script_and_full_height_layout) ... ok
test_build_fund_detail_holding_metrics_includes_profit_blocks (test_main_page_redesign.PageRedesignHelperTests.test_build_fund_detail_holding_metrics_includes_profit_blocks) ... ok
test_build_fund_detail_panel_enables_vertical_scroll (test_main_page_redesign.PageRedesignHelperTests.test_build_fund_detail_panel_enables_vertical_scroll) ... ok
test_build_market_dense_row_data_repackages_three_metrics_for_single_row_layout (test_main_page_redesign.PageRedesignHelperTests.test_build_market_dense_row_data_repackages_three_metrics_for_single_row_layout) ... ok
test_build_market_overview_card_data_exposes_three_key_metrics (test_main_page_redesign.PageRedesignHelperTests.test_build_market_overview_card_data_exposes_three_key_metrics) ... ok
test_build_metric_wrap_row_returns_responsive_row (test_main_page_redesign.PageRedesignHelperTests.test_build_metric_wrap_row_returns_responsive_row) ... ok
test_create_metric_tile_uses_responsive_columns (test_main_page_redesign.PageRedesignHelperTests.test_create_metric_tile_uses_responsive_columns) ... ok
test_detail_holding_action_config_uses_add_icon_without_holding (test_main_page_redesign.PageRedesignHelperTests.test_detail_holding_action_config_uses_add_icon_without_holding) ... ok
test_detail_holding_action_config_uses_edit_icon_with_holding (test_main_page_redesign.PageRedesignHelperTests.test_detail_holding_action_config_uses_edit_icon_with_holding) ... ok
test_dynamic_kline_ma_layout_contract_get_chart_html (test_main_page_redesign.PageRedesignHelperTests.test_dynamic_kline_ma_layout_contract_get_chart_html)
验证 get_chart_html()/build_dynamic_chart_document 对 MA 布局的契约（静态字符串检查） ... FAIL
test_dynamic_kline_ma_layout_contract_write_dynamic_chart_html (test_main_page_redesign.PageRedesignHelperTests.test_dynamic_kline_ma_layout_contract_write_dynamic_chart_html)
与 get_chart_html() 相同的断言，但通过 write_dynamic_chart_html 输出文件验证契约一致性 ... FAIL
test_ensure_dynamic_chart_asset_copies_bundled_asset_to_output_dir (test_main_page_redesign.PageRedesignHelperTests.test_ensure_dynamic_chart_asset_copies_bundled_asset_to_output_dir) ... ok
test_ensure_dynamic_chart_asset_raises_when_bundled_asset_missing (test_main_page_redesign.PageRedesignHelperTests.test_ensure_dynamic_chart_asset_raises_when_bundled_asset_missing) ... ok
test_open_dynamic_kline_shows_message_when_browser_open_returns_false (test_main_page_redesign.PageRedesignHelperTests.test_open_dynamic_kline_shows_message_when_browser_open_returns_false) ... ok
test_write_dynamic_chart_html_writes_html_that_uses_local_echarts_script (test_main_page_redesign.PageRedesignHelperTests.test_write_dynamic_chart_html_writes_html_that_uses_local_echarts_script) ... ok

======================================================================
FAIL: test_dynamic_kline_ma_layout_contract_get_chart_html (test_main_page_redesign.PageRedesignHelperTests.test_dynamic_kline_ma_layout_contract_get_chart_html)
验证 get_chart_html()/build_dynamic_chart_document 对 MA 布局的契约（静态字符串检查）
----------------------------------------------------------------------
Traceback (most recent call last):
  File "E:\ai_project\tests\test_main_page_redesign.py", line 99, in test_dynamic_kline_ma_layout_contract_get_chart_html
    self.assertIn("ma-controls-row", html, "应包含 ma-controls-row DOM 标识")
    ~~~~~~~~~~~~~^^^^^^^^^^^^^^^^^^^^^^^^^^^^^^^^^^^^^^^^^^^^^^^^^^^^^^^^^^^^
AssertionError: 'ma-controls-row' not found in '<!doctype html><html lang=\'zh-CN\'><head><meta charset=\'utf-8\'><meta name=\'viewport\' content=\'width=device-width, initial-scale=1\'><title>测试基金 (110022) 净值走势</title><script src="echarts.min.js"></script><style>html,body{margin:0;height:100%;background:#F0F2F5;}body{font-family:\'Microsoft YaHei UI\',\'Segoe UI\',sans-serif;color:#111827;}.page{height:100vh;display:flex;flex-direction:column;padding:16px;box-sizing:border-box;gap:12px;}.toolbar{display:flex;justify-content:space-between;align-items:center;gap:12px;flex-wrap:wrap;}.title{font-size:18px;font-weight:700;}.hint{font-size:12px;color:#6B7280;}.chart-card{flex:1;min-height:420px;background:#FFFFFF;border-radius:16px;box-shadow:0 8px 24px rgba(15,23,42,.08);padding:12px;box-sizing:border-box;}#dynamic-chart{width:100%;height:100%;}</style></head><body><div class=\'page\'><div class=\'toolbar\'><div class=\'title\'>测试基金 (110022) 净值走势</div><div class=\'hint\'>支持缩放、悬浮提示和图片导出</div></div><div class=\'chart-card\'><div id=\'dynamic-chart\'></div></div></div><script>const chart = echarts.init(document.getElementById(\'dynamic-chart\'), \'white\', {renderer: \'canvas\', locale: \'ZH\'});const option = {\n    "animation": true,\n    "animationThreshold": 2000,\n    "animationDuration": 1000,\n    "animationEasing": "cubicOut",\n    "animationDelay": 0,\n    "animationDurationUpdate": 300,\n    "animationEasingUpdate": "cubicOut",\n    "animationDelayUpdate": 0,\n    "aria": {\n        "enabled": false\n    },\n    "series": [\n        {\n            "type": "line",\n            "name": "\\u5355\\u4f4d\\u51c0\\u503c",\n            "connectNulls": false,\n            "xAxisIndex": 0,\n            "symbolSize": 4,\n            "showSymbol": false,\n            "smooth": false,\n            "clip": true,\n            "step": false,\n            "stackStrategy": "samesign",\n            "data": [\n                [\n                    "2010-08-20",\n                    1.0\n                ],\n                [\n                    "2010-08-27",\n                    1.001\n                ],\n                [\n                    "2010-09-03",\n                    1.006\n                ],\n                [\n                    "2010-09-10",\n                    1.006\n                ],\n                [\n                    "2010-09-17",\n                    1.004\n                ],\n                [\n                    "2010-09-21",\n                    1.005\n                ],\n                [\n                    "2010-09-30",\n                    1.007\n                ],\n                [\n                    "2010-10-08",\n                    1.013\n                ],\n                [\n                    "2010-10-15",\n                    0.994\n                ],\n                [\n                    "2010-10-22",\n                    1.01\n                ],\n                [\n                    "2010-10-26",\n                    1.019\n                ],\n                [\n                    "2010-10-27",\n                    1.014\n                ],\n                [\n                    "2010-10-28",\n                    1.013\n                ],\n                [\n                    "2010-10-29",\n                    1.017\n                ],\n                [\n                    "2010-11-01",\n                    1.026\n                ],\n                [\n                    "2010-11-02",\n                    1.024\n                ],\n                [\n                    "2010-11-03",\n                    1.024\n                ],\n                [\n                    "2010-11-04",\n                    1.03\n                ],\n                [\n                    "2010-11-05",\n                    1.033\n                ],\n                [\n                    "2010-11-08",\n                    1.038\n                ],\n                [\n                    "2010-11-09",\n                    1.045\n                ],\n                [\n                    "2010-11-10",\n                    1.058\n                ],\n                [\n                    "2010-11-11",\n                    1.051\n                ],\n                [\n                    "2010-11-12",\n                    1.02\n                ],\n                [\n                    "2010-11-15",\n                    1.042\n                ],\n                [\n                    "2010-11-16",\n                    1.027\n                ],\n                [\n                    "2010-11-17",\n                    1.002\n                ],\n                [\n                    "2010-11-18",\n                    1.01\n                ],\n                [\n                    "2010-11-19",\n                    1.026\n                ],\n                [\n                    "2010-11-22",\n                    1.031\n                ],\n                [\n                    "2010-11-23",\n                    1.022\n                ],\n                [\n                    "2010-11-24",\n                    1.036\n                ],\n                [\n                    "2010-11-25",\n                    1.044\n                ],\n                [\n                    "2010-11-26",\n                    1.042\n                ],\n                [\n                    "2010-11-29",\n                    1.044\n                ],\n                [\n                    "2010-11-30",\n                    1.028\n                ],\n                [\n                    "2010-12-01",\n                    1.024\n                ],\n                [\n                    "2010-12-02",\n                    1.02\n                ],\n                [\n                    "2010-12-03",\n                    1.014\n                ],\n                [\n                    "2010-12-06",\n                    1.002\n                ],\n                [\n                    "2010-12-07",\n                    1.009\n                ],\n                [\n                    "2010-12-08",\n                    1.008\n                ],\n                [\n                    "2010-12-09",\n                    0.993\n                ],\n                [\n                    "2010-12-10",\n                    0.999\n                ],\n                [\n                    "2010-12-13",\n                    1.018\n                ],\n                [\n                    "2010-12-14",\n                    1.021\n                ],\n                [\n                    "2010-12-15",\n                    1.016\n                ],\n                [\n                    "2010-12-16",\n                    1.013\n                ],\n                [\n                    "2010-12-17",\n                    1.01\n                ],\n                [\n                    "2010-12-20",\n                    1.002\n                ],\n                [\n                    "2010-12-21",\n                    1.004\n                ],\n                [\n                    "2010-12-22",\n                    0.995\n                ],\n                [\n                    "2010-12-23",\n                    0.985\n                ],\n                [\n                    "2010-12-24",\n                    0.975\n                ],\n                [\n                    "2010-12-27",\n                    0.958\n                ],\n                [\n                    "2010-12-28",\n                    0.952\n                ],\n                [\n                    "2010-12-29",\n                    0.963\n                ],\n                [\n                    "2010-12-30",\n                    0.966\n                ],\n                [\n                    "2010-12-31",\n                    0.983\n                ],\n                [\n                    "2011-01-04",\n                    0.986\n                ],\n                [\n                    "2011-01-05",\n                    0.98\n                ],\n                [\n                    "2011-01-06",\n                    0.975\n                ],\n                [\n                    "2011-01-07",\n                    0.971\n                ],\n                [\n                    "2011-01-10",\n                    0.952\n                ],\n                [\n                    "2011-01-11",\n                    0.95\n                ],\n                [\n                    "2011-01-12",\n                    0.951\n                ],\n                [\n                    "2011-01-13",\n                    0.957\n                ],\n                [\n                    "2011-01-14",\n                    0.948\n                ],\n                [\n                    "2011-01-17",\n                    0.918\n                ],\n                [\n                    "2011-01-18",\n                    0.927\n                ],\n                [\n                    "2011-01-19",\n                    0.94\n                ],\n                [\n                    "2011-01-20",\n                    0.916\n                ],\n                [\n                    "2011-01-21",\n                    0.911\n                ],\n                [\n                    "2011-01-24",\n                    0.894\n                ],\n                [\n                    "2011-01-25",\n                    0.887\n                ],\n                [\n                    "2011-01-26",\n                    0.897\n                ],\n                [\n                    "2011-01-27",\n                    0.905\n                ],\n                [\n                    "2011-01-28",\n                    0.915\n                ],\n                [\n                    "2011-01-31",\n                    0.923\n                ],\n                [\n                    "2011-02-01",\n                    0.921\n                ],\n                [\n                    "2011-02-09",\n                    0.918\n                ],\n                [\n                    "2011-02-10",\n                    0.94\n                ],\n                [\n                    "2011-02-11",\n                    0.949\n                ],\n                [\n                    "2011-02-14",\n                    0.962\n                ],\n                [\n                    "2011-02-15",\n                    0.957\n                ],\n                [\n                    "2011-02-16",\n                    0.962\n                ],\n                [\n                    "2011-02-17",\n                    0.956\n                ],\n                [\n                    "2011-02-18",\n                    0.952\n                ],\n                [\n                    "2011-02-21",\n                    0.967\n                ],\n                [\n                    "2011-02-22",\n                    0.949\n                ],\n                [\n                    "2011-02-23",\n                    0.952\n                ],\n                [\n                    "2011-02-24",\n                    0.951\n                ],\n                [\n                    "2011-02-25",\n                    0.954\n                ],\n                [\n                    "2011-02-28",\n                    0.967\n                ],\n                [\n                    "2011-03-01",\n                    0.975\n                ],\n                [\n                    "2011-03-02",\n                    0.977\n                ],\n                [\n                    "2011-03-03",\n                    0.964\n                ],\n                [\n                    "2011-03-04",\n                    0.972\n                ],\n                [\n                    "2011-03-07",\n                    0.981\n                ],\n                [\n                    "2011-03-08",\n                    0.986\n                ],\n                [\n                    "2011-03-09",\n                    0.987\n                ],\n                [\n                    "2011-03-10",\n                    0.985\n                ],\n                [\n                    "2011-03-11",\n                    0.979\n                ],\n                [\n                    "2011-03-14",\n                    0.987\n                ],\n                [\n                    "2011-03-15",\n                    0.97\n                ],\n                [\n                    "2011-03-16",\n                    0.98\n                ],\n                [\n                    "2011-03-17",\n                    0.964\n                ],\n                [\n                    "2011-03-18",\n                    0.965\n                ],\n                [\n                    "2011-03-21",\n                    0.957\n                ],\n                [\n                    "2011-03-22",\n                    0.956\n                ],\n                [\n                    "2011-03-23",\n                    0.964\n                ],\n                [\n                    "2011-03-24",\n                    0.961\n                ],\n                [\n                    "2011-03-25",\n                    0.964\n                ],\n                [\n                    "2011-03-28",\n                    0.951\n                ],\n                [\n                    "2011-03-29",\n                    0.934\n                ],\n                [\n                    "2011-03-30",\n                    0.931\n                ],\n                [\n                    "2011-03-31",\n                    0.929\n                ],\n                [\n                    "2011-04-01",\n                    0.933\n                ],\n                [\n                    "2011-04-06",\n                    0.924\n                ],\n                [\n                    "2011-04-07",\n                    0.93\n                ],\n                [\n                    "2011-04-08",\n                    0.943\n                ],\n                [\n                    "2011-04-11",\n                    0.935\n                ],\n                [\n                    "2011-04-12",\n                    0.936\n                ],\n                [\n                    "2011-04-13",\n                    0.95\n                ],\n                [\n                    "2011-04-14",\n                    0.948\n                ],\n                [\n                    "2011-04-15",\n                    0.946\n                ],\n                [\n                    "2011-04-18",\n                    0.945\n                ],\n                [\n                    "2011-04-19",\n                    0.947\n                ],\n                [\n                    "2011-04-20",\n                    0.954\n                ],\n                [\n                    "2011-04-21",\n                    0.956\n                ],\n                [\n                    "2011-04-22",\n                    0.953\n                ],\n                [\n                    "2011-04-25",\n                    0.962\n                ],\n                [\n                    "2011-04-26",\n                    0.95\n                ],\n                [\n                    "2011-04-27",\n                    0.944\n                ],\n                [\n                    "2011-04-28",\n                    0.924\n                ],\n                [\n                    "2011-04-29",\n                    0.935\n                ],\n                [\n                    "2011-05-03",\n                    0.948\n                ],\n                [\n                    "2011-05-04",\n                    0.938\n                ],\n                [\n                    "2011-05-05",\n                    0.95\n                ],\n                [\n                    "2011-05-06",\n                    0.955\n                ],\n                [\n                    "2011-05-09",\n                    0.958\n                ],\n                [\n                    "2011-05-10",\n                    0.955\n                ],\n                [\n                    "2011-05-11",\n                    0.958\n                ],\n                [\n                    "2011-05-12",\n                    0.957\n                ],\n                [\n                    "2011-05-13",\n                    0.956\n                ],\n                [\n                    "2011-05-16",\n                    0.955\n                ],\n                [\n                    "2011-05-17",\n                    0.947\n                ],\n                [\n                    "2011-05-18",\n                    0.955\n                ],\n                [\n                    "2011-05-19",\n                    0.957\n                ],\n                [\n                    "2011-05-20",\n                    0.956\n                ],\n                [\n                    "2011-05-23",\n                    0.928\n                ],\n                [\n                    "2011-05-24",\n                    0.923\n                ],\n                [\n                    "2011-05-25",\n                    0.912\n                ],\n                [\n                    "2011-05-26",\n                    0.907\n                ],\n                [\n                    "2011-05-27",\n                    0.894\n                ],\n                [\n                    "2011-05-30",\n                    0.897\n                ],\n                [\n                    "2011-05-31",\n                    0.905\n                ],\n                [\n                    "2011-06-01",\n                    0.917\n                ],\n                [\n                    "2011-06-02",\n                    0.914\n                ],\n                [\n                    "2011-06-03",\n                    0.927\n                ],\n                [\n                    "2011-06-07",\n                    0.93\n                ],\n                [\n                    "2011-06-08",\n                    0.932\n                ],\n                [\n                    "2011-06-09",\n                    0.918\n                ],\n                [\n                    "2011-06-10",\n                    0.923\n                ],\n                [\n                    "2011-06-13",\n                    0.912\n                ],\n                [\n                    "2011-06-14",\n                    0.92\n                ],\n                [\n                    "2011-06-15",\n                    0.915\n                ],\n                [\n                    "2011-06-16",\n                    0.904\n                ],\n                [\n                    "2011-06-17",\n                    0.898\n                ],\n                [\n                    "2011-06-20",\n                    0.887\n                ],\n                [\n                    "2011-06-21",\n                    0.898\n                ],\n                [\n                    "2011-06-22",\n                    0.904\n                ],\n                [\n                    "2011-06-23",\n                    0.914\n                ],\n                [\n                    "2011-06-24",\n                    0.928\n                ],\n                [\n                    "2011-06-27",\n                    0.936\n                ],\n                [\n                    "2011-06-28",\n                    0.935\n                ],\n                [\n                    "2011-06-29",\n                    0.928\n                ],\n                [\n                    "2011-06-30",\n                    0.939\n                ],\n                [\n                    "2011-07-01",\n                    0.941\n                ],\n                [\n                    "2011-07-04",\n                    0.962\n                ],\n                [\n                    "2011-07-05",\n                    0.964\n                ],\n                [\n                    "2011-07-06",\n                    0.963\n                ],\n                [\n                    "2011-07-07",\n                    0.973\n                ],\n                [\n                    "2011-07-08",\n                    0.976\n                ],\n                [\n                    "2011-07-11",\n                    0.989\n                ],\n                [\n                    "2011-07-12",\n                    0.985\n                ],\n                [\n                    "2011-07-13",\n                    1.001\n                ],\n                [\n                    "2011-07-14",\n                    0.996\n                ],\n                [\n                    "2011-07-15",\n                    0.999\n                ],\n                [\n                    "2011-07-18",\n                    1.005\n                ],\n                [\n                    "2011-07-19",\n                    0.991\n                ],\n                [\n                    "2011-07-20",\n                    0.995\n                ],\n                [\n                    "2011-07-21",\n                    0.998\n                ],\n                [\n                    "2011-07-22",\n                    0.999\n                ],\n                [\n                    "2011-07-25",\n                    0.97\n                ],\n                [\n                    "2011-07-26",\n                    0.973\n                ],\n                [\n                    "2011-07-27",\n                    0.985\n                ],\n                [\n                    "2011-07-28",\n                    0.984\n                ],\n                [\n                    "2011-07-29",\n                    0.977\n                ],\n                [\n                    "2011-08-01",\n                    0.974\n                ],\n                [\n                    "2011-08-02",\n                    0.969\n                ],\n                [\n                    "2011-08-03",\n                    0.976\n                ],\n                [\n                    "2011-08-04",\n                    0.982\n                ],\n                [\n                    "2011-08-05",\n                    0.977\n                ],\n                [\n                    "2011-08-08",\n                    0.962\n                ],\n                [\n                    "2011-08-09",\n                    0.968\n                ],\n                [\n                    "2011-08-10",\n                    0.982\n                ],\n                [\n                    "2011-08-11",\n                    1.008\n                ],\n                [\n                    "2011-08-12",\n                    1.01\n                ],\n                [\n                    "2011-08-15",\n                    1.011\n                ],\n                [\n                    "2011-08-16",\n                    1.002\n                ],\n                [\n                    "2011-08-17",\n                    1.001\n                ],\n                [\n                    "2011-08-18",\n                    0.99\n                ],\n                [\n                    "2011-08-19",\n                    0.99\n                ],\n                [\n                    "2011-08-22",\n                    0.969\n                ],\n                [\n                    "2011-08-23",\n                    0.975\n                ],\n                [\n                    "2011-08-24",\n                    0.973\n                ],\n                [\n                    "2011-08-25",\n                    0.989\n                ],\n                [\n                    "2011-08-26",\n                    0.988\n                ],\n                [\n                    "2011-08-29",\n                    0.992\n                ],\n                [\n                    "2011-08-30",\n                    0.987\n                ],\n                [\n                    "2011-08-31",\n                    0.988\n                ],\n                [\n                    "2011-09-01",\n                    0.98\n                ],\n                [\n                    "2011-09-02",\n                    0.97\n                ],\n                [\n                    "2011-09-05",\n                    0.961\n                ],\n                [\n                    "2011-09-06",\n                    0.949\n                ],\n                [\n                    "2011-09-07",\n                    0.965\n                ],\n                [\n                    "2011-09-08",\n                    0.96\n                ],\n                [\n                    "2011-09-09",\n                    0.952\n                ],\n                [\n                    "2011-09-13",\n                    0.943\n                ],\n                [\n                    "2011-09-14",\n                    0.945\n                ],\n                [\n                    "2011-09-15",\n                    0.946\n                ],\n                [\n                    "2011-09-16",\n                    0.948\n                ],\n                [\n                    "2011-09-19",\n                    0.935\n                ],\n                [\n                    "2011-09-20",\n                    0.933\n                ],\n                [\n                    "2011-09-21",\n                    0.949\n                ],\n                [\n                    "2011-09-22",\n                    0.933\n                ],\n                [\n                    "2011-09-23",\n                    0.916\n                ],\n                [\n                    "2011-09-26",\n                    0.9\n                ],\n                [\n                    "2011-09-27",\n                    0.907\n                ],\n                [\n                    "2011-09-28",\n                    0.901\n                ],\n                [\n                    "2011-09-29",\n                    0.889\n                ],\n                [\n                    "2011-09-30",\n                    0.888\n                ],\n                [\n                    "2011-10-10",\n                    0.876\n                ],\n                [\n                    "2011-10-11",\n                    0.869\n                ],\n                [\n                    "2011-10-12",\n                    0.891\n                ],\n                [\n                    "2011-10-13",\n                    0.899\n                ],\n                [\n                    "2011-10-14",\n                    0.896\n                ],\n                [\n                    "2011-10-17",\n                    0.907\n                ],\n                [\n                    "2011-10-18",\n                    0.897\n                ],\n                [\n                    "2011-10-19",\n                    0.892\n                ],\n                [\n                    "2011-10-20",\n                    0.873\n                ],\n                [\n                    "2011-10-21",\n                    0.868\n                ],\n                [\n                    "2011-10-24",\n                    0.885\n                ],\n                [\n                    "2011-10-25",\n                    0.901\n                ],\n                [\n                    "2011-10-26",\n                    0.911\n                ],\n                [\n                    "2011-10-27",\n                    0.913\n                ],\n                [\n                    "2011-10-28",\n                    0.922\n                ],\n                [\n                    "2011-10-31",\n                    0.924\n                ],\n                [\n                    "2011-11-01",\n                    0.927\n                ],\n                [\n                    "2011-11-02",\n                    0.941\n                ],\n                [\n                    "2011-11-03",\n                    0.944\n                ],\n                [\n                    "2011-11-04",\n                    0.95\n                ],\n                [\n                    "2011-11-07",\n                    0.948\n                ],\n                [\n                    "2011-11-08",\n                    0.943\n                ],\n                [\n                    "2011-11-09",\n                    0.949\n                ],\n                [\n                    "2011-11-10",\n                    0.944\n                ],\n                [\n                    "2011-11-11",\n                    0.943\n                ],\n                [\n                    "2011-11-14",\n                    0.953\n                ],\n                [\n                    "2011-11-15",\n                    0.949\n                ],\n                [\n                    "2011-11-16",\n                    0.934\n                ],\n                [\n                    "2011-11-17",\n                    0.933\n                ],\n                [\n                    "2011-11-18",\n                    0.921\n                ],\n                [\n                    "2011-11-21",\n                    0.921\n                ],\n                [\n                    "2011-11-22",\n                    0.924\n                ],\n                [\n                    "2011-11-23",\n                    0.924\n                ],\n                [\n                    "2011-11-24",\n                    0.926\n                ],\n                [\n                    "2011-11-25",\n                    0.922\n                ],\n                [\n                    "2011-11-28",\n                    0.926\n                ],\n                [\n                    "2011-11-29",\n                    0.933\n                ],\n                [\n                    "2011-11-30",\n                    0.916\n                ],\n                [\n                    "2011-12-01",\n                    0.924\n                ],\n                [\n                    "2011-12-02",\n                    0.914\n                ],\n                [\n                    "2011-12-05",\n                    0.897\n                ],\n                [\n                    "2011-12-06",\n                    0.89\n                ],\n                [\n                    "2011-12-07",\n                    0.892\n                ],\n                [\n                    "2011-12-08",\n                    0.891\n                ],\n                [\n                    "2011-12-09",\n                    0.878\n                ],\n                [\n                    "2011-12-12",\n                    0.868\n                ],\n                [\n                    "2011-12-13",\n                    0.853\n                ],\n                [\n                    "2011-12-14",\n                    0.847\n                ],\n                [\n                    "2011-12-15",\n                    0.844\n                ],\n                [\n                    "2011-12-16",\n                    0.855\n                ],\n                [\n                    "2011-12-19",\n                    0.855\n                ],\n                [\n                    "2011-12-20",\n                    0.854\n                ],\n                [\n                    "2011-12-21",\n                    0.846\n                ],\n                [\n                    "2011-12-22",\n                    0.847\n                ],\n                [\n                    "2011-12-23",\n                    0.85\n                ],\n                [\n                    "2011-12-26",\n                    0.84\n                ],\n                [\n                    "2011-12-27",\n                    0.819\n                ],\n                [\n                    "2011-12-28",\n                    0.817\n                ],\n                [\n                    "2011-12-29",\n                    0.823\n                ],\n                [\n                    "2011-12-30",\n                    0.835\n                ],\n                [\n                    "2011-12-31",\n                    0.835\n                ],\n                [\n                    "2012-01-04",\n                    0.811\n                ],\n                [\n                    "2012-01-05",\n                    0.787\n                ],\n                [\n                    "2012-01-06",\n                    0.785\n                ],\n                [\n                    "2012-01-09",\n                    0.799\n                ],\n                [\n                    "2012-01-10",\n                    0.819\n                ],\n                [\n                    "2012-01-11",\n                    0.816\n                ],\n                [\n                    "2012-01-12",\n                    0.807\n                ],\n                [\n                    "2012-01-13",\n                    0.786\n                ],\n                [\n                    "2012-01-16",\n                    0.759\n                ],\n                [\n                    "2012-01-17",\n                    0.785\n                ],\n                [\n                    "2012-01-18",\n                    0.767\n                ],\n                [\n                    "2012-01-19",\n                    0.778\n                ],\n                [\n                    "2012-01-20",\n                    0.797\n                ],\n                [\n                    "2012-01-30",\n                    0.791\n                ],\n                [\n                    "2012-01-31",\n                    0.793\n                ],\n                [\n                    "2012-02-01",\n                    0.791\n                ],\n                [\n                    "2012-02-02",\n                    0.797\n                ],\n                [\n                    "2012-02-03",\n                    0.804\n                ],\n                [\n                    "2012-02-06",\n                    0.811\n                ],\n                [\n                    "2012-02-07",\n                    0.801\n                ],\n                [\n                    "2012-02-08",\n                    0.812\n                ],\n                [\n                    "2012-02-09",\n                    0.815\n                ],\n                [\n                    "2012-02-10",\n                    0.814\n                ],\n                [\n                    "2012-02-13",\n                    0.823\n                ],\n                [\n                    "2012-02-14",\n                    0.824\n                ],\n                [\n                    "2012-02-15",\n                    0.832\n                ],\n                [\n                    "2012-02-16",\n                    0.833\n                ],\n                [\n                    "2012-02-17",\n                    0.831\n                ],\n                [\n                    "2012-02-20",\n                    0.832\n                ],\n                [\n                    "2012-02-21",\n                    0.837\n                ],\n                [\n                    "2012-02-22",\n                    0.846\n                ],\n                [\n                    "2012-02-23",\n                    0.852\n                ],\n                [\n                    "2012-02-24",\n                    0.861\n                ],\n                [\n                    "2012-02-27",\n                    0.866\n                ],\n                [\n                    "2012-02-28",\n                    0.864\n                ],\n                [\n                    "2012-02-29",\n                    0.86\n                ],\n                [\n                    "2012-03-01",\n                    0.864\n                ],\n                [\n                    "2012-03-02",\n                    0.875\n                ],\n                [\n                    "2012-03-05",\n                    0.871\n                ],\n                [\n                    "2012-03-06",\n                    0.865\n                ],\n                [\n                    "2012-03-07",\n                    0.867\n                ],\n                [\n                    "2012-03-08",\n                    0.873\n                ],\n                [\n                    "2012-03-09",\n                    0.888\n                ],\n                [\n                    "2012-03-12",\n                    0.89\n                ],\n                [\n                    "2012-03-13",\n                    0.9\n                ],\n                [\n                    "2012-03-14",\n                    0.884\n                ],\n                [\n                    "2012-03-15",\n                    0.893\n                ],\n                [\n                    "2012-03-16",\n                    0.911\n                ],\n                [\n                    "2012-03-19",\n                    0.909\n                ],\n                [\n                    "2012-03-20",\n                    0.888\n                ],\n                [\n                    "2012-03-21",\n                    0.88\n                ],\n                [\n                    "2012-03-22",\n                    0.877\n                ],\n                [\n                    "2012-03-23",\n                    0.865\n                ],\n                [\n                    "2012-03-26",\n                    0.87\n                ],\n                [\n                    "2012-03-27",\n                    0.86\n                ],\n                [\n                    "2012-03-28",\n                    0.836\n                ],\n                [\n                    "2012-03-29",\n                    0.831\n                ],\n                [\n                    "2012-03-30",\n                    0.828\n                ],\n                [\n                    "2012-03-31",\n                    0.828\n                ],\n                [\n                    "2012-04-05",\n                    0.849\n                ],\n                [\n                    "2012-04-06",\n                    0.853\n                ],\n                [\n                    "2012-04-09",\n                    0.849\n                ],\n                [\n                    "2012-04-10",\n                    0.849\n                ],\n                [\n                    "2012-04-11",\n                    0.85\n                ],\n                [\n                    "2012-04-12",\n                    0.861\n                ],\n                [\n                    "2012-04-13",\n                    0.861\n                ],\n                [\n                    "2012-04-16",\n                    0.861\n                ],\n                [\n                    "2012-04-17",\n                    0.849\n                ],\n                [\n                    "2012-04-18",\n                    0.865\n                ],\n                [\n                    "2012-04-19",\n                    0.86\n                ],\n                [\n                    "2012-04-20",\n                    0.863\n                ],\n                [\n                    "2012-04-23",\n                    0.856\n                ],\n                [\n                    "2012-04-24",\n                    0.851\n                ],\n                [\n                    "2012-04-25",\n                    0.862\n                ],\n                [\n                    "2012-04-26",\n                    0.87\n                ],\n                [\n                    "2012-04-27",\n                    0.87\n                ],\n                [\n                    "2012-05-02",\n                    0.877\n                ],\n                [\n                    "2012-05-03",\n                    0.882\n                ],\n                [\n                    "2012-05-04",\n                    0.896\n                ],\n                [\n                    "2012-05-07",\n                    0.902\n                ],\n                [\n                    "2012-05-08",\n                    0.9\n                ],\n                [\n                    "2012-05-09",\n                    0.886\n                ],\n                [\n                    "2012-05-10",\n                    0.886\n                ],\n                [\n                    "2012-05-11",\n                    0.883\n                ],\n                [\n                    "2012-05-14",\n                    0.874\n                ],\n                [\n                    "2012-05-15",\n                    0.88\n                ],\n                [\n                    "2012-05-16",\n                    0.873\n                ],\n                [\n                    "2012-05-17",\n                    0.88\n                ],\n                [\n                    "2012-05-18",\n                    0.865\n                ],\n                [\n                    "2012-05-21",\n                    0.868\n                ],\n                [\n                    "2012-05-22",\n                    0.878\n                ],\n                [\n                    "2012-05-23",\n                    0.877\n                ],\n                [\n                    "2012-05-24",\n                    0.863\n                ],\n                [\n                    "2012-05-25",\n                    0.852\n                ],\n                [\n                    "2012-05-28",\n                    0.861\n                ],\n                [\n                    "2012-05-29",\n                    0.869\n                ],\n                [\n                    "2012-05-30",\n                    0.864\n                ],\n                [\n                    "2012-05-31",\n                    0.869\n                ],\n                [\n                    "2012-06-01",\n                    0.874\n                ],\n                [\n                    "2012-06-04",\n                    0.859\n                ],\n                [\n                    "2012-06-05",\n                    0.862\n                ],\n                [\n                    "2012-06-06",\n                    0.856\n                ],\n                [\n                    "2012-06-07",\n                    0.86\n                ],\n                [\n                    "2012-06-08",\n                    0.857\n                ],\n                [\n                    "2012-06-11",\n                    0.865\n                ],\n                [\n                    "2012-06-12",\n                    0.87\n                ],\n                [\n                    "2012-06-13",\n                    0.892\n                ],\n                [\n                    "2012-06-14",\n                    0.897\n                ],\n                [\n                    "2012-06-15",\n                    0.888\n                ],\n                [\n                    "2012-06-18",\n                    0.895\n                ],\n                [\n                    "2012-06-19",\n                    0.89\n                ],\n                [\n                    "2012-06-20",\n                    0.885\n                ],\n                [\n                    "2012-06-21",\n                    0.879\n                ],\n                [\n                    "2012-06-25",\n                    0.867\n                ],\n                [\n                    "2012-06-26",\n                    0.866\n                ],\n                [\n                    "2012-06-27",\n                    0.865\n                ],\n                [\n                    "2012-06-28",\n                    0.861\n                ],\n                [\n                    "2012-06-29",\n                    0.873\n                ],\n                [\n                    "2012-06-30",\n                    0.873\n                ],\n                [\n                    "2012-07-02",\n                    0.877\n                ],\n                [\n                    "2012-07-03",\n                    0.885\n                ],\n                [\n                    "2012-07-04",\n                    0.885\n                ],\n                [\n                    "2012-07-05",\n                    0.877\n                ],\n                [\n                    "2012-07-06",\n                    0.901\n                ],\n                [\n                    "2012-07-09",\n                    0.893\n                ],\n                [\n                    "2012-07-10",\n                    0.884\n                ],\n                [\n                    "2012-07-11",\n                    0.889\n                ],\n                [\n                    "2012-07-12",\n                    0.894\n                ],\n                [\n                    "2012-07-13",\n                    0.894\n                ],\n                [\n                    "2012-07-16",\n                    0.869\n                ],\n                [\n                    "2012-07-17",\n                    0.863\n                ],\n                [\n                    "2012-07-18",\n                    0.861\n                ],\n                [\n                    "2012-07-19",\n                    0.866\n                ],\n                [\n                    "2012-07-20",\n                    0.863\n                ],\n                [\n                    "2012-07-23",\n                    0.858\n                ],\n                [\n                    "2012-07-24",\n                    0.864\n                ],\n                [\n                    "2012-07-25",\n                    0.861\n                ],\n                [\n                    "2012-07-26",\n                    0.851\n                ],\n                [\n                    "2012-07-27",\n                    0.849\n                ],\n                [\n                    "2012-07-30",\n                    0.846\n                ],\n                [\n                    "2012-07-31",\n                    0.842\n                ],\n                [\n                    "2012-08-01",\n                    0.847\n                ],\n                [\n                    "2012-08-02",\n                    0.84\n                ],\n                [\n                    "2012-08-03",\n                    0.849\n                ],\n                [\n                    "2012-08-06",\n                    0.859\n                ],\n                [\n                    "2012-08-07",\n                    0.858\n                ],\n                [\n                    "2012-08-08",\n                    0.852\n                ],\n                [\n                    "2012-08-09",\n                    0.869\n                ],\n                [\n                    "2012-08-10",\n                    0.867\n                ],\n                [\n                    "2012-08-13",\n                    0.859\n                ],\n                [\n                    "2012-08-14",\n                    0.858\n                ],\n                [\n                    "2012-08-15",\n                    0.852\n                ],\n                [\n                    "2012-08-16",\n                    0.844\n                ],\n                [\n                    "2012-08-17",\n                    0.838\n                ],\n                [\n                    "2012-08-20",\n                    0.842\n                ],\n                [\n                    "2012-08-21",\n                    0.853\n                ],\n                [\n                    "2012-08-22",\n                    0.844\n                ],\n                [\n                    "2012-08-23",\n                    0.844\n                ],\n                [\n                    "2012-08-24",\n                    0.84\n                ],\n                [\n                    "2012-08-27",\n                    0.833\n                ],\n                [\n                    "2012-08-28",\n                    0.828\n                ],\n                [\n                    "2012-08-29",\n                    0.82\n                ],\n                [\n                    "2012-08-30",\n                    0.808\n                ],\n                [\n                    "2012-08-31",\n                    0.807\n                ],\n                [\n                    "2012-09-03",\n                    0.823\n                ],\n                [\n                    "2012-09-04",\n                    0.814\n                ],\n                [\n                    "2012-09-05",\n                    0.813\n                ],\n                [\n                    "2012-09-06",\n                    0.812\n                ],\n                [\n                    "2012-09-07",\n                    0.834\n                ],\n                [\n                    "2012-09-10",\n                    0.84\n                ],\n                [\n                    "2012-09-11",\n                    0.837\n                ],\n                [\n                    "2012-09-12",\n                    0.838\n                ],\n                [\n                    "2012-09-13",\n                    0.835\n                ],\n                [\n                    "2012-09-14",\n                    0.839\n                ],\n                [\n                    "2012-09-17",\n                    0.825\n                ],\n                [\n                    "2012-09-18",\n                    0.822\n                ],\n                [\n                    "2012-09-19",\n                    0.822\n                ],\n                [\n                    "2012-09-20",\n                    0.81\n                ],\n                [\n                    "2012-09-21",\n                    0.813\n                ],\n                [\n                    "2012-09-24",\n                    0.815\n                ],\n                [\n                    "2012-09-25",\n                    0.817\n                ],\n                [\n                    "2012-09-26",\n                    0.81\n                ],\n                [\n                    "2012-09-27",\n                    0.824\n                ],\n                [\n                    "2012-09-28",\n                    0.839\n                ],\n                [\n                    "2012-09-30",\n                    0.839\n                ],\n                [\n                    "2012-10-08",\n                    0.83\n                ],\n                [\n                    "2012-10-09",\n                    0.844\n                ],\n                [\n                    "2012-10-10",\n                    0.847\n                ],\n                [\n                    "2012-10-11",\n                    0.839\n                ],\n                [\n                    "2012-10-12",\n                    0.839\n                ],\n                [\n                    "2012-10-15",\n                    0.842\n                ],\n                [\n                    "2012-10-16",\n                    0.848\n                ],\n                [\n                    "2012-10-17",\n                    0.846\n                ],\n                [\n                    "2012-10-18",\n                    0.856\n                ],\n                [\n                    "2012-10-19",\n                    0.854\n                ],\n                [\n                    "2012-10-22",\n                    0.853\n                ],\n                [\n                    "2012-10-23",\n                    0.837\n                ],\n                [\n                    "2012-10-24",\n                    0.836\n                ],\n                [\n                    "2012-10-25",\n                    0.831\n                ],\n                [\n                    "2012-10-26",\n                    0.82\n                ],\n                [\n                    "2012-10-29",\n                    0.82\n                ],\n                [\n                    "2012-10-30",\n                    0.823\n                ],\n                [\n                    "2012-10-31",\n                    0.83\n                ],\n                [\n                    "2012-11-01",\n                    0.84\n                ],\n                [\n                    "2012-11-02",\n                    0.841\n                ],\n                [\n                    "2012-11-05",\n                    0.832\n                ],\n                [\n                    "2012-11-06",\n                    0.823\n                ],\n                [\n                    "2012-11-07",\n                    0.823\n                ],\n                [\n                    "2012-11-08",\n                    0.816\n                ],\n                [\n                    "2012-11-09",\n                    0.812\n                ],\n                [\n                    "2012-11-12",\n                    0.802\n                ],\n                [\n                    "2012-11-13",\n                    0.793\n                ],\n                [\n                    "2012-11-14",\n                    0.799\n                ],\n                [\n                    "2012-11-15",\n                    0.793\n                ],\n                [\n                    "2012-11-16",\n                    0.782\n                ],\n                [\n                    "2012-11-19",\n                    0.768\n                ],\n                [\n                    "2012-11-20",\n                    0.767\n                ],\n                [\n                    "2012-11-21",\n                    0.769\n                ],\n                [\n                    "2012-11-22",\n                    0.759\n                ],\n                [\n                    "2012-11-23",\n                    0.768\n                ],\n                [\n                    "2012-11-26",\n                    0.758\n                ],\n                [\n                    "2012-11-27",\n                    0.751\n                ],\n                [\n                    "2012-11-28",\n                    0.744\n                ],\n                [\n                    "2012-11-29",\n                    0.747\n                ],\n                [\n                    "2012-11-30",\n                    0.752\n                ],\n                [\n                    "2012-12-03",\n                    0.729\n                ],\n                [\n                    "2012-12-04",\n                    0.731\n                ],\n                [\n                    "2012-12-05",\n                    0.742\n                ],\n                [\n                    "2012-12-06",\n                    0.737\n                ],\n                [\n                    "2012-12-07",\n                    0.744\n                ],\n                [\n                    "2012-12-10",\n                    0.748\n                ],\n                [\n                    "2012-12-11",\n                    0.75\n                ],\n                [\n                    "2012-12-12",\n                    0.755\n                ],\n                [\n                    "2012-12-13",\n                    0.748\n                ],\n                [\n                    "2012-12-14",\n                    0.765\n                ],\n                [\n                    "2012-12-17",\n                    0.769\n                ],\n                [\n                    "2012-12-18",\n                    0.772\n                ],\n                [\n                    "2012-12-19",\n                    0.779\n                ],\n                [\n                    "2012-12-20",\n                    0.782\n                ],\n                [\n                    "2012-12-21",\n                    0.783\n                ],\n                [\n                    "2012-12-24",\n                    0.78\n                ],\n                [\n                    "2012-12-25",\n                    0.793\n                ],\n                [\n                    "2012-12-26",\n                    0.796\n                ],\n                [\n                    "2012-12-27",\n                    0.798\n                ],\n                [\n                    "2012-12-28",\n                    0.808\n                ],\n                [\n                    "2012-12-31",\n                    0.816\n                ],\n                [\n                    "2013-01-04",\n                    0.811\n                ],\n                [\n                    "2013-01-07",\n                    0.814\n                ],\n                [\n                    "2013-01-08",\n                    0.824\n                ],\n                [\n                    "2013-01-09",\n                    0.832\n                ],\n                [\n                    "2013-01-10",\n                    0.831\n                ],\n                [\n                    "2013-01-11",\n                    0.822\n                ],\n                [\n                    "2013-01-14",\n                    0.843\n                ],\n                [\n                    "2013-01-15",\n                    0.846\n                ],\n                [\n                    "2013-01-16",\n                    0.843\n                ],\n                [\n                    "2013-01-17",\n                    0.842\n                ],\n                [\n                    "2013-01-18",\n                    0.86\n                ],\n                [\n                    "2013-01-21",\n                    0.852\n                ],\n                [\n                    "2013-01-22",\n                    0.841\n                ],\n                [\n                    "2013-01-23",\n                    0.843\n                ],\n                [\n                    "2013-01-24",\n                    0.831\n                ],\n                [\n                    "2013-01-25",\n                    0.829\n                ],\n                [\n                    "2013-01-28",\n                    0.839\n                ],\n                [\n                    "2013-01-29",\n                    0.839\n                ],\n                [\n                    "2013-01-30",\n                    0.843\n                ],\n                [\n                    "2013-01-31",\n                    0.837\n                ],\n                [\n                    "2013-02-01",\n                    0.845\n                ],\n                [\n                    "2013-02-04",\n                    0.839\n                ],\n                [\n                    "2013-02-05",\n                    0.857\n                ],\n                [\n                    "2013-02-06",\n                    0.854\n                ],\n                [\n                    "2013-02-07",\n                    0.865\n                ],\n                [\n                    "2013-02-08",\n                    0.882\n                ],\n                [\n                    "2013-02-18",\n                    0.871\n                ],\n                [\n                    "2013-02-19",\n                    0.855\n                ],\n                [\n                    "2013-02-20",\n                    0.872\n                ],\n                [\n                    "2013-02-21",\n                    0.862\n                ],\n                [\n                    "2013-02-22",\n                    0.864\n                ],\n                [\n                    "2013-02-25",\n                    0.866\n                ],\n                [\n                    "2013-02-26",\n                    0.855\n                ],\n                [\n                    "2013-02-27",\n                    0.853\n                ],\n                [\n                    "2013-02-28",\n                    0.866\n                ],\n                [\n                    "2013-03-01",\n                    0.872\n                ],\n                [\n                    "2013-03-04",\n                    0.859\n                ],\n                [\n                    "2013-03-05",\n                    0.871\n                ],\n                [\n                    "2013-03-06",\n                    0.879\n                ],\n                [\n                    "2013-03-07",\n                    0.873\n                ],\n                [\n                    "2013-03-08",\n                    0.867\n                ],\n                [\n                    "2013-03-11",\n                    0.864\n                ],\n                [\n                    "2013-03-12",\n                    0.855\n                ],\n                [\n                    "2013-03-13",\n                    0.847\n                ],\n                [\n                    "2013-03-14",\n                    0.852\n                ],\n                [\n                    "2013-03-15",\n                    0.855\n                ],\n                [\n                    "2013-03-18",\n                    0.848\n                ],\n                [\n                    "2013-03-19",\n                    0.848\n                ],\n                [\n                    "2013-03-20",\n                    0.868\n                ],\n                [\n                    "2013-03-21",\n                    0.874\n                ],\n                [\n                    "2013-03-22",\n                    0.874\n                ],\n                [\n                    "2013-03-25",\n                    0.866\n                ],\n                [\n                    "2013-03-26",\n                    0.867\n                ],\n                [\n                    "2013-03-27",\n                    0.866\n                ],\n                [\n                    "2013-03-28",\n                    0.855\n                ],\n                [\n                    "2013-03-29",\n                    0.847\n                ],\n                [\n                    "2013-04-01",\n                    0.845\n                ],\n                [\n                    "2013-04-02",\n                    0.837\n                ],\n                [\n                    "2013-04-03",\n                    0.831\n                ],\n                [\n                    "2013-04-08",\n                    0.842\n                ],\n                [\n                    "2013-04-09",\n                    0.843\n                ],\n                [\n                    "2013-04-10",\n                    0.841\n                ],\n                [\n                    "2013-04-11",\n                    0.839\n                ],\n                [\n                    "2013-04-12",\n                    0.842\n                ],\n                [\n                    "2013-04-15",\n                    0.835\n                ],\n                [\n                    "2013-04-16",\n                    0.838\n                ],\n                [\n                    "2013-04-17",\n                    0.851\n                ],\n                [\n                    "2013-04-18",\n                    0.853\n                ],\n                [\n                    "2013-04-19",\n                    0.866\n                ],\n                [\n                    "2013-04-22",\n                    0.864\n                ],\n                [\n                    "2013-04-23",\n                    0.848\n                ],\n                [\n                    "2013-04-24",\n                    0.859\n                ],\n                [\n                    "2013-04-25",\n                    0.853\n                ],\n                [\n                    "2013-04-26",\n                    0.846\n                ],\n                [\n                    "2013-05-02",\n                    0.849\n                ],\n                [\n                    "2013-05-03",\n                    0.863\n                ],\n                [\n                    "2013-05-06",\n                    0.872\n                ],\n                [\n                    "2013-05-07",\n                    0.876\n                ],\n                [\n                    "2013-05-08",\n                    0.884\n                ],\n                [\n                    "2013-05-09",\n                    0.881\n                ],\n                [\n                    "2013-05-10",\n                    0.882\n                ],\n                [\n                    "2013-05-13",\n                    0.875\n                ],\n                [\n                    "2013-05-14",\n                    0.852\n                ],\n                [\n                    "2013-05-15",\n                    0.862\n                ],\n                [\n                    "2013-05-16",\n                    0.877\n                ],\n                [\n                    "2013-05-17",\n                    0.886\n                ],\n                [\n                    "2013-05-20",\n                    0.891\n                ],\n                [\n                    "2013-05-21",\n                    0.891\n                ],\n                [\n                    "2013-05-22",\n                    0.89\n                ],\n                [\n                    "2013-05-23",\n                    0.882\n                ],\n                [\n                    "2013-05-24",\n                    0.883\n                ],\n                [\n                    "2013-05-27",\n                    0.889\n                ],\n                [\n                    "2013-05-28",\n                    0.894\n                ],\n                [\n                    "2013-05-29",\n                    0.896\n                ],\n                [\n                    "2013-05-30",\n                    0.889\n                ],\n                [\n                    "2013-05-31",\n                    0.882\n                ],\n                [\n                    "2013-06-03",\n                    0.879\n                ],\n                [\n                    "2013-06-04",\n                    0.867\n                ],\n                [\n                    "2013-06-05",\n                    0.872\n                ],\n                [\n                    "2013-06-06",\n                    0.87\n                ],\n                [\n                    "2013-06-07",\n                    0.861\n                ],\n                [\n                    "2013-06-13",\n                    0.846\n                ],\n                [\n                    "2013-06-14",\n                    0.854\n                ],\n                [\n                    "2013-06-17",\n                    0.85\n                ],\n                [\n                    "2013-06-18",\n                    0.864\n                ],\n                [\n                    "2013-06-19",\n                    0.866\n                ],\n                [\n                    "2013-06-20",\n                    0.847\n                ],\n                [\n                    "2013-06-21",\n                    0.848\n                ],\n                [\n                    "2013-06-24",\n                    0.817\n                ],\n                [\n                    "2013-06-25",\n                    0.828\n                ],\n                [\n                    "2013-06-26",\n                    0.839\n                ],\n                [\n                    "2013-06-27",\n                    0.834\n                ],\n                [\n                    "2013-06-28",\n                    0.839\n                ],\n                [\n                    "2013-06-30",\n                    0.839\n                ],\n                [\n                    "2013-07-01",\n                    0.855\n                ],\n                [\n                    "2013-07-02",\n                    0.867\n                ],\n                [\n                    "2013-07-03",\n                    0.876\n                ],\n                [\n                    "2013-07-04",\n                    0.878\n                ],\n                [\n                    "2013-07-05",\n                    0.873\n                ],\n                [\n                    "2013-07-08",\n                    0.863\n                ],\n                [\n                    "2013-07-09",\n                    0.864\n                ],\n                [\n                    "2013-07-10",\n                    0.873\n                ],\n                [\n                    "2013-07-11",\n                    0.885\n                ],\n                [\n                    "2013-07-12",\n                    0.883\n                ],\n                [\n                    "2013-07-15",\n                    0.896\n                ],\n                [\n                    "2013-07-16",\n                    0.899\n                ],\n                [\n                    "2013-07-17",\n                    0.883\n                ],\n                [\n                    "2013-07-18",\n                    0.874\n                ],\n                [\n                    "2013-07-19",\n                    0.855\n                ],\n                [\n                    "2013-07-22",\n                    0.867\n                ],\n                [\n                    "2013-07-23",\n                    0.887\n                ],\n                [\n                    "2013-07-24",\n                    0.889\n                ],\n                [\n                    "2013-07-25",\n                    0.881\n                ],\n                [\n                    "2013-07-26",\n                    0.877\n                ],\n                [\n                    "2013-07-29",\n                    0.861\n                ],\n                [\n                    "2013-07-30",\n                    0.859\n                ],\n                [\n                    "2013-07-31",\n                    0.862\n                ],\n                [\n                    "2013-08-01",\n                    0.878\n                ],\n                [\n                    "2013-08-02",\n                    0.882\n                ],\n                [\n                    "2013-08-05",\n                    0.897\n                ],\n                [\n                    "2013-08-06",\n                    0.908\n                ],\n                [\n                    "2013-08-07",\n                    0.909\n                ],\n                [\n                    "2013-08-08",\n                    0.908\n                ],\n                [\n                    "2013-08-09",\n                    0.913\n                ],\n                [\n                    "2013-08-12",\n                    0.918\n                ],\n                [\n                    "2013-08-13",\n                    0.911\n                ],\n                [\n                    "2013-08-14",\n                    0.908\n                ],\n                [\n                    "2013-08-15",\n                    0.898\n                ],\n                [\n                    "2013-08-16",\n                    0.882\n                ],\n                [\n                    "2013-08-19",\n                    0.901\n                ],\n                [\n                    "2013-08-20",\n                    0.902\n                ],\n                [\n                    "2013-08-21",\n                    0.896\n                ],\n                [\n                    "2013-08-22",\n                    0.896\n                ],\n                [\n                    "2013-08-23",\n                    0.892\n                ],\n                [\n                    "2013-08-26",\n                    0.905\n                ],\n                [\n                    "2013-08-27",\n                    0.904\n                ],\n                [\n                    "2013-08-28",\n                    0.895\n                ],\n                [\n                    "2013-08-29",\n                    0.891\n                ],\n                [\n                    "2013-08-30",\n                    0.886\n                ],\n                [\n                    "2013-09-02",\n                    0.889\n                ],\n                [\n                    "2013-09-03",\n                    0.902\n                ],\n                [\n                    "2013-09-04",\n                    0.902\n                ],\n                [\n                    "2013-09-05",\n                    0.911\n                ],\n                [\n                    "2013-09-06",\n                    0.91\n                ],\n                [\n                    "2013-09-09",\n                    0.915\n                ],\n                [\n                    "2013-09-10",\n                    0.918\n                ],\n                [\n                    "2013-09-11",\n                    0.914\n                ],\n                [\n                    "2013-09-12",\n                    0.914\n                ],\n                [\n                    "2013-09-13",\n                    0.928\n                ],\n                [\n                    "2013-09-16",\n                    0.933\n                ],\n                [\n                    "2013-09-17",\n                    0.926\n                ],\n                [\n                    "2013-09-18",\n                    0.927\n                ],\n                [\n                    "2013-09-23",\n                    0.949\n                ],\n                [\n                    "2013-09-24",\n                    0.962\n                ],\n                [\n                    "2013-09-25",\n                    0.961\n                ],\n                [\n                    "2013-09-26",\n                    0.952\n                ],\n                [\n                    "2013-09-27",\n                    0.96\n                ],\n                [\n                    "2013-09-30",\n                    0.968\n                ],\n                [\n                    "2013-10-08",\n                    0.977\n                ],\n                [\n                    "2013-10-09",\n                    0.988\n                ],\n                [\n                    "2013-10-10",\n                    0.99\n                ],\n                [\n                    "2013-10-11",\n                    1.001\n                ],\n                [\n                    "2013-10-14",\n                    1.004\n                ],\n                [\n                    "2013-10-15",\n                    1.008\n                ],\n                [\n                    "2013-10-16",\n                    0.991\n                ],\n                [\n                    "2013-10-17",\n                    0.981\n                ],\n                [\n                    "2013-10-18",\n                    0.993\n                ],\n                [\n                    "2013-10-21",\n                    1.028\n                ],\n                [\n                    "2013-10-22",\n                    1.018\n                ],\n                [\n                    "2013-10-23",\n                    0.988\n                ],\n                [\n                    "2013-10-24",\n                    0.987\n                ],\n                [\n                    "2013-10-25",\n                    0.969\n                ],\n                [\n                    "2013-10-28",\n                    0.965\n                ],\n                [\n                    "2013-10-29",\n                    0.959\n                ],\n                [\n                    "2013-10-30",\n                    0.978\n                ],\n                [\n                    "2013-10-31",\n                    0.949\n                ],\n                [\n                    "2013-11-01",\n                    0.947\n                ],\n                [\n                    "2013-11-04",\n                    0.948\n                ],\n                [\n                    "2013-11-05",\n                    0.953\n                ],\n                [\n                    "2013-11-06",\n                    0.938\n                ],\n                [\n                    "2013-11-07",\n                    0.924\n                ],\n                [\n                    "2013-11-08",\n                    0.913\n                ],\n                [\n                    "2013-11-11",\n                    0.919\n                ],\n                [\n                    "2013-11-12",\n                    0.927\n                ],\n                [\n                    "2013-11-13",\n                    0.912\n                ],\n                [\n                    "2013-11-14",\n                    0.928\n                ],\n                [\n                    "2013-11-15",\n                    0.943\n                ],\n                [\n                    "2013-11-18",\n                    0.952\n                ],\n                [\n                    "2013-11-19",\n                    0.942\n                ],\n                [\n                    "2013-11-20",\n                    0.946\n                ],\n                [\n                    "2013-11-21",\n                    0.938\n                ],\n                [\n                    "2013-11-22",\n                    0.938\n                ],\n                [\n                    "2013-11-25",\n                    0.934\n                ],\n                [\n                    "2013-11-26",\n                    0.931\n                ],\n                [\n                    "2013-11-27",\n                    0.935\n                ],\n                [\n                    "2013-11-28",\n                    0.95\n                ],\n                [\n                    "2013-11-29",\n                    0.952\n                ],\n                [\n                    "2013-12-02",\n                    0.922\n                ],\n                [\n                    "2013-12-03",\n                    0.936\n                ],\n                [\n                    "2013-12-04",\n                    0.949\n                ],\n                [\n                    "2013-12-05",\n                    0.945\n                ],\n                [\n                    "2013-12-06",\n                    0.945\n                ],\n                [\n                    "2013-12-09",\n                    0.954\n                ],\n                [\n                    "2013-12-10",\n                    0.956\n                ],\n                [\n                    "2013-12-11",\n                    0.952\n                ],\n                [\n                    "2013-12-12",\n                    0.957\n                ],\n                [\n                    "2013-12-13",\n                    0.962\n                ],\n                [\n                    "2013-12-16",\n                    0.947\n                ],\n                [\n                    "2013-12-17",\n                    0.938\n                ],\n                [\n                    "2013-12-18",\n                    0.939\n                ],\n                [\n                    "2013-12-19",\n                    0.932\n                ],\n                [\n                    "2013-12-20",\n                    0.927\n                ],\n                [\n                    "2013-12-23",\n                    0.931\n                ],\n                [\n                    "2013-12-24",\n                    0.937\n                ],\n                [\n                    "2013-12-25",\n                    0.947\n                ],\n                [\n                    "2013-12-26",\n                    0.939\n                ],\n                [\n                    "2013-12-27",\n                    0.95\n                ],\n                [\n                    "2013-12-30",\n                    0.954\n                ],\n                [\n                    "2013-12-31",\n                    0.958\n                ],\n                [\n                    "2014-01-02",\n                    0.953\n                ],\n                [\n                    "2014-01-03",\n                    0.952\n                ],\n                [\n                    "2014-01-06",\n                    0.932\n                ],\n                [\n                    "2014-01-07",\n                    0.931\n                ],\n                [\n                    "2014-01-08",\n                    0.946\n                ],\n                [\n                    "2014-01-09",\n                    0.932\n                ],\n                [\n                    "2014-01-10",\n                    0.927\n                ],\n                [\n                    "2014-01-13",\n                    0.923\n                ],\n                [\n                    "2014-01-14",\n                    0.939\n                ],\n                [\n                    "2014-01-15",\n                    0.943\n                ],\n                [\n                    "2014-01-16",\n                    0.939\n                ],\n                [\n                    "2014-01-17",\n                    0.92\n                ],\n                [\n                    "2014-01-20",\n                    0.91\n                ],\n                [\n                    "2014-01-21",\n                    0.917\n                ],\n                [\n                    "2014-01-22",\n                    0.938\n                ],\n                [\n                    "2014-01-23",\n                    0.947\n                ],\n                [\n                    "2014-01-24",\n                    0.948\n                ],\n                [\n                    "2014-01-27",\n                    0.928\n                ],\n                [\n                    "2014-01-28",\n                    0.925\n                ],\n                [\n                    "2014-01-29",\n                    0.924\n                ],\n                [\n                    "2014-01-30",\n                    0.914\n                ],\n                [\n                    "2014-02-07",\n                    0.925\n                ],\n                [\n                    "2014-02-10",\n                    0.948\n                ],\n                [\n                    "2014-02-11",\n                    0.944\n                ],\n                [\n                    "2014-02-12",\n                    0.943\n                ],\n                [\n                    "2014-02-13",\n                    0.936\n                ],\n                [\n                    "2014-02-14",\n                    0.942\n                ],\n                [\n                    "2014-02-17",\n                    0.948\n                ],\n                [\n                    "2014-02-18",\n                    0.936\n                ],\n                [\n                    "2014-02-19",\n                    0.936\n                ],\n                [\n                    "2014-02-20",\n                    0.93\n                ],\n                [\n                    "2014-02-21",\n                    0.922\n                ],\n                [\n                    "2014-02-24",\n                    0.905\n                ],\n                [\n                    "2014-02-25",\n                    0.875\n                ],\n                [\n                    "2014-02-26",\n                    0.872\n                ],\n                [\n                    "2014-02-27",\n                    0.854\n                ],\n                [\n                    "2014-02-28",\n                    0.873\n                ],\n                [\n                    "2014-03-03",\n                    0.893\n                ],\n                [\n                    "2014-03-04",\n                    0.885\n                ],\n                [\n                    "2014-03-05",\n                    0.876\n                ],\n                [\n                    "2014-03-06",\n                    0.872\n                ],\n                [\n                    "2014-03-07",\n                    0.88\n                ],\n                [\n                    "2014-03-10",\n                    0.86\n                ],\n                [\n                    "2014-03-11",\n                    0.865\n                ],\n                [\n                    "2014-03-12",\n                    0.866\n                ],\n                [\n                    "2014-03-13",\n                    0.876\n                ],\n                [\n                    "2014-03-14",\n                    0.869\n                ],\n                [\n                    "2014-03-17",\n                    0.879\n                ],\n                [\n                    "2014-03-18",\n                    0.882\n                ],\n                [\n                    "2014-03-19",\n                    0.865\n                ],\n                [\n                    "2014-03-20",\n                    0.839\n                ],\n                [\n                    "2014-03-21",\n                    0.853\n                ],\n                [\n                    "2014-03-24",\n                    0.85\n                ],\n                [\n                    "2014-03-25",\n                    0.854\n                ],\n                [\n                    "2014-03-26",\n                    0.858\n                ],\n                [\n                    "2014-03-27",\n                    0.846\n                ],\n                [\n                    "2014-03-28",\n                    0.843\n                ],\n                [\n                    "2014-03-31",\n                    0.847\n                ],\n                [\n                    "2014-04-01",\n                    0.858\n                ],\n                [\n                    "2014-04-02",\n                    0.856\n                ],\n                [\n                    "2014-04-03",\n                    0.852\n                ],\n                [\n                    "2014-04-04",\n                    0.862\n                ],\n                [\n                    "2014-04-08",\n                    0.879\n                ],\n                [\n                    "2014-04-09",\n                    0.881\n                ],\n                [\n                    "2014-04-10",\n                    0.889\n                ],\n                [\n                    "2014-04-11",\n                    0.897\n                ],\n                [\n                    "2014-04-14",\n                    0.902\n                ],\n                [\n                    "2014-04-15",\n                    0.89\n                ],\n                [\n                    "2014-04-16",\n                    0.888\n                ],\n                [\n                    "2014-04-17",\n                    0.889\n                ],\n                [\n                    "2014-04-18",\n                    0.888\n                ],\n                [\n                    "2014-04-21",\n                    0.878\n                ],\n                [\n                    "2014-04-22",\n                    0.875\n                ],\n                [\n                    "2014-04-23",\n                    0.877\n                ],\n                [\n                    "2014-04-24",\n                    0.874\n                ],\n                [\n                    "2014-04-25",\n                    0.856\n                ],\n                [\n                    "2014-04-28",\n                    0.839\n                ],\n                [\n                    "2014-04-29",\n                    0.856\n                ],\n                [\n                    "2014-04-30",\n                    0.863\n                ],\n                [\n                    "2014-05-05",\n                    0.87\n                ],\n                [\n                    "2014-05-06",\n                    0.872\n                ],\n                [\n                    "2014-05-07",\n                    0.858\n                ],\n                [\n                    "2014-05-08",\n                    0.856\n                ],\n                [\n                    "2014-05-09",\n                    0.85\n                ],\n                [\n                    "2014-05-12",\n                    0.861\n                ],\n                [\n                    "2014-05-13",\n                    0.861\n                ],\n                [\n                    "2014-05-14",\n                    0.855\n                ],\n                [\n                    "2014-05-15",\n                    0.846\n                ],\n                [\n                    "2014-05-16",\n                    0.841\n                ],\n                [\n                    "2014-05-19",\n                    0.831\n                ],\n                [\n                    "2014-05-20",\n                    0.831\n                ],\n                [\n                    "2014-05-21",\n                    0.838\n                ],\n                [\n                    "2014-05-22",\n                    0.839\n                ],\n                [\n                    "2014-05-23",\n                    0.845\n                ],\n                [\n                    "2014-05-26",\n                    0.854\n                ],\n                [\n                    "2014-05-27",\n                    0.852\n                ],\n                [\n                    "2014-05-28",\n                    0.86\n                ],\n                [\n                    "2014-05-29",\n                    0.854\n                ],\n                [\n                    "2014-05-30",\n                    0.857\n                ],\n                [\n                    "2014-06-03",\n                    0.854\n                ],\n                [\n                    "2014-06-04",\n                    0.848\n                ],\n                [\n                    "2014-06-05",\n                    0.858\n                ],\n                [\n                    "2014-06-06",\n                    0.854\n                ],\n                [\n                    "2014-06-09",\n                    0.849\n                ],\n                [\n                    "2014-06-10",\n                    0.859\n                ],\n                [\n                    "2014-06-11",\n                    0.862\n                ],\n                [\n                    "2014-06-12",\n                    0.863\n                ],\n                [\n                    "2014-06-13",\n                    0.873\n                ],\n                [\n                    "2014-06-16",\n                    0.876\n                ],\n                [\n                    "2014-06-17",\n                    0.864\n                ],\n                [\n                    "2014-06-18",\n                    0.86\n                ],\n                [\n                    "2014-06-19",\n                    0.849\n                ],\n                [\n                    "2014-06-20",\n                    0.852\n                ],\n                [\n                    "2014-06-23",\n                    0.862\n                ],\n                [\n                    "2014-06-24",\n                    0.871\n                ],\n                [\n                    "2014-06-25",\n                    0.867\n                ],\n                [\n                    "2014-06-26",\n                    0.878\n                ],\n                [\n                    "2014-06-27",\n                    0.882\n                ],\n                [\n                    "2014-06-30",\n                    0.883\n                ],\n                [\n                    "2014-07-01",\n                    0.878\n                ],\n                [\n                    "2014-07-02",\n                    0.876\n                ],\n                [\n                    "2014-07-03",\n                    0.878\n                ],\n                [\n                    "2014-07-04",\n                    0.879\n                ],\n                [\n                    "2014-07-07",\n                    0.872\n                ],\n                [\n                    "2014-07-08",\n                    0.879\n                ],\n                [\n                    "2014-07-09",\n                    0.87\n                ],\n                [\n                    "2014-07-10",\n                    0.861\n                ],\n                [\n                    "2014-07-11",\n                    0.869\n                ],\n                [\n                    "2014-07-14",\n                    0.889\n                ],\n                [\n                    "2014-07-15",\n                    0.894\n                ],\n                [\n                    "2014-07-16",\n                    0.887\n                ],\n                [\n                    "2014-07-17",\n                    0.881\n                ],\n                [\n                    "2014-07-18",\n                    0.893\n                ],\n                [\n                    "2014-07-21",\n                    0.896\n                ],\n                [\n                    "2014-07-22",\n                    0.909\n                ],\n                [\n                    "2014-07-23",\n                    0.903\n                ],\n                [\n                    "2014-07-24",\n                    0.912\n                ],\n                [\n                    "2014-07-25",\n                    0.92\n                ],\n                [\n                    "2014-07-28",\n                    0.934\n                ],\n                [\n                    "2014-07-29",\n                    0.936\n                ],\n                [\n                    "2014-07-30",\n                    0.939\n                ],\n                [\n                    "2014-07-31",\n                    0.95\n                ],\n                [\n                    "2014-08-01",\n                    0.947\n                ],\n                [\n                    "2014-08-04",\n                    0.961\n                ],\n                [\n                    "2014-08-05",\n                    0.964\n                ],\n                [\n                    "2014-08-06",\n                    0.961\n                ],\n                [\n                    "2014-08-07",\n                    0.944\n                ],\n                [\n                    "2014-08-08",\n                    0.949\n                ],\n                [\n                    "2014-08-11",\n                    0.962\n                ],\n                [\n                    "2014-08-12",\n                    0.96\n                ],\n                [\n                    "2014-08-13",\n                    0.961\n                ],\n                [\n                    "2014-08-14",\n                    0.956\n                ],\n                [\n                    "2014-08-15",\n                    0.964\n                ],\n                [\n                    "2014-08-18",\n                    0.967\n                ],\n                [\n                    "2014-08-19",\n                    0.97\n                ],\n                [\n                    "2014-08-20",\n                    0.968\n                ],\n                [\n                    "2014-08-21",\n                    0.967\n                ],\n                [\n                    "2014-08-22",\n                    0.974\n                ],\n                [\n                    "2014-08-25",\n                    0.96\n                ],\n                [\n                    "2014-08-26",\n                    0.951\n                ],\n                [\n                    "2014-08-27",\n                    0.953\n                ],\n                [\n                    "2014-08-28",\n                    0.948\n                ],\n                [\n                    "2014-08-29",\n                    0.961\n                ],\n                [\n                    "2014-09-01",\n                    0.976\n                ],\n                [\n                    "2014-09-02",\n                    0.985\n                ],\n                [\n                    "2014-09-03",\n                    0.993\n                ],\n                [\n                    "2014-09-04",\n                    0.994\n                ],\n                [\n                    "2014-09-05",\n                    1.003\n                ],\n                [\n                    "2014-09-09",\n                    1.001\n                ],\n                [\n                    "2014-09-10",\n                    0.996\n                ],\n                [\n                    "2014-09-11",\n                    0.987\n                ],\n                [\n                    "2014-09-12",\n                    0.989\n                ],\n                [\n                    "2014-09-15",\n                    0.988\n                ],\n                [\n                    "2014-09-16",\n                    0.959\n                ],\n                [\n                    "2014-09-17",\n                    0.967\n                ],\n                [\n                    "2014-09-18",\n                    0.973\n                ],\n                [\n                    "2014-09-19",\n                    0.98\n                ],\n                [\n                    "2014-09-22",\n                    0.962\n                ],\n                [\n                    "2014-09-23",\n                    0.967\n                ],\n                [\n                    "2014-09-24",\n                    0.979\n                ],\n                [\n                    "2014-09-25",\n                    0.977\n                ],\n                [\n                    "2014-09-26",\n                    0.978\n                ],\n                [\n                    "2014-09-29",\n                    0.985\n                ],\n                [\n                    "2014-09-30",\n                    0.983\n                ],\n                [\n                    "2014-10-08",\n                    0.992\n                ],\n                [\n                    "2014-10-09",\n                    0.997\n                ],\n                [\n                    "2014-10-10",\n                    0.993\n                ],\n                [\n                    "2014-10-13",\n                    0.983\n                ],\n                [\n                    "2014-10-14",\n                    0.977\n                ],\n                [\n                    "2014-10-15",\n                    0.977\n                ],\n                [\n                    "2014-10-16",\n                    0.961\n                ],\n                [\n                    "2014-10-17",\n                    0.968\n                ],\n                [\n                    "2014-10-20",\n                    0.977\n                ],\n                [\n                    "2014-10-21",\n                    0.969\n                ],\n                [\n                    "2014-10-22",\n                    0.958\n                ],\n                [\n                    "2014-10-23",\n                    0.948\n                ],\n                [\n                    "2014-10-24",\n                    0.949\n                ],\n                [\n                    "2014-10-27",\n                    0.951\n                ],\n                [\n                    "2014-10-28",\n                    0.959\n                ],\n                [\n                    "2014-10-29",\n                    0.968\n                ],\n                [\n                    "2014-10-30",\n                    0.965\n                ],\n                [\n                    "2014-10-31",\n                    0.968\n                ],\n                [\n                    "2014-11-03",\n                    0.966\n                ],\n                [\n                    "2014-11-04",\n                    0.954\n                ],\n                [\n                    "2014-11-05",\n                    0.95\n                ],\n                [\n                    "2014-11-06",\n                    0.954\n                ],\n                [\n                    "2014-11-07",\n                    0.949\n                ],\n                [\n                    "2014-11-10",\n                    0.969\n                ],\n                [\n                    "2014-11-11",\n                    0.95\n                ],\n                [\n                    "2014-11-12",\n                    0.96\n                ],\n                [\n                    "2014-11-13",\n                    0.958\n                ],\n                [\n                    "2014-11-14",\n                    0.963\n                ],\n                [\n                    "2014-11-17",\n                    0.966\n                ],\n                [\n                    "2014-11-18",\n                    0.96\n                ],\n                [\n                    "2014-11-19",\n                    0.956\n                ],\n                [\n                    "2014-11-20",\n                    0.95\n                ],\n                [\n                    "2014-11-21",\n                    0.959\n                ],\n                [\n                    "2014-11-24",\n                    0.966\n                ],\n                [\n                    "2014-11-25",\n                    0.978\n                ],\n                [\n                    "2014-11-26",\n                    0.979\n                ],\n                [\n                    "2014-11-27",\n                    0.983\n                ],\n                [\n                    "2014-11-28",\n                    0.985\n                ],\n                [\n                    "2014-12-01",\n                    0.993\n                ],\n                [\n                    "2014-12-02",\n                    1.011\n                ],\n                [\n                    "2014-12-03",\n                    1.026\n                ],\n                [\n                    "2014-12-04",\n                    1.045\n                ],\n                [\n                    "2014-12-05",\n                    1.028\n                ],\n                [\n                    "2014-12-08",\n                    1.038\n                ],\n                [\n                    "2014-12-09",\n                    1.007\n                ],\n                [\n                    "2014-12-10",\n                    1.042\n                ],\n                [\n                    "2014-12-11",\n                    1.038\n                ],\n                [\n                    "2014-12-12",\n                    1.043\n                ],\n                [\n                    "2014-12-15",\n                    1.059\n                ],\n                [\n                    "2014-12-16",\n                    1.052\n                ],\n                [\n                    "2014-12-17",\n                    1.038\n                ],\n                [\n                    "2014-12-18",\n                    1.046\n                ],\n                [\n                    "2014-12-19",\n                    1.038\n                ],\n                [\n                    "2014-12-22",\n                    1.035\n                ],\n                [\n                    "2014-12-23",\n                    1.033\n                ],\n                [\n                    "2014-12-24",\n                    1.025\n                ],\n                [\n                    "2014-12-25",\n                    1.035\n                ],\n                [\n                    "2014-12-26",\n                    1.043\n                ],\n                [\n                    "2014-12-29",\n                    1.041\n                ],\n                [\n                    "2014-12-30",\n                    1.025\n                ],\n                [\n                    "2014-12-31",\n                    1.039\n                ],\n                [\n                    "2015-01-05",\n                    1.093\n                ],\n                [\n                    "2015-01-06",\n                    1.109\n                ],\n                [\n                    "2015-01-07",\n                    1.1\n                ],\n                [\n                    "2015-01-08",\n                    1.099\n                ],\n                [\n                    "2015-01-09",\n                    1.086\n                ],\n                [\n                    "2015-01-12",\n                    1.094\n                ],\n                [\n                    "2015-01-13",\n                    1.108\n                ],\n                [\n                    "2015-01-14",\n                    1.087\n                ],\n                [\n                    "2015-01-15",\n                    1.095\n                ],\n                [\n                    "2015-01-16",\n                    1.1\n                ],\n                [\n                    "2015-01-19",\n                    1.042\n                ],\n                [\n                    "2015-01-20",\n                    1.074\n                ],\n                [\n                    "2015-01-21",\n                    1.102\n                ],\n                [\n                    "2015-01-22",\n                    1.106\n                ],\n                [\n                    "2015-01-23",\n                    1.095\n                ],\n                [\n                    "2015-01-26",\n                    1.109\n                ],\n                [\n                    "2015-01-27",\n                    1.115\n                ],\n                [\n                    "2015-01-28",\n                    1.105\n                ],\n                [\n                    "2015-01-29",\n                    1.098\n                ],\n                [\n                    "2015-01-30",\n                    1.099\n                ],\n                [\n                    "2015-02-02",\n                    1.09\n                ],\n                [\n                    "2015-02-03",\n                    1.108\n                ],\n                [\n                    "2015-02-04",\n                    1.105\n                ],\n                [\n                    "2015-02-05",\n                    1.096\n                ],\n                [\n                    "2015-02-06",\n                    1.091\n                ],\n                [\n                    "2015-02-09",\n                    1.098\n                ],\n                [\n                    "2015-02-10",\n                    1.114\n                ],\n                [\n                    "2015-02-11",\n                    1.119\n                ],\n                [\n                    "2015-02-12",\n                    1.119\n                ],\n                [\n                    "2015-02-13",\n                    1.126\n                ],\n                [\n                    "2015-02-16",\n                    1.139\n                ],\n                [\n                    "2015-02-17",\n                    1.155\n                ],\n                [\n                    "2015-02-25",\n                    1.149\n                ],\n                [\n                    "2015-02-26",\n                    1.154\n                ],\n                [\n                    "2015-02-27",\n                    1.155\n                ],\n                [\n                    "2015-03-02",\n                    1.165\n                ],\n                [\n                    "2015-03-03",\n                    1.145\n                ],\n                [\n                    "2015-03-04",\n                    1.16\n                ],\n                [\n                    "2015-03-05",\n                    1.146\n                ],\n                [\n                    "2015-03-06",\n                    1.144\n                ],\n                [\n                    "2015-03-09",\n                    1.165\n                ],\n                [\n                    "2015-03-10",\n                    1.172\n                ],\n                [\n                    "2015-03-11",\n                    1.18\n                ],\n                [\n                    "2015-03-12",\n                    1.184\n                ],\n                [\n                    "2015-03-13",\n                    1.193\n                ],\n                [\n                    "2015-03-16",\n                    1.221\n                ],\n                [\n                    "2015-03-17",\n                    1.231\n                ],\n                [\n                    "2015-03-18",\n                    1.245\n                ],\n                [\n                    "2015-03-19",\n                    1.244\n                ],\n                [\n                    "2015-03-20",\n                    1.247\n                ],\n                [\n                    "2015-03-23",\n                    1.274\n                ],\n                [\n                    "2015-03-24",\n                    1.287\n                ],\n                [\n                    "2015-03-25",\n                    1.286\n                ],\n                [\n                    "2015-03-26",\n                    1.283\n                ],\n                [\n                    "2015-03-27",\n                    1.287\n                ],\n                [\n                    "2015-03-30",\n                    1.305\n                ],\n                [\n                    "2015-03-31",\n                    1.297\n                ],\n                [\n                    "2015-04-01",\n                    1.321\n                ],\n                [\n                    "2015-04-02",\n                    1.329\n                ],\n                [\n                    "2015-04-03",\n                    1.333\n                ],\n                [\n                    "2015-04-07",\n                    1.355\n                ],\n                [\n                    "2015-04-08",\n                    1.356\n                ],\n                [\n                    "2015-04-09",\n                    1.337\n                ],\n                [\n                    "2015-04-10",\n                    1.364\n                ],\n                [\n                    "2015-04-13",\n                    1.374\n                ],\n                [\n                    "2015-04-14",\n                    1.371\n                ],\n                [\n                    "2015-04-15",\n                    1.339\n                ],\n                [\n                    "2015-04-16",\n                    1.395\n                ],\n                [\n                    "2015-04-17",\n                    1.412\n                ],\n                [\n                    "2015-04-20",\n                    1.39\n                ],\n                [\n                    "2015-04-21",\n                    1.461\n                ],\n                [\n                    "2015-04-22",\n                    1.479\n                ],\n                [\n                    "2015-04-23",\n                    1.474\n                ],\n                [\n                    "2015-04-24",\n                    1.471\n                ],\n                [\n                    "2015-04-27",\n                    1.481\n                ],\n                [\n                    "2015-04-28",\n                    1.458\n                ],\n                [\n                    "2015-04-29",\n                    1.475\n                ],\n                [\n                    "2015-04-30",\n                    1.47\n                ],\n                [\n                    "2015-05-04",\n                    1.472\n                ],\n                [\n                    "2015-05-05",\n                    1.41\n                ],\n                [\n                    "2015-05-06",\n                    1.397\n                ],\n                [\n                    "2015-05-07",\n                    1.393\n                ],\n                [\n                    "2015-05-08",\n                    1.421\n                ],\n                [\n                    "2015-05-11",\n                    1.453\n                ],\n                [\n                    "2015-05-12",\n                    1.457\n                ],\n                [\n                    "2015-05-13",\n                    1.466\n                ],\n                [\n                    "2015-05-14",\n                    1.451\n                ],\n                [\n                    "2015-05-15",\n                    1.432\n                ],\n                [\n                    "2015-05-18",\n                    1.415\n                ],\n                [\n                    "2015-05-19",\n                    1.452\n                ],\n                [\n                    "2015-05-20",\n                    1.484\n                ],\n                [\n                    "2015-05-21",\n                    1.533\n                ],\n                [\n                    "2015-05-22",\n                    1.562\n                ],\n                [\n                    "2015-05-25",\n                    1.609\n                ],\n                [\n                    "2015-05-26",\n                    1.634\n                ],\n                [\n                    "2015-05-27",\n                    1.614\n                ],\n                [\n                    "2015-05-28",\n                    1.528\n                ],\n                [\n                    "2015-05-29",\n                    1.523\n                ],\n                [\n                    "2015-06-01",\n                    1.585\n                ],\n                [\n                    "2015-06-02",\n                    1.615\n                ],\n                [\n                    "2015-06-03",\n                    1.626\n                ],\n                [\n                    "2015-06-04",\n                    1.609\n                ],\n                [\n                    "2015-06-05",\n                    1.613\n                ],\n                [\n                    "2015-06-08",\n                    1.632\n                ],\n                [\n                    "2015-06-09",\n                    1.63\n                ],\n                [\n                    "2015-06-10",\n                    1.653\n                ],\n                [\n                    "2015-06-11",\n                    1.65\n                ],\n                [\n                    "2015-06-12",\n                    1.688\n                ],\n                [\n                    "2015-06-15",\n                    1.671\n                ],\n                [\n                    "2015-06-16",\n                    1.612\n                ],\n                [\n                    "2015-06-17",\n                    1.628\n                ],\n                [\n                    "2015-06-18",\n                    1.573\n                ],\n                [\n                    "2015-06-19",\n                    1.487\n                ],\n                [\n                    "2015-06-23",\n                    1.559\n                ],\n                [\n                    "2015-06-24",\n                    1.606\n                ],\n                [\n                    "2015-06-25",\n                    1.55\n                ],\n                [\n                    "2015-06-26",\n                    1.45\n                ],\n                [\n                    "2015-06-29",\n                    1.428\n                ],\n                [\n                    "2015-06-30",\n                    1.513\n                ],\n                [\n                    "2015-07-01",\n                    1.448\n                ],\n                [\n                    "2015-07-02",\n                    1.382\n                ],\n                [\n                    "2015-07-03",\n                    1.311\n                ],\n                [\n                    "2015-07-06",\n                    1.325\n                ],\n                [\n                    "2015-07-07",\n                    1.264\n                ],\n                [\n                    "2015-07-08",\n                    1.179\n                ],\n                [\n                    "2015-07-09",\n                    1.275\n                ],\n                [\n                    "2015-07-10",\n                    1.373\n                ],\n                [\n                    "2015-07-13",\n                    1.428\n                ],\n                [\n                    "2015-07-14",\n                    1.393\n                ],\n                [\n                    "2015-07-15",\n                    1.331\n                ],\n                [\n                    "2015-07-16",\n                    1.348\n                ],\n                [\n                    "2015-07-17",\n                    1.396\n                ],\n                [\n                    "2015-07-20",\n                    1.39\n                ],\n                [\n                    "2015-07-21",\n                    1.393\n                ],\n                [\n                    "2015-07-22",\n                    1.387\n                ],\n                [\n                    "2015-07-23",\n                    1.411\n                ],\n                [\n                    "2015-07-24",\n                    1.393\n                ],\n                [\n                    "2015-07-27",\n                    1.284\n                ],\n                [\n                    "2015-07-28",\n                    1.29\n                ],\n                [\n                    "2015-07-29",\n                    1.317\n                ],\n                [\n                    "2015-07-30",\n                    1.29\n                ],\n                [\n                    "2015-07-31",\n                    1.292\n                ],\n                [\n                    "2015-08-03",\n                    1.301\n                ],\n                [\n                    "2015-08-04",\n                    1.334\n                ],\n                [\n                    "2015-08-05",\n                    1.312\n                ],\n                [\n                    "2015-08-06",\n                    1.306\n                ],\n                [\n                    "2015-08-07",\n                    1.324\n                ],\n                [\n                    "2015-08-10",\n                    1.367\n                ],\n                [\n                    "2015-08-11",\n                    1.371\n                ],\n                [\n                    "2015-08-12",\n                    1.345\n                ],\n                [\n                    "2015-08-13",\n                    1.357\n                ],\n                [\n                    "2015-08-14",\n                    1.355\n                ],\n                [\n                    "2015-08-17",\n                    1.361\n                ],\n                [\n                    "2015-08-18",\n                    1.278\n                ],\n                [\n                    "2015-08-19",\n                    1.299\n                ],\n                [\n                    "2015-08-20",\n                    1.258\n                ],\n                [\n                    "2015-08-21",\n                    1.199\n                ],\n                [\n                    "2015-08-24",\n                    1.105\n                ],\n                [\n                    "2015-08-25",\n                    1.068\n                ],\n                [\n                    "2015-08-26",\n                    1.098\n                ],\n                [\n                    "2015-08-27",\n                    1.152\n                ],\n                [\n                    "2015-08-28",\n                    1.184\n                ],\n                [\n                    "2015-08-31",\n                    1.169\n                ],\n                [\n                    "2015-09-01",\n                    1.143\n                ],\n                [\n                    "2015-09-02",\n                    1.151\n                ],\n                [\n                    "2015-09-07",\n                    1.12\n                ],\n                [\n                    "2015-09-08",\n                    1.147\n                ],\n                [\n                    "2015-09-09",\n                    1.17\n                ],\n                [\n                    "2015-09-10",\n                    1.159\n                ],\n                [\n                    "2015-09-11",\n                    1.159\n                ],\n                [\n                    "2015-09-14",\n                    1.126\n                ],\n                [\n                    "2015-09-15",\n                    1.092\n                ],\n                [\n                    "2015-09-16",\n                    1.151\n                ],\n                [\n                    "2015-09-17",\n                    1.121\n                ],\n                [\n                    "2015-09-18",\n                    1.127\n                ],\n                [\n                    "2015-09-21",\n                    1.151\n                ],\n                [\n                    "2015-09-22",\n                    1.155\n                ],\n                [\n                    "2015-09-23",\n                    1.131\n                ],\n                [\n                    "2015-09-24",\n                    1.139\n                ],\n                [\n                    "2015-09-25",\n                    1.116\n                ],\n                [\n                    "2015-09-28",\n                    1.125\n                ],\n                [\n                    "2015-09-29",\n                    1.114\n                ],\n                [\n                    "2015-09-30",\n                    1.128\n                ],\n                [\n                    "2015-10-08",\n                    1.165\n                ],\n                [\n                    "2015-10-09",\n                    1.171\n                ],\n                [\n                    "2015-10-12",\n                    1.204\n                ],\n                [\n                    "2015-10-13",\n                    1.208\n                ],\n                [\n                    "2015-10-14",\n                    1.191\n                ],\n                [\n                    "2015-10-15",\n                    1.213\n                ],\n                [\n                    "2015-10-16",\n                    1.222\n                ],\n                [\n                    "2015-10-19",\n                    1.231\n                ],\n                [\n                    "2015-10-20",\n                    1.235\n                ],\n                [\n                    "2015-10-21",\n                    1.18\n                ],\n                [\n                    "2015-10-22",\n                    1.207\n                ],\n                [\n                    "2015-10-23",\n                    1.234\n                ],\n                [\n                    "2015-10-26",\n                    1.249\n                ],\n                [\n                    "2015-10-27",\n                    1.249\n                ],\n                [\n                    "2015-10-28",\n                    1.227\n                ],\n                [\n                    "2015-10-29",\n                    1.242\n                ],\n                [\n                    "2015-10-30",\n                    1.242\n                ],\n                [\n                    "2015-11-02",\n                    1.231\n                ],\n                [\n                    "2015-11-03",\n                    1.228\n                ],\n                [\n                    "2015-11-04",\n                    1.276\n                ],\n                [\n                    "2015-11-05",\n                    1.282\n                ],\n                [\n                    "2015-11-06",\n                    1.297\n                ],\n                [\n                    "2015-11-09",\n                    1.307\n                ],\n                [\n                    "2015-11-10",\n                    1.303\n                ],\n                [\n                    "2015-11-11",\n                    1.301\n                ],\n                [\n                    "2015-11-12",\n                    1.301\n                ],\n                [\n                    "2015-11-13",\n                    1.279\n                ],\n                [\n                    "2015-11-16",\n                    1.281\n                ],\n                [\n                    "2015-11-17",\n                    1.283\n                ],\n                [\n                    "2015-11-18",\n                    1.272\n                ],\n                [\n                    "2015-11-19",\n                    1.287\n                ],\n                [\n                    "2015-11-20",\n                    1.282\n                ],\n                [\n                    "2015-11-23",\n                    1.27\n                ],\n                [\n                    "2015-11-24",\n                    1.275\n                ],\n                [\n                    "2015-11-25",\n                    1.289\n                ],\n                [\n                    "2015-11-26",\n                    1.286\n                ],\n                [\n                    "2015-11-27",\n                    1.229\n                ],\n                [\n                    "2015-11-30",\n                    1.235\n                ],\n                [\n                    "2015-12-01",\n                    1.248\n                ],\n                [\n                    "2015-12-02",\n                    1.28\n                ],\n                [\n                    "2015-12-03",\n                    1.283\n                ],\n                [\n                    "2015-12-04",\n                    1.275\n                ],\n                [\n                    "2015-12-07",\n                    1.283\n                ],\n                [\n                    "2015-12-08",\n                    1.251\n                ],\n                [\n                    "2015-12-09",\n                    1.258\n                ],\n                [\n                    "2015-12-10",\n                    1.254\n                ],\n                [\n                    "2015-12-11",\n                    1.254\n                ],\n                [\n                    "2015-12-14",\n                    1.274\n                ],\n                [\n                    "2015-12-15",\n                    1.279\n                ],\n                [\n                    "2015-12-16",\n                    1.273\n                ],\n                [\n                    "2015-12-17",\n                    1.295\n                ],\n                [\n                    "2015-12-18",\n                    1.305\n                ],\n                [\n                    "2015-12-21",\n                    1.35\n                ],\n                [\n                    "2015-12-22",\n                    1.36\n                ],\n                [\n                    "2015-12-23",\n                    1.357\n                ],\n                [\n                    "2015-12-24",\n                    1.344\n                ],\n                [\n                    "2015-12-25",\n                    1.344\n                ],\n                [\n                    "2015-12-28",\n                    1.315\n                ],\n                [\n                    "2015-12-29",\n                    1.332\n                ],\n                [\n                    "2015-12-30",\n                    1.33\n                ],\n                [\n                    "2015-12-31",\n                    1.318\n                ],\n                [\n                    "2016-01-04",\n                    1.233\n                ],\n                [\n                    "2016-01-05",\n                    1.241\n                ],\n                [\n                    "2016-01-06",\n                    1.256\n                ],\n                [\n                    "2016-01-07",\n                    1.178\n                ],\n                [\n                    "2016-01-08",\n                    1.197\n                ],\n                [\n                    "2016-01-11",\n                    1.138\n                ],\n                [\n                    "2016-01-12",\n                    1.146\n                ],\n                [\n                    "2016-01-13",\n                    1.129\n                ],\n                [\n                    "2016-01-14",\n                    1.155\n                ],\n                [\n                    "2016-01-15",\n                    1.125\n                ],\n                [\n                    "2016-01-18",\n                    1.132\n                ],\n                [\n                    "2016-01-19",\n                    1.167\n                ],\n                [\n                    "2016-01-20",\n                    1.144\n                ],\n                [\n                    "2016-01-21",\n                    1.11\n                ],\n                [\n                    "2016-01-22",\n                    1.121\n                ],\n                [\n                    "2016-01-25",\n                    1.13\n                ],\n                [\n                    "2016-01-26",\n                    1.081\n                ],\n                [\n                    "2016-01-27",\n                    1.072\n                ],\n                [\n                    "2016-01-28",\n                    1.049\n                ],\n                [\n                    "2016-01-29",\n                    1.078\n                ],\n                [\n                    "2016-02-01",\n                    1.079\n                ],\n                [\n                    "2016-02-02",\n                    1.103\n                ],\n                [\n                    "2016-02-03",\n                    1.103\n                ],\n                [\n                    "2016-02-04",\n                    1.114\n                ],\n                [\n                    "2016-02-05",\n                    1.106\n                ],\n                [\n                    "2016-02-15",\n                    1.096\n                ],\n                [\n                    "2016-02-16",\n                    1.123\n                ],\n                [\n                    "2016-02-17",\n                    1.128\n                ],\n                [\n                    "2016-02-18",\n                    1.122\n                ],\n                [\n                    "2016-02-19",\n                    1.121\n                ],\n                [\n                    "2016-02-22",\n                    1.144\n                ],\n                [\n                    "2016-02-23",\n                    1.143\n                ],\n                [\n                    "2016-02-24",\n                    1.143\n                ],\n                [\n                    "2016-02-25",\n                    1.076\n                ],\n                [\n                    "2016-02-26",\n                    1.084\n                ],\n                [\n                    "2016-02-29",\n                    1.047\n                ],\n                [\n                    "2016-03-01",\n                    1.068\n                ],\n                [\n                    "2016-03-02",\n                    1.113\n                ],\n                [\n                    "2016-03-03",\n                    1.117\n                ],\n                [\n                    "2016-03-04",\n                    1.115\n                ],\n                [\n                    "2016-03-07",\n                    1.124\n                ],\n                [\n                    "2016-03-08",\n                    1.123\n                ],\n                [\n                    "2016-03-09",\n                    1.111\n                ],\n                [\n                    "2016-03-10",\n                    1.107\n                ],\n                [\n                    "2016-03-11",\n                    1.105\n                ],\n                [\n                    "2016-03-14",\n                    1.119\n                ],\n                [\n                    "2016-03-15",\n                    1.119\n                ],\n                [\n                    "2016-03-16",\n                    1.108\n                ],\n                [\n                    "2016-03-17",\n                    1.13\n                ],\n                [\n                    "2016-03-18",\n                    1.15\n                ],\n                [\n                    "2016-03-21",\n                    1.166\n                ],\n                [\n                    "2016-03-22",\n                    1.166\n                ],\n                [\n                    "2016-03-23",\n                    1.167\n                ],\n                [\n                    "2016-03-24",\n                    1.165\n                ],\n                [\n                    "2016-03-25",\n                    1.172\n                ],\n                [\n                    "2016-03-28",\n                    1.181\n                ],\n                [\n                    "2016-03-29",\n                    1.164\n                ],\n                [\n                    "2016-03-30",\n                    1.188\n                ],\n                [\n                    "2016-03-31",\n                    1.194\n                ],\n                [\n                    "2016-04-01",\n                    1.187\n                ],\n                [\n                    "2016-04-05",\n                    1.205\n                ],\n                [\n                    "2016-04-06",\n                    1.219\n                ],\n                [\n                    "2016-04-07",\n                    1.201\n                ],\n                [\n                    "2016-04-08",\n                    1.194\n                ],\n                [\n                    "2016-04-11",\n                    1.209\n                ],\n                [\n                    "2016-04-12",\n                    1.205\n                ],\n                [\n                    "2016-04-13",\n                    1.21\n                ],\n                [\n                    "2016-04-14",\n                    1.22\n                ],\n                [\n                    "2016-04-15",\n                    1.215\n                ],\n                [\n                    "2016-04-18",\n                    1.206\n                ],\n                [\n                    "2016-04-19",\n                    1.211\n                ],\n                [\n                    "2016-04-20",\n                    1.176\n                ],\n                [\n                    "2016-04-21",\n                    1.173\n                ],\n                [\n                    "2016-04-22",\n                    1.194\n                ],\n                [\n                    "2016-04-25",\n                    1.19\n                ],\n                [\n                    "2016-04-26",\n                    1.201\n                ],\n                [\n                    "2016-04-27",\n                    1.206\n                ],\n                [\n                    "2016-04-28",\n                    1.204\n                ],\n                [\n                    "2016-04-29",\n                    1.213\n                ],\n                [\n                    "2016-05-03",\n                    1.259\n                ],\n                [\n                    "2016-05-04",\n                    1.25\n                ],\n                [\n                    "2016-05-05",\n                    1.252\n                ],\n                [\n                    "2016-05-06",\n                    1.212\n                ],\n                [\n                    "2016-05-09",\n                    1.202\n                ],\n                [\n                    "2016-05-10",\n                    1.218\n                ],\n                [\n                    "2016-05-11",\n                    1.235\n                ],\n                [\n                    "2016-05-12",\n                    1.233\n                ],\n                [\n                    "2016-05-13",\n                    1.221\n                ],\n                [\n                    "2016-05-16",\n                    1.238\n                ],\n                [\n                    "2016-05-17",\n                    1.225\n                ],\n                [\n                    "2016-05-18",\n                    1.2\n                ],\n                [\n                    "2016-05-19",\n                    1.199\n                ],\n                [\n                    "2016-05-20",\n                    1.21\n                ],\n                [\n                    "2016-05-23",\n                    1.224\n                ],\n                [\n                    "2016-05-24",\n                    1.209\n                ],\n                [\n                    "2016-05-25",\n                    1.2\n                ],\n                [\n                    "2016-05-26",\n                    1.208\n                ],\n                [\n                    "2016-05-27",\n                    1.207\n                ],\n                [\n                    "2016-05-30",\n                    1.203\n                ],\n                [\n                    "2016-05-31",\n                    1.243\n                ],\n                [\n                    "2016-06-01",\n                    1.246\n                ],\n                [\n                    "2016-06-02",\n                    1.252\n                ],\n                [\n                    "2016-06-03",\n                    1.279\n                ],\n                [\n                    "2016-06-06",\n                    1.284\n                ],\n                [\n                    "2016-06-07",\n                    1.288\n                ],\n                [\n                    "2016-06-08",\n                    1.274\n                ],\n                [\n                    "2016-06-13",\n                    1.239\n                ],\n                [\n                    "2016-06-14",\n                    1.262\n                ],\n                [\n                    "2016-06-15",\n                    1.291\n                ],\n                [\n                    "2016-06-16",\n                    1.284\n                ],\n                [\n                    "2016-06-17",\n                    1.306\n                ],\n                [\n                    "2016-06-20",\n                    1.301\n                ],\n                [\n                    "2016-06-21",\n                    1.287\n                ],\n                [\n                    "2016-06-22",\n                    1.298\n                ],\n                [\n                    "2016-06-23",\n                    1.29\n                ],\n                [\n                    "2016-06-24",\n                    1.279\n                ],\n                [\n                    "2016-06-27",\n                    1.312\n                ],\n                [\n                    "2016-06-28",\n                    1.311\n                ],\n                [\n                    "2016-06-29",\n                    1.311\n                ],\n                [\n                    "2016-06-30",\n                    1.316\n                ],\n                [\n                    "2016-07-01",\n                    1.316\n                ],\n                [\n                    "2016-07-04",\n                    1.334\n                ],\n                [\n                    "2016-07-05",\n                    1.341\n                ],\n                [\n                    "2016-07-06",\n                    1.372\n                ],\n                [\n                    "2016-07-07",\n                    1.364\n                ],\n                [\n                    "2016-07-08",\n                    1.362\n                ],\n                [\n                    "2016-07-11",\n                    1.382\n                ],\n                [\n                    "2016-07-12",\n                    1.426\n                ],\n                [\n                    "2016-07-13",\n                    1.412\n                ],\n                [\n                    "2016-07-14",\n                    1.409\n                ],\n                [\n                    "2016-07-15",\n                    1.422\n                ],\n                [\n                    "2016-07-18",\n                    1.418\n                ],\n                [\n                    "2016-07-19",\n                    1.394\n                ],\n                [\n                    "2016-07-20",\n                    1.391\n                ],\n                [\n                    "2016-07-21",\n                    1.4\n                ],\n                [\n                    "2016-07-22",\n                    1.374\n                ],\n                [\n                    "2016-07-25",\n                    1.375\n                ],\n                [\n                    "2016-07-26",\n                    1.414\n                ],\n                [\n                    "2016-07-27",\n                    1.387\n                ],\n                [\n                    "2016-07-28",\n                    1.41\n                ],\n                [\n                    "2016-07-29",\n                    1.408\n                ],\n                [\n                    "2016-08-01",\n                    1.382\n                ],\n                [\n                    "2016-08-02",\n                    1.381\n                ],\n                [\n                    "2016-08-03",\n                    1.385\n                ],\n                [\n                    "2016-08-04",\n                    1.384\n                ],\n                [\n                    "2016-08-05",\n                    1.377\n                ],\n                [\n                    "2016-08-08",\n                    1.388\n                ],\n                [\n                    "2016-08-09",\n                    1.406\n                ],\n                [\n                    "2016-08-10",\n                    1.397\n                ],\n                [\n                    "2016-08-11",\n                    1.396\n                ],\n                [\n                    "2016-08-12",\n                    1.403\n                ],\n                [\n                    "2016-08-15",\n                    1.432\n                ],\n                [\n                    "2016-08-16",\n                    1.432\n                ],\n                [\n                    "2016-08-17",\n                    1.437\n                ],\n                [\n                    "2016-08-18",\n                    1.424\n                ],\n                [\n                    "2016-08-19",\n                    1.417\n                ],\n                [\n                    "2016-08-22",\n                    1.413\n                ],\n                [\n                    "2016-08-23",\n                    1.412\n                ],\n                [\n                    "2016-08-24",\n                    1.403\n                ],\n                [\n                    "2016-08-25",\n                    1.392\n                ],\n                [\n                    "2016-08-26",\n                    1.389\n                ],\n                [\n                    "2016-08-29",\n                    1.381\n                ],\n                [\n                    "2016-08-30",\n                    1.382\n                ],\n                [\n                    "2016-08-31",\n                    1.386\n                ],\n                [\n                    "2016-09-01",\n                    1.379\n                ],\n                [\n                    "2016-09-02",\n                    1.371\n                ],\n                [\n                    "2016-09-05",\n                    1.376\n                ],\n                [\n                    "2016-09-06",\n                    1.388\n                ],\n                [\n                    "2016-09-07",\n                    1.38\n                ],\n                [\n                    "2016-09-08",\n                    1.377\n                ],\n                [\n                    "2016-09-09",\n                    1.367\n                ],\n                [\n                    "2016-09-12",\n                    1.337\n                ],\n                [\n                    "2016-09-13",\n                    1.342\n                ],\n                [\n                    "2016-09-14",\n                    1.328\n                ],\n                [\n                    "2016-09-19",\n                    1.344\n                ],\n                [\n                    "2016-09-20",\n                    1.342\n                ],\n                [\n                    "2016-09-21",\n                    1.343\n                ],\n                [\n                    "2016-09-22",\n                    1.354\n                ],\n                [\n                    "2016-09-23",\n                    1.351\n                ],\n                [\n                    "2016-09-26",\n                    1.332\n                ],\n                [\n                    "2016-09-27",\n                    1.341\n                ],\n                [\n                    "2016-09-28",\n                    1.342\n                ],\n                [\n                    "2016-09-29",\n                    1.348\n                ],\n                [\n                    "2016-09-30",\n                    1.365\n                ],\n                [\n                    "2016-10-10",\n                    1.377\n                ],\n                [\n                    "2016-10-11",\n                    1.377\n                ],\n                [\n                    "2016-10-12",\n                    1.375\n                ],\n                [\n                    "2016-10-13",\n                    1.369\n                ],\n                [\n                    "2016-10-14",\n                    1.368\n                ],\n                [\n                    "2016-10-17",\n                    1.359\n                ],\n                [\n                    "2016-10-18",\n                    1.375\n                ],\n                [\n                    "2016-10-19",\n                    1.37\n                ],\n                [\n                    "2016-10-20",\n                    1.37\n                ],\n                [\n                    "2016-10-21",\n                    1.369\n                ],\n                [\n                    "2016-10-24",\n                    1.376\n                ],\n                [\n                    "2016-10-25",\n                    1.397\n                ],\n                [\n                    "2016-10-26",\n                    1.404\n                ],\n                [\n                    "2016-10-27",\n                    1.401\n                ],\n                [\n                    "2016-10-28",\n                    1.399\n                ],\n                [\n                    "2016-10-31",\n                    1.404\n                ],\n                [\n                    "2016-11-01",\n                    1.415\n                ],\n                [\n                    "2016-11-02",\n                    1.403\n                ],\n                [\n                    "2016-11-03",\n                    1.405\n                ],\n                [\n                    "2016-11-04",\n                    1.394\n                ],\n                [\n                    "2016-11-07",\n                    1.392\n                ],\n                [\n                    "2016-11-08",\n                    1.406\n                ],\n                [\n                    "2016-11-09",\n                    1.397\n                ],\n                [\n                    "2016-11-10",\n                    1.41\n                ],\n                [\n                    "2016-11-11",\n                    1.404\n                ],\n                [\n                    "2016-11-14",\n                    1.394\n                ],\n                [\n                    "2016-11-15",\n                    1.404\n                ],\n                [\n                    "2016-11-16",\n                    1.4\n                ],\n                [\n                    "2016-11-17",\n                    1.404\n                ],\n                [\n                    "2016-11-18",\n                    1.4\n                ],\n                [\n                    "2016-11-21",\n                    1.402\n                ],\n                [\n                    "2016-11-22",\n                    1.407\n                ],\n                [\n                    "2016-11-23",\n                    1.427\n                ],\n                [\n                    "2016-11-24",\n                    1.446\n                ],\n                [\n                    "2016-11-25",\n                    1.455\n                ],\n                [\n                    "2016-11-28",\n                    1.466\n                ],\n                [\n                    "2016-11-29",\n                    1.496\n                ],\n                [\n                    "2016-11-30",\n                    1.475\n                ],\n                [\n                    "2016-12-01",\n                    1.495\n                ],\n                [\n                    "2016-12-02",\n                    1.469\n                ],\n                [\n                    "2016-12-05",\n                    1.438\n                ],\n                [\n                    "2016-12-06",\n                    1.452\n                ],\n                [\n                    "2016-12-07",\n                    1.455\n                ],\n                [\n                    "2016-12-08",\n                    1.469\n                ],\n                [\n                    "2016-12-09",\n                    1.475\n                ],\n                [\n                    "2016-12-12",\n                    1.435\n                ],\n                [\n                    "2016-12-13",\n                    1.446\n                ],\n                [\n                    "2016-12-14",\n                    1.43\n                ],\n                [\n                    "2016-12-15",\n                    1.409\n                ],\n                [\n                    "2016-12-16",\n                    1.42\n                ],\n                [\n                    "2016-12-19",\n                    1.418\n                ],\n                [\n                    "2016-12-20",\n                    1.411\n                ],\n                [\n                    "2016-12-21",\n                    1.417\n                ],\n                [\n                    "2016-12-22",\n                    1.418\n                ],\n                [\n                    "2016-12-23",\n                    1.4\n                ],\n                [\n                    "2016-12-26",\n                    1.404\n                ],\n                [\n                    "2016-12-27",\n                    1.407\n                ],\n                [\n                    "2016-12-28",\n                    1.401\n                ],\n                [\n                    "2016-12-29",\n                    1.401\n                ],\n                [\n                    "2016-12-30",\n                    1.413\n                ],\n                [\n                    "2016-12-31",\n                    1.413\n                ],\n                [\n                    "2017-01-03",\n                    1.426\n                ],\n                [\n                    "2017-01-04",\n                    1.455\n                ],\n                [\n                    "2017-01-05",\n                    1.45\n                ],\n                [\n                    "2017-01-06",\n                    1.446\n                ],\n                [\n                    "2017-01-09",\n                    1.449\n                ],\n                [\n                    "2017-01-10",\n                    1.453\n                ],\n                [\n                    "2017-01-11",\n                    1.437\n                ],\n                [\n                    "2017-01-12",\n                    1.425\n                ],\n                [\n                    "2017-01-13",\n                    1.422\n                ],\n                [\n                    "2017-01-16",\n                    1.421\n                ],\n                [\n                    "2017-01-17",\n                    1.435\n                ],\n                [\n                    "2017-01-18",\n                    1.449\n                ],\n                [\n                    "2017-01-19",\n                    1.45\n                ],\n                [\n                    "2017-01-20",\n                    1.461\n                ],\n                [\n                    "2017-01-23",\n                    1.459\n                ],\n                [\n                    "2017-01-24",\n                    1.46\n                ],\n                [\n                    "2017-01-25",\n                    1.464\n                ],\n                [\n                    "2017-01-26",\n                    1.466\n                ],\n                [\n                    "2017-02-03",\n                    1.456\n                ],\n                [\n                    "2017-02-06",\n                    1.46\n                ],\n                [\n                    "2017-02-07",\n                    1.457\n                ],\n                [\n                    "2017-02-08",\n                    1.462\n                ],\n                [\n                    "2017-02-09",\n                    1.47\n                ],\n                [\n                    "2017-02-10",\n                    1.473\n                ],\n                [\n                    "2017-02-13",\n                    1.499\n                ],\n                [\n                    "2017-02-14",\n                    1.496\n                ],\n                [\n                    "2017-02-15",\n                    1.491\n                ],\n                [\n                    "2017-02-16",\n                    1.502\n                ],\n                [\n                    "2017-02-17",\n                    1.51\n                ],\n                [\n                    "2017-02-20",\n                    1.555\n                ],\n                [\n                    "2017-02-21",\n                    1.553\n                ],\n                [\n                    "2017-02-22",\n                    1.567\n                ],\n                [\n                    "2017-02-23",\n                    1.562\n                ],\n                [\n                    "2017-02-24",\n                    1.555\n                ],\n                [\n                    "2017-02-27",\n                    1.533\n                ],\n                [\n                    "2017-02-28",\n                    1.538\n                ],\n                [\n                    "2017-03-01",\n                    1.543\n                ],\n                [\n                    "2017-03-02",\n                    1.537\n                ],\n                [\n                    "2017-03-03",\n                    1.542\n                ],\n                [\n                    "2017-03-06",\n                    1.564\n                ],\n                [\n                    "2017-03-07",\n                    1.58\n                ],\n                [\n                    "2017-03-08",\n                    1.576\n                ],\n                [\n                    "2017-03-09",\n                    1.569\n                ],\n                [\n                    "2017-03-10",\n                    1.587\n                ],\n                [\n                    "2017-03-13",\n                    1.597\n                ],\n                [\n                    "2017-03-14",\n                    1.595\n                ],\n                [\n                    "2017-03-15",\n                    1.608\n                ],\n                [\n                    "2017-03-16",\n                    1.6\n                ],\n                [\n                    "2017-03-17",\n                    1.591\n                ],\n                [\n                    "2017-03-20",\n                    1.596\n                ],\n                [\n                    "2017-03-21",\n                    1.635\n                ],\n                [\n                    "2017-03-22",\n                    1.651\n                ],\n                [\n                    "2017-03-23",\n                    1.649\n                ],\n                [\n                    "2017-03-24",\n                    1.65\n                ],\n                [\n                    "2017-03-27",\n                    1.626\n                ],\n                [\n                    "2017-03-28",\n                    1.625\n                ],\n                [\n                    "2017-03-29",\n                    1.631\n                ],\n                [\n                    "2017-03-30",\n                    1.621\n                ],\n                [\n                    "2017-03-31",\n                    1.637\n                ],\n                [\n                    "2017-04-05",\n                    1.637\n                ],\n                [\n                    "2017-04-06",\n                    1.641\n                ],\n                [\n                    "2017-04-07",\n                    1.638\n                ],\n                [\n                    "2017-04-10",\n                    1.616\n                ],\n                [\n                    "2017-04-11",\n                    1.605\n                ],\n                [\n                    "2017-04-12",\n                    1.614\n                ],\n                [\n                    "2017-04-13",\n                    1.631\n                ],\n                [\n                    "2017-04-14",\n                    1.617\n                ],\n                [\n                    "2017-04-17",\n                    1.633\n                ],\n                [\n                    "2017-04-18",\n                    1.665\n                ],\n                [\n                    "2017-04-19",\n                    1.673\n                ],\n                [\n                    "2017-04-20",\n                    1.703\n                ],\n                [\n                    "2017-04-21",\n                    1.691\n                ],\n                [\n                    "2017-04-24",\n                    1.676\n                ],\n                [\n                    "2017-04-25",\n                    1.714\n                ],\n                [\n                    "2017-04-26",\n                    1.702\n                ],\n                [\n                    "2017-04-27",\n                    1.705\n                ],\n                [\n                    "2017-04-28",\n                    1.681\n                ],\n                [\n                    "2017-05-02",\n                    1.685\n                ],\n                [\n                    "2017-05-03",\n                    1.693\n                ],\n                [\n                    "2017-05-04",\n                    1.687\n                ],\n                [\n                    "2017-05-05",\n                    1.689\n                ],\n                [\n                    "2017-05-08",\n                    1.661\n                ],\n                [\n                    "2017-05-09",\n                    1.658\n                ],\n                [\n                    "2017-05-10",\n                    1.661\n                ],\n                [\n                    "2017-05-11",\n                    1.688\n                ],\n                [\n                    "2017-05-12",\n                    1.697\n                ],\n                [\n                    "2017-05-15",\n                    1.704\n                ],\n                [\n                    "2017-05-16",\n                    1.736\n                ],\n                [\n                    "2017-05-17",\n                    1.713\n                ],\n                [\n                    "2017-05-18",\n                    1.709\n                ],\n                [\n                    "2017-05-19",\n                    1.725\n                ],\n                [\n                    "2017-05-22",\n                    1.731\n                ],\n                [\n                    "2017-05-23",\n                    1.753\n                ],\n                [\n                    "2017-05-24",\n                    1.746\n                ],\n                [\n                    "2017-05-25",\n                    1.741\n                ],\n                [\n                    "2017-05-26",\n                    1.748\n                ],\n                [\n                    "2017-05-31",\n                    1.75\n                ],\n                [\n                    "2017-06-01",\n                    1.758\n                ],\n                [\n                    "2017-06-02",\n                    1.751\n                ],\n                [\n                    "2017-06-05",\n                    1.739\n                ],\n                [\n                    "2017-06-06",\n                    1.773\n                ],\n                [\n                    "2017-06-07",\n                    1.801\n                ],\n                [\n                    "2017-06-08",\n                    1.835\n                ],\n                [\n                    "2017-06-09",\n                    1.84\n                ],\n                [\n                    "2017-06-12",\n                    1.865\n                ],\n                [\n                    "2017-06-13",\n                    1.869\n                ],\n                [\n                    "2017-06-14",\n                    1.845\n                ],\n                [\n                    "2017-06-15",\n                    1.834\n                ],\n                [\n                    "2017-06-16",\n                    1.82\n                ],\n                [\n                    "2017-06-19",\n                    1.841\n                ],\n                [\n                    "2017-06-20",\n                    1.837\n                ],\n                [\n                    "2017-06-21",\n                    1.879\n                ],\n                [\n                    "2017-06-22",\n                    1.872\n                ],\n                [\n                    "2017-06-23",\n                    1.898\n                ],\n                [\n                    "2017-06-26",\n                    1.927\n                ],\n                [\n                    "2017-06-27",\n                    1.928\n                ],\n                [\n                    "2017-06-28",\n                    1.893\n                ],\n                [\n                    "2017-06-29",\n                    1.894\n                ],\n                [\n                    "2017-06-30",\n                    1.904\n                ],\n                [\n                    "2017-07-03",\n                    1.874\n                ],\n                [\n                    "2017-07-04",\n                    1.852\n                ],\n                [\n                    "2017-07-05",\n                    1.88\n                ],\n                [\n                    "2017-07-06",\n                    1.881\n                ],\n                [\n                    "2017-07-07",\n                    1.858\n                ],\n                [\n                    "2017-07-10",\n                    1.861\n                ],\n                [\n                    "2017-07-11",\n                    1.895\n                ],\n                [\n                    "2017-07-12",\n                    1.87\n                ],\n                [\n                    "2017-07-13",\n                    1.865\n                ],\n                [\n                    "2017-07-14",\n                    1.877\n                ],\n                [\n                    "2017-07-17",\n                    1.858\n                ],\n                [\n                    "2017-07-18",\n                    1.855\n                ],\n                [\n                    "2017-07-19",\n                    1.867\n                ],\n                [\n                    "2017-07-20",\n                    1.895\n                ],\n                [\n                    "2017-07-21",\n                    1.894\n                ],\n                [\n                    "2017-07-24",\n                    1.921\n                ],\n                [\n                    "2017-07-25",\n                    1.916\n                ],\n                [\n                    "2017-07-26",\n                    1.879\n                ],\n                [\n                    "2017-07-27",\n                    1.872\n                ],\n                [\n                    "2017-07-28",\n                    1.904\n                ],\n                [\n                    "2017-07-31",\n                    1.9\n                ],\n                [\n                    "2017-08-01",\n                    1.905\n                ],\n                [\n                    "2017-08-02",\n                    1.895\n                ],\n                [\n                    "2017-08-03",\n                    1.865\n                ],\n                [\n                    "2017-08-04",\n                    1.851\n                ],\n                [\n                    "2017-08-07",\n                    1.89\n                ],\n                [\n                    "2017-08-08",\n                    1.891\n                ],\n                [\n                    "2017-08-09",\n                    1.931\n                ],\n                [\n                    "2017-08-10",\n                    1.929\n                ],\n                [\n                    "2017-08-11",\n                    1.901\n                ],\n                [\n                    "2017-08-14",\n                    1.929\n                ],\n                [\n                    "2017-08-15",\n                    1.924\n                ],\n                [\n                    "2017-08-16",\n                    1.911\n                ],\n                [\n                    "2017-08-17",\n                    1.903\n                ],\n                [\n                    "2017-08-18",\n                    1.903\n                ],\n                [\n                    "2017-08-21",\n                    1.911\n                ],\n                [\n                    "2017-08-22",\n                    1.909\n                ],\n                [\n                    "2017-08-23",\n                    1.917\n                ],\n                [\n                    "2017-08-24",\n                    1.915\n                ],\n                [\n                    "2017-08-25",\n                    1.925\n                ],\n                [\n                    "2017-08-28",\n                    1.941\n                ],\n                [\n                    "2017-08-29",\n                    1.926\n                ],\n                [\n                    "2017-08-30",\n                    1.944\n                ],\n                [\n                    "2017-08-31",\n                    1.939\n                ],\n                [\n                    "2017-09-01",\n                    1.937\n                ],\n                [\n                    "2017-09-04",\n                    1.921\n                ],\n                [\n                    "2017-09-05",\n                    1.925\n                ],\n                [\n                    "2017-09-06",\n                    1.914\n                ],\n                [\n                    "2017-09-07",\n                    1.902\n                ],\n                [\n                    "2017-09-08",\n                    1.889\n                ],\n                [\n                    "2017-09-11",\n                    1.895\n                ],\n                [\n                    "2017-09-12",\n                    1.902\n                ],\n                [\n                    "2017-09-13",\n                    1.93\n                ],\n                [\n                    "2017-09-14",\n                    1.928\n                ],\n                [\n                    "2017-09-15",\n                    1.944\n                ],\n                [\n                    "2017-09-18",\n                    1.966\n                ],\n                [\n                    "2017-09-19",\n                    1.95\n                ],\n                [\n                    "2017-09-20",\n                    1.965\n                ],\n                [\n                    "2017-09-21",\n                    1.962\n                ],\n                [\n                    "2017-09-22",\n                    1.978\n                ],\n                [\n                    "2017-09-25",\n                    1.993\n                ],\n                [\n                    "2017-09-26",\n                    1.981\n                ],\n                [\n                    "2017-09-27",\n                    1.98\n                ],\n                [\n                    "2017-09-28",\n                    1.991\n                ],\n                [\n                    "2017-09-29",\n                    2.004\n                ],\n                [\n                    "2017-10-09",\n                    2.042\n                ],\n                [\n                    "2017-10-10",\n                    2.054\n                ],\n                [\n                    "2017-10-11",\n                    2.092\n                ],\n                [\n                    "2017-10-12",\n                    2.094\n                ],\n                [\n                    "2017-10-13",\n                    2.094\n                ],\n                [\n                    "2017-10-16",\n                    2.079\n                ],\n                [\n                    "2017-10-17",\n                    2.088\n                ],\n                [\n                    "2017-10-18",\n                    2.117\n                ],\n                [\n                    "2017-10-19",\n                    2.138\n                ],\n                [\n                    "2017-10-20",\n                    2.115\n                ],\n                [\n                    "2017-10-23",\n                    2.125\n                ],\n                [\n                    "2017-10-24",\n                    2.137\n                ],\n                [\n                    "2017-10-25",\n                    2.157\n                ],\n                [\n                    "2017-10-26",\n                    2.172\n                ],\n                [\n                    "2017-10-27",\n                    2.212\n                ],\n                [\n                    "2017-10-30",\n                    2.205\n                ],\n                [\n                    "2017-10-31",\n                    2.189\n                ],\n                [\n                    "2017-11-01",\n                    2.178\n                ],\n                [\n                    "2017-11-02",\n                    2.194\n                ],\n                [\n                    "2017-11-03",\n                    2.197\n                ],\n                [\n                    "2017-11-06",\n                    2.258\n                ],\n                [\n                    "2017-11-07",\n                    2.256\n                ],\n                [\n                    "2017-11-08",\n                    2.239\n                ],\n                [\n                    "2017-11-09",\n                    2.254\n                ],\n                [\n                    "2017-11-10",\n                    2.306\n                ],\n                [\n                    "2017-11-13",\n                    2.297\n                ],\n                [\n                    "2017-11-14",\n                    2.263\n                ],\n                [\n                    "2017-11-15",\n                    2.276\n                ],\n                [\n                    "2017-11-16",\n                    2.315\n                ],\n                [\n                    "2017-11-17",\n                    2.309\n                ],\n                [\n                    "2017-11-20",\n                    2.302\n                ],\n                [\n                    "2017-11-21",\n                    2.348\n                ],\n                [\n                    "2017-11-22",\n                    2.311\n                ],\n                [\n                    "2017-11-23",\n                    2.219\n                ],\n                [\n                    "2017-11-24",\n                    2.221\n                ],\n                [\n                    "2017-11-27",\n                    2.191\n                ],\n                [\n                    "2017-11-28",\n                    2.209\n                ],\n                [\n                    "2017-11-29",\n                    2.162\n                ],\n                [\n                    "2017-11-30",\n                    2.138\n                ],\n                [\n                    "2017-12-01",\n                    2.137\n                ],\n                [\n                    "2017-12-04",\n                    2.18\n                ],\n                [\n                    "2017-12-05",\n                    2.194\n                ],\n                [\n                    "2017-12-06",\n                    2.172\n                ],\n                [\n                    "2017-12-07",\n                    2.13\n                ],\n                [\n                    "2017-12-08",\n                    2.168\n                ],\n                [\n                    "2017-12-11",\n                    2.248\n                ],\n                [\n                    "2017-12-12",\n                    2.232\n                ],\n                [\n                    "2017-12-13",\n                    2.285\n                ],\n                [\n                    "2017-12-14",\n                    2.281\n                ],\n                [\n                    "2017-12-15",\n                    2.259\n                ],\n                [\n                    "2017-12-18",\n                    2.294\n                ],\n                [\n                    "2017-12-19",\n                    2.314\n                ],\n                [\n                    "2017-12-20",\n                    2.344\n                ],\n                [\n                    "2017-12-21",\n                    2.356\n                ],\n                [\n                    "2017-12-22",\n                    2.341\n                ],\n                [\n                    "2017-12-25",\n                    2.349\n                ],\n                [\n                    "2017-12-26",\n                    2.326\n                ],\n                [\n                    "2017-12-27",\n                    2.28\n                ],\n                [\n                    "2017-12-28",\n                    2.334\n                ],\n                [\n                    "2017-12-29",\n                    2.331\n                ],\n                [\n                    "2017-12-31",\n                    2.331\n                ],\n                [\n                    "2018-01-02",\n                    2.342\n                ],\n                [\n                    "2018-01-03",\n                    2.347\n                ],\n                [\n                    "2018-01-04",\n                    2.385\n                ],\n                [\n                    "2018-01-05",\n                    2.39\n                ],\n                [\n                    "2018-01-08",\n                    2.411\n                ],\n                [\n                    "2018-01-09",\n                    2.47\n                ],\n                [\n                    "2018-01-10",\n                    2.505\n                ],\n                [\n                    "2018-01-11",\n                    2.485\n                ],\n                [\n                    "2018-01-12",\n                    2.527\n                ],\n                [\n                    "2018-01-15",\n                    2.536\n                ],\n                [\n                    "2018-01-16",\n                    2.54\n                ],\n                [\n                    "2018-01-17",\n                    2.484\n                ],\n                [\n                    "2018-01-18",\n                    2.487\n                ],\n                [\n                    "2018-01-19",\n                    2.457\n                ],\n                [\n                    "2018-01-22",\n                    2.554\n                ],\n                [\n                    "2018-01-23",\n                    2.563\n                ],\n                [\n                    "2018-01-24",\n                    2.531\n                ],\n                [\n                    "2018-01-25",\n                    2.526\n                ],\n                [\n                    "2018-01-26",\n                    2.545\n                ],\n                [\n                    "2018-01-29",\n                    2.461\n                ],\n                [\n                    "2018-01-30",\n                    2.445\n                ],\n                [\n                    "2018-01-31",\n                    2.485\n                ],\n                [\n                    "2018-02-01",\n                    2.461\n                ],\n                [\n                    "2018-02-02",\n                    2.451\n                ],\n                [\n                    "2018-02-05",\n                    2.379\n                ],\n                [\n                    "2018-02-06",\n                    2.348\n                ],\n                [\n                    "2018-02-07",\n                    2.265\n                ],\n                [\n                    "2018-02-08",\n                    2.288\n                ],\n                [\n                    "2018-02-09",\n                    2.242\n                ],\n                [\n                    "2018-02-12",\n                    2.312\n                ],\n                [\n                    "2018-02-13",\n                    2.333\n                ],\n                [\n                    "2018-02-14",\n                    2.367\n                ],\n                [\n                    "2018-02-22",\n                    2.428\n                ],\n                [\n                    "2018-02-23",\n                    2.416\n                ],\n                [\n                    "2018-02-26",\n                    2.423\n                ],\n                [\n                    "2018-02-27",\n                    2.373\n                ],\n                [\n                    "2018-02-28",\n                    2.341\n                ],\n                [\n                    "2018-03-01",\n                    2.354\n                ],\n                [\n                    "2018-03-02",\n                    2.358\n                ],\n                [\n                    "2018-03-05",\n                    2.334\n                ],\n                [\n                    "2018-03-06",\n                    2.339\n                ],\n                [\n                    "2018-03-07",\n                    2.337\n                ],\n                [\n                    "2018-03-08",\n                    2.39\n                ],\n                [\n                    "2018-03-09",\n                    2.401\n                ],\n                [\n                    "2018-03-12",\n                    2.402\n                ],\n                [\n                    "2018-03-13",\n                    2.385\n                ],\n                [\n                    "2018-03-14",\n                    2.393\n                ],\n                [\n                    "2018-03-15",\n                    2.431\n                ],\n                [\n                    "2018-03-16",\n                    2.401\n                ],\n                [\n                    "2018-03-19",\n                    2.404\n                ],\n                [\n                    "2018-03-20",\n                    2.385\n                ],\n                [\n                    "2018-03-21",\n                    2.363\n                ],\n                [\n                    "2018-03-22",\n                    2.308\n                ],\n                [\n                    "2018-03-23",\n                    2.275\n                ],\n                [\n                    "2018-03-26",\n                    2.252\n                ],\n                [\n                    "2018-03-27",\n                    2.236\n                ],\n                [\n                    "2018-03-28",\n                    2.156\n                ],\n                [\n                    "2018-03-29",\n                    2.219\n                ],\n                [\n                    "2018-03-30",\n                    2.214\n                ],\n                [\n                    "2018-04-02",\n                    2.197\n                ],\n                [\n                    "2018-04-03",\n                    2.203\n                ],\n                [\n                    "2018-04-04",\n                    2.244\n                ],\n                [\n                    "2018-04-09",\n                    2.222\n                ],\n                [\n                    "2018-04-10",\n                    2.249\n                ],\n                [\n                    "2018-04-11",\n                    2.257\n                ],\n                [\n                    "2018-04-12",\n                    2.241\n                ],\n                [\n                    "2018-04-13",\n                    2.218\n                ],\n                [\n                    "2018-04-16",\n                    2.196\n                ],\n                [\n                    "2018-04-17",\n                    2.169\n                ],\n                [\n                    "2018-04-18",\n                    2.148\n                ],\n                [\n                    "2018-04-19",\n                    2.21\n                ],\n                [\n                    "2018-04-20",\n                    2.193\n                ],\n                [\n                    "2018-04-23",\n                    2.197\n                ],\n                [\n                    "2018-04-24",\n                    2.254\n                ],\n                [\n                    "2018-04-25",\n                    2.263\n                ],\n                [\n                    "2018-04-26",\n                    2.199\n                ],\n                [\n                    "2018-04-27",\n                    2.176\n                ],\n                [\n                    "2018-05-02",\n                    2.203\n                ],\n                [\n                    "2018-05-03",\n                    2.236\n                ],\n                [\n                    "2018-05-04",\n                    2.234\n                ],\n                [\n                    "2018-05-07",\n                    2.299\n                ],\n                [\n                    "2018-05-08",\n                    2.321\n                ],\n                [\n                    "2018-05-09",\n                    2.321\n                ],\n                [\n                    "2018-05-10",\n                    2.346\n                ],\n                [\n                    "2018-05-11",\n                    2.326\n                ],\n                [\n                    "2018-05-14",\n                    2.377\n                ],\n                [\n                    "2018-05-15",\n                    2.384\n                ],\n                [\n                    "2018-05-16",\n                    2.381\n                ],\n                [\n                    "2018-05-17",\n                    2.338\n                ],\n                [\n                    "2018-05-18",\n                    2.359\n                ],\n                [\n                    "2018-05-21",\n                    2.353\n                ],\n                [\n                    "2018-05-22",\n                    2.357\n                ],\n                [\n                    "2018-05-23",\n                    2.318\n                ],\n                [\n                    "2018-05-24",\n                    2.298\n                ],\n                [\n                    "2018-05-25",\n                    2.309\n                ],\n                [\n                    "2018-05-28",\n                    2.377\n                ],\n                [\n                    "2018-05-29",\n                    2.354\n                ],\n                [\n                    "2018-05-30",\n                    2.363\n                ],\n                [\n                    "2018-05-31",\n                    2.439\n                ],\n                [\n                    "2018-06-01",\n                    2.409\n                ],\n                [\n                    "2018-06-04",\n                    2.473\n                ],\n                [\n                    "2018-06-05",\n                    2.5\n                ],\n                [\n                    "2018-06-06",\n                    2.494\n                ],\n                [\n                    "2018-06-07",\n                    2.474\n                ],\n                [\n                    "2018-06-08",\n                    2.467\n                ],\n                [\n                    "2018-06-11",\n                    2.475\n                ],\n                [\n                    "2018-06-12",\n                    2.555\n                ],\n                [\n                    "2018-06-13",\n                    2.535\n                ],\n                [\n                    "2018-06-14",\n                    2.498\n                ],\n                [\n                    "2018-06-15",\n                    2.491\n                ],\n                [\n                    "2018-06-19",\n                    2.405\n                ],\n                [\n                    "2018-06-20",\n                    2.457\n                ],\n                [\n                    "2018-06-21",\n                    2.442\n                ],\n                [\n                    "2018-06-22",\n                    2.441\n                ],\n                [\n                    "2018-06-25",\n                    2.443\n                ],\n                [\n                    "2018-06-26",\n                    2.416\n                ],\n                [\n                    "2018-06-27",\n                    2.339\n                ],\n                [\n                    "2018-06-28",\n                    2.284\n                ],\n                [\n                    "2018-06-29",\n                    2.352\n                ],\n                [\n                    "2018-06-30",\n                    2.352\n                ],\n                [\n                    "2018-07-02",\n                    2.294\n                ],\n                [\n                    "2018-07-03",\n                    2.248\n                ],\n                [\n                    "2018-07-04",\n                    2.215\n                ],\n                [\n                    "2018-07-05",\n                    2.206\n                ],\n                [\n                    "2018-07-06",\n                    2.223\n                ],\n                [\n                    "2018-07-09",\n                    2.295\n                ],\n                [\n                    "2018-07-10",\n                    2.293\n                ],\n                [\n                    "2018-07-11",\n                    2.264\n                ],\n                [\n                    "2018-07-12",\n                    2.314\n                ],\n                [\n                    "2018-07-13",\n                    2.358\n                ],\n                [\n                    "2018-07-16",\n                    2.356\n                ],\n                [\n                    "2018-07-17",\n                    2.322\n                ],\n                [\n                    "2018-07-18",\n                    2.298\n                ],\n                [\n                    "2018-07-19",\n                    2.291\n                ],\n                [\n                    "2018-07-20",\n                    2.293\n                ],\n                [\n                    "2018-07-23",\n                    2.277\n                ],\n                [\n                    "2018-07-24",\n                    2.34\n                ],\n                [\n                    "2018-07-25",\n                    2.328\n                ],\n                [\n                    "2018-07-26",\n                    2.302\n                ],\n                [\n                    "2018-07-27",\n                    2.296\n                ],\n                [\n                    "2018-07-30",\n                    2.271\n                ],\n                [\n                    "2018-07-31",\n                    2.287\n                ],\n                [\n                    "2018-08-01",\n                    2.234\n                ],\n                [\n                    "2018-08-02",\n                    2.164\n                ],\n                [\n                    "2018-08-03",\n                    2.102\n                ],\n                [\n                    "2018-08-06",\n                    2.074\n                ],\n                [\n                    "2018-08-07",\n                    2.125\n                ],\n                [\n                    "2018-08-08",\n                    2.063\n                ],\n                [\n                    "2018-08-09",\n                    2.121\n                ],\n                [\n                    "2018-08-10",\n                    2.134\n                ],\n                [\n                    "2018-08-13",\n                    2.117\n                ],\n                [\n                    "2018-08-14",\n                    2.107\n                ],\n                [\n                    "2018-08-15",\n                    2.049\n                ],\n                [\n                    "2018-08-16",\n                    2.013\n                ],\n                [\n                    "2018-08-17",\n                    1.979\n                ],\n                [\n                    "2018-08-20",\n                    1.993\n                ],\n                [\n                    "2018-08-21",\n                    2.057\n                ],\n                [\n                    "2018-08-22",\n                    2.035\n                ],\n                [\n                    "2018-08-23",\n                    2.037\n                ],\n                [\n                    "2018-08-24",\n                    2.024\n                ],\n                [\n                    "2018-08-27",\n                    2.097\n                ],\n                [\n                    "2018-08-28",\n                    2.087\n                ],\n                [\n                    "2018-08-29",\n                    2.072\n                ],\n                [\n                    "2018-08-30",\n                    2.059\n                ],\n                [\n                    "2018-08-31",\n                    2.015\n                ],\n                [\n                    "2018-09-03",\n                    2.011\n                ],\n                [\n                    "2018-09-04",\n                    2.024\n                ],\n                [\n                    "2018-09-05",\n                    1.975\n                ],\n                [\n                    "2018-09-06",\n                    1.945\n                ],\n                [\n                    "2018-09-07",\n                    1.968\n                ],\n                [\n                    "2018-09-10",\n                    1.954\n                ],\n                [\n                    "2018-09-11",\n                    1.956\n                ],\n                [\n                    "2018-09-12",\n                    1.924\n                ],\n                [\n                    "2018-09-13",\n                    1.931\n                ],\n                [\n                    "2018-09-14",\n                    1.954\n                ],\n                [\n                    "2018-09-17",\n                    1.94\n                ],\n                [\n                    "2018-09-18",\n                    1.983\n                ],\n                [\n                    "2018-09-19",\n                    2.028\n                ],\n                [\n                    "2018-09-20",\n                    2.031\n                ],\n                [\n                    "2018-09-21",\n                    2.08\n                ],\n                [\n                    "2018-09-25",\n                    2.067\n                ],\n                [\n                    "2018-09-26",\n                    2.103\n                ],\n                [\n                    "2018-09-27",\n                    2.105\n                ],\n                [\n                    "2018-09-28",\n                    2.12\n                ],\n                [\n                    "2018-10-08",\n                    2.018\n                ],\n                [\n                    "2018-10-09",\n                    2.028\n                ],\n                [\n                    "2018-10-10",\n                    1.982\n                ],\n                [\n                    "2018-10-11",\n                    1.92\n                ],\n                [\n                    "2018-10-12",\n                    1.958\n                ],\n                [\n                    "2018-10-15",\n                    1.912\n                ],\n                [\n                    "2018-10-16",\n                    1.902\n                ],\n                [\n                    "2018-10-17",\n                    1.904\n                ],\n                [\n                    "2018-10-18",\n                    1.863\n                ],\n                [\n                    "2018-10-19",\n                    1.92\n                ],\n                [\n                    "2018-10-22",\n                    1.999\n                ],\n                [\n                    "2018-10-23",\n                    1.91\n                ],\n                [\n                    "2018-10-24",\n                    1.881\n                ],\n                [\n                    "2018-10-25",\n                    1.853\n                ],\n                [\n                    "2018-10-26",\n                    1.83\n                ],\n                [\n                    "2018-10-29",\n                    1.723\n                ],\n                [\n                    "2018-10-30",\n                    1.713\n                ],\n                [\n                    "2018-10-31",\n                    1.752\n                ],\n                [\n                    "2018-11-01",\n                    1.781\n                ],\n                [\n                    "2018-11-02",\n                    1.866\n                ],\n                [\n                    "2018-11-05",\n                    1.842\n                ],\n                [\n                    "2018-11-06",\n                    1.82\n                ],\n                [\n                    "2018-11-07",\n                    1.82\n                ],\n                [\n                    "2018-11-08",\n                    1.819\n                ],\n                [\n                    "2018-11-09",\n                    1.802\n                ],\n                [\n                    "2018-11-12",\n                    1.812\n                ],\n                [\n                    "2018-11-13",\n                    1.846\n                ],\n                [\n                    "2018-11-14",\n                    1.821\n                ],\n                [\n                    "2018-11-15",\n                    1.829\n                ],\n                [\n                    "2018-11-16",\n                    1.836\n                ],\n                [\n                    "2018-11-19",\n                    1.851\n                ],\n                [\n                    "2018-11-20",\n                    1.815\n                ],\n                [\n                    "2018-11-21",\n                    1.824\n                ],\n                [\n                    "2018-11-22",\n                    1.826\n                ],\n                [\n                    "2018-11-23",\n                    1.794\n                ],\n                [\n                    "2018-11-26",\n                    1.789\n                ],\n                [\n                    "2018-11-27",\n                    1.781\n                ],\n                [\n                    "2018-11-28",\n                    1.801\n                ],\n                [\n                    "2018-11-29",\n                    1.794\n                ],\n                [\n                    "2018-11-30",\n                    1.818\n                ],\n                [\n                    "2018-12-03",\n                    1.887\n                ],\n                [\n                    "2018-12-04",\n                    1.884\n                ],\n                [\n                    "2018-12-05",\n                    1.888\n                ],\n                [\n                    "2018-12-06",\n                    1.845\n                ],\n                [\n                    "2018-12-07",\n                    1.838\n                ],\n                [\n                    "2018-12-10",\n                    1.814\n                ],\n                [\n                    "2018-12-11",\n                    1.822\n                ],\n                [\n                    "2018-12-12",\n                    1.836\n                ],\n                [\n                    "2018-12-13",\n                    1.884\n                ],\n                [\n                    "2018-12-14",\n                    1.86\n                ],\n                [\n                    "2018-12-17",\n                    1.849\n                ],\n                [\n                    "2018-12-18",\n                    1.834\n                ],\n                [\n                    "2018-12-19",\n                    1.811\n                ],\n                [\n                    "2018-12-20",\n                    1.805\n                ],\n                [\n                    "2018-12-21",\n                    1.783\n                ],\n                [\n                    "2018-12-24",\n                    1.796\n                ],\n                [\n                    "2018-12-25",\n                    1.79\n                ],\n                [\n                    "2018-12-26",\n                    1.774\n                ],\n                [\n                    "2018-12-27",\n                    1.767\n                ],\n                [\n                    "2018-12-28",\n                    1.784\n                ],\n                [\n                    "2018-12-31",\n                    1.784\n                ],\n                [\n                    "2019-01-02",\n                    1.764\n                ],\n                [\n                    "2019-01-03",\n                    1.736\n                ],\n                [\n                    "2019-01-04",\n                    1.769\n                ],\n                [\n                    "2019-01-07",\n                    1.778\n                ],\n                [\n                    "2019-01-08",\n                    1.775\n                ],\n                [\n                    "2019-01-09",\n                    1.814\n                ],\n                [\n                    "2019-01-10",\n                    1.812\n                ],\n                [\n                    "2019-01-11",\n                    1.834\n                ],\n                [\n                    "2019-01-14",\n                    1.815\n                ],\n                [\n                    "2019-01-15",\n                    1.887\n                ],\n                [\n                    "2019-01-16",\n                    1.883\n                ],\n                [\n                    "2019-01-17",\n                    1.874\n                ],\n                [\n                    "2019-01-18",\n                    1.918\n                ],\n                [\n                    "2019-01-21",\n                    1.936\n                ],\n                [\n                    "2019-01-22",\n                    1.91\n                ],\n                [\n                    "2019-01-23",\n                    1.918\n                ],\n                [\n                    "2019-01-24",\n                    1.931\n                ],\n                [\n                    "2019-01-25",\n                    1.944\n                ],\n                [\n                    "2019-01-28",\n                    1.96\n                ],\n                [\n                    "2019-01-29",\n                    1.98\n                ],\n                [\n                    "2019-01-30",\n                    1.949\n                ],\n                [\n                    "2019-01-31",\n                    1.977\n                ],\n                [\n                    "2019-02-01",\n                    1.996\n                ],\n                [\n                    "2019-02-11",\n                    2.069\n                ],\n                [\n                    "2019-02-12",\n                    2.078\n                ],\n                [\n                    "2019-02-13",\n                    2.097\n                ],\n                [\n                    "2019-02-14",\n                    2.125\n                ],\n                [\n                    "2019-02-15",\n                    2.085\n                ],\n                [\n                    "2019-02-18",\n                    2.153\n                ],\n                [\n                    "2019-02-19",\n                    2.148\n                ],\n                [\n                    "2019-02-20",\n                    2.147\n                ],\n                [\n                    "2019-02-21",\n                    2.136\n                ],\n                [\n                    "2019-02-22",\n                    2.144\n                ],\n                [\n                    "2019-02-25",\n                    2.215\n                ],\n                [\n                    "2019-02-26",\n                    2.175\n                ],\n                [\n                    "2019-02-27",\n                    2.185\n                ],\n                [\n                    "2019-02-28",\n                    2.193\n                ],\n                [\n                    "2019-03-01",\n                    2.257\n                ],\n                [\n                    "2019-03-04",\n                    2.285\n                ],\n                [\n                    "2019-03-05",\n                    2.301\n                ],\n                [\n                    "2019-03-06",\n                    2.284\n                ],\n                [\n                    "2019-03-07",\n                    2.224\n                ],\n                [\n                    "2019-03-08",\n                    2.175\n                ],\n                [\n                    "2019-03-11",\n                    2.231\n                ],\n                [\n                    "2019-03-12",\n                    2.22\n                ],\n                [\n                    "2019-03-13",\n                    2.222\n                ],\n                [\n                    "2019-03-14",\n                    2.237\n                ],\n                [\n                    "2019-03-15",\n                    2.302\n                ],\n                [\n                    "2019-03-18",\n                    2.426\n                ],\n                [\n                    "2019-03-19",\n                    2.414\n                ],\n                [\n                    "2019-03-20",\n                    2.405\n                ],\n                [\n                    "2019-03-21",\n                    2.384\n                ],\n                [\n                    "2019-03-22",\n                    2.408\n                ],\n                [\n                    "2019-03-25",\n                    2.351\n                ],\n                [\n                    "2019-03-26",\n                    2.365\n                ],\n                [\n                    "2019-03-27",\n                    2.413\n                ],\n                [\n                    "2019-03-28",\n                    2.436\n                ],\n                [\n                    "2019-03-29",\n                    2.527\n                ],\n                [\n                    "2019-04-01",\n                    2.588\n                ],\n                [\n                    "2019-04-02",\n                    2.559\n                ],\n                [\n                    "2019-04-03",\n                    2.56\n                ],\n                [\n                    "2019-04-04",\n                    2.618\n                ],\n                [\n                    "2019-04-08",\n                    2.623\n                ],\n                [\n                    "2019-04-09",\n                    2.678\n                ],\n                [\n                    "2019-04-10",\n                    2.731\n                ],\n                [\n                    "2019-04-11",\n                    2.63\n                ],\n                [\n                    "2019-04-12",\n                    2.619\n                ],\n                [\n                    "2019-04-15",\n                    2.614\n                ],\n                [\n                    "2019-04-16",\n                    2.66\n                ],\n                [\n                    "2019-04-17",\n                    2.679\n                ],\n                [\n                    "2019-04-18",\n                    2.708\n                ],\n                [\n                    "2019-04-19",\n                    2.747\n                ],\n                [\n                    "2019-04-22",\n                    2.695\n                ],\n                [\n                    "2019-04-23",\n                    2.714\n                ],\n                [\n                    "2019-04-24",\n                    2.701\n                ],\n                [\n                    "2019-04-25",\n                    2.647\n                ],\n                [\n                    "2019-04-26",\n                    2.647\n                ],\n                [\n                    "2019-04-29",\n                    2.668\n                ],\n                [\n                    "2019-04-30",\n                    2.689\n                ],\n                [\n                    "2019-05-06",\n                    2.526\n                ],\n                [\n                    "2019-05-07",\n                    2.576\n                ],\n                [\n                    "2019-05-08",\n                    2.566\n                ],\n                [\n                    "2019-05-09",\n                    2.5\n                ],\n                [\n                    "2019-05-10",\n                    2.602\n                ],\n                [\n                    "2019-05-13",\n                    2.595\n                ],\n                [\n                    "2019-05-14",\n                    2.575\n                ],\n                [\n                    "2019-05-15",\n                    2.678\n                ],\n                [\n                    "2019-05-16",\n                    2.711\n                ],\n                [\n                    "2019-05-17",\n                    2.651\n                ],\n                [\n                    "2019-05-20",\n                    2.599\n                ],\n                [\n                    "2019-05-21",\n                    2.624\n                ],\n                [\n                    "2019-05-22",\n                    2.612\n                ],\n                [\n                    "2019-05-23",\n                    2.54\n                ],\n                [\n                    "2019-05-24",\n                    2.563\n                ],\n                [\n                    "2019-05-27",\n                    2.573\n                ],\n                [\n                    "2019-05-28",\n                    2.602\n                ],\n                [\n                    "2019-05-29",\n                    2.599\n                ],\n                [\n                    "2019-05-30",\n                    2.578\n                ],\n                [\n                    "2019-05-31",\n                    2.563\n                ],\n                [\n                    "2019-06-03",\n                    2.564\n                ],\n                [\n                    "2019-06-04",\n                    2.524\n                ],\n                [\n                    "2019-06-05",\n                    2.521\n                ],\n                [\n                    "2019-06-06",\n                    2.503\n                ],\n                [\n                    "2019-06-10",\n                    2.538\n                ],\n                [\n                    "2019-06-11",\n                    2.642\n                ],\n                [\n                    "2019-06-12",\n                    2.62\n                ],\n                [\n                    "2019-06-13",\n                    2.601\n                ],\n                [\n                    "2019-06-14",\n                    2.585\n                ],\n                [\n                    "2019-06-17",\n                    2.57\n                ],\n                [\n                    "2019-06-18",\n                    2.575\n                ],\n                [\n                    "2019-06-19",\n                    2.61\n                ],\n                [\n                    "2019-06-20",\n                    2.706\n                ],\n                [\n                    "2019-06-21",\n                    2.704\n                ],\n                [\n                    "2019-06-24",\n                    2.734\n                ],\n                [\n                    "2019-06-25",\n                    2.727\n                ],\n                [\n                    "2019-06-26",\n                    2.722\n                ],\n                [\n                    "2019-06-27",\n                    2.781\n                ],\n                [\n                    "2019-06-28",\n                    2.789\n                ],\n                [\n                    "2019-06-30",\n                    2.789\n                ],\n                [\n                    "2019-07-01",\n                    2.904\n                ],\n                [\n                    "2019-07-02",\n                    2.915\n                ],\n                [\n                    "2019-07-03",\n                    2.859\n                ],\n                [\n                    "2019-07-04",\n                    2.838\n                ],\n                [\n                    "2019-07-05",\n                    2.895\n                ],\n                [\n                    "2019-07-08",\n                    2.845\n                ],\n                [\n                    "2019-07-09",\n                    2.839\n                ],\n                [\n                    "2019-07-10",\n                    2.851\n                ],\n                [\n                    "2019-07-11",\n                    2.844\n                ],\n                [\n                    "2019-07-12",\n                    2.87\n                ],\n                [\n                    "2019-07-15",\n                    2.852\n                ],\n                [\n                    "2019-07-16",\n                    2.812\n                ],\n                [\n                    "2019-07-17",\n                    2.802\n                ],\n                [\n                    "2019-07-18",\n                    2.769\n                ],\n                [\n                    "2019-07-19",\n                    2.784\n                ],\n                [\n                    "2019-07-22",\n                    2.78\n                ],\n                [\n                    "2019-07-23",\n                    2.762\n                ],\n                [\n                    "2019-07-24",\n                    2.765\n                ],\n                [\n                    "2019-07-25",\n                    2.787\n                ],\n                [\n                    "2019-07-26",\n                    2.787\n                ],\n                [\n                    "2019-07-29",\n                    2.803\n                ],\n                [\n                    "2019-07-30",\n                    2.806\n                ],\n                [\n                    "2019-07-31",\n                    2.775\n                ],\n                [\n                    "2019-08-01",\n                    2.741\n                ],\n                [\n                    "2019-08-02",\n                    2.728\n                ],\n                [\n                    "2019-08-05",\n                    2.687\n                ],\n                [\n                    "2019-08-06",\n                    2.696\n                ],\n                [\n                    "2019-08-07",\n                    2.673\n                ],\n                [\n                    "2019-08-08",\n                    2.715\n                ],\n                [\n                    "2019-08-09",\n                    2.69\n                ],\n                [\n                    "2019-08-12",\n                    2.736\n                ],\n                [\n                    "2019-08-13",\n                    2.732\n                ],\n                [\n                    "2019-08-14",\n                    2.774\n                ],\n                [\n                    "2019-08-15",\n                    2.767\n                ],\n                [\n                    "2019-08-16",\n                    2.786\n                ],\n                [\n                    "2019-08-19",\n                    2.822\n                ],\n                [\n                    "2019-08-20",\n                    2.849\n                ],\n                [\n                    "2019-08-21",\n                    2.845\n                ],\n                [\n                    "2019-08-22",\n                    2.886\n                ],\n                [\n                    "2019-08-23",\n                    2.899\n                ],\n                [\n                    "2019-08-26",\n                    2.858\n                ],\n                [\n                    "2019-08-27",\n                    2.915\n                ],\n                [\n                    "2019-08-28",\n                    2.916\n                ],\n                [\n                    "2019-08-29",\n                    2.93\n                ],\n                [\n                    "2019-08-30",\n                    2.985\n                ],\n                [\n                    "2019-09-02",\n                    3.015\n                ],\n                [\n                    "2019-09-03",\n                    3.003\n                ],\n                [\n                    "2019-09-04",\n                    2.982\n                ],\n                [\n                    "2019-09-05",\n                    2.984\n                ],\n                [\n                    "2019-09-06",\n                    2.979\n                ],\n                [\n                    "2019-09-09",\n                    2.978\n                ],\n                [\n                    "2019-09-10",\n                    2.964\n                ],\n                [\n                    "2019-09-11",\n                    2.877\n                ],\n                [\n                    "2019-09-12",\n                    2.923\n                ],\n                [\n                    "2019-09-16",\n                    2.91\n                ],\n                [\n                    "2019-09-17",\n                    2.899\n                ],\n                [\n                    "2019-09-18",\n                    2.954\n                ],\n                [\n                    "2019-09-19",\n                    2.953\n                ],\n                [\n                    "2019-09-20",\n                    2.955\n                ],\n                [\n                    "2019-09-23",\n                    2.926\n                ],\n                [\n                    "2019-09-24",\n                    2.964\n                ],\n                [\n                    "2019-09-25",\n                    2.945\n                ],\n                [\n                    "2019-09-26",\n                    2.917\n                ],\n                [\n                    "2019-09-27",\n                    2.913\n                ],\n                [\n                    "2019-09-30",\n                    2.886\n                ],\n                [\n                    "2019-10-08",\n                    2.917\n                ],\n                [\n                    "2019-10-09",\n                    2.895\n                ],\n                [\n                    "2019-10-10",\n                    2.903\n                ],\n                [\n                    "2019-10-11",\n                    2.925\n                ],\n                [\n                    "2019-10-14",\n                    2.933\n                ],\n                [\n                    "2019-10-15",\n                    2.967\n                ],\n                [\n                    "2019-10-16",\n                    2.938\n                ],\n                [\n                    "2019-10-17",\n                    2.926\n                ],\n                [\n                    "2019-10-18",\n                    2.892\n                ],\n                [\n                    "2019-10-21",\n                    2.908\n                ],\n                [\n                    "2019-10-22",\n                    2.914\n                ],\n                [\n                    "2019-10-23",\n                    2.877\n                ],\n                [\n                    "2019-10-24",\n                    2.835\n                ],\n                [\n                    "2019-10-25",\n                    2.863\n                ],\n                [\n                    "2019-10-28",\n                    2.898\n                ],\n                [\n                    "2019-10-29",\n                    2.922\n                ],\n                [\n                    "2019-10-30",\n                    2.896\n                ],\n                [\n                    "2019-10-31",\n                    2.921\n                ],\n                [\n                    "2019-11-01",\n                    2.991\n                ],\n                [\n                    "2019-11-04",\n                    3.007\n                ],\n                [\n                    "2019-11-05",\n                    3.012\n                ],\n                [\n                    "2019-11-06",\n                    2.987\n                ],\n                [\n                    "2019-11-07",\n                    2.993\n                ],\n                [\n                    "2019-11-08",\n                    2.994\n                ],\n                [\n                    "2019-11-11",\n                    2.949\n                ],\n                [\n                    "2019-11-12",\n                    2.942\n                ],\n                [\n                    "2019-11-13",\n                    2.967\n                ],\n                [\n                    "2019-11-14",\n                    2.992\n                ],\n                [\n                    "2019-11-15",\n                    2.987\n                ],\n                [\n                    "2019-11-18",\n                    2.982\n                ],\n                [\n                    "2019-11-19",\n                    3.012\n                ],\n                [\n                    "2019-11-20",\n                    3.01\n                ],\n                [\n                    "2019-11-21",\n                    2.993\n                ],\n                [\n                    "2019-11-22",\n                    2.938\n                ],\n                [\n                    "2019-11-25",\n                    2.935\n                ],\n                [\n                    "2019-11-26",\n                    2.961\n                ],\n                [\n                    "2019-11-27",\n                    2.942\n                ],\n                [\n                    "2019-11-28",\n                    2.934\n                ],\n                [\n                    "2019-11-29",\n                    2.873\n                ],\n                [\n                    "2019-12-02",\n                    2.873\n                ],\n                [\n                    "2019-12-03",\n                    2.886\n                ],\n                [\n                    "2019-12-04",\n                    2.905\n                ],\n                [\n                    "2019-12-05",\n                    2.906\n                ],\n                [\n                    "2019-12-06",\n                    2.958\n                ],\n                [\n                    "2019-12-09",\n                    2.944\n                ],\n                [\n                    "2019-12-10",\n                    2.947\n                ],\n                [\n                    "2019-12-11",\n                    2.923\n                ],\n                [\n                    "2019-12-12",\n                    2.908\n                ],\n                [\n                    "2019-12-13",\n                    2.957\n                ],\n                [\n                    "2019-12-16",\n                    2.941\n                ],\n                [\n                    "2019-12-17",\n                    2.964\n                ],\n                [\n                    "2019-12-18",\n                    2.962\n                ],\n                [\n                    "2019-12-19",\n                    2.949\n                ],\n                [\n                    "2019-12-20",\n                    2.942\n                ],\n                [\n                    "2019-12-23",\n                    2.932\n                ],\n                [\n                    "2019-12-24",\n                    2.945\n                ],\n                [\n                    "2019-12-25",\n                    2.92\n                ],\n                [\n                    "2019-12-26",\n                    2.95\n                ],\n                [\n                    "2019-12-27",\n                    2.968\n                ],\n                [\n                    "2019-12-30",\n                    3.048\n                ],\n                [\n                    "2019-12-31",\n                    3.057\n                ],\n                [\n                    "2020-01-02",\n                    3.058\n                ],\n                [\n                    "2020-01-03",\n                    3.014\n                ],\n                [\n                    "2020-01-06",\n                    2.993\n                ],\n                [\n                    "2020-01-07",\n                    3.023\n                ],\n                [\n                    "2020-01-08",\n                    3.031\n                ],\n                [\n                    "2020-01-09",\n                    3.087\n                ],\n                [\n                    "2020-01-10",\n                    3.136\n                ],\n                [\n                    "2020-01-13",\n                    3.146\n                ],\n                [\n                    "2020-01-14",\n                    3.112\n                ],\n                [\n                    "2020-01-15",\n                    3.127\n                ],\n                [\n                    "2020-01-16",\n                    3.133\n                ],\n                [\n                    "2020-01-17",\n                    3.149\n                ],\n                [\n                    "2020-01-20",\n                    3.134\n                ],\n                [\n                    "2020-01-21",\n                    3.071\n                ],\n                [\n                    "2020-01-22",\n                    3.072\n                ],\n                [\n                    "2020-01-23",\n                    2.969\n                ],\n                [\n                    "2020-02-03",\n                    2.731\n                ],\n                [\n                    "2020-02-04",\n                    2.768\n                ],\n                [\n                    "2020-02-05",\n                    2.798\n                ],\n                [\n                    "2020-02-06",\n                    2.832\n                ],\n                [\n                    "2020-02-07",\n                    2.838\n                ],\n                [\n                    "2020-02-10",\n                    2.848\n                ],\n                [\n                    "2020-02-11",\n                    2.911\n                ],\n                [\n                    "2020-02-12",\n                    2.915\n                ],\n                [\n                    "2020-02-13",\n                    2.889\n                ],\n                [\n                    "2020-02-14",\n                    2.884\n                ],\n                [\n                    "2020-02-17",\n                    2.909\n                ],\n                [\n                    "2020-02-18",\n                    2.894\n                ],\n                [\n                    "2020-02-19",\n                    2.925\n                ],\n                [\n                    "2020-02-20",\n                    3.018\n                ],\n                [\n                    "2020-02-21",\n                    3.009\n                ],\n                [\n                    "2020-02-24",\n                    2.971\n                ],\n                [\n                    "2020-02-25",\n                    2.957\n                ],\n                [\n                    "2020-02-26",\n                    2.925\n                ],\n                [\n                    "2020-02-27",\n                    2.964\n                ],\n                [\n                    "2020-02-28",\n                    2.862\n                ],\n                [\n                    "2020-03-02",\n                    2.931\n                ],\n                [\n                    "2020-03-03",\n                    2.951\n                ],\n                [\n                    "2020-03-04",\n                    2.97\n                ],\n                [\n                    "2020-03-05",\n                    3.115\n                ],\n                [\n                    "2020-03-06",\n                    3.048\n                ],\n                [\n                    "2020-03-09",\n                    2.943\n                ],\n                [\n                    "2020-03-10",\n                    3.023\n                ],\n                [\n                    "2020-03-11",\n                    3.005\n                ],\n                [\n                    "2020-03-12",\n                    2.938\n                ],\n                [\n                    "2020-03-13",\n                    2.889\n                ],\n                [\n                    "2020-03-16",\n                    2.789\n                ],\n                [\n                    "2020-03-17",\n                    2.737\n                ],\n                [\n                    "2020-03-18",\n                    2.688\n                ],\n                [\n                    "2020-03-19",\n                    2.607\n                ],\n                [\n                    "2020-03-20",\n                    2.67\n                ],\n                [\n                    "2020-03-23",\n                    2.586\n                ],\n                [\n                    "2020-03-24",\n                    2.677\n                ],\n                [\n                    "2020-03-25",\n                    2.755\n                ],\n                [\n                    "2020-03-26",\n                    2.757\n                ],\n                [\n                    "2020-03-27",\n                    2.79\n                ],\n                [\n                    "2020-03-30",\n                    2.751\n                ],\n                [\n                    "2020-03-31",\n                    2.794\n                ],\n                [\n                    "2020-04-01",\n                    2.781\n                ],\n                [\n                    "2020-04-02",\n                    2.807\n                ],\n                [\n                    "2020-04-03",\n                    2.798\n                ],\n                [\n                    "2020-04-07",\n                    2.851\n                ],\n                [\n                    "2020-04-08",\n                    2.839\n                ],\n                [\n                    "2020-04-09",\n                    2.858\n                ],\n                [\n                    "2020-04-10",\n                    2.882\n                ],\n                [\n                    "2020-04-13",\n                    2.895\n                ],\n                [\n                    "2020-04-14",\n                    2.93\n                ],\n                [\n                    "2020-04-15",\n                    2.921\n                ],\n                [\n                    "2020-04-16",\n                    2.905\n                ],\n                [\n                    "2020-04-17",\n                    2.929\n                ],\n                [\n                    "2020-04-20",\n                    2.942\n                ],\n                [\n                    "2020-04-21",\n                    2.893\n                ],\n                [\n                    "2020-04-22",\n                    2.953\n                ],\n                [\n                    "2020-04-23",\n                    2.975\n                ],\n                [\n                    "2020-04-24",\n                    2.984\n                ],\n                [\n                    "2020-04-27",\n                    2.963\n                ],\n                [\n                    "2020-04-28",\n                    3.028\n                ],\n                [\n                    "2020-04-29",\n                    2.975\n                ],\n                [\n                    "2020-04-30",\n                    2.997\n                ],\n                [\n                    "2020-05-06",\n                    3.002\n                ],\n                [\n                    "2020-05-07",\n                    3.024\n                ],\n                [\n                    "2020-05-08",\n                    3.072\n                ],\n                [\n                    "2020-05-11",\n                    3.091\n                ],\n                [\n                    "2020-05-12",\n                    3.12\n                ],\n                [\n                    "2020-05-13",\n                    3.158\n                ],\n                [\n                    "2020-05-14",\n                    3.149\n                ],\n                [\n                    "2020-05-15",\n                    3.116\n                ],\n                [\n                    "2020-05-18",\n                    3.169\n                ],\n                [\n                    "2020-05-19",\n                    3.185\n                ],\n                [\n                    "2020-05-20",\n                    3.171\n                ],\n                [\n                    "2020-05-21",\n                    3.192\n                ],\n                [\n                    "2020-05-22",\n                    3.109\n                ],\n                [\n                    "2020-05-25",\n                    3.145\n                ],\n                [\n                    "2020-05-26",\n                    3.177\n                ],\n                [\n                    "2020-05-27",\n                    3.157\n                ],\n                [\n                    "2020-05-28",\n                    3.167\n                ],\n                [\n                    "2020-05-29",\n                    3.202\n                ],\n                [\n                    "2020-06-01",\n                    3.274\n                ],\n                [\n                    "2020-06-02",\n                    3.246\n                ],\n                [\n                    "2020-06-03",\n                    3.234\n                ],\n                [\n                    "2020-06-04",\n                    3.281\n                ],\n                [\n                    "2020-06-05",\n                    3.314\n                ],\n                [\n                    "2020-06-08",\n                    3.334\n                ],\n                [\n                    "2020-06-09",\n                    3.349\n                ],\n                [\n                    "2020-06-10",\n                    3.348\n                ],\n                [\n                    "2020-06-11",\n                    3.3\n                ],\n                [\n                    "2020-06-12",\n                    3.302\n                ],\n                [\n                    "2020-06-15",\n                    3.227\n                ],\n                [\n                    "2020-06-16",\n                    3.267\n                ],\n                [\n                    "2020-06-17",\n                    3.249\n                ],\n                [\n                    "2020-06-18",\n                    3.26\n                ],\n                [\n                    "2020-06-19",\n                    3.339\n                ],\n                [\n                    "2020-06-22",\n                    3.308\n                ],\n                [\n                    "2020-06-23",\n                    3.359\n                ],\n                [\n                    "2020-06-24",\n                    3.367\n                ],\n                [\n                    "2020-06-29",\n                    3.361\n                ],\n                [\n                    "2020-06-30",\n                    3.394\n                ],\n                [\n                    "2020-07-01",\n                    3.526\n                ],\n                [\n                    "2020-07-02",\n                    3.606\n                ],\n                [\n                    "2020-07-03",\n                    3.58\n                ],\n                [\n                    "2020-07-06",\n                    3.653\n                ],\n                [\n                    "2020-07-07",\n                    3.722\n                ],\n                [\n                    "2020-07-08",\n                    3.715\n                ],\n                [\n                    "2020-07-09",\n                    3.756\n                ],\n                [\n                    "2020-07-10",\n                    3.792\n                ],\n                [\n                    "2020-07-13",\n                    3.946\n                ],\n                [\n                    "2020-07-14",\n                    3.938\n                ],\n                [\n                    "2020-07-15",\n                    4.024\n                ],\n                [\n                    "2020-07-16",\n                    3.741\n                ],\n                [\n                    "2020-07-17",\n                    3.797\n                ],\n                [\n                    "2020-07-20",\n                    3.803\n                ],\n                [\n                    "2020-07-21",\n                    3.865\n                ],\n                [\n                    "2020-07-22",\n                    3.907\n                ],\n                [\n                    "2020-07-23",\n                    3.939\n                ],\n                [\n                    "2020-07-24",\n                    3.765\n                ],\n                [\n                    "2020-07-27",\n                    3.782\n                ],\n                [\n                    "2020-07-28",\n                    3.873\n                ],\n                [\n                    "2020-07-29",\n                    3.95\n                ],\n                [\n                    "2020-07-30",\n                    3.978\n                ],\n                [\n                    "2020-07-31",\n                    3.985\n                ],\n                [\n                    "2020-08-03",\n                    3.997\n                ],\n                [\n                    "2020-08-04",\n                    3.982\n                ],\n                [\n                    "2020-08-05",\n                    3.994\n                ],\n                [\n                    "2020-08-06",\n                    3.918\n                ],\n                [\n                    "2020-08-07",\n                    3.878\n                ],\n                [\n                    "2020-08-10",\n                    3.895\n                ],\n                [\n                    "2020-08-11",\n                    3.9\n                ],\n                [\n                    "2020-08-12",\n                    3.848\n                ],\n                [\n                    "2020-08-13",\n                    3.87\n                ],\n                [\n                    "2020-08-14",\n                    3.975\n                ],\n                [\n                    "2020-08-17",\n                    4.039\n                ],\n                [\n                    "2020-08-18",\n                    4.071\n                ],\n                [\n                    "2020-08-19",\n                    4.05\n                ],\n                [\n                    "2020-08-20",\n                    3.967\n                ],\n                [\n                    "2020-08-21",\n                    4.029\n                ],\n                [\n                    "2020-08-24",\n                    4.101\n                ],\n                [\n                    "2020-08-25",\n                    4.193\n                ],\n                [\n                    "2020-08-26",\n                    4.185\n                ],\n                [\n                    "2020-08-27",\n                    4.249\n                ],\n                [\n                    "2020-08-28",\n                    4.383\n                ],\n                [\n                    "2020-08-31",\n                    4.356\n                ],\n                [\n                    "2020-09-01",\n                    4.335\n                ],\n                [\n                    "2020-09-02",\n                    4.313\n                ],\n                [\n                    "2020-09-03",\n                    4.345\n                ],\n                [\n                    "2020-09-04",\n                    4.261\n                ],\n                [\n                    "2020-09-07",\n                    4.185\n                ],\n                [\n                    "2020-09-08",\n                    4.123\n                ],\n                [\n                    "2020-09-09",\n                    4.047\n                ],\n                [\n                    "2020-09-10",\n                    4.11\n                ],\n                [\n                    "2020-09-11",\n                    4.194\n                ],\n                [\n                    "2020-09-14",\n                    4.237\n                ],\n                [\n                    "2020-09-15",\n                    4.247\n                ],\n                [\n                    "2020-09-16",\n                    4.194\n                ],\n                [\n                    "2020-09-17",\n                    4.135\n                ],\n                [\n                    "2020-09-18",\n                    4.167\n                ],\n                [\n                    "2020-09-21",\n                    4.12\n                ],\n                [\n                    "2020-09-22",\n                    4.088\n                ],\n                [\n                    "2020-09-23",\n                    4.097\n                ],\n                [\n                    "2020-09-24",\n                    4.042\n                ],\n                [\n                    "2020-09-25",\n                    4.043\n                ],\n                [\n                    "2020-09-28",\n                    4.056\n                ],\n                [\n                    "2020-09-29",\n                    4.056\n                ],\n                [\n                    "2020-09-30",\n                    4.083\n                ],\n                [\n                    "2020-10-09",\n                    4.123\n                ],\n                [\n                    "2020-10-12",\n                    4.253\n                ],\n                [\n                    "2020-10-13",\n                    4.287\n                ],\n                [\n                    "2020-10-14",\n                    4.261\n                ],\n                [\n                    "2020-10-15",\n                    4.247\n                ],\n                [\n                    "2020-10-16",\n                    4.183\n                ],\n                [\n                    "2020-10-19",\n                    4.139\n                ],\n                [\n                    "2020-10-20",\n                    4.224\n                ],\n                [\n                    "2020-10-21",\n                    4.232\n                ],\n                [\n                    "2020-10-22",\n                    4.25\n                ],\n                [\n                    "2020-10-23",\n                    4.179\n                ],\n                [\n                    "2020-10-26",\n                    4.139\n                ],\n                [\n                    "2020-10-27",\n                    4.142\n                ],\n                [\n                    "2020-10-28",\n                    4.271\n                ],\n                [\n                    "2020-10-29",\n                    4.397\n                ],\n                [\n                    "2020-10-30",\n                    4.255\n                ],\n                [\n                    "2020-11-02",\n                    4.311\n                ],\n                [\n                    "2020-11-03",\n                    4.325\n                ],\n                [\n                    "2020-11-04",\n                    4.382\n                ],\n                [\n                    "2020-11-05",\n                    4.461\n                ],\n                [\n                    "2020-11-06",\n                    4.487\n                ],\n                [\n                    "2020-11-09",\n                    4.532\n                ],\n                [\n                    "2020-11-10",\n                    4.567\n                ],\n                [\n                    "2020-11-11",\n                    4.547\n                ],\n                [\n                    "2020-11-12",\n                    4.625\n                ],\n                [\n                    "2020-11-13",\n                    4.537\n                ],\n                [\n                    "2020-11-16",\n                    4.64\n                ],\n                [\n                    "2020-11-17",\n                    4.604\n                ],\n                [\n                    "2020-11-18",\n                    4.537\n                ],\n                [\n                    "2020-11-19",\n                    4.607\n                ],\n                [\n                    "2020-11-20",\n                    4.654\n                ],\n                [\n                    "2020-11-23",\n                    4.695\n                ],\n                [\n                    "2020-11-24",\n                    4.679\n                ],\n                [\n                    "2020-11-25",\n                    4.563\n                ],\n                [\n                    "2020-11-26",\n                    4.57\n                ],\n                [\n                    "2020-11-27",\n                    4.604\n                ],\n                [\n                    "2020-11-30",\n                    4.515\n                ],\n                [\n                    "2020-12-01",\n                    4.557\n                ],\n                [\n                    "2020-12-02",\n                    4.569\n                ],\n                [\n                    "2020-12-03",\n                    4.604\n                ],\n                [\n                    "2020-12-04",\n                    4.67\n                ],\n                [\n                    "2020-12-07",\n                    4.685\n                ],\n                [\n                    "2020-12-08",\n                    4.699\n                ],\n                [\n                    "2020-12-09",\n                    4.664\n                ],\n                [\n                    "2020-12-10",\n                    4.689\n                ],\n                [\n                    "2020-12-11",\n                    4.711\n                ],\n                [\n                    "2020-12-14",\n                    4.826\n                ],\n                [\n                    "2020-12-15",\n                    4.818\n                ],\n                [\n                    "2020-12-16",\n                    4.877\n                ],\n                [\n                    "2020-12-17",\n                    4.964\n                ],\n                [\n                    "2020-12-18",\n                    4.954\n                ],\n                [\n                    "2020-12-21",\n                    4.984\n                ],\n                [\n                    "2020-12-22",\n                    5.013\n                ],\n                [\n                    "2020-12-23",\n                    5.024\n                ],\n                [\n                    "2020-12-24",\n                    4.989\n                ],\n                [\n                    "2020-12-25",\n                    4.999\n                ],\n                [\n                    "2020-12-28",\n                    5.152\n                ],\n                [\n                    "2020-12-29",\n                    5.112\n                ],\n                [\n                    "2020-12-30",\n                    5.191\n                ],\n                [\n                    "2020-12-31",\n                    5.274\n                ],\n                [\n                    "2021-01-04",\n                    5.395\n                ],\n                [\n                    "2021-01-05",\n                    5.571\n                ],\n                [\n                    "2021-01-06",\n                    5.588\n                ],\n                [\n                    "2021-01-07",\n                    5.687\n                ],\n                [\n                    "2021-01-08",\n                    5.554\n                ],\n                [\n                    "2021-01-11",\n                    5.438\n                ],\n                [\n                    "2021-01-12",\n                    5.562\n                ],\n                [\n                    "2021-01-13",\n                    5.504\n                ],\n                [\n                    "2021-01-14",\n                    5.356\n                ],\n                [\n                    "2021-01-15",\n                    5.253\n                ],\n                [\n                    "2021-01-18",\n                    5.241\n                ],\n                [\n                    "2021-01-19",\n                    5.148\n                ],\n                [\n                    "2021-01-20",\n                    5.205\n                ],\n                [\n                    "2021-01-21",\n                    5.331\n                ],\n                [\n                    "2021-01-22",\n                    5.343\n                ],\n                [\n                    "2021-01-25",\n                    5.554\n                ],\n                [\n                    "2021-01-26",\n                    5.441\n                ],\n                [\n                    "2021-01-27",\n                    5.401\n                ],\n                [\n                    "2021-01-28",\n                    5.309\n                ],\n                [\n                    "2021-01-29",\n                    5.349\n                ],\n                [\n                    "2021-02-01",\n                    5.404\n                ],\n                [\n                    "2021-02-02",\n                    5.602\n                ],\n                [\n                    "2021-02-03",\n                    5.658\n                ],\n                [\n                    "2021-02-04",\n                    5.642\n                ],\n                [\n                    "2021-02-05",\n                    5.706\n                ],\n                [\n                    "2021-02-08",\n                    5.754\n                ],\n                [\n                    "2021-02-09",\n                    5.872\n                ],\n                [\n                    "2021-02-10",\n                    6.129\n                ],\n                [\n                    "2021-02-18",\n                    5.925\n                ],\n                [\n                    "2021-02-19",\n                    5.906\n                ],\n                [\n                    "2021-02-22",\n                    5.524\n                ],\n                [\n                    "2021-02-23",\n                    5.511\n                ],\n                [\n                    "2021-02-24",\n                    5.302\n                ],\n                [\n                    "2021-02-25",\n                    5.259\n                ],\n                [\n                    "2021-02-26",\n                    5.099\n                ],\n                [\n                    "2021-03-01",\n                    5.162\n                ],\n                [\n                    "2021-03-02",\n                    5.077\n                ],\n                [\n                    "2021-03-03",\n                    5.158\n                ],\n                [\n                    "2021-03-04",\n                    4.953\n                ],\n                [\n                    "2021-03-05",\n                    4.956\n                ],\n                [\n                    "2021-03-08",\n                    4.665\n                ],\n                [\n                    "2021-03-09",\n                    4.544\n                ],\n                [\n                    "2021-03-10",\n                    4.676\n                ],\n                [\n                    "2021-03-11",\n                    4.812\n                ],\n                [\n                    "2021-03-12",\n                    4.834\n                ],\n                [\n                    "2021-03-15",\n                    4.636\n                ],\n                [\n                    "2021-03-16",\n                    4.692\n                ],\n                [\n                    "2021-03-17",\n                    4.808\n                ],\n                [\n                    "2021-03-18",\n                    4.923\n                ],\n                [\n                    "2021-03-19",\n                    4.794\n                ],\n                [\n                    "2021-03-22",\n                    4.807\n                ],\n                [\n                    "2021-03-23",\n                    4.79\n                ],\n                [\n                    "2021-03-24",\n                    4.757\n                ],\n                [\n                    "2021-03-25",\n                    4.727\n                ],\n                [\n                    "2021-03-26",\n                    4.847\n                ],\n                [\n                    "2021-03-29",\n                    4.913\n                ],\n                [\n                    "2021-03-30",\n                    4.962\n                ],\n                [\n                    "2021-03-31",\n                    4.903\n                ],\n                [\n                    "2021-04-01",\n                    5.035\n                ],\n                [\n                    "2021-04-02",\n                    5.2\n                ],\n                [\n                    "2021-04-06",\n                    5.142\n                ],\n                [\n                    "2021-04-07",\n                    4.989\n                ],\n                [\n                    "2021-04-08",\n                    5.044\n                ],\n                [\n                    "2021-04-09",\n                    4.928\n                ],\n                [\n                    "2021-04-12",\n                    4.878\n                ],\n                [\n                    "2021-04-13",\n                    4.874\n                ],\n                [\n                    "2021-04-14",\n                    4.948\n                ],\n                [\n                    "2021-04-15",\n                    4.931\n                ],\n                [\n                    "2021-04-16",\n                    4.97\n                ],\n                [\n                    "2021-04-19",\n                    5.079\n                ],\n                [\n                    "2021-04-20",\n                    5.121\n                ],\n                [\n                    "2021-04-21",\n                    5.182\n                ],\n                [\n                    "2021-04-22",\n                    5.168\n                ],\n                [\n                    "2021-04-23",\n                    5.237\n                ],\n                [\n                    "2021-04-26",\n                    5.171\n                ],\n                [\n                    "2021-04-27",\n                    5.221\n                ],\n                [\n                    "2021-04-28",\n                    5.306\n                ],\n                [\n                    "2021-04-29",\n                    5.334\n                ],\n                [\n                    "2021-04-30",\n                    5.253\n                ],\n                [\n                    "2021-05-06",\n                    5.066\n                ],\n                [\n                    "2021-05-07",\n                    5.003\n                ],\n                [\n                    "2021-05-10",\n                    4.939\n                ],\n                [\n                    "2021-05-11",\n                    5.031\n                ],\n                [\n                    "2021-05-12",\n                    5.092\n                ],\n                [\n                    "2021-05-13",\n                    5.063\n                ],\n                [\n                    "2021-05-14",\n                    5.154\n                ],\n                [\n                    "2021-05-17",\n                    5.269\n                ],\n                [\n                    "2021-05-18",\n                    5.258\n                ],\n                [\n                    "2021-05-19",\n                    5.248\n                ],\n                [\n                    "2021-05-20",\n                    5.304\n                ],\n                [\n                    "2021-05-21",\n                    5.264\n                ],\n                [\n                    "2021-05-24",\n                    5.312\n                ],\n                [\n                    "2021-05-25",\n                    5.461\n                ],\n                [\n                    "2021-05-26",\n                    5.414\n                ],\n                [\n                    "2021-05-27",\n                    5.422\n                ],\n                [\n                    "2021-05-28",\n                    5.398\n                ],\n                [\n                    "2021-05-31",\n                    5.386\n                ],\n                [\n                    "2021-06-01",\n                    5.395\n                ],\n                [\n                    "2021-06-02",\n                    5.377\n                ],\n                [\n                    "2021-06-03",\n                    5.409\n                ],\n                [\n                    "2021-06-04",\n                    5.475\n                ],\n                [\n                    "2021-06-07",\n                    5.499\n                ],\n                [\n                    "2021-06-08",\n                    5.3\n                ],\n                [\n                    "2021-06-09",\n                    5.31\n                ],\n                [\n                    "2021-06-10",\n                    5.346\n                ],\n                [\n                    "2021-06-11",\n                    5.255\n                ],\n                [\n                    "2021-06-15",\n                    5.242\n                ],\n                [\n                    "2021-06-16",\n                    5.161\n                ],\n                [\n                    "2021-06-17",\n                    5.194\n                ],\n                [\n                    "2021-06-18",\n                    5.144\n                ],\n                [\n                    "2021-06-21",\n                    5.101\n                ],\n                [\n                    "2021-06-22",\n                    5.119\n                ],\n                [\n                    "2021-06-23",\n                    5.053\n                ],\n                [\n                    "2021-06-24",\n                    5.062\n                ],\n                [\n                    "2021-06-25",\n                    5.121\n                ],\n                [\n                    "2021-06-28",\n                    5.187\n                ],\n                [\n                    "2021-06-29",\n                    5.113\n                ],\n                [\n                    "2021-06-30",\n                    5.152\n                ],\n                [\n                    "2021-07-01",\n                    5.165\n                ],\n                [\n                    "2021-07-02",\n                    4.991\n                ],\n                [\n                    "2021-07-05",\n                    4.975\n                ],\n                [\n                    "2021-07-06",\n                    4.953\n                ],\n                [\n                    "2021-07-07",\n                    5.007\n                ],\n                [\n                    "2021-07-08",\n                    4.922\n                ],\n                [\n                    "2021-07-09",\n                    4.834\n                ],\n                [\n                    "2021-07-12",\n                    4.9\n                ],\n                [\n                    "2021-07-13",\n                    4.985\n                ],\n                [\n                    "2021-07-14",\n                    4.957\n                ],\n                [\n                    "2021-07-15",\n                    5.03\n                ],\n                [\n                    "2021-07-16",\n                    4.943\n                ],\n                [\n                    "2021-07-19",\n                    4.965\n                ],\n                [\n                    "2021-07-20",\n                    4.967\n                ],\n                [\n                    "2021-07-21",\n                    4.955\n                ],\n                [\n                    "2021-07-22",\n                    4.881\n                ],\n                [\n                    "2021-07-23",\n                    4.775\n                ],\n                [\n                    "2021-07-26",\n                    4.537\n                ],\n                [\n                    "2021-07-27",\n                    4.371\n                ],\n                [\n                    "2021-07-28",\n                    4.409\n                ],\n                [\n                    "2021-07-29",\n                    4.415\n                ],\n                [\n                    "2021-07-30",\n                    4.268\n                ],\n                [\n                    "2021-08-02",\n                    4.421\n                ],\n                [\n                    "2021-08-03",\n                    4.488\n                ],\n                [\n                    "2021-08-04",\n                    4.462\n                ],\n                [\n                    "2021-08-05",\n                    4.421\n                ],\n                [\n                    "2021-08-06",\n                    4.404\n                ],\n                [\n                    "2021-08-09",\n                    4.53\n                ],\n                [\n                    "2021-08-10",\n                    4.676\n                ],\n                [\n                    "2021-08-11",\n                    4.614\n                ],\n                [\n                    "2021-08-12",\n                    4.542\n                ],\n                [\n                    "2021-08-13",\n                    4.562\n                ],\n                [\n                    "2021-08-16",\n                    4.613\n                ],\n                [\n                    "2021-08-17",\n                    4.441\n                ],\n                [\n                    "2021-08-18",\n                    4.449\n                ],\n                [\n                    "2021-08-19",\n                    4.4\n                ],\n                [\n                    "2021-08-20",\n                    4.237\n                ],\n                [\n                    "2021-08-23",\n                    4.281\n                ],\n                [\n                    "2021-08-24",\n                    4.349\n                ],\n                [\n                    "2021-08-25",\n                    4.393\n                ],\n                [\n                    "2021-08-26",\n                    4.282\n                ],\n                [\n                    "2021-08-27",\n                    4.264\n                ],\n                [\n                    "2021-08-30",\n                    4.288\n                ],\n                [\n                    "2021-08-31",\n                    4.262\n                ],\n                [\n                    "2021-09-01",\n                    4.367\n                ],\n                [\n                    "2021-09-02",\n                    4.294\n                ],\n                [\n                    "2021-09-03",\n                    4.344\n                ],\n                [\n                    "2021-09-06",\n                    4.435\n                ],\n                [\n                    "2021-09-07",\n                    4.442\n                ],\n                [\n                    "2021-09-08",\n                    4.385\n                ],\n                [\n                    "2021-09-09",\n                    4.364\n                ],\n                [\n                    "2021-09-10",\n                    4.411\n                ],\n                [\n                    "2021-09-13",\n                    4.354\n                ],\n                [\n                    "2021-09-14",\n                    4.33\n                ],\n                [\n                    "2021-09-15",\n                    4.238\n                ],\n                [\n                    "2021-09-16",\n                    4.24\n                ],\n                [\n                    "2021-09-17",\n                    4.325\n                ],\n                [\n                    "2021-09-22",\n                    4.198\n                ],\n                [\n                    "2021-09-23",\n                    4.236\n                ],\n                [\n                    "2021-09-24",\n                    4.333\n                ],\n                [\n                    "2021-09-27",\n                    4.544\n                ],\n                [\n                    "2021-09-28",\n                    4.526\n                ],\n                [\n                    "2021-09-29",\n                    4.51\n                ],\n                [\n                    "2021-09-30",\n                    4.554\n                ],\n                [\n                    "2021-10-08",\n                    4.651\n                ],\n                [\n                    "2021-10-11",\n                    4.646\n                ],\n                [\n                    "2021-10-12",\n                    4.642\n                ],\n                [\n                    "2021-10-13",\n                    4.76\n                ],\n                [\n                    "2021-10-14",\n                    4.729\n                ],\n                [\n                    "2021-10-15",\n                    4.718\n                ],\n                [\n                    "2021-10-18",\n                    4.555\n                ],\n                [\n                    "2021-10-19",\n                    4.655\n                ],\n                [\n                    "2021-10-20",\n                    4.629\n                ],\n                [\n                    "2021-10-21",\n                    4.635\n                ],\n                [\n                    "2021-10-22",\n                    4.697\n                ],\n                [\n                    "2021-10-25",\n                    4.664\n                ],\n                [\n                    "2021-10-26",\n                    4.644\n                ],\n                [\n                    "2021-10-27",\n                    4.549\n                ],\n                [\n                    "2021-10-28",\n                    4.549\n                ],\n                [\n                    "2021-10-29",\n                    4.594\n                ],\n                [\n                    "2021-11-01",\n                    4.551\n                ],\n                [\n                    "2021-11-02",\n                    4.528\n                ],\n                [\n                    "2021-11-03",\n                    4.495\n                ],\n                [\n                    "2021-11-04",\n                    4.62\n                ],\n                [\n                    "2021-11-05",\n                    4.618\n                ],\n                [\n                    "2021-11-08",\n                    4.604\n                ],\n                [\n                    "2021-11-09",\n                    4.552\n                ],\n                [\n                    "2021-11-10",\n                    4.483\n                ],\n                [\n                    "2021-11-11",\n                    4.512\n                ],\n                [\n                    "2021-11-12",\n                    4.505\n                ],\n                [\n                    "2021-11-15",\n                    4.507\n                ],\n                [\n                    "2021-11-16",\n                    4.62\n                ],\n                [\n                    "2021-11-17",\n                    4.598\n                ],\n                [\n                    "2021-11-18",\n                    4.586\n                ],\n                [\n                    "2021-11-19",\n                    4.608\n                ],\n                [\n                    "2021-11-22",\n                    4.63\n                ],\n                [\n                    "2021-11-23",\n                    4.63\n                ],\n                [\n                    "2021-11-24",\n                    4.676\n                ],\n                [\n                    "2021-11-25",\n                    4.655\n                ],\n                [\n                    "2021-11-26",\n                    4.613\n                ],\n                [\n                    "2021-11-29",\n                    4.608\n                ],\n                [\n                    "2021-11-30",\n                    4.551\n                ],\n                [\n                    "2021-12-01",\n                    4.543\n                ],\n                [\n                    "2021-12-02",\n                    4.576\n                ],\n                [\n                    "2021-12-03",\n                    4.676\n                ],\n                [\n                    "2021-12-06",\n                    4.672\n                ],\n                [\n                    "2021-12-07",\n                    4.672\n                ],\n                [\n                    "2021-12-08",\n                    4.773\n                ],\n                [\n                    "2021-12-09",\n                    4.867\n                ],\n                [\n                    "2021-12-10",\n                    4.844\n                ],\n                [\n                    "2021-12-13",\n                    4.847\n                ],\n                [\n                    "2021-12-14",\n                    4.848\n                ],\n                [\n                    "2021-12-15",\n                    4.793\n                ],\n                [\n                    "2021-12-16",\n                    4.753\n                ],\n                [\n                    "2021-12-17",\n                    4.653\n                ],\n                [\n                    "2021-12-20",\n                    4.639\n                ],\n                [\n                    "2021-12-21",\n                    4.649\n                ],\n                [\n                    "2021-12-22",\n                    4.674\n                ],\n                [\n                    "2021-12-23",\n                    4.758\n                ],\n                [\n                    "2021-12-24",\n                    4.797\n                ],\n                [\n                    "2021-12-27",\n                    4.782\n                ],\n                [\n                    "2021-12-28",\n                    4.835\n                ],\n                [\n                    "2021-12-29",\n                    4.672\n                ],\n                [\n                    "2021-12-30",\n                    4.708\n                ],\n                [\n                    "2021-12-31",\n                    4.684\n                ],\n                [\n                    "2022-01-04",\n                    4.678\n                ],\n                [\n                    "2022-01-05",\n                    4.653\n                ],\n                [\n                    "2022-01-06",\n                    4.59\n                ],\n                [\n                    "2022-01-07",\n                    4.561\n                ],\n                [\n                    "2022-01-10",\n                    4.571\n                ],\n                [\n                    "2022-01-11",\n                    4.487\n                ],\n                [\n                    "2022-01-12",\n                    4.509\n                ],\n                [\n                    "2022-01-13",\n                    4.373\n                ],\n                [\n                    "2022-01-14",\n                    4.356\n                ],\n                [\n                    "2022-01-17",\n                    4.379\n                ],\n                [\n                    "2022-01-18",\n                    4.418\n                ],\n                [\n                    "2022-01-19",\n                    4.379\n                ],\n                [\n                    "2022-01-20",\n                    4.454\n                ],\n                [\n                    "2022-01-21",\n                    4.456\n                ],\n                [\n                    "2022-01-24",\n                    4.422\n                ],\n                [\n                    "2022-01-25",\n                    4.337\n                ],\n                [\n                    "2022-01-26",\n                    4.394\n                ],\n                [\n                    "2022-01-27",\n                    4.323\n                ],\n                [\n                    "2022-01-28",\n                    4.224\n                ],\n                [\n                    "2022-02-07",\n                    4.248\n                ],\n                [\n                    "2022-02-08",\n                    4.178\n                ],\n                [\n                    "2022-02-09",\n                    4.303\n                ],\n                [\n                    "2022-02-10",\n                    4.268\n                ],\n                [\n                    "2022-02-11",\n                    4.273\n                ],\n                [\n                    "2022-02-14",\n                    4.279\n                ],\n                [\n                    "2022-02-15",\n                    4.307\n                ],\n                [\n                    "2022-02-16",\n                    4.329\n                ],\n                [\n                    "2022-02-17",\n                    4.306\n                ],\n                [\n                    "2022-02-18",\n                    4.32\n                ],\n                [\n                    "2022-02-21",\n                    4.3\n                ],\n                [\n                    "2022-02-22",\n                    4.206\n                ],\n                [\n                    "2022-02-23",\n                    4.24\n                ],\n                [\n                    "2022-02-24",\n                    4.111\n                ],\n                [\n                    "2022-02-25",\n                    4.146\n                ],\n                [\n                    "2022-02-28",\n                    4.135\n                ],\n                [\n                    "2022-03-01",\n                    4.204\n                ],\n                [\n                    "2022-03-02",\n                    4.158\n                ],\n                [\n                    "2022-03-03",\n                    4.059\n                ],\n                [\n                    "2022-03-04",\n                    4.008\n                ],\n                [\n                    "2022-03-07",\n                    3.849\n                ],\n                [\n                    "2022-03-08",\n                    3.799\n                ],\n                [\n                    "2022-03-09",\n                    3.793\n                ],\n                [\n                    "2022-03-10",\n                    3.893\n                ],\n                [\n                    "2022-03-11",\n                    3.861\n                ],\n                [\n                    "2022-03-14",\n                    3.701\n                ],\n                [\n                    "2022-03-15",\n                    3.535\n                ],\n                [\n                    "2022-03-16",\n                    3.636\n                ],\n                [\n                    "2022-03-17",\n                    3.759\n                ],\n                [\n                    "2022-03-18",\n                    3.744\n                ],\n                [\n                    "2022-03-21",\n                    3.738\n                ],\n                [\n                    "2022-03-22",\n                    3.728\n                ],\n                [\n                    "2022-03-23",\n                    3.75\n                ],\n                [\n                    "2022-03-24",\n                    3.687\n                ],\n                [\n                    "2022-03-25",\n                    3.605\n                ],\n                [\n                    "2022-03-28",\n                    3.524\n                ],\n                [\n                    "2022-03-29",\n                    3.5\n                ],\n                [\n                    "2022-03-30",\n                    3.628\n                ],\n                [\n                    "2022-03-31",\n                    3.609\n                ],\n                [\n                    "2022-04-01",\n                    3.674\n                ],\n                [\n                    "2022-04-06",\n                    3.635\n                ],\n                [\n                    "2022-04-07",\n                    3.611\n                ],\n                [\n                    "2022-04-08",\n                    3.599\n                ],\n                [\n                    "2022-04-11",\n                    3.472\n                ],\n                [\n                    "2022-04-12",\n                    3.616\n                ],\n                [\n                    "2022-04-13",\n                    3.603\n                ],\n                [\n                    "2022-04-14",\n                    3.745\n                ],\n                [\n                    "2022-04-15",\n                    3.759\n                ],\n                [\n                    "2022-04-18",\n                    3.745\n                ],\n                [\n                    "2022-04-19",\n                    3.714\n                ],\n                [\n                    "2022-04-20",\n                    3.735\n                ],\n                [\n                    "2022-04-21",\n                    3.676\n                ],\n                [\n                    "2022-04-22",\n                    3.693\n                ],\n                [\n                    "2022-04-25",\n                    3.545\n                ],\n                [\n                    "2022-04-26",\n                    3.555\n                ],\n                [\n                    "2022-04-27",\n                    3.64\n                ],\n                [\n                    "2022-04-28",\n                    3.699\n                ],\n                [\n                    "2022-04-29",\n                    3.768\n                ],\n                [\n                    "2022-05-05",\n                    3.797\n                ],\n                [\n                    "2022-05-06",\n                    3.691\n                ],\n                [\n                    "2022-05-09",\n                    3.617\n                ],\n                [\n                    "2022-05-10",\n                    3.654\n                ],\n                [\n                    "2022-05-11",\n                    3.71\n                ],\n                [\n                    "2022-05-12",\n                    3.733\n                ],\n                [\n                    "2022-05-13",\n                    3.757\n                ],\n                [\n                    "2022-05-16",\n                    3.741\n                ],\n                [\n                    "2022-05-17",\n                    3.782\n                ],\n                [\n                    "2022-05-18",\n                    3.761\n                ],\n                [\n                    "2022-05-19",\n                    3.729\n                ],\n                [\n                    "2022-05-20",\n                    3.832\n                ],\n                [\n                    "2022-05-23",\n                    3.777\n                ],\n                [\n                    "2022-05-24",\n                    3.736\n                ],\n                [\n                    "2022-05-25",\n                    3.732\n                ],\n                [\n                    "2022-05-26",\n                    3.726\n                ],\n                [\n                    "2022-05-27",\n                    3.727\n                ],\n                [\n                    "2022-05-30",\n                    3.837\n                ],\n                [\n                    "2022-05-31",\n                    3.925\n                ],\n                [\n                    "2022-06-01",\n                    3.922\n                ],\n                [\n                    "2022-06-02",\n                    3.918\n                ],\n                [\n                    "2022-06-06",\n                    3.963\n                ],\n                [\n                    "2022-06-07",\n                    3.979\n                ],\n                [\n                    "2022-06-08",\n                    4.028\n                ],\n                [\n                    "2022-06-09",\n                    3.953\n                ],\n                [\n                    "2022-06-10",\n                    4.026\n                ],\n                [\n                    "2022-06-13",\n                    3.972\n                ],\n                [\n                    "2022-06-14",\n                    4.008\n                ],\n                [\n                    "2022-06-15",\n                    4.05\n                ],\n                [\n                    "2022-06-16",\n                    4.047\n                ],\n                [\n                    "2022-06-17",\n                    4.106\n                ],\n                [\n                    "2022-06-20",\n                    4.188\n                ],\n                [\n                    "2022-06-21",\n                    4.175\n                ],\n                [\n                    "2022-06-22",\n                    4.126\n                ],\n                [\n                    "2022-06-23",\n                    4.177\n                ],\n                [\n                    "2022-06-24",\n                    4.235\n                ],\n                [\n                    "2022-06-27",\n                    4.319\n                ],\n                [\n                    "2022-06-28",\n                    4.341\n                ],\n                [\n                    "2022-06-29",\n                    4.303\n                ],\n                [\n                    "2022-06-30",\n                    4.414\n                ],\n                [\n                    "2022-07-01",\n                    4.37\n                ],\n                [\n                    "2022-07-04",\n                    4.377\n                ],\n                [\n                    "2022-07-05",\n                    4.338\n                ],\n                [\n                    "2022-07-06",\n                    4.268\n                ],\n                [\n                    "2022-07-07",\n                    4.275\n                ],\n                [\n                    "2022-07-08",\n                    4.28\n                ],\n                [\n                    "2022-07-11",\n                    4.219\n                ],\n                [\n                    "2022-07-12",\n                    4.207\n                ],\n                [\n                    "2022-07-13",\n                    4.2\n                ],\n                [\n                    "2022-07-14",\n                    4.169\n                ],\n                [\n                    "2022-07-15",\n                    4.172\n                ],\n                [\n                    "2022-07-18",\n                    4.157\n                ],\n                [\n                    "2022-07-19",\n                    4.162\n                ],\n                [\n                    "2022-07-20",\n                    4.175\n                ],\n                [\n                    "2022-07-21",\n                    4.137\n                ],\n                [\n                    "2022-07-22",\n                    4.139\n                ],\n                [\n                    "2022-07-25",\n                    4.16\n                ],\n                [\n                    "2022-07-26",\n                    4.199\n                ],\n                [\n                    "2022-07-27",\n                    4.147\n                ],\n                [\n                    "2022-07-28",\n                    4.138\n                ],\n                [\n                    "2022-07-29",\n                    4.03\n                ],\n                [\n                    "2022-08-01",\n                    4.071\n                ],\n                [\n                    "2022-08-02",\n                    4.03\n                ],\n                [\n                    "2022-08-03",\n                    3.997\n                ],\n                [\n                    "2022-08-04",\n                    4.047\n                ],\n                [\n                    "2022-08-05",\n                    4.058\n                ],\n                [\n                    "2022-08-08",\n                    4.035\n                ],\n                [\n                    "2022-08-09",\n                    4.03\n                ],\n                [\n                    "2022-08-10",\n                    3.973\n                ],\n                [\n                    "2022-08-11",\n                    4.037\n                ],\n                [\n                    "2022-08-12",\n                    4.066\n                ],\n                [\n                    "2022-08-15",\n                    4.029\n                ],\n                [\n                    "2022-08-16",\n                    4.007\n                ],\n                [\n                    "2022-08-17",\n                    4.05\n                ],\n                [\n                    "2022-08-18",\n                    3.988\n                ],\n                [\n                    "2022-08-19",\n                    3.982\n                ],\n                [\n                    "2022-08-22",\n                    4.012\n                ],\n                [\n                    "2022-08-23",\n                    3.959\n                ],\n                [\n                    "2022-08-24",\n                    3.926\n                ],\n                [\n                    "2022-08-25",\n                    4.0\n                ],\n                [\n                    "2022-08-26",\n                    4.038\n                ],\n                [\n                    "2022-08-29",\n                    4.005\n                ],\n                [\n                    "2022-08-30",\n                    4.009\n                ],\n                [\n                    "2022-08-31",\n                    4.08\n                ],\n                [\n                    "2022-09-01",\n                    4.045\n                ],\n                [\n                    "2022-09-02",\n                    3.98\n                ],\n                [\n                    "2022-09-05",\n                    3.916\n                ],\n                [\n                    "2022-09-06",\n                    3.951\n                ],\n                [\n                    "2022-09-07",\n                    3.92\n                ],\n                [\n                    "2022-09-08",\n                    3.932\n                ],\n                [\n                    "2022-09-09",\n                    3.985\n                ],\n                [\n                    "2022-09-13",\n                    4.043\n                ],\n                [\n                    "2022-09-14",\n                    4.008\n                ],\n                [\n                    "2022-09-15",\n                    4.032\n                ],\n                [\n                    "2022-09-16",\n                    3.952\n                ],\n                [\n                    "2022-09-19",\n                    3.981\n                ],\n                [\n                    "2022-09-20",\n                    4.008\n                ],\n                [\n                    "2022-09-21",\n                    3.961\n                ],\n                [\n                    "2022-09-22",\n                    3.905\n                ],\n                [\n                    "2022-09-23",\n                    3.91\n                ],\n                [\n                    "2022-09-26",\n                    3.966\n                ],\n                [\n                    "2022-09-27",\n                    4.066\n                ],\n                [\n                    "2022-09-28",\n                    4.028\n                ],\n                [\n                    "2022-09-29",\n                    4.009\n                ],\n                [\n                    "2022-09-30",\n                    3.986\n                ],\n                [\n                    "2022-10-10",\n                    3.852\n                ],\n                [\n                    "2022-10-11",\n                    3.855\n                ],\n                [\n                    "2022-10-12",\n                    3.847\n                ],\n                [\n                    "2022-10-13",\n                    3.795\n                ],\n                [\n                    "2022-10-14",\n                    3.865\n                ],\n                [\n                    "2022-10-17",\n                    3.806\n                ],\n                [\n                    "2022-10-18",\n                    3.792\n                ],\n                [\n                    "2022-10-19",\n                    3.683\n                ],\n                [\n                    "2022-10-20",\n                    3.692\n                ],\n                [\n                    "2022-10-21",\n                    3.646\n                ],\n                [\n                    "2022-10-24",\n                    3.48\n                ],\n                [\n                    "2022-10-25",\n                    3.472\n                ],\n                [\n                    "2022-10-26",\n                    3.466\n                ],\n                [\n                    "2022-10-27",\n                    3.36\n                ],\n                [\n                    "2022-10-28",\n                    3.314\n                ],\n                [\n                    "2022-10-31",\n                    3.282\n                ],\n                [\n                    "2022-11-01",\n                    3.467\n                ],\n                [\n                    "2022-11-02",\n                    3.542\n                ],\n                [\n                    "2022-11-03",\n                    3.498\n                ],\n                [\n                    "2022-11-04",\n                    3.655\n                ],\n                [\n                    "2022-11-07",\n                    3.67\n                ],\n                [\n                    "2022-11-08",\n                    3.627\n                ],\n                [\n                    "2022-11-09",\n                    3.583\n                ],\n                [\n                    "2022-11-10",\n                    3.603\n                ],\n                [\n                    "2022-11-11",\n                    3.713\n                ],\n                [\n                    "2022-11-14",\n                    3.699\n                ],\n                [\n                    "2022-11-15",\n                    3.766\n                ],\n                [\n                    "2022-11-16",\n                    3.772\n                ],\n                [\n                    "2022-11-17",\n                    3.729\n                ],\n                [\n                    "2022-11-18",\n                    3.733\n                ],\n                [\n                    "2022-11-21",\n                    3.659\n                ],\n                [\n                    "2022-11-22",\n                    3.664\n                ],\n                [\n                    "2022-11-23",\n                    3.648\n                ],\n                [\n                    "2022-11-24",\n                    3.619\n                ],\n                [\n                    "2022-11-25",\n                    3.625\n                ],\n                [\n                    "2022-11-28",\n                    3.629\n                ],\n                [\n                    "2022-11-29",\n                    3.772\n                ],\n                [\n                    "2022-11-30",\n                    3.769\n                ],\n                [\n                    "2022-12-01",\n                    3.848\n                ],\n                [\n                    "2022-12-02",\n                    3.833\n                ],\n                [\n                    "2022-12-05",\n                    3.897\n                ],\n                [\n                    "2022-12-06",\n                    3.977\n                ],\n                [\n                    "2022-12-07",\n                    3.977\n                ],\n                [\n                    "2022-12-08",\n                    3.978\n                ],\n                [\n                    "2022-12-09",\n                    4.078\n                ],\n                [\n                    "2022-12-12",\n                    4.02\n                ],\n                [\n                    "2022-12-13",\n                    4.055\n                ],\n                [\n                    "2022-12-14",\n                    4.114\n                ],\n                [\n                    "2022-12-15",\n                    4.087\n                ],\n                [\n                    "2022-12-16",\n                    4.108\n                ],\n                [\n                    "2022-12-19",\n                    4.067\n                ],\n                [\n                    "2022-12-20",\n                    3.94\n                ],\n                [\n                    "2022-12-21",\n                    3.978\n                ],\n                [\n                    "2022-12-22",\n                    4.029\n                ],\n                [\n                    "2022-12-23",\n                    4.045\n                ],\n                [\n                    "2022-12-26",\n                    4.009\n                ],\n                [\n                    "2022-12-27",\n                    4.071\n                ],\n                [\n                    "2022-12-28",\n                    4.052\n                ],\n                [\n                    "2022-12-29",\n                    4.029\n                ],\n                [\n                    "2022-12-30",\n                    4.045\n                ],\n                [\n                    "2022-12-31",\n                    4.044\n                ],\n                [\n                    "2023-01-03",\n                    3.993\n                ],\n                [\n                    "2023-01-04",\n                    4.008\n                ],\n                [\n                    "2023-01-05",\n                    4.16\n                ],\n                [\n                    "2023-01-06",\n                    4.159\n                ],\n                [\n                    "2023-01-09",\n                    4.199\n                ],\n                [\n                    "2023-01-10",\n                    4.224\n                ],\n                [\n                    "2023-01-11",\n                    4.22\n                ],\n                [\n                    "2023-01-12",\n                    4.206\n                ],\n                [\n                    "2023-01-13",\n                    4.298\n                ],\n                [\n                    "2023-01-16",\n                    4.371\n                ],\n                [\n                    "2023-01-17",\n                    4.336\n                ],\n                [\n                    "2023-01-18",\n                    4.295\n                ],\n                [\n                    "2023-01-19",\n                    4.28\n                ],\n                [\n                    "2023-01-20",\n                    4.272\n                ],\n                [\n                    "2023-01-30",\n                    4.299\n                ],\n                [\n                    "2023-01-31",\n                    4.206\n                ],\n                [\n                    "2023-02-01",\n                    4.236\n                ],\n                [\n                    "2023-02-02",\n                    4.25\n                ],\n                [\n                    "2023-02-03",\n                    4.216\n                ],\n                [\n                    "2023-02-06",\n                    4.146\n                ],\n                [\n                    "2023-02-07",\n                    4.15\n                ],\n                [\n                    "2023-02-08",\n                    4.12\n                ],\n                [\n                    "2023-02-09",\n                    4.197\n                ],\n                [\n                    "2023-02-10",\n                    4.197\n                ],\n                [\n                    "2023-02-13",\n                    4.297\n                ],\n                [\n                    "2023-02-14",\n                    4.274\n                ],\n                [\n                    "2023-02-15",\n                    4.251\n                ],\n                [\n                    "2023-02-16",\n                    4.265\n                ],\n                [\n                    "2023-02-17",\n                    4.222\n                ],\n                [\n                    "2023-02-20",\n                    4.315\n                ],\n                [\n                    "2023-02-21",\n                    4.289\n                ],\n                [\n                    "2023-02-22",\n                    4.276\n                ],\n                [\n                    "2023-02-23",\n                    4.243\n                ],\n                [\n                    "2023-02-24",\n                    4.182\n                ],\n                [\n                    "2023-02-27",\n                    4.21\n                ],\n                [\n                    "2023-02-28",\n                    4.212\n                ],\n                [\n                    "2023-03-01",\n                    4.254\n                ],\n                [\n                    "2023-03-02",\n                    4.24\n                ],\n                [\n                    "2023-03-03",\n                    4.22\n                ],\n                [\n                    "2023-03-06",\n                    4.202\n                ],\n                [\n                    "2023-03-07",\n                    4.134\n                ],\n                [\n                    "2023-03-08",\n                    4.101\n                ],\n                [\n                    "2023-03-09",\n                    4.087\n                ],\n                [\n                    "2023-03-10",\n                    4.031\n                ],\n                [\n                    "2023-03-13",\n                    4.097\n                ],\n                [\n                    "2023-03-14",\n                    4.066\n                ],\n                [\n                    "2023-03-15",\n                    4.027\n                ],\n                [\n                    "2023-03-16",\n                    4.029\n                ],\n                [\n                    "2023-03-17",\n                    3.969\n                ],\n                [\n                    "2023-03-20",\n                    3.936\n                ],\n                [\n                    "2023-03-21",\n                    4.028\n                ],\n                [\n                    "2023-03-22",\n                    4.013\n                ],\n                [\n                    "2023-03-23",\n                    4.043\n                ],\n                [\n                    "2023-03-24",\n                    4.053\n                ],\n                [\n                    "2023-03-27",\n                    4.025\n                ],\n                [\n                    "2023-03-28",\n                    4.092\n                ],\n                [\n                    "2023-03-29",\n                    4.122\n                ],\n                [\n                    "2023-03-30",\n                    4.177\n                ],\n                [\n                    "2023-03-31",\n                    4.177\n                ],\n                [\n                    "2023-04-03",\n                    4.175\n                ],\n                [\n                    "2023-04-04",\n                    4.209\n                ],\n                [\n                    "2023-04-06",\n                    4.154\n                ],\n                [\n                    "2023-04-07",\n                    4.138\n                ],\n                [\n                    "2023-04-10",\n                    4.109\n                ],\n                [\n                    "2023-04-11",\n                    4.056\n                ],\n                [\n                    "2023-04-12",\n                    3.983\n                ],\n                [\n                    "2023-04-13",\n                    3.995\n                ],\n                [\n                    "2023-04-14",\n                    3.96\n                ],\n                [\n                    "2023-04-17",\n                    4.009\n                ],\n                [\n                    "2023-04-18",\n                    4.025\n                ],\n                [\n                    "2023-04-19",\n                    3.987\n                ],\n                [\n                    "2023-04-20",\n                    3.946\n                ],\n                [\n                    "2023-04-21",\n                    3.923\n                ],\n                [\n                    "2023-04-24",\n                    3.87\n                ],\n                [\n                    "2023-04-25",\n                    3.896\n                ],\n                [\n                    "2023-04-26",\n                    3.907\n                ],\n                [\n                    "2023-04-27",\n                    3.941\n                ],\n                [\n                    "2023-04-28",\n                    3.96\n                ],\n                [\n                    "2023-05-04",\n                    3.957\n                ],\n                [\n                    "2023-05-05",\n                    3.963\n                ],\n                [\n                    "2023-05-08",\n                    3.913\n                ],\n                [\n                    "2023-05-09",\n                    3.908\n                ],\n                [\n                    "2023-05-10",\n                    3.905\n                ],\n                [\n                    "2023-05-11",\n                    3.889\n                ],\n                [\n                    "2023-05-12",\n                    3.854\n                ],\n                [\n                    "2023-05-15",\n                    3.894\n                ],\n                [\n                    "2023-05-16",\n                    3.851\n                ],\n                [\n                    "2023-05-17",\n                    3.81\n                ],\n                [\n                    "2023-05-18",\n                    3.793\n                ],\n                [\n                    "2023-05-19",\n                    3.843\n                ],\n                [\n                    "2023-05-22",\n                    3.916\n                ],\n                [\n                    "2023-05-23",\n                    3.855\n                ],\n                [\n                    "2023-05-24",\n                    3.791\n                ],\n                [\n                    "2023-05-25",\n                    3.758\n                ],\n                [\n                    "2023-05-26",\n                    3.742\n                ],\n                [\n                    "2023-05-29",\n                    3.713\n                ],\n                [\n                    "2023-05-30",\n                    3.677\n                ],\n                [\n                    "2023-05-31",\n                    3.613\n                ],\n                [\n                    "2023-06-01",\n                    3.637\n                ],\n                [\n                    "2023-06-02",\n                    3.728\n                ],\n                [\n                    "2023-06-05",\n                    3.687\n                ],\n                [\n                    "2023-06-06",\n                    3.685\n                ],\n                [\n                    "2023-06-07",\n                    3.647\n                ],\n                [\n                    "2023-06-08",\n                    3.68\n                ],\n                [\n                    "2023-06-09",\n                    3.668\n                ],\n                [\n                    "2023-06-12",\n                    3.748\n                ],\n                [\n                    "2023-06-13",\n                    3.769\n                ],\n                [\n                    "2023-06-14",\n                    3.833\n                ],\n                [\n                    "2023-06-15",\n                    3.9\n                ],\n                [\n                    "2023-06-16",\n                    3.927\n                ],\n                [\n                    "2023-06-19",\n                    3.856\n                ],\n                [\n                    "2023-06-20",\n                    3.821\n                ],\n                [\n                    "2023-06-21",\n                    3.786\n                ],\n                [\n                    "2023-06-26",\n                    3.732\n                ],\n                [\n                    "2023-06-27",\n                    3.775\n                ],\n                [\n                    "2023-06-28",\n                    3.783\n                ],\n                [\n                    "2023-06-29",\n                    3.754\n                ],\n                [\n                    "2023-06-30",\n                    3.755\n                ],\n                [\n                    "2023-07-03",\n                    3.819\n                ],\n                [\n                    "2023-07-04",\n                    3.837\n                ],\n                [\n                    "2023-07-05",\n                    3.778\n                ],\n                [\n                    "2023-07-06",\n                    3.752\n                ],\n                [\n                    "2023-07-07",\n                    3.735\n                ],\n                [\n                    "2023-07-10",\n                    3.741\n                ],\n                [\n                    "2023-07-11",\n                    3.762\n                ],\n                [\n                    "2023-07-12",\n                    3.754\n                ],\n                [\n                    "2023-07-13",\n                    3.831\n                ],\n                [\n                    "2023-07-14",\n                    3.81\n                ],\n                [\n                    "2023-07-17",\n                    3.763\n                ],\n                [\n                    "2023-07-18",\n                    3.758\n                ],\n                [\n                    "2023-07-19",\n                    3.752\n                ],\n                [\n                    "2023-07-20",\n                    3.741\n                ],\n                [\n                    "2023-07-21",\n                    3.774\n                ],\n                [\n                    "2023-07-24",\n                    3.74\n                ],\n                [\n                    "2023-07-25",\n                    3.885\n                ],\n                [\n                    "2023-07-26",\n                    3.873\n                ],\n                [\n                    "2023-07-27",\n                    3.908\n                ],\n                [\n                    "2023-07-28",\n                    3.991\n                ],\n                [\n                    "2023-07-31",\n                    3.991\n                ],\n                [\n                    "2023-08-01",\n                    3.953\n                ],\n                [\n                    "2023-08-02",\n                    3.947\n                ],\n                [\n                    "2023-08-03",\n                    3.954\n                ],\n                [\n                    "2023-08-04",\n                    3.976\n                ],\n                [\n                    "2023-08-07",\n                    3.95\n                ],\n                [\n                    "2023-08-08",\n                    3.94\n                ],\n                [\n                    "2023-08-09",\n                    3.94\n                ],\n                [\n                    "2023-08-10",\n                    3.918\n                ],\n                [\n                    "2023-08-11",\n                    3.848\n                ],\n                [\n                    "2023-08-14",\n                    3.803\n                ],\n                [\n                    "2023-08-15",\n                    3.79\n                ],\n                [\n                    "2023-08-16",\n                    3.785\n                ],\n                [\n                    "2023-08-17",\n                    3.835\n                ],\n                [\n                    "2023-08-18",\n                    3.768\n                ],\n                [\n                    "2023-08-21",\n                    3.749\n                ],\n                [\n                    "2023-08-22",\n                    3.759\n                ],\n                [\n                    "2023-08-23",\n                    3.702\n                ],\n                [\n                    "2023-08-24",\n                    3.784\n                ],\n                [\n                    "2023-08-25",\n                    3.765\n                ],\n                [\n                    "2023-08-28",\n                    3.771\n                ],\n                [\n                    "2023-08-29",\n                    3.828\n                ],\n                [\n                    "2023-08-30",\n                    3.844\n                ],\n                [\n                    "2023-08-31",\n                    3.837\n                ],\n                [\n                    "2023-09-01",\n                    3.886\n                ],\n                [\n                    "2023-09-04",\n                    3.958\n                ],\n                [\n                    "2023-09-05",\n                    3.925\n                ],\n                [\n                    "2023-09-06",\n                    3.911\n                ],\n                [\n                    "2023-09-07",\n                    3.867\n                ],\n                [\n                    "2023-09-08",\n                    3.845\n                ],\n                [\n                    "2023-09-11",\n                    3.873\n                ],\n                [\n                    "2023-09-12",\n                    3.878\n                ],\n                [\n                    "2023-09-13",\n                    3.865\n                ],\n                [\n                    "2023-09-14",\n                    3.84\n                ],\n                [\n                    "2023-09-15",\n                    3.799\n                ],\n                [\n                    "2023-09-18",\n                    3.847\n                ],\n                [\n                    "2023-09-19",\n                    3.823\n                ],\n                [\n                    "2023-09-20",\n                    3.808\n                ],\n                [\n                    "2023-09-21",\n                    3.753\n                ],\n                [\n                    "2023-09-22",\n                    3.812\n                ],\n                [\n                    "2023-09-25",\n                    3.789\n                ],\n                [\n                    "2023-09-26",\n                    3.759\n                ],\n                [\n                    "2023-09-27",\n                    3.753\n                ],\n                [\n                    "2023-09-28",\n                    3.726\n                ],\n                [\n                    "2023-10-09",\n                    3.726\n                ],\n                [\n                    "2023-10-10",\n                    3.687\n                ],\n                [\n                    "2023-10-11",\n                    3.683\n                ],\n                [\n                    "2023-10-12",\n                    3.708\n                ],\n                [\n                    "2023-10-13",\n                    3.667\n                ],\n                [\n                    "2023-10-16",\n                    3.642\n                ],\n                [\n                    "2023-10-17",\n                    3.652\n                ],\n                [\n                    "2023-10-18",\n                    3.659\n                ],\n                [\n                    "2023-10-19",\n                    3.559\n                ],\n                [\n                    "2023-10-20",\n                    3.537\n                ],\n                [\n                    "2023-10-23",\n                    3.532\n                ],\n                [\n                    "2023-10-24",\n                    3.543\n                ],\n                [\n                    "2023-10-25",\n                    3.6\n                ],\n                [\n                    "2023-10-26",\n                    3.625\n                ],\n                [\n                    "2023-10-27",\n                    3.663\n                ],\n                [\n                    "2023-10-30",\n                    3.692\n                ],\n                [\n                    "2023-10-31",\n                    3.683\n                ],\n                [\n                    "2023-11-01",\n                    3.727\n                ],\n                [\n                    "2023-11-02",\n                    3.7\n                ],\n                [\n                    "2023-11-03",\n                    3.722\n                ],\n                [\n                    "2023-11-06",\n                    3.721\n                ],\n                [\n                    "2023-11-07",\n                    3.703\n                ],\n                [\n                    "2023-11-08",\n                    3.691\n                ],\n                [\n                    "2023-11-09",\n                    3.682\n                ],\n                [\n                    "2023-11-10",\n                    3.648\n                ],\n                [\n                    "2023-11-13",\n                    3.609\n                ],\n                [\n                    "2023-11-14",\n                    3.623\n                ],\n                [\n                    "2023-11-15",\n                    3.657\n                ],\n                [\n                    "2023-11-16",\n                    3.635\n                ],\n                [\n                    "2023-11-17",\n                    3.632\n                ],\n                [\n                    "2023-11-20",\n                    3.64\n                ],\n                [\n                    "2023-11-21",\n                    3.667\n                ],\n                [\n                    "2023-11-22",\n                    3.643\n                ],\n                [\n                    "2023-11-23",\n                    3.659\n                ],\n                [\n                    "2023-11-24",\n                    3.637\n                ],\n                [\n                    "2023-11-27",\n                    3.596\n                ],\n                [\n                    "2023-11-28",\n                    3.596\n                ],\n                [\n                    "2023-11-29",\n                    3.588\n                ],\n                [\n                    "2023-11-30",\n                    3.595\n                ],\n                [\n                    "2023-12-01",\n                    3.549\n                ],\n                [\n                    "2023-12-04",\n                    3.504\n                ],\n                [\n                    "2023-12-05",\n                    3.44\n                ],\n                [\n                    "2023-12-06",\n                    3.445\n                ],\n                [\n                    "2023-12-07",\n                    3.44\n                ],\n                [\n                    "2023-12-08",\n                    3.452\n                ],\n                [\n                    "2023-12-11",\n                    3.44\n                ],\n                [\n                    "2023-12-12",\n                    3.462\n                ],\n                [\n                    "2023-12-13",\n                    3.378\n                ],\n                [\n                    "2023-12-14",\n                    3.337\n                ],\n                [\n                    "2023-12-15",\n                    3.33\n                ],\n                [\n                    "2023-12-18",\n                    3.329\n                ],\n                [\n                    "2023-12-19",\n                    3.327\n                ],\n                [\n                    "2023-12-20",\n                    3.292\n                ],\n                [\n                    "2023-12-21",\n                    3.336\n                ],\n                [\n                    "2023-12-22",\n                    3.34\n                ],\n                [\n                    "2023-12-25",\n                    3.364\n                ],\n                [\n                    "2023-12-26",\n                    3.344\n                ],\n                [\n                    "2023-12-27",\n                    3.357\n                ],\n                [\n                    "2023-12-28",\n                    3.439\n                ],\n                [\n                    "2023-12-29",\n                    3.446\n                ],\n                [\n                    "2023-12-31",\n                    3.445\n                ],\n                [\n                    "2024-01-02",\n                    3.37\n                ],\n                [\n                    "2024-01-03",\n                    3.353\n                ],\n                [\n                    "2024-01-04",\n                    3.308\n                ],\n                [\n                    "2024-01-05",\n                    3.3\n                ],\n                [\n                    "2024-01-08",\n                    3.263\n                ],\n                [\n                    "2024-01-09",\n                    3.258\n                ],\n                [\n                    "2024-01-10",\n                    3.27\n                ],\n                [\n                    "2024-01-11",\n                    3.29\n                ],\n                [\n                    "2024-01-12",\n                    3.281\n                ],\n                [\n                    "2024-01-15",\n                    3.265\n                ],\n                [\n                    "2024-01-16",\n                    3.28\n                ],\n                [\n                    "2024-01-17",\n                    3.198\n                ],\n                [\n                    "2024-01-18",\n                    3.243\n                ],\n                [\n                    "2024-01-19",\n                    3.251\n                ],\n                [\n                    "2024-01-22",\n                    3.191\n                ],\n                [\n                    "2024-01-23",\n                    3.184\n                ],\n                [\n                    "2024-01-24",\n                    3.192\n                ],\n                [\n                    "2024-01-25",\n                    3.231\n                ],\n                [\n                    "2024-01-26",\n                    3.238\n                ],\n                [\n                    "2024-01-29",\n                    3.251\n                ],\n                [\n                    "2024-01-30",\n                    3.175\n                ],\n                [\n                    "2024-01-31",\n                    3.133\n                ],\n                [\n                    "2024-02-01",\n                    3.156\n                ],\n                [\n                    "2024-02-02",\n                    3.153\n                ],\n                [\n                    "2024-02-05",\n                    3.198\n                ],\n                [\n                    "2024-02-06",\n                    3.313\n                ],\n                [\n                    "2024-02-07",\n                    3.369\n                ],\n                [\n                    "2024-02-08",\n                    3.36\n                ],\n                [\n                    "2024-02-19",\n                    3.358\n                ],\n                [\n                    "2024-02-20",\n                    3.343\n                ],\n                [\n                    "2024-02-21",\n                    3.428\n                ],\n                [\n                    "2024-02-22",\n                    3.434\n                ],\n                [\n                    "2024-02-23",\n                    3.439\n                ],\n                [\n                    "2024-02-26",\n                    3.431\n                ],\n                [\n                    "2024-02-27",\n                    3.449\n                ],\n                [\n                    "2024-02-28",\n                    3.413\n                ],\n                [\n                    "2024-02-29",\n                    3.476\n                ],\n                [\n                    "2024-03-01",\n                    3.502\n                ],\n                [\n                    "2024-03-04",\n                    3.49\n                ],\n                [\n                    "2024-03-05",\n                    3.541\n                ],\n                [\n                    "2024-03-06",\n                    3.514\n                ],\n                [\n                    "2024-03-07",\n                    3.512\n                ],\n                [\n                    "2024-03-08",\n                    3.493\n                ],\n                [\n                    "2024-03-11",\n                    3.545\n                ],\n                [\n                    "2024-03-12",\n                    3.634\n                ],\n                [\n                    "2024-03-13",\n                    3.628\n                ],\n                [\n                    "2024-03-14",\n                    3.622\n                ],\n                [\n                    "2024-03-15",\n                    3.637\n                ],\n                [\n                    "2024-03-18",\n                    3.637\n                ],\n                [\n                    "2024-03-19",\n                    3.664\n                ],\n                [\n                    "2024-03-20",\n                    3.649\n                ],\n                [\n                    "2024-03-21",\n                    3.647\n                ],\n                [\n                    "2024-03-22",\n                    3.607\n                ],\n                [\n                    "2024-03-25",\n                    3.59\n                ],\n                [\n                    "2024-03-26",\n                    3.651\n                ],\n                [\n                    "2024-03-27",\n                    3.62\n                ],\n                [\n                    "2024-03-28",\n                    3.644\n                ],\n                [\n                    "2024-03-29",\n                    3.645\n                ],\n                [\n                    "2024-04-01",\n                    3.731\n                ],\n                [\n                    "2024-04-02",\n                    3.714\n                ],\n                [\n                    "2024-04-03",\n                    3.723\n                ],\n                [\n                    "2024-04-08",\n                    3.647\n                ],\n                [\n                    "2024-04-09",\n                    3.635\n                ],\n                [\n                    "2024-04-10",\n                    3.614\n                ],\n                [\n                    "2024-04-11",\n                    3.626\n                ],\n                [\n                    "2024-04-12",\n                    3.59\n                ],\n                [\n                    "2024-04-15",\n                    3.687\n                ],\n                [\n                    "2024-04-16",\n                    3.656\n                ],\n                [\n                    "2024-04-17",\n                    3.664\n                ],\n                [\n                    "2024-04-18",\n                    3.687\n                ],\n                [\n                    "2024-04-19",\n                    3.648\n                ],\n                [\n                    "2024-04-22",\n                    3.667\n                ],\n                [\n                    "2024-04-23",\n                    3.676\n                ],\n                [\n                    "2024-04-24",\n                    3.679\n                ],\n                [\n                    "2024-04-25",\n                    3.68\n                ],\n                [\n                    "2024-04-26",\n                    3.746\n                ],\n                [\n                    "2024-04-29",\n                    3.776\n                ],\n                [\n                    "2024-04-30",\n                    3.815\n                ],\n                [\n                    "2024-05-06",\n                    3.902\n                ],\n                [\n                    "2024-05-07",\n                    3.907\n                ],\n                [\n                    "2024-05-08",\n                    3.881\n                ],\n                [\n                    "2024-05-09",\n                    3.89\n                ],\n                [\n                    "2024-05-10",\n                    3.879\n                ],\n                [\n                    "2024-05-13",\n                    3.859\n                ],\n                [\n                    "2024-05-14",\n                    3.856\n                ],\n                [\n                    "2024-05-15",\n                    3.852\n                ],\n                [\n                    "2024-05-16",\n                    3.86\n                ],\n                [\n                    "2024-05-17",\n                    3.868\n                ],\n                [\n                    "2024-05-20",\n                    3.856\n                ],\n                [\n                    "2024-05-21",\n                    3.843\n                ],\n                [\n                    "2024-05-22",\n                    3.804\n                ],\n                [\n                    "2024-05-23",\n                    3.78\n                ],\n                [\n                    "2024-05-24",\n                    3.736\n                ],\n                [\n                    "2024-05-27",\n                    3.761\n                ],\n                [\n                    "2024-05-28",\n                    3.728\n                ],\n                [\n                    "2024-05-29",\n                    3.715\n                ],\n                [\n                    "2024-05-30",\n                    3.678\n                ],\n                [\n                    "2024-05-31",\n                    3.669\n                ],\n                [\n                    "2024-06-03",\n                    3.684\n                ],\n                [\n                    "2024-06-04",\n                    3.695\n                ],\n                [\n                    "2024-06-05",\n                    3.671\n                ],\n                [\n                    "2024-06-06",\n                    3.674\n                ],\n                [\n                    "2024-06-07",\n                    3.636\n                ],\n                [\n                    "2024-06-11",\n                    3.591\n                ],\n                [\n                    "2024-06-12",\n                    3.584\n                ],\n                [\n                    "2024-06-13",\n                    3.544\n                ],\n                [\n                    "2024-06-14",\n                    3.564\n                ],\n                [\n                    "2024-06-17",\n                    3.554\n                ],\n                [\n                    "2024-06-18",\n                    3.528\n                ],\n                [\n                    "2024-06-19",\n                    3.509\n                ],\n                [\n                    "2024-06-20",\n                    3.483\n                ],\n                [\n                    "2024-06-21",\n                    3.451\n                ],\n                [\n                    "2024-06-24",\n                    3.462\n                ],\n                [\n                    "2024-06-25",\n                    3.472\n                ],\n                [\n                    "2024-06-26",\n                    3.476\n                ],\n                [\n                    "2024-06-27",\n                    3.435\n                ],\n                [\n                    "2024-06-28",\n                    3.408\n                ],\n                [\n                    "2024-06-30",\n                    3.408\n                ],\n                [\n                    "2024-07-01",\n                    3.395\n                ],\n                [\n                    "2024-07-02",\n                    3.392\n                ],\n                [\n                    "2024-07-03",\n                    3.355\n                ],\n                [\n                    "2024-07-04",\n                    3.346\n                ],\n                [\n                    "2024-07-05",\n                    3.324\n                ],\n                [\n                    "2024-07-08",\n                    3.287\n                ],\n                [\n                    "2024-07-09",\n                    3.312\n                ],\n                [\n                    "2024-07-10",\n                    3.32\n                ],\n                [\n                    "2024-07-11",\n                    3.368\n                ],\n                [\n                    "2024-07-12",\n                    3.395\n                ],\n                [\n                    "2024-07-15",\n                    3.387\n                ],\n                [\n                    "2024-07-16",\n                    3.375\n                ],\n                [\n                    "2024-07-17",\n                    3.405\n                ],\n                [\n                    "2024-07-18",\n                    3.419\n                ],\n                [\n                    "2024-07-19",\n                    3.449\n                ],\n                [\n                    "2024-07-22",\n                    3.405\n                ],\n                [\n                    "2024-07-23",\n                    3.29\n                ],\n                [\n                    "2024-07-24",\n                    3.237\n                ],\n                [\n                    "2024-07-25",\n                    3.224\n                ],\n                [\n                    "2024-07-26",\n                    3.265\n                ],\n                [\n                    "2024-07-29",\n                    3.208\n                ],\n                [\n                    "2024-07-30",\n                    3.181\n                ],\n                [\n                    "2024-07-31",\n                    3.265\n                ],\n                [\n                    "2024-08-01",\n                    3.197\n                ],\n                [\n                    "2024-08-02",\n                    3.174\n                ],\n                [\n                    "2024-08-05",\n                    3.181\n                ],\n                [\n                    "2024-08-06",\n                    3.174\n                ],\n                [\n                    "2024-08-07",\n                    3.211\n                ],\n                [\n                    "2024-08-08",\n                    3.239\n                ],\n                [\n                    "2024-08-09",\n                    3.233\n                ],\n                [\n                    "2024-08-12",\n                    3.229\n                ],\n                [\n                    "2024-08-13",\n                    3.204\n                ],\n                [\n                    "2024-08-14",\n                    3.175\n                ],\n                [\n                    "2024-08-15",\n                    3.188\n                ],\n                [\n                    "2024-08-16",\n                    3.193\n                ],\n                [\n                    "2024-08-19",\n                    3.181\n                ],\n                [\n                    "2024-08-20",\n                    3.166\n                ],\n                [\n                    "2024-08-21",\n                    3.161\n                ],\n                [\n                    "2024-08-22",\n                    3.149\n                ],\n                [\n                    "2024-08-23",\n                    3.171\n                ],\n                [\n                    "2024-08-26",\n                    3.158\n                ],\n                [\n                    "2024-08-27",\n                    3.138\n                ],\n                [\n                    "2024-08-28",\n                    3.082\n                ],\n                [\n                    "2024-08-29",\n                    3.117\n                ],\n                [\n                    "2024-08-30",\n                    3.193\n                ],\n                [\n                    "2024-09-02",\n                    3.12\n                ],\n                [\n                    "2024-09-03",\n                    3.156\n                ],\n                [\n                    "2024-09-04",\n                    3.149\n                ],\n                [\n                    "2024-09-05",\n                    3.154\n                ],\n                [\n                    "2024-09-06",\n                    3.123\n                ],\n                [\n                    "2024-09-09",\n                    3.073\n                ],\n                [\n                    "2024-09-10",\n                    3.07\n                ],\n                [\n                    "2024-09-11",\n                    3.085\n                ],\n                [\n                    "2024-09-12",\n                    3.039\n                ],\n                [\n                    "2024-09-13",\n                    3.019\n                ],\n                [\n                    "2024-09-18",\n                    3.043\n                ],\n                [\n                    "2024-09-19",\n                    3.08\n                ],\n                [\n                    "2024-09-20",\n                    3.092\n                ],\n                [\n                    "2024-09-23",\n                    3.104\n                ],\n                [\n                    "2024-09-24",\n                    3.189\n                ],\n                [\n                    "2024-09-25",\n                    3.232\n                ],\n                [\n                    "2024-09-26",\n                    3.413\n                ],\n                [\n                    "2024-09-27",\n                    3.588\n                ],\n                [\n                    "2024-09-30",\n                    3.85\n                ],\n                [\n                    "2024-10-08",\n                    3.966\n                ],\n                [\n                    "2024-10-09",\n                    3.695\n                ],\n                [\n                    "2024-10-10",\n                    3.773\n                ],\n                [\n                    "2024-10-11",\n                    3.679\n                ],\n                [\n                    "2024-10-14",\n                    3.732\n                ],\n                [\n                    "2024-10-15",\n                    3.621\n                ],\n                [\n                    "2024-10-16",\n                    3.566\n                ],\n                [\n                    "2024-10-17",\n                    3.515\n                ],\n                [\n                    "2024-10-18",\n                    3.602\n                ],\n                [\n                    "2024-10-21",\n                    3.607\n                ],\n                [\n                    "2024-10-22",\n                    3.663\n                ],\n                [\n                    "2024-10-23",\n                    3.701\n                ],\n                [\n                    "2024-10-24",\n                    3.642\n                ],\n                [\n                    "2024-10-25",\n                    3.659\n                ],\n                [\n                    "2024-10-28",\n                    3.687\n                ],\n                [\n                    "2024-10-29",\n                    3.653\n                ],\n                [\n                    "2024-10-30",\n                    3.601\n                ],\n                [\n                    "2024-10-31",\n                    3.573\n                ],\n                [\n                    "2024-11-01",\n                    3.594\n                ],\n                [\n                    "2024-11-04",\n                    3.639\n                ],\n                [\n                    "2024-11-05",\n                    3.691\n                ],\n                [\n                    "2024-11-06",\n                    3.648\n                ],\n                [\n                    "2024-11-07",\n                    3.792\n                ],\n                [\n                    "2024-11-08",\n                    3.743\n                ],\n                [\n                    "2024-11-11",\n                    3.729\n                ],\n                [\n                    "2024-11-12",\n                    3.725\n                ],\n                [\n                    "2024-11-13",\n                    3.735\n                ],\n                [\n                    "2024-11-14",\n                    3.698\n                ],\n                [\n                    "2024-11-15",\n                    3.667\n                ],\n                [\n                    "2024-11-18",\n                    3.625\n                ],\n                [\n                    "2024-11-19",\n                    3.624\n                ],\n                [\n                    "2024-11-20",\n                    3.625\n                ],\n                [\n                    "2024-11-21",\n                    3.612\n                ],\n                [\n                    "2024-11-22",\n                    3.524\n                ],\n                [\n                    "2024-11-25",\n                    3.51\n                ],\n                [\n                    "2024-11-26",\n                    3.529\n                ],\n                [\n                    "2024-11-27",\n                    3.571\n                ],\n                [\n                    "2024-11-28",\n                    3.532\n                ],\n                [\n                    "2024-11-29",\n                    3.561\n                ],\n                [\n                    "2024-12-02",\n                    3.582\n                ],\n                [\n                    "2024-12-03",\n                    3.586\n                ],\n                [\n                    "2024-12-04",\n                    3.577\n                ],\n                [\n                    "2024-12-05",\n                    3.548\n                ],\n                [\n                    "2024-12-06",\n                    3.581\n                ],\n                [\n                    "2024-12-09",\n                    3.589\n                ],\n                [\n                    "2024-12-10",\n                    3.634\n                ],\n                [\n                    "2024-12-11",\n                    3.665\n                ],\n                [\n                    "2024-12-12",\n                    3.726\n                ],\n                [\n                    "2024-12-13",\n                    3.642\n                ],\n                [\n                    "2024-12-16",\n                    3.596\n                ],\n                [\n                    "2024-12-17",\n                    3.623\n                ],\n                [\n                    "2024-12-18",\n                    3.621\n                ],\n                [\n                    "2024-12-19",\n                    3.601\n                ],\n                [\n                    "2024-12-20",\n                    3.59\n                ],\n                [\n                    "2024-12-23",\n                    3.58\n                ],\n                [\n                    "2024-12-24",\n                    3.613\n                ],\n                [\n                    "2024-12-25",\n                    3.607\n                ],\n                [\n                    "2024-12-26",\n                    3.597\n                ],\n                [\n                    "2024-12-27",\n                    3.603\n                ],\n                [\n                    "2024-12-30",\n                    3.593\n                ],\n                [\n                    "2024-12-31",\n                    3.593\n                ],\n                [\n                    "2025-01-02",\n                    3.526\n                ],\n                [\n                    "2025-01-03",\n                    3.496\n                ],\n                [\n                    "2025-01-06",\n                    3.466\n                ],\n                [\n                    "2025-01-07",\n                    3.486\n                ],\n                [\n                    "2025-01-08",\n                    3.505\n                ],\n                [\n                    "2025-01-09",\n                    3.518\n                ],\n                [\n                    "2025-01-10",\n                    3.47\n                ],\n                [\n                    "2025-01-13",\n                    3.455\n                ],\n                [\n                    "2025-01-14",\n                    3.517\n                ],\n                [\n                    "2025-01-15",\n                    3.487\n                ],\n                [\n                    "2025-01-16",\n                    3.474\n                ],\n                [\n                    "2025-01-17",\n                    3.502\n                ],\n                [\n                    "2025-01-20",\n                    3.523\n                ],\n                [\n                    "2025-01-21",\n                    3.509\n                ],\n                [\n                    "2025-01-22",\n                    3.454\n                ],\n                [\n                    "2025-01-23",\n                    3.45\n                ],\n                [\n                    "2025-01-24",\n                    3.456\n                ],\n                [\n                    "2025-01-27",\n                    3.465\n                ],\n                [\n                    "2025-02-05",\n                    3.401\n                ],\n                [\n                    "2025-02-06",\n                    3.421\n                ],\n                [\n                    "2025-02-07",\n                    3.461\n                ],\n                [\n                    "2025-02-10",\n                    3.459\n                ],\n                [\n                    "2025-02-11",\n                    3.438\n                ],\n                [\n                    "2025-02-12",\n                    3.468\n                ],\n                [\n                    "2025-02-13",\n                    3.503\n                ],\n                [\n                    "2025-02-14",\n                    3.518\n                ],\n                [\n                    "2025-02-17",\n                    3.505\n                ],\n                [\n                    "2025-02-18",\n                    3.485\n                ],\n                [\n                    "2025-02-19",\n                    3.487\n                ],\n                [\n                    "2025-02-20",\n                    3.482\n                ],\n                [\n                    "2025-02-21",\n                    3.495\n                ],\n                [\n                    "2025-02-24",\n                    3.503\n                ],\n                [\n                    "2025-02-25",\n                    3.447\n                ],\n                [\n                    "2025-02-26",\n                    3.473\n                ],\n                [\n                    "2025-02-27",\n                    3.529\n                ],\n                [\n                    "2025-02-28",\n                    3.517\n                ],\n                [\n                    "2025-03-03",\n                    3.493\n                ],\n                [\n                    "2025-03-04",\n                    3.467\n                ],\n                [\n                    "2025-03-05",\n                    3.472\n                ],\n                [\n                    "2025-03-06",\n                    3.509\n                ],\n                [\n                    "2025-03-07",\n                    3.533\n                ],\n                [\n                    "2025-03-10",\n                    3.535\n                ],\n                [\n                    "2025-03-11",\n                    3.589\n                ],\n                [\n                    "2025-03-12",\n                    3.59\n                ],\n                [\n                    "2025-03-13",\n                    3.582\n                ],\n                [\n                    "2025-03-14",\n                    3.712\n                ],\n                [\n                    "2025-03-17",\n                    3.715\n                ],\n                [\n                    "2025-03-18",\n                    3.71\n                ],\n                [\n                    "2025-03-19",\n                    3.7\n                ],\n                [\n                    "2025-03-20",\n                    3.669\n                ],\n                [\n                    "2025-03-21",\n                    3.612\n                ],\n                [\n                    "2025-03-24",\n                    3.63\n                ],\n                [\n                    "2025-03-25",\n                    3.615\n                ],\n                [\n                    "2025-03-26",\n                    3.622\n                ],\n                [\n                    "2025-03-27",\n                    3.657\n                ],\n                [\n                    "2025-03-28",\n                    3.629\n                ],\n                [\n                    "2025-03-31",\n                    3.615\n                ],\n                [\n                    "2025-04-01",\n                    3.599\n                ],\n                [\n                    "2025-04-02",\n                    3.587\n                ],\n                [\n                    "2025-04-03",\n                    3.568\n                ],\n                [\n                    "2025-04-07",\n                    3.375\n                ],\n                [\n                    "2025-04-08",\n                    3.446\n                ],\n                [\n                    "2025-04-09",\n                    3.483\n                ],\n                [\n                    "2025-04-10",\n                    3.521\n                ],\n                [\n                    "2025-04-11",\n                    3.509\n                ],\n                [\n                    "2025-04-14",\n                    3.487\n                ],\n                [\n                    "2025-04-15",\n                    3.498\n                ],\n                [\n                    "2025-04-16",\n                    3.507\n                ],\n                [\n                    "2025-04-17",\n                    3.519\n                ],\n                [\n                    "2025-04-18",\n                    3.493\n                ],\n                [\n                    "2025-04-21",\n                    3.492\n                ],\n                [\n                    "2025-04-22",\n                    3.502\n                ],\n                [\n                    "2025-04-23",\n                    3.511\n                ],\n                [\n                    "2025-04-24",\n                    3.498\n                ],\n                [\n                    "2025-04-25",\n                    3.498\n                ],\n                [\n                    "2025-04-28",\n                    3.487\n                ],\n                [\n                    "2025-04-29",\n                    3.465\n                ],\n                [\n                    "2025-04-30",\n                    3.46\n                ],\n                [\n                    "2025-05-06",\n                    3.479\n                ],\n                [\n                    "2025-05-07",\n                    3.489\n                ],\n                [\n                    "2025-05-08",\n                    3.509\n                ],\n                [\n                    "2025-05-09",\n                    3.506\n                ],\n                [\n                    "2025-05-12",\n                    3.537\n                ],\n                [\n                    "2025-05-13",\n                    3.53\n                ],\n                [\n                    "2025-05-14",\n                    3.565\n                ],\n                [\n                    "2025-05-15",\n                    3.545\n                ],\n                [\n                    "2025-05-16",\n                    3.532\n                ],\n                [\n                    "2025-05-19",\n                    3.502\n                ],\n                [\n                    "2025-05-20",\n                    3.522\n                ],\n                [\n                    "2025-05-21",\n                    3.523\n                ],\n                [\n                    "2025-05-22",\n                    3.521\n                ],\n                [\n                    "2025-05-23",\n                    3.512\n                ],\n                [\n                    "2025-05-26",\n                    3.465\n                ],\n                [\n                    "2025-05-27",\n                    3.454\n                ],\n                [\n                    "2025-05-28",\n                    3.475\n                ],\n                [\n                    "2025-05-29",\n                    3.482\n                ],\n                [\n                    "2025-05-30",\n                    3.45\n                ],\n                [\n                    "2025-06-03",\n                    3.423\n                ],\n                [\n                    "2025-06-04",\n                    3.428\n                ],\n                [\n                    "2025-06-05",\n                    3.438\n                ],\n                [\n                    "2025-06-06",\n                    3.433\n                ],\n                [\n                    "2025-06-09",\n                    3.419\n                ],\n                [\n                    "2025-06-10",\n                    3.406\n                ],\n                [\n                    "2025-06-11",\n                    3.437\n                ],\n                [\n                    "2025-06-12",\n                    3.402\n                ],\n                [\n                    "2025-06-13",\n                    3.349\n                ],\n                [\n                    "2025-06-16",\n                    3.331\n                ],\n                [\n                    "2025-06-17",\n                    3.326\n                ],\n                [\n                    "2025-06-18",\n                    3.35\n                ],\n                [\n                    "2025-06-19",\n                    3.325\n                ],\n                [\n                    "2025-06-20",\n                    3.358\n                ],\n                [\n                    "2025-06-23",\n                    3.322\n                ],\n                [\n                    "2025-06-24",\n                    3.358\n                ],\n                [\n                    "2025-06-25",\n                    3.375\n                ],\n                [\n                    "2025-06-26",\n                    3.354\n                ],\n                [\n                    "2025-06-27",\n                    3.346\n                ],\n                [\n                    "2025-06-30",\n                    3.351\n                ],\n                [\n                    "2025-07-01",\n                    3.35\n                ],\n                [\n                    "2025-07-02",\n                    3.359\n                ],\n                [\n                    "2025-07-03",\n                    3.377\n                ],\n                [\n                    "2025-07-04",\n                    3.387\n                ],\n                [\n                    "2025-07-07",\n                    3.378\n                ],\n                [\n                    "2025-07-08",\n                    3.381\n                ],\n                [\n                    "2025-07-09",\n                    3.389\n                ],\n                [\n                    "2025-07-10",\n                    3.37\n                ],\n                [\n                    "2025-07-11",\n                    3.382\n                ],\n                [\n                    "2025-07-14",\n                    3.391\n                ],\n                [\n                    "2025-07-15",\n                    3.384\n                ],\n                [\n                    "2025-07-16",\n                    3.382\n                ],\n                [\n                    "2025-07-17",\n                    3.397\n                ],\n                [\n                    "2025-07-18",\n                    3.412\n                ],\n                [\n                    "2025-07-21",\n                    3.413\n                ],\n                [\n                    "2025-07-22",\n                    3.461\n                ],\n                [\n                    "2025-07-23",\n                    3.463\n                ],\n                [\n                    "2025-07-24",\n                    3.474\n                ],\n                [\n                    "2025-07-25",\n                    3.447\n                ],\n                [\n                    "2025-07-28",\n                    3.417\n                ],\n                [\n                    "2025-07-29",\n                    3.399\n                ],\n                [\n                    "2025-07-30",\n                    3.42\n                ],\n                [\n                    "2025-07-31",\n                    3.342\n                ],\n                [\n                    "2025-08-01",\n                    3.348\n                ],\n                [\n                    "2025-08-04",\n                    3.367\n                ],\n                [\n                    "2025-08-05",\n                    3.406\n                ],\n                [\n                    "2025-08-06",\n                    3.416\n                ],\n                [\n                    "2025-08-07",\n                    3.416\n                ],\n                [\n                    "2025-08-08",\n                    3.41\n                ],\n                [\n                    "2025-08-11",\n                    3.448\n                ],\n                [\n                    "2025-08-12",\n                    3.468\n                ],\n                [\n                    "2025-08-13",\n                    3.469\n                ],\n                [\n                    "2025-08-14",\n                    3.458\n                ],\n                [\n                    "2025-08-15",\n                    3.479\n                ],\n                [\n                    "2025-08-18",\n                    3.499\n                ],\n                [\n                    "2025-08-19",\n                    3.526\n                ],\n                [\n                    "2025-08-20",\n                    3.589\n                ],\n                [\n                    "2025-08-21",\n                    3.607\n                ],\n                [\n                    "2025-08-22",\n                    3.624\n                ],\n                [\n                    "2025-08-25",\n                    3.697\n                ],\n                [\n                    "2025-08-26",\n                    3.718\n                ],\n                [\n                    "2025-08-27",\n                    3.628\n                ],\n                [\n                    "2025-08-28",\n                    3.624\n                ],\n                [\n                    "2025-08-29",\n                    3.697\n                ],\n                [\n                    "2025-09-01",\n                    3.698\n                ],\n                [\n                    "2025-09-02",\n                    3.714\n                ],\n                [\n                    "2025-09-03",\n                    3.684\n                ],\n                [\n                    "2025-09-04",\n                    3.648\n                ],\n                [\n                    "2025-09-05",\n                    3.696\n                ],\n                [\n                    "2025-09-08",\n                    3.745\n                ],\n                [\n                    "2025-09-09",\n                    3.769\n                ],\n                [\n                    "2025-09-10",\n                    3.763\n                ],\n                [\n                    "2025-09-11",\n                    3.784\n                ],\n                [\n                    "2025-09-12",\n                    3.752\n                ],\n                [\n                    "2025-09-15",\n                    3.747\n                ],\n                [\n                    "2025-09-16",\n                    3.744\n                ],\n                [\n                    "2025-09-17",\n                    3.75\n                ],\n                [\n                    "2025-09-18",\n                    3.699\n                ],\n                [\n                    "2025-09-19",\n                    3.693\n                ],\n                [\n                    "2025-09-22",\n                    3.65\n                ],\n                [\n                    "2025-09-23",\n                    3.642\n                ],\n                [\n                    "2025-09-24",\n                    3.645\n                ],\n                [\n                    "2025-09-25",\n                    3.616\n                ],\n                [\n                    "2025-09-26",\n                    3.608\n                ],\n                [\n                    "2025-09-29",\n                    3.643\n                ],\n                [\n                    "2025-09-30",\n                    3.647\n                ],\n                [\n                    "2025-10-09",\n                    3.621\n                ],\n                [\n                    "2025-10-10",\n                    3.614\n                ],\n                [\n                    "2025-10-13",\n                    3.553\n                ],\n                [\n                    "2025-10-14",\n                    3.564\n                ],\n                [\n                    "2025-10-15",\n                    3.589\n                ],\n                [\n                    "2025-10-16",\n                    3.616\n                ],\n                [\n                    "2025-10-17",\n                    3.547\n                ],\n                [\n                    "2025-10-20",\n                    3.547\n                ],\n                [\n                    "2025-10-21",\n                    3.558\n                ],\n                [\n                    "2025-10-22",\n                    3.541\n                ],\n                [\n                    "2025-10-23",\n                    3.577\n                ],\n                [\n                    "2025-10-24",\n                    3.551\n                ],\n                [\n                    "2025-10-27",\n                    3.552\n                ],\n                [\n                    "2025-10-28",\n                    3.552\n                ],\n                [\n                    "2025-10-29",\n                    3.55\n                ],\n                [\n                    "2025-10-30",\n                    3.552\n                ],\n                [\n                    "2025-10-31",\n                    3.592\n                ],\n                [\n                    "2025-11-03",\n                    3.582\n                ],\n                [\n                    "2025-11-04",\n                    3.549\n                ],\n                [\n                    "2025-11-05",\n                    3.542\n                ],\n                [\n                    "2025-11-06",\n                    3.564\n                ],\n                [\n                    "2025-11-07",\n                    3.557\n                ],\n                [\n                    "2025-11-10",\n                    3.641\n                ],\n                [\n                    "2025-11-11",\n                    3.637\n                ],\n                [\n                    "2025-11-12",\n                    3.637\n                ],\n                [\n                    "2025-11-13",\n                    3.647\n                ],\n                [\n                    "2025-11-14",\n                    3.6\n                ],\n                [\n                    "2025-11-17",\n                    3.576\n                ],\n                [\n                    "2025-11-18",\n                    3.559\n                ],\n                [\n                    "2025-11-19",\n                    3.573\n                ],\n                [\n                    "2025-11-20",\n                    3.566\n                ],\n                [\n                    "2025-11-21",\n                    3.557\n                ],\n                [\n                    "2025-11-24",\n                    3.546\n                ],\n                [\n                    "2025-11-25",\n                    3.55\n                ],\n                [\n                    "2025-11-26",\n                    3.569\n                ],\n                [\n                    "2025-11-27",\n                    3.57\n                ],\n                [\n                    "2025-11-28",\n                    3.588\n                ],\n                [\n                    "2025-12-01",\n                    3.599\n                ],\n                [\n                    "2025-12-02",\n                    3.583\n                ],\n                [\n                    "2025-12-03",\n                    3.566\n                ],\n                [\n                    "2025-12-04",\n                    3.542\n                ],\n                [\n                    "2025-12-05",\n                    3.557\n                ],\n                [\n                    "2025-12-08",\n                    3.523\n                ],\n                [\n                    "2025-12-09",\n                    3.485\n                ],\n                [\n                    "2025-12-10",\n                    3.513\n                ],\n                [\n                    "2025-12-11",\n                    3.499\n                ],\n                [\n                    "2025-12-12",\n                    3.517\n                ],\n                [\n                    "2025-12-15",\n                    3.517\n                ],\n                [\n                    "2025-12-16",\n                    3.501\n                ],\n                [\n                    "2025-12-17",\n                    3.521\n                ],\n                [\n                    "2025-12-18",\n                    3.504\n                ],\n                [\n                    "2025-12-19",\n                    3.513\n                ],\n                [\n                    "2025-12-22",\n                    3.507\n                ],\n                [\n                    "2025-12-23",\n                    3.486\n                ],\n                [\n                    "2025-12-24",\n                    3.466\n                ],\n                [\n                    "2025-12-25",\n                    3.489\n                ],\n                [\n                    "2025-12-26",\n                    3.486\n                ],\n                [\n                    "2025-12-29",\n                    3.454\n                ],\n                [\n                    "2025-12-30",\n                    3.466\n                ],\n                [\n                    "2025-12-31",\n                    3.443\n                ],\n                [\n                    "2026-01-05",\n                    3.489\n                ],\n                [\n                    "2026-01-06",\n                    3.495\n                ],\n                [\n                    "2026-01-07",\n                    3.479\n                ],\n                [\n                    "2026-01-08",\n                    3.455\n                ],\n                [\n                    "2026-01-09",\n                    3.463\n                ],\n                [\n                    "2026-01-12",\n                    3.463\n                ],\n                [\n                    "2026-01-13",\n                    3.418\n                ],\n                [\n                    "2026-01-14",\n                    3.392\n                ],\n                [\n                    "2026-01-15",\n                    3.394\n                ],\n                [\n                    "2026-01-16",\n                    3.387\n                ],\n                [\n                    "2026-01-19",\n                    3.386\n                ],\n                [\n                    "2026-01-20",\n                    3.396\n                ],\n                [\n                    "2026-01-21",\n                    3.354\n                ],\n                [\n                    "2026-01-22",\n                    3.338\n                ],\n                [\n                    "2026-01-23",\n                    3.322\n                ],\n                [\n                    "2026-01-26",\n                    3.306\n                ],\n                [\n                    "2026-01-27",\n                    3.292\n                ],\n                [\n                    "2026-01-28",\n                    3.293\n                ],\n                [\n                    "2026-01-29",\n                    3.42\n                ],\n                [\n                    "2026-01-30",\n                    3.348\n                ],\n                [\n                    "2026-02-02",\n                    3.351\n                ],\n                [\n                    "2026-02-03",\n                    3.383\n                ],\n                [\n                    "2026-02-04",\n                    3.472\n                ],\n                [\n                    "2026-02-05",\n                    3.496\n                ],\n                [\n                    "2026-02-06",\n                    3.444\n                ],\n                [\n                    "2026-02-09",\n                    3.436\n                ],\n                [\n                    "2026-02-10",\n                    3.407\n                ],\n                [\n                    "2026-02-11",\n                    3.406\n                ],\n                [\n                    "2026-02-12",\n                    3.372\n                ],\n                [\n                    "2026-02-13",\n                    3.361\n                ],\n                [\n                    "2026-02-24",\n                    3.353\n                ],\n                [\n                    "2026-02-25",\n                    3.361\n                ],\n                [\n                    "2026-02-26",\n                    3.311\n                ],\n                [\n                    "2026-02-27",\n                    3.294\n                ],\n                [\n                    "2026-03-02",\n                    3.262\n                ],\n                [\n                    "2026-03-03",\n                    3.227\n                ],\n                [\n                    "2026-03-04",\n                    3.177\n                ],\n                [\n                    "2026-03-05",\n                    3.194\n                ],\n                [\n                    "2026-03-06",\n                    3.233\n                ],\n                [\n                    "2026-03-09",\n                    3.197\n                ],\n                [\n                    "2026-03-10",\n                    3.224\n                ],\n                [\n                    "2026-03-11",\n                    3.243\n                ],\n                [\n                    "2026-03-12",\n                    3.239\n                ],\n                [\n                    "2026-03-13",\n                    3.245\n                ],\n                [\n                    "2026-03-16",\n                    3.282\n                ],\n                [\n                    "2026-03-17",\n                    3.279\n                ],\n                [\n                    "2026-03-18",\n                    3.252\n                ],\n                [\n                    "2026-03-19",\n                    3.203\n                ],\n                [\n                    "2026-03-20",\n                    3.188\n                ],\n                [\n                    "2026-03-23",\n                    3.102\n                ],\n                [\n                    "2026-03-24",\n                    3.121\n                ],\n                [\n                    "2026-03-25",\n                    3.148\n                ],\n                [\n                    "2026-03-26",\n                    3.101\n                ],\n                [\n                    "2026-03-27",\n                    3.138\n                ],\n                [\n                    "2026-03-30",\n                    3.117\n                ],\n                [\n                    "2026-03-31",\n                    3.11\n                ],\n                [\n                    "2026-04-01",\n                    3.155\n                ],\n                [\n                    "2026-04-02",\n                    3.171\n                ],\n                [\n                    "2026-04-03",\n                    3.13\n                ],\n                [\n                    "2026-04-07",\n                    3.107\n                ],\n                [\n                    "2026-04-08",\n                    3.162\n                ],\n                [\n                    "2026-04-09",\n                    3.124\n                ],\n                [\n                    "2026-04-10",\n                    3.128\n                ],\n                [\n                    "2026-04-13",\n                    3.11\n                ],\n                [\n                    "2026-04-14",\n                    3.135\n                ],\n                [\n                    "2026-04-15",\n                    3.152\n                ],\n                [\n                    "2026-04-16",\n                    3.181\n                ]\n            ],\n            "hoverAnimation": true,\n            "label": {\n                "show": false,\n                "margin": 8,\n                "richInheritPlainLabel": true,\n                "valueAnimation": false\n            },\n            "logBase": 10,\n            "seriesLayoutBy": "column",\n            "lineStyle": {\n                "show": false,\n                "width": 2.5,\n                "color": "#2196F3"\n            },\n            "areaStyle": {\n                "opacity": 0\n            },\n            "zlevel": 0,\n            "z": 0\n        },\n        {\n            "type": "line",\n            "name": "MA5",\n            "connectNulls": false,\n            "xAxisIndex": 0,\n            "symbolSize": 4,\n            "showSymbol": false,\n            "smooth": true,\n            "clip": true,\n            "step": false,\n            "stackStrategy": "samesign",\n            "data": [\n                [\n                    "2010-08-20",\n                    null\n                ],\n                [\n                    "2010-08-27",\n                    null\n                ],\n                [\n                    "2010-09-03",\n                    null\n                ],\n                [\n                    "2010-09-10",\n                    null\n                ],\n                [\n                    "2010-09-17",\n                    1.0033999999999998\n                ],\n                [\n                    "2010-09-21",\n                    1.0044\n                ],\n                [\n                    "2010-09-30",\n                    1.0056\n                ],\n                [\n                    "2010-10-08",\n                    1.0070000000000001\n                ],\n                [\n                    "2010-10-15",\n                    1.0046\n                ],\n                [\n                    "2010-10-22",\n                    1.0058\n                ],\n                [\n                    "2010-10-26",\n                    1.0086\n                ],\n                [\n                    "2010-10-27",\n                    1.01\n                ],\n                [\n                    "2010-10-28",\n                    1.01\n                ],\n                [\n                    "2010-10-29",\n                    1.0146\n                ],\n                [\n                    "2010-11-01",\n                    1.0178\n                ],\n                [\n                    "2010-11-02",\n                    1.0188\n                ],\n                [\n                    "2010-11-03",\n                    1.0208\n                ],\n                [\n                    "2010-11-04",\n                    1.0242\n                ],\n                [\n                    "2010-11-05",\n                    1.0274\n                ],\n                [\n                    "2010-11-08",\n                    1.0298000000000003\n                ],\n                [\n                    "2010-11-09",\n                    1.034\n                ],\n                [\n                    "2010-11-10",\n                    1.0408000000000002\n                ],\n                [\n                    "2010-11-11",\n                    1.045\n                ],\n                [\n                    "2010-11-12",\n                    1.0424\n                ],\n                [\n                    "2010-11-15",\n                    1.0432\n                ],\n                [\n                    "2010-11-16",\n                    1.0395999999999999\n                ],\n                [\n                    "2010-11-17",\n                    1.0284\n                ],\n                [\n                    "2010-11-18",\n                    1.0201999999999998\n                ],\n                [\n                    "2010-11-19",\n                    1.0214\n                ],\n                [\n                    "2010-11-22",\n                    1.0192\n                ],\n                [\n                    "2010-11-23",\n                    1.0182\n                ],\n                [\n                    "2010-11-24",\n                    1.025\n                ],\n                [\n                    "2010-11-25",\n                    1.0318\n                ],\n                [\n                    "2010-11-26",\n                    1.035\n                ],\n                [\n                    "2010-11-29",\n                    1.0376\n                ],\n                [\n                    "2010-11-30",\n                    1.0388\n                ],\n                [\n                    "2010-12-01",\n                    1.0364\n                ],\n                [\n                    "2010-12-02",\n                    1.0315999999999999\n                ],\n                [\n                    "2010-12-03",\n                    1.026\n                ],\n                [\n                    "2010-12-06",\n                    1.0176000000000003\n                ],\n                [\n                    "2010-12-07",\n                    1.0138\n                ],\n                [\n                    "2010-12-08",\n                    1.0106\n                ],\n                [\n                    "2010-12-09",\n                    1.0051999999999999\n                ],\n                [\n                    "2010-12-10",\n                    1.0022\n                ],\n                [\n                    "2010-12-13",\n                    1.0054\n                ],\n                [\n                    "2010-12-14",\n                    1.0078\n                ],\n                [\n                    "2010-12-15",\n                    1.0093999999999999\n                ],\n                [\n                    "2010-12-16",\n                    1.0133999999999999\n                ],\n                [\n                    "2010-12-17",\n                    1.0155999999999998\n                ],\n                [\n                    "2010-12-20",\n                    1.0124\n                ],\n                [\n                    "2010-12-21",\n                    1.009\n                ],\n                [\n                    "2010-12-22",\n                    1.0048\n                ],\n                [\n                    "2010-12-23",\n                    0.9992000000000001\n                ],\n                [\n                    "2010-12-24",\n                    0.9922000000000001\n                ],\n                [\n                    "2010-12-27",\n                    0.9833999999999999\n                ],\n                [\n                    "2010-12-28",\n                    0.9729999999999999\n                ],\n                [\n                    "2010-12-29",\n                    0.9666\n                ],\n                [\n                    "2010-12-30",\n                    0.9628\n                ],\n                [\n                    "2010-12-31",\n                    0.9644\n                ],\n                [\n                    "2011-01-04",\n                    0.97\n                ],\n                [\n                    "2011-01-05",\n                    0.9756\n                ],\n                [\n                    "2011-01-06",\n                    0.978\n                ],\n                [\n                    "2011-01-07",\n                    0.9789999999999999\n                ],\n                [\n                    "2011-01-10",\n                    0.9728\n                ],\n                [\n                    "2011-01-11",\n                    0.9656\n                ],\n                [\n                    "2011-01-12",\n                    0.9597999999999999\n                ],\n                [\n                    "2011-01-13",\n                    0.9561999999999999\n                ],\n                [\n                    "2011-01-14",\n                    0.9516\n                ],\n                [\n                    "2011-01-17",\n                    0.9448000000000001\n                ],\n                [\n                    "2011-01-18",\n                    0.9402000000000001\n                ],\n                [\n                    "2011-01-19",\n                    0.938\n                ],\n                [\n                    "2011-01-20",\n                    0.9298\n                ],\n                [\n                    "2011-01-21",\n                    0.9224\n                ],\n                [\n                    "2011-01-24",\n                    0.9176\n                ],\n                [\n                    "2011-01-25",\n                    0.9096\n                ],\n                [\n                    "2011-01-26",\n                    0.901\n                ],\n                [\n                    "2011-01-27",\n                    0.8987999999999999\n                ],\n                [\n                    "2011-01-28",\n                    0.8996000000000001\n                ],\n                [\n                    "2011-01-31",\n                    0.9054\n                ],\n                [\n                    "2011-02-01",\n                    0.9122\n                ],\n                [\n                    "2011-02-09",\n                    0.9164\n                ],\n                [\n                    "2011-02-10",\n                    0.9234\n                ],\n                [\n                    "2011-02-11",\n                    0.9301999999999999\n                ],\n                [\n                    "2011-02-14",\n                    0.938\n                ],\n                [\n                    "2011-02-15",\n                    0.9452\n                ],\n                [\n                    "2011-02-16",\n                    0.954\n                ],\n                [\n                    "2011-02-17",\n                    0.9571999999999999\n                ],\n                [\n                    "2011-02-18",\n                    0.9578\n                ],\n                [\n                    "2011-02-21",\n                    0.9587999999999999\n                ],\n                [\n                    "2011-02-22",\n                    0.9571999999999999\n                ],\n                [\n                    "2011-02-23",\n                    0.9551999999999999\n                ],\n                [\n                    "2011-02-24",\n                    0.9541999999999999\n                ],\n                [\n                    "2011-02-25",\n                    0.9545999999999999\n                ],\n                [\n                    "2011-02-28",\n                    0.9545999999999999\n                ],\n                [\n                    "2011-03-01",\n                    0.9597999999999999\n                ],\n                [\n                    "2011-03-02",\n                    0.9648\n                ],\n                [\n                    "2011-03-03",\n                    0.9673999999999999\n                ],\n                [\n                    "2011-03-04",\n                    0.9709999999999999\n                ],\n                [\n                    "2011-03-07",\n                    0.9738\n                ],\n                [\n                    "2011-03-08",\n                    0.976\n                ],\n                [\n                    "2011-03-09",\n                    0.978\n                ],\n                [\n                    "2011-03-10",\n                    0.9822\n                ],\n                [\n                    "2011-03-11",\n                    0.9836\n                ],\n                [\n                    "2011-03-14",\n                    0.9847999999999999\n                ],\n                [\n                    "2011-03-15",\n                    0.9816\n                ],\n                [\n                    "2011-03-16",\n                    0.9802\n                ],\n                [\n                    "2011-03-17",\n                    0.976\n                ],\n                [\n                    "2011-03-18",\n                    0.9732\n                ],\n                [\n                    "2011-03-21",\n                    0.9672000000000001\n                ],\n                [\n                    "2011-03-22",\n                    0.9644\n                ],\n                [\n                    "2011-03-23",\n                    0.9611999999999998\n                ],\n                [\n                    "2011-03-24",\n                    0.9606\n                ],\n                [\n                    "2011-03-25",\n                    0.9603999999999999\n                ],\n                [\n                    "2011-03-28",\n                    0.9591999999999998\n                ],\n                [\n                    "2011-03-29",\n                    0.9548\n                ],\n                [\n                    "2011-03-30",\n                    0.9481999999999999\n                ],\n                [\n                    "2011-03-31",\n                    0.9418000000000001\n                ],\n                [\n                    "2011-04-01",\n                    0.9356\n                ],\n                [\n                    "2011-04-06",\n                    0.9301999999999999\n                ],\n                [\n                    "2011-04-07",\n                    0.9294\n                ],\n                [\n                    "2011-04-08",\n                    0.9318\n                ],\n                [\n                    "2011-04-11",\n                    0.933\n                ],\n                [\n                    "2011-04-12",\n                    0.9336\n                ],\n                [\n                    "2011-04-13",\n                    0.9388\n                ],\n                [\n                    "2011-04-14",\n                    0.9423999999999999\n                ],\n                [\n                    "2011-04-15",\n                    0.943\n                ],\n                [\n                    "2011-04-18",\n                    0.945\n                ],\n                [\n                    "2011-04-19",\n                    0.9471999999999999\n                ],\n                [\n                    "2011-04-20",\n                    0.9480000000000001\n                ],\n                [\n                    "2011-04-21",\n                    0.9496\n                ],\n                [\n                    "2011-04-22",\n                    0.951\n                ],\n                [\n                    "2011-04-25",\n                    0.9544\n                ],\n                [\n                    "2011-04-26",\n                    0.9549999999999998\n                ],\n                [\n                    "2011-04-27",\n                    0.953\n                ],\n                [\n                    "2011-04-28",\n                    0.9465999999999999\n                ],\n                [\n                    "2011-04-29",\n                    0.943\n                ],\n                [\n                    "2011-05-03",\n                    0.9401999999999999\n                ],\n                [\n                    "2011-05-04",\n                    0.9378\n                ],\n                [\n                    "2011-05-05",\n                    0.9389999999999998\n                ],\n                [\n                    "2011-05-06",\n                    0.9452\n                ],\n                [\n                    "2011-05-09",\n                    0.9498\n                ],\n                [\n                    "2011-05-10",\n                    0.9511999999999998\n                ],\n                [\n                    "2011-05-11",\n                    0.9551999999999999\n                ],\n                [\n                    "2011-05-12",\n                    0.9565999999999999\n                ],\n                [\n                    "2011-05-13",\n                    0.9568\n                ],\n                [\n                    "2011-05-16",\n                    0.9561999999999999\n                ],\n                [\n                    "2011-05-17",\n                    0.9545999999999999\n                ],\n                [\n                    "2011-05-18",\n                    0.954\n                ],\n                [\n                    "2011-05-19",\n                    0.954\n                ],\n                [\n                    "2011-05-20",\n                    0.954\n                ],\n                [\n                    "2011-05-23",\n                    0.9486000000000001\n                ],\n                [\n                    "2011-05-24",\n                    0.9438000000000001\n                ],\n                [\n                    "2011-05-25",\n                    0.9352\n                ],\n                [\n                    "2011-05-26",\n                    0.9252\n                ],\n                [\n                    "2011-05-27",\n                    0.9128000000000001\n                ],\n                [\n                    "2011-05-30",\n                    0.9066000000000001\n                ],\n                [\n                    "2011-05-31",\n                    0.9030000000000001\n                ],\n                [\n                    "2011-06-01",\n                    0.9040000000000001\n                ],\n                [\n                    "2011-06-02",\n                    0.9054\n                ],\n                [\n                    "2011-06-03",\n                    0.9120000000000001\n                ],\n                [\n                    "2011-06-07",\n                    0.9186\n                ],\n                [\n                    "2011-06-08",\n                    0.924\n                ],\n                [\n                    "2011-06-09",\n                    0.9242000000000001\n                ],\n                [\n                    "2011-06-10",\n                    0.9260000000000002\n                ],\n                [\n                    "2011-06-13",\n                    0.923\n                ],\n                [\n                    "2011-06-14",\n                    0.921\n                ],\n                [\n                    "2011-06-15",\n                    0.9176\n                ],\n                [\n                    "2011-06-16",\n                    0.9148\n                ],\n                [\n                    "2011-06-17",\n                    0.9098\n                ],\n                [\n                    "2011-06-20",\n                    0.9048\n                ],\n                [\n                    "2011-06-21",\n                    0.9004\n                ],\n                [\n                    "2011-06-22",\n                    0.8981999999999999\n                ],\n                [\n                    "2011-06-23",\n                    0.9002000000000001\n                ],\n                [\n                    "2011-06-24",\n                    0.9061999999999999\n                ],\n                [\n                    "2011-06-27",\n                    0.916\n                ],\n                [\n                    "2011-06-28",\n                    0.9234000000000002\n                ],\n                [\n                    "2011-06-29",\n                    0.9282\n                ],\n                [\n                    "2011-06-30",\n                    0.9332\n                ],\n                [\n                    "2011-07-01",\n                    0.9358000000000001\n                ],\n                [\n                    "2011-07-04",\n                    0.9410000000000001\n                ],\n                [\n                    "2011-07-05",\n                    0.9468\n                ],\n                [\n                    "2011-07-06",\n                    0.9538\n                ],\n                [\n                    "2011-07-07",\n                    0.9606\n                ],\n                [\n                    "2011-07-08",\n                    0.9676\n                ],\n                [\n                    "2011-07-11",\n                    0.9730000000000001\n                ],\n                [\n                    "2011-07-12",\n                    0.9772000000000001\n                ],\n                [\n                    "2011-07-13",\n                    0.9847999999999999\n                ],\n                [\n                    "2011-07-14",\n                    0.9893999999999998\n                ],\n                [\n                    "2011-07-15",\n                    0.994\n                ],\n                [\n                    "2011-07-18",\n                    0.9972\n                ],\n                [\n                    "2011-07-19",\n                    0.9983999999999998\n                ],\n                [\n                    "2011-07-20",\n                    0.9972\n                ],\n                [\n                    "2011-07-21",\n                    0.9975999999999999\n                ],\n                [\n                    "2011-07-22",\n                    0.9975999999999999\n                ],\n                [\n                    "2011-07-25",\n                    0.9906\n                ],\n                [\n                    "2011-07-26",\n                    0.9869999999999999\n                ],\n                [\n                    "2011-07-27",\n                    0.985\n                ],\n                [\n                    "2011-07-28",\n                    0.9822\n                ],\n                [\n                    "2011-07-29",\n                    0.9777999999999999\n                ],\n                [\n                    "2011-08-01",\n                    0.9785999999999999\n                ],\n                [\n                    "2011-08-02",\n                    0.9778\n                ],\n                [\n                    "2011-08-03",\n                    0.976\n                ],\n                [\n                    "2011-08-04",\n                    0.9756\n                ],\n                [\n                    "2011-08-05",\n                    0.9756\n                ],\n                [\n                    "2011-08-08",\n                    0.9732\n                ],\n                [\n                    "2011-08-09",\n                    0.9730000000000001\n                ],\n                [\n                    "2011-08-10",\n                    0.9742\n                ],\n                [\n                    "2011-08-11",\n                    0.9794\n                ],\n                [\n                    "2011-08-12",\n                    0.986\n                ],\n                [\n                    "2011-08-15",\n                    0.9958\n                ],\n                [\n                    "2011-08-16",\n                    1.0026\n                ],\n                [\n                    "2011-08-17",\n                    1.0064\n                ],\n                [\n                    "2011-08-18",\n                    1.0028\n                ],\n                [\n                    "2011-08-19",\n                    0.9987999999999999\n                ],\n                [\n                    "2011-08-22",\n                    0.9904\n                ],\n                [\n                    "2011-08-23",\n                    0.985\n                ],\n                [\n                    "2011-08-24",\n                    0.9794\n                ],\n                [\n                    "2011-08-25",\n                    0.9792\n                ],\n                [\n                    "2011-08-26",\n                    0.9788\n                ],\n                [\n                    "2011-08-29",\n                    0.9833999999999999\n                ],\n                [\n                    "2011-08-30",\n                    0.9858\n                ],\n                [\n                    "2011-08-31",\n                    0.9888\n                ],\n                [\n                    "2011-09-01",\n                    0.9870000000000001\n                ],\n                [\n                    "2011-09-02",\n                    0.9833999999999999\n                ],\n                [\n                    "2011-09-05",\n                    0.9771999999999998\n                ],\n                [\n                    "2011-09-06",\n                    0.9696\n                ],\n                [\n                    "2011-09-07",\n                    0.9650000000000001\n                ],\n                [\n                    "2011-09-08",\n                    0.961\n                ],\n                [\n                    "2011-09-09",\n                    0.9574\n                ],\n                [\n                    "2011-09-13",\n                    0.9538\n                ],\n                [\n                    "2011-09-14",\n                    0.953\n                ],\n                [\n                    "2011-09-15",\n                    0.9492\n                ],\n                [\n                    "2011-09-16",\n                    0.9468\n                ],\n                [\n                    "2011-09-19",\n                    0.9434000000000001\n                ],\n                [\n                    "2011-09-20",\n                    0.9414\n                ],\n                [\n                    "2011-09-21",\n                    0.9421999999999999\n                ],\n                [\n                    "2011-09-22",\n                    0.9396000000000001\n                ],\n                [\n                    "2011-09-23",\n                    0.9332\n                ],\n                [\n                    "2011-09-26",\n                    0.9262\n                ],\n                [\n                    "2011-09-27",\n                    0.921\n                ],\n                [\n                    "2011-09-28",\n                    0.9114000000000001\n                ],\n                [\n                    "2011-09-29",\n                    0.9026\n                ],\n                [\n                    "2011-09-30",\n                    0.8969999999999999\n                ],\n                [\n                    "2011-10-10",\n                    0.8922000000000001\n                ],\n                [\n                    "2011-10-11",\n                    0.8846\n                ],\n                [\n                    "2011-10-12",\n                    0.8826\n                ],\n                [\n                    "2011-10-13",\n                    0.8846\n                ],\n                [\n                    "2011-10-14",\n                    0.8862\n                ],\n                [\n                    "2011-10-17",\n                    0.8924\n                ],\n                [\n                    "2011-10-18",\n                    0.898\n                ],\n                [\n                    "2011-10-19",\n                    0.8981999999999999\n                ],\n                [\n                    "2011-10-20",\n                    0.893\n                ],\n                [\n                    "2011-10-21",\n                    0.8874000000000001\n                ],\n                [\n                    "2011-10-24",\n                    0.883\n                ],\n                [\n                    "2011-10-25",\n                    0.8837999999999999\n                ],\n                [\n                    "2011-10-26",\n                    0.8876\n                ],\n                [\n                    "2011-10-27",\n                    0.8956\n                ],\n                [\n                    "2011-10-28",\n                    0.9064\n                ],\n                [\n                    "2011-10-31",\n                    0.9141999999999999\n                ],\n                [\n                    "2011-11-01",\n                    0.9194000000000001\n                ],\n                [\n                    "2011-11-02",\n                    0.9254\n                ],\n                [\n                    "2011-11-03",\n                    0.9316000000000001\n                ],\n                [\n                    "2011-11-04",\n                    0.9372\n                ],\n                [\n                    "2011-11-07",\n                    0.942\n                ],\n                [\n                    "2011-11-08",\n                    0.9452\n                ],\n                [\n                    "2011-11-09",\n                    0.9468\n                ],\n                [\n                    "2011-11-10",\n                    0.9468\n                ],\n                [\n                    "2011-11-11",\n                    0.9453999999999999\n                ],\n                [\n                    "2011-11-14",\n                    0.9463999999999999\n                ],\n                [\n                    "2011-11-15",\n                    0.9475999999999999\n                ],\n                [\n                    "2011-11-16",\n                    0.9446\n                ],\n                [\n                    "2011-11-17",\n                    0.9423999999999999\n                ],\n                [\n                    "2011-11-18",\n                    0.9380000000000001\n                ],\n                [\n                    "2011-11-21",\n                    0.9316000000000001\n                ],\n                [\n                    "2011-11-22",\n                    0.9266\n                ],\n                [\n                    "2011-11-23",\n                    0.9246000000000001\n                ],\n                [\n                    "2011-11-24",\n                    0.9232000000000001\n                ],\n                [\n                    "2011-11-25",\n                    0.9234\n                ],\n                [\n                    "2011-11-28",\n                    0.9244\n                ],\n                [\n                    "2011-11-29",\n                    0.9262\n                ],\n                [\n                    "2011-11-30",\n                    0.9246000000000001\n                ],\n                [\n                    "2011-12-01",\n                    0.9242000000000001\n                ],\n                [\n                    "2011-12-02",\n                    0.9226000000000001\n                ],\n                [\n                    "2011-12-05",\n                    0.9168000000000001\n                ],\n                [\n                    "2011-12-06",\n                    0.9082000000000001\n                ],\n                [\n                    "2011-12-07",\n                    0.9034000000000001\n                ],\n                [\n                    "2011-12-08",\n                    0.8968\n                ],\n                [\n                    "2011-12-09",\n                    0.8896000000000001\n                ],\n                [\n                    "2011-12-12",\n                    0.8838000000000001\n                ],\n                [\n                    "2011-12-13",\n                    0.8764\n                ],\n                [\n                    "2011-12-14",\n                    0.8674\n                ],\n                [\n                    "2011-12-15",\n                    0.858\n                ],\n                [\n                    "2011-12-16",\n                    0.8533999999999999\n                ],\n                [\n                    "2011-12-19",\n                    0.8507999999999999\n                ],\n                [\n                    "2011-12-20",\n                    0.851\n                ],\n                [\n                    "2011-12-21",\n                    0.8507999999999999\n                ],\n                [\n                    "2011-12-22",\n                    0.8513999999999999\n                ],\n                [\n                    "2011-12-23",\n                    0.8503999999999999\n                ],\n                [\n                    "2011-12-26",\n                    0.8474\n                ],\n                [\n                    "2011-12-27",\n                    0.8404\n                ],\n                [\n                    "2011-12-28",\n                    0.8346\n                ],\n                [\n                    "2011-12-29",\n                    0.8298\n                ],\n                [\n                    "2011-12-30",\n                    0.8268000000000001\n                ],\n                [\n                    "2011-12-31",\n                    0.8257999999999999\n                ],\n                [\n                    "2012-01-04",\n                    0.8242\n                ],\n                [\n                    "2012-01-05",\n                    0.8182\n                ],\n                [\n                    "2012-01-06",\n                    0.8106\n                ],\n                [\n                    "2012-01-09",\n                    0.8034000000000001\n                ],\n                [\n                    "2012-01-10",\n                    0.8002\n                ],\n                [\n                    "2012-01-11",\n                    0.8012\n                ],\n                [\n                    "2012-01-12",\n                    0.8051999999999999\n                ],\n                [\n                    "2012-01-13",\n                    0.8054\n                ],\n                [\n                    "2012-01-16",\n                    0.7973999999999999\n                ],\n                [\n                    "2012-01-17",\n                    0.7906000000000001\n                ],\n                [\n                    "2012-01-18",\n                    0.7807999999999999\n                ],\n                [\n                    "2012-01-19",\n                    0.775\n                ],\n                [\n                    "2012-01-20",\n                    0.7772\n                ],\n                [\n                    "2012-01-30",\n                    0.7836000000000001\n                ],\n                [\n                    "2012-01-31",\n                    0.7852\n                ],\n                [\n                    "2012-02-01",\n                    0.79\n                ],\n                [\n                    "2012-02-02",\n                    0.7938000000000001\n                ],\n                [\n                    "2012-02-03",\n                    0.7952\n                ],\n                [\n                    "2012-02-06",\n                    0.7992000000000001\n                ],\n                [\n                    "2012-02-07",\n                    0.8008000000000001\n                ],\n                [\n                    "2012-02-08",\n                    0.805\n                ],\n                [\n                    "2012-02-09",\n                    0.8086\n                ],\n                [\n                    "2012-02-10",\n                    0.8106\n                ],\n                [\n                    "2012-02-13",\n                    0.813\n                ],\n                [\n                    "2012-02-14",\n                    0.8175999999999999\n                ],\n                [\n                    "2012-02-15",\n                    0.8215999999999999\n                ],\n                [\n                    "2012-02-16",\n                    0.8251999999999999\n                ],\n                [\n                    "2012-02-17",\n                    0.8286\n                ],\n                [\n                    "2012-02-20",\n                    0.8303999999999998\n                ],\n                [\n                    "2012-02-21",\n                    0.833\n                ],\n                [\n                    "2012-02-22",\n                    0.8358000000000001\n                ],\n                [\n                    "2012-02-23",\n                    0.8395999999999999\n                ],\n                [\n                    "2012-02-24",\n                    0.8455999999999999\n                ],\n                [\n                    "2012-02-27",\n                    0.8523999999999999\n                ],\n                [\n                    "2012-02-28",\n                    0.8577999999999999\n                ],\n                [\n                    "2012-02-29",\n                    0.8606\n                ],\n                [\n                    "2012-03-01",\n                    0.8629999999999999\n                ],\n                [\n                    "2012-03-02",\n                    0.8657999999999999\n                ],\n                [\n                    "2012-03-05",\n                    0.8667999999999999\n                ],\n                [\n                    "2012-03-06",\n                    0.867\n                ],\n                [\n                    "2012-03-07",\n                    0.8684000000000001\n                ],\n                [\n                    "2012-03-08",\n                    0.8702\n                ],\n                [\n                    "2012-03-09",\n                    0.8728\n                ],\n                [\n                    "2012-03-12",\n                    0.8766\n                ],\n                [\n                    "2012-03-13",\n                    0.8836\n                ],\n                [\n                    "2012-03-14",\n                    0.8870000000000001\n                ],\n                [\n                    "2012-03-15",\n                    0.891\n                ],\n                [\n                    "2012-03-16",\n                    0.8956\n                ],\n                [\n                    "2012-03-19",\n                    0.8994\n                ],\n                [\n                    "2012-03-20",\n                    0.897\n                ],\n                [\n                    "2012-03-21",\n                    0.8962\n                ],\n                [\n                    "2012-03-22",\n                    0.893\n                ],\n                [\n                    "2012-03-23",\n                    0.8837999999999999\n                ],\n                [\n                    "2012-03-26",\n                    0.876\n                ],\n                [\n                    "2012-03-27",\n                    0.8704000000000001\n                ],\n                [\n                    "2012-03-28",\n                    0.8615999999999999\n                ],\n                [\n                    "2012-03-29",\n                    0.8523999999999999\n                ],\n                [\n                    "2012-03-30",\n                    0.845\n                ],\n                [\n                    "2012-03-31",\n                    0.8366\n                ],\n                [\n                    "2012-04-05",\n                    0.8343999999999999\n                ],\n                [\n                    "2012-04-06",\n                    0.8378\n                ],\n                [\n                    "2012-04-09",\n                    0.8413999999999999\n                ],\n                [\n                    "2012-04-10",\n                    0.8455999999999999\n                ],\n                [\n                    "2012-04-11",\n                    0.85\n                ],\n                [\n                    "2012-04-12",\n                    0.8523999999999999\n                ],\n                [\n                    "2012-04-13",\n                    0.8539999999999999\n                ],\n                [\n                    "2012-04-16",\n                    0.8564\n                ],\n                [\n                    "2012-04-17",\n                    0.8564\n                ],\n                [\n                    "2012-04-18",\n                    0.8593999999999999\n                ],\n                [\n                    "2012-04-19",\n                    0.8592000000000001\n                ],\n                [\n                    "2012-04-20",\n                    0.8596\n                ],\n                [\n                    "2012-04-23",\n                    0.8586\n                ],\n                [\n                    "2012-04-24",\n                    0.859\n                ],\n                [\n                    "2012-04-25",\n                    0.8583999999999999\n                ],\n                [\n                    "2012-04-26",\n                    0.8603999999999999\n                ],\n                [\n                    "2012-04-27",\n                    0.8618\n                ],\n                [\n                    "2012-05-02",\n                    0.866\n                ],\n                [\n                    "2012-05-03",\n                    0.8722\n                ],\n                [\n                    "2012-05-04",\n                    0.8789999999999999\n                ],\n                [\n                    "2012-05-07",\n                    0.8854\n                ],\n                [\n                    "2012-05-08",\n                    0.8914\n                ],\n                [\n                    "2012-05-09",\n                    0.8932\n                ],\n                [\n                    "2012-05-10",\n                    0.8940000000000001\n                ],\n                [\n                    "2012-05-11",\n                    0.8914\n                ],\n                [\n                    "2012-05-14",\n                    0.8858\n                ],\n                [\n                    "2012-05-15",\n                    0.8817999999999999\n                ],\n                [\n                    "2012-05-16",\n                    0.8792\n                ],\n                [\n                    "2012-05-17",\n                    0.8780000000000001\n                ],\n                [\n                    "2012-05-18",\n                    0.8744\n                ],\n                [\n                    "2012-05-21",\n                    0.8732\n                ],\n                [\n                    "2012-05-22",\n                    0.8728\n                ],\n                [\n                    "2012-05-23",\n                    0.8736\n                ],\n                [\n                    "2012-05-24",\n                    0.8702\n                ],\n                [\n                    "2012-05-25",\n                    0.8676\n                ],\n                [\n                    "2012-05-28",\n                    0.8661999999999999\n                ],\n                [\n                    "2012-05-29",\n                    0.8644000000000001\n                ],\n                [\n                    "2012-05-30",\n                    0.8618\n                ],\n                [\n                    "2012-05-31",\n                    0.8629999999999999\n                ],\n                [\n                    "2012-06-01",\n                    0.8674\n                ],\n                [\n                    "2012-06-04",\n                    0.867\n                ],\n                [\n                    "2012-06-05",\n                    0.8656\n                ],\n                [\n                    "2012-06-06",\n                    0.8640000000000001\n                ],\n                [\n                    "2012-06-07",\n                    0.8622\n                ],\n                [\n                    "2012-06-08",\n                    0.8587999999999999\n                ],\n                [\n                    "2012-06-11",\n                    0.86\n                ],\n                [\n                    "2012-06-12",\n                    0.8615999999999999\n                ],\n                [\n                    "2012-06-13",\n                    0.8687999999999999\n                ],\n                [\n                    "2012-06-14",\n                    0.8762000000000001\n                ],\n                [\n                    "2012-06-15",\n                    0.8824\n                ],\n                [\n                    "2012-06-18",\n                    0.8884000000000001\n                ],\n                [\n                    "2012-06-19",\n                    0.8924\n                ],\n                [\n                    "2012-06-20",\n                    0.891\n                ],\n                [\n                    "2012-06-21",\n                    0.8873999999999999\n                ],\n                [\n                    "2012-06-25",\n                    0.8832000000000001\n                ],\n                [\n                    "2012-06-26",\n                    0.8774\n                ],\n                [\n                    "2012-06-27",\n                    0.8724000000000001\n                ],\n                [\n                    "2012-06-28",\n                    0.8676\n                ],\n                [\n                    "2012-06-29",\n                    0.8664\n                ],\n                [\n                    "2012-06-30",\n                    0.8676\n                ],\n                [\n                    "2012-07-02",\n                    0.8698\n                ],\n                [\n                    "2012-07-03",\n                    0.8737999999999999\n                ],\n                [\n                    "2012-07-04",\n                    0.8785999999999999\n                ],\n                [\n                    "2012-07-05",\n                    0.8794000000000001\n                ],\n                [\n                    "2012-07-06",\n                    0.885\n                ],\n                [\n                    "2012-07-09",\n                    0.8882\n                ],\n                [\n                    "2012-07-10",\n                    0.8879999999999999\n                ],\n                [\n                    "2012-07-11",\n                    0.8888\n                ],\n                [\n                    "2012-07-12",\n                    0.8922000000000001\n                ],\n                [\n                    "2012-07-13",\n                    0.8908000000000001\n                ],\n                [\n                    "2012-07-16",\n                    0.8859999999999999\n                ],\n                [\n                    "2012-07-17",\n                    0.8817999999999999\n                ],\n                [\n                    "2012-07-18",\n                    0.8762000000000001\n                ],\n                [\n                    "2012-07-19",\n                    0.8705999999999999\n                ],\n                [\n                    "2012-07-20",\n                    0.8644000000000001\n                ],\n                [\n                    "2012-07-23",\n                    0.8622\n                ],\n                [\n                    "2012-07-24",\n                    0.8623999999999998\n                ],\n                [\n                    "2012-07-25",\n                    0.8624\n                ],\n                [\n                    "2012-07-26",\n                    0.8593999999999999\n                ],\n                [\n                    "2012-07-27",\n                    0.8565999999999999\n                ],\n                [\n                    "2012-07-30",\n                    0.8542\n                ],\n                [\n                    "2012-07-31",\n                    0.8497999999999999\n                ],\n                [\n                    "2012-08-01",\n                    0.8470000000000001\n                ],\n                [\n                    "2012-08-02",\n                    0.8448\n                ],\n                [\n                    "2012-08-03",\n                    0.8448\n                ],\n                [\n                    "2012-08-06",\n                    0.8474\n                ],\n                [\n                    "2012-08-07",\n                    0.8506\n                ],\n                [\n                    "2012-08-08",\n                    0.8516\n                ],\n                [\n                    "2012-08-09",\n                    0.8573999999999999\n                ],\n                [\n                    "2012-08-10",\n                    0.861\n                ],\n                [\n                    "2012-08-13",\n                    0.861\n                ],\n                [\n                    "2012-08-14",\n                    0.861\n                ],\n                [\n                    "2012-08-15",\n                    0.861\n                ],\n                [\n                    "2012-08-16",\n                    0.8560000000000001\n                ],\n                [\n                    "2012-08-17",\n                    0.8502000000000001\n                ],\n                [\n                    "2012-08-20",\n                    0.8468\n                ],\n                [\n                    "2012-08-21",\n                    0.8458\n                ],\n                [\n                    "2012-08-22",\n                    0.8442000000000001\n                ],\n                [\n                    "2012-08-23",\n                    0.8442000000000001\n                ],\n                [\n                    "2012-08-24",\n                    0.8446\n                ],\n                [\n                    "2012-08-27",\n                    0.8428000000000001\n                ],\n                [\n                    "2012-08-28",\n                    0.8378\n                ],\n                [\n                    "2012-08-29",\n                    0.833\n                ],\n                [\n                    "2012-08-30",\n                    0.8257999999999999\n                ],\n                [\n                    "2012-08-31",\n                    0.8192\n                ],\n                [\n                    "2012-09-03",\n                    0.8172\n                ],\n                [\n                    "2012-09-04",\n                    0.8144\n                ],\n                [\n                    "2012-09-05",\n                    0.813\n                ],\n                [\n                    "2012-09-06",\n                    0.8138\n                ],\n                [\n                    "2012-09-07",\n                    0.8192\n                ],\n                [\n                    "2012-09-10",\n                    0.8225999999999999\n                ],\n                [\n                    "2012-09-11",\n                    0.8272\n                ],\n                [\n                    "2012-09-12",\n                    0.8322\n                ],\n                [\n                    "2012-09-13",\n                    0.8368\n                ],\n                [\n                    "2012-09-14",\n                    0.8378\n                ],\n                [\n                    "2012-09-17",\n                    0.8347999999999999\n                ],\n                [\n                    "2012-09-18",\n                    0.8318\n                ],\n                [\n                    "2012-09-19",\n                    0.8286\n                ],\n                [\n                    "2012-09-20",\n                    0.8236000000000001\n                ],\n                [\n                    "2012-09-21",\n                    0.8183999999999999\n                ],\n                [\n                    "2012-09-24",\n                    0.8164\n                ],\n                [\n                    "2012-09-25",\n                    0.8154\n                ],\n                [\n                    "2012-09-26",\n                    0.8130000000000001\n                ],\n                [\n                    "2012-09-27",\n                    0.8158\n                ],\n                [\n                    "2012-09-28",\n                    0.821\n                ],\n                [\n                    "2012-09-30",\n                    0.8257999999999999\n                ],\n                [\n                    "2012-10-08",\n                    0.8284\n                ],\n                [\n                    "2012-10-09",\n                    0.8352\n                ],\n                [\n                    "2012-10-10",\n                    0.8398\n                ],\n                [\n                    "2012-10-11",\n                    0.8398\n                ],\n                [\n                    "2012-10-12",\n                    0.8398\n                ],\n                [\n                    "2012-10-15",\n                    0.8422000000000001\n                ],\n                [\n                    "2012-10-16",\n                    0.843\n                ],\n                [\n                    "2012-10-17",\n                    0.8428000000000001\n                ],\n                [\n                    "2012-10-18",\n                    0.8462\n                ],\n                [\n                    "2012-10-19",\n                    0.8492000000000001\n                ],\n                [\n                    "2012-10-22",\n                    0.8513999999999999\n                ],\n                [\n                    "2012-10-23",\n                    0.8492000000000001\n                ],\n                [\n                    "2012-10-24",\n                    0.8472\n                ],\n                [\n                    "2012-10-25",\n                    0.8422000000000001\n                ],\n                [\n                    "2012-10-26",\n                    0.8353999999999999\n                ],\n                [\n                    "2012-10-29",\n                    0.8288\n                ],\n                [\n                    "2012-10-30",\n                    0.826\n                ],\n                [\n                    "2012-10-31",\n                    0.8248\n                ],\n                [\n                    "2012-11-01",\n                    0.8266\n                ],\n                [\n                    "2012-11-02",\n                    0.8308\n                ],\n                [\n                    "2012-11-05",\n                    0.8331999999999999\n                ],\n                [\n                    "2012-11-06",\n                    0.8331999999999999\n                ],\n                [\n                    "2012-11-07",\n                    0.8318\n                ],\n                [\n                    "2012-11-08",\n                    0.827\n                ],\n                [\n                    "2012-11-09",\n                    0.8211999999999999\n                ],\n                [\n                    "2012-11-12",\n                    0.8151999999999999\n                ],\n                [\n                    "2012-11-13",\n                    0.8092\n                ],\n                [\n                    "2012-11-14",\n                    0.8044\n                ],\n                [\n                    "2012-11-15",\n                    0.7998000000000001\n                ],\n                [\n                    "2012-11-16",\n                    0.7938000000000001\n                ],\n                [\n                    "2012-11-19",\n                    0.787\n                ],\n                [\n                    "2012-11-20",\n                    0.7818\n                ],\n                [\n                    "2012-11-21",\n                    0.7758\n                ],\n                [\n                    "2012-11-22",\n                    0.769\n                ],\n                [\n                    "2012-11-23",\n                    0.7662000000000001\n                ],\n                [\n                    "2012-11-26",\n                    0.7642\n                ],\n                [\n                    "2012-11-27",\n                    0.761\n                ],\n                [\n                    "2012-11-28",\n                    0.756\n                ],\n                [\n                    "2012-11-29",\n                    0.7535999999999999\n                ],\n                [\n                    "2012-11-30",\n                    0.7504000000000001\n                ],\n                [\n                    "2012-12-03",\n                    0.7445999999999999\n                ],\n                [\n                    "2012-12-04",\n                    0.7405999999999999\n                ],\n                [\n                    "2012-12-05",\n                    0.7402\n                ],\n                [\n                    "2012-12-06",\n                    0.7382\n                ],\n                [\n                    "2012-12-07",\n                    0.7365999999999999\n                ],\n                [\n                    "2012-12-10",\n                    0.7404\n                ],\n                [\n                    "2012-12-11",\n                    0.7442\n                ],\n                [\n                    "2012-12-12",\n                    0.7468\n                ],\n                [\n                    "2012-12-13",\n                    0.749\n                ],\n                [\n                    "2012-12-14",\n                    0.7532\n                ],\n                [\n                    "2012-12-17",\n                    0.7574\n                ],\n                [\n                    "2012-12-18",\n                    0.7618\n                ],\n                [\n                    "2012-12-19",\n                    0.7666000000000001\n                ],\n                [\n                    "2012-12-20",\n                    0.7734\n                ],\n                [\n                    "2012-12-21",\n                    0.777\n                ],\n                [\n                    "2012-12-24",\n                    0.7792\n                ],\n                [\n                    "2012-12-25",\n                    0.7834\n                ],\n                [\n                    "2012-12-26",\n                    0.7868\n                ],\n                [\n                    "2012-12-27",\n                    0.79\n                ],\n                [\n                    "2012-12-28",\n                    0.795\n                ],\n                [\n                    "2012-12-31",\n                    0.8022\n                ],\n                [\n                    "2013-01-04",\n                    0.8058\n                ],\n                [\n                    "2013-01-07",\n                    0.8093999999999999\n                ],\n                [\n                    "2013-01-08",\n                    0.8145999999999999\n                ],\n                [\n                    "2013-01-09",\n                    0.8193999999999999\n                ],\n                [\n                    "2013-01-10",\n                    0.8224\n                ],\n                [\n                    "2013-01-11",\n                    0.8245999999999999\n                ],\n                [\n                    "2013-01-14",\n                    0.8303999999999998\n                ],\n                [\n                    "2013-01-15",\n                    0.8347999999999999\n                ],\n                [\n                    "2013-01-16",\n                    0.837\n                ],\n                [\n                    "2013-01-17",\n                    0.8392\n                ],\n                [\n                    "2013-01-18",\n                    0.8468\n                ],\n                [\n                    "2013-01-21",\n                    0.8485999999999999\n                ],\n                [\n                    "2013-01-22",\n                    0.8475999999999999\n                ],\n                [\n                    "2013-01-23",\n                    0.8475999999999999\n                ],\n                [\n                    "2013-01-24",\n                    0.8454\n                ],\n                [\n                    "2013-01-25",\n                    0.8392\n                ],\n                [\n                    "2013-01-28",\n                    0.8366\n                ],\n                [\n                    "2013-01-29",\n                    0.8362\n                ],\n                [\n                    "2013-01-30",\n                    0.8362\n                ],\n                [\n                    "2013-01-31",\n                    0.8374\n                ],\n                [\n                    "2013-02-01",\n                    0.8405999999999999\n                ],\n                [\n                    "2013-02-04",\n                    0.8405999999999999\n                ],\n                [\n                    "2013-02-05",\n                    0.8442000000000001\n                ],\n                [\n                    "2013-02-06",\n                    0.8463999999999998\n                ],\n                [\n                    "2013-02-07",\n                    0.852\n                ],\n                [\n                    "2013-02-08",\n                    0.8593999999999999\n                ],\n                [\n                    "2013-02-18",\n                    0.8657999999999999\n                ],\n                [\n                    "2013-02-19",\n                    0.8654\n                ],\n                [\n                    "2013-02-20",\n                    0.869\n                ],\n                [\n                    "2013-02-21",\n                    0.8684\n                ],\n                [\n                    "2013-02-22",\n                    0.8648\n                ],\n                [\n                    "2013-02-25",\n                    0.8638\n                ],\n                [\n                    "2013-02-26",\n                    0.8638\n                ],\n                [\n                    "2013-02-27",\n                    0.86\n                ],\n                [\n                    "2013-02-28",\n                    0.8608\n                ],\n                [\n                    "2013-03-01",\n                    0.8624\n                ],\n                [\n                    "2013-03-04",\n                    0.861\n                ],\n                [\n                    "2013-03-05",\n                    0.8642\n                ],\n                [\n                    "2013-03-06",\n                    0.8694\n                ],\n                [\n                    "2013-03-07",\n                    0.8708\n                ],\n                [\n                    "2013-03-08",\n                    0.8698\n                ],\n                [\n                    "2013-03-11",\n                    0.8708\n                ],\n                [\n                    "2013-03-12",\n                    0.8676\n                ],\n                [\n                    "2013-03-13",\n                    0.8612\n                ],\n                [\n                    "2013-03-14",\n                    0.857\n                ],\n                [\n                    "2013-03-15",\n                    0.8545999999999999\n                ],\n                [\n                    "2013-03-18",\n                    0.8513999999999999\n                ],\n                [\n                    "2013-03-19",\n                    0.85\n                ],\n                [\n                    "2013-03-20",\n                    0.8542\n                ],\n                [\n                    "2013-03-21",\n                    0.8586\n                ],\n                [\n                    "2013-03-22",\n                    0.8623999999999998\n                ],\n                [\n                    "2013-03-25",\n                    0.866\n                ],\n                [\n                    "2013-03-26",\n                    0.8698\n                ],\n                [\n                    "2013-03-27",\n                    0.8694\n                ],\n                [\n                    "2013-03-28",\n                    0.8656\n                ],\n                [\n                    "2013-03-29",\n                    0.8602000000000001\n                ],\n                [\n                    "2013-04-01",\n                    0.8559999999999999\n                ],\n                [\n                    "2013-04-02",\n                    0.85\n                ],\n                [\n                    "2013-04-03",\n                    0.843\n                ],\n                [\n                    "2013-04-08",\n                    0.8404\n                ],\n                [\n                    "2013-04-09",\n                    0.8396000000000001\n                ],\n                [\n                    "2013-04-10",\n                    0.8388\n                ],\n                [\n                    "2013-04-11",\n                    0.8392\n                ],\n                [\n                    "2013-04-12",\n                    0.8413999999999999\n                ],\n                [\n                    "2013-04-15",\n                    0.8400000000000001\n                ],\n                [\n                    "2013-04-16",\n                    0.8390000000000001\n                ],\n                [\n                    "2013-04-17",\n                    0.841\n                ],\n                [\n                    "2013-04-18",\n                    0.8437999999999999\n                ],\n                [\n                    "2013-04-19",\n                    0.8486\n                ],\n                [\n                    "2013-04-22",\n                    0.8544\n                ],\n                [\n                    "2013-04-23",\n                    0.8564\n                ],\n                [\n                    "2013-04-24",\n                    0.858\n                ],\n                [\n                    "2013-04-25",\n                    0.858\n                ],\n                [\n                    "2013-04-26",\n                    0.8540000000000001\n                ],\n                [\n                    "2013-05-02",\n                    0.851\n                ],\n                [\n                    "2013-05-03",\n                    0.8539999999999999\n                ],\n                [\n                    "2013-05-06",\n                    0.8565999999999999\n                ],\n                [\n                    "2013-05-07",\n                    0.8612\n                ],\n                [\n                    "2013-05-08",\n                    0.8688\n                ],\n                [\n                    "2013-05-09",\n                    0.8751999999999999\n                ],\n                [\n                    "2013-05-10",\n                    0.8789999999999999\n                ],\n                [\n                    "2013-05-13",\n                    0.8795999999999999\n                ],\n                [\n                    "2013-05-14",\n                    0.8748000000000001\n                ],\n                [\n                    "2013-05-15",\n                    0.8703999999999998\n                ],\n                [\n                    "2013-05-16",\n                    0.8695999999999999\n                ],\n                [\n                    "2013-05-17",\n                    0.8704000000000001\n                ],\n                [\n                    "2013-05-20",\n                    0.8736\n                ],\n                [\n                    "2013-05-21",\n                    0.8814\n                ],\n                [\n                    "2013-05-22",\n                    0.8869999999999999\n                ],\n                [\n                    "2013-05-23",\n                    0.8880000000000001\n                ],\n                [\n                    "2013-05-24",\n                    0.8874000000000001\n                ],\n                [\n                    "2013-05-27",\n                    0.8870000000000001\n                ],\n                [\n                    "2013-05-28",\n                    0.8876\n                ],\n                [\n                    "2013-05-29",\n                    0.8888\n                ],\n                [\n                    "2013-05-30",\n                    0.8902000000000001\n                ],\n                [\n                    "2013-05-31",\n                    0.89\n                ],\n                [\n                    "2013-06-03",\n                    0.8880000000000001\n                ],\n                [\n                    "2013-06-04",\n                    0.8826\n                ],\n                [\n                    "2013-06-05",\n                    0.8778\n                ],\n                [\n                    "2013-06-06",\n                    0.874\n                ],\n                [\n                    "2013-06-07",\n                    0.8698\n                ],\n                [\n                    "2013-06-13",\n                    0.8632\n                ],\n                [\n                    "2013-06-14",\n                    0.8606\n                ],\n                [\n                    "2013-06-17",\n                    0.8562000000000001\n                ],\n                [\n                    "2013-06-18",\n                    0.8550000000000001\n                ],\n                [\n                    "2013-06-19",\n                    0.8559999999999999\n                ],\n                [\n                    "2013-06-20",\n                    0.8562\n                ],\n                [\n                    "2013-06-21",\n                    0.8550000000000001\n                ],\n                [\n                    "2013-06-24",\n                    0.8484\n                ],\n                [\n                    "2013-06-25",\n                    0.8412\n                ],\n                [\n                    "2013-06-26",\n                    0.8358000000000001\n                ],\n                [\n                    "2013-06-27",\n                    0.8331999999999999\n                ],\n                [\n                    "2013-06-28",\n                    0.8314\n                ],\n                [\n                    "2013-06-30",\n                    0.8357999999999999\n                ],\n                [\n                    "2013-07-01",\n                    0.8412\n                ],\n                [\n                    "2013-07-02",\n                    0.8468\n                ],\n                [\n                    "2013-07-03",\n                    0.8552\n                ],\n                [\n                    "2013-07-04",\n                    0.8629999999999999\n                ],\n                [\n                    "2013-07-05",\n                    0.8698\n                ],\n                [\n                    "2013-07-08",\n                    0.8714000000000001\n                ],\n                [\n                    "2013-07-09",\n                    0.8708\n                ],\n                [\n                    "2013-07-10",\n                    0.8702\n                ],\n                [\n                    "2013-07-11",\n                    0.8715999999999999\n                ],\n                [\n                    "2013-07-12",\n                    0.8736\n                ],\n                [\n                    "2013-07-15",\n                    0.8802\n                ],\n                [\n                    "2013-07-16",\n                    0.8872\n                ],\n                [\n                    "2013-07-17",\n                    0.8892\n                ],\n                [\n                    "2013-07-18",\n                    0.8870000000000001\n                ],\n                [\n                    "2013-07-19",\n                    0.8814\n                ],\n                [\n                    "2013-07-22",\n                    0.8756\n                ],\n                [\n                    "2013-07-23",\n                    0.8732\n                ],\n                [\n                    "2013-07-24",\n                    0.8744\n                ],\n                [\n                    "2013-07-25",\n                    0.8758000000000001\n                ],\n                [\n                    "2013-07-26",\n                    0.8802\n                ],\n                [\n                    "2013-07-29",\n                    0.8789999999999999\n                ],\n                [\n                    "2013-07-30",\n                    0.8734\n                ],\n                [\n                    "2013-07-31",\n                    0.868\n                ],\n                [\n                    "2013-08-01",\n                    0.8674\n                ],\n                [\n                    "2013-08-02",\n                    0.8684\n                ],\n                [\n                    "2013-08-05",\n                    0.8756\n                ],\n                [\n                    "2013-08-06",\n                    0.8854000000000001\n                ],\n                [\n                    "2013-08-07",\n                    0.8948\n                ],\n                [\n                    "2013-08-08",\n                    0.9008\n                ],\n                [\n                    "2013-08-09",\n                    0.907\n                ],\n                [\n                    "2013-08-12",\n                    0.9112\n                ],\n                [\n                    "2013-08-13",\n                    0.9118\n                ],\n                [\n                    "2013-08-14",\n                    0.9116\n                ],\n                [\n                    "2013-08-15",\n                    0.9096\n                ],\n                [\n                    "2013-08-16",\n                    0.9034000000000001\n                ],\n                [\n                    "2013-08-19",\n                    0.9\n                ],\n                [\n                    "2013-08-20",\n                    0.8982000000000001\n                ],\n                [\n                    "2013-08-21",\n                    0.8958\n                ],\n                [\n                    "2013-08-22",\n                    0.8954000000000001\n                ],\n                [\n                    "2013-08-23",\n                    0.8974\n                ],\n                [\n                    "2013-08-26",\n                    0.8981999999999999\n                ],\n                [\n                    "2013-08-27",\n                    0.8986000000000001\n                ],\n                [\n                    "2013-08-28",\n                    0.8984\n                ],\n                [\n                    "2013-08-29",\n                    0.8974\n                ],\n                [\n                    "2013-08-30",\n                    0.8962\n                ],\n                [\n                    "2013-09-02",\n                    0.893\n                ],\n                [\n                    "2013-09-03",\n                    0.8926000000000001\n                ],\n                [\n                    "2013-09-04",\n                    0.8939999999999999\n                ],\n                [\n                    "2013-09-05",\n                    0.898\n                ],\n                [\n                    "2013-09-06",\n                    0.9028\n                ],\n                [\n                    "2013-09-09",\n                    0.908\n                ],\n                [\n                    "2013-09-10",\n                    0.9112\n                ],\n                [\n                    "2013-09-11",\n                    0.9136\n                ],\n                [\n                    "2013-09-12",\n                    0.9141999999999999\n                ],\n                [\n                    "2013-09-13",\n                    0.9178000000000001\n                ],\n                [\n                    "2013-09-16",\n                    0.9214\n                ],\n                [\n                    "2013-09-17",\n                    0.923\n                ],\n                [\n                    "2013-09-18",\n                    0.9256\n                ],\n                [\n                    "2013-09-23",\n                    0.9326000000000001\n                ],\n                [\n                    "2013-09-24",\n                    0.9394\n                ],\n                [\n                    "2013-09-25",\n                    0.9450000000000001\n                ],\n                [\n                    "2013-09-26",\n                    0.9502\n                ],\n                [\n                    "2013-09-27",\n                    0.9568\n                ],\n                [\n                    "2013-09-30",\n                    0.9606\n                ],\n                [\n                    "2013-10-08",\n                    0.9635999999999999\n                ],\n                [\n                    "2013-10-09",\n                    0.969\n                ],\n                [\n                    "2013-10-10",\n                    0.9766\n                ],\n                [\n                    "2013-10-11",\n                    0.9847999999999999\n                ],\n                [\n                    "2013-10-14",\n                    0.992\n                ],\n                [\n                    "2013-10-15",\n                    0.9982\n                ],\n                [\n                    "2013-10-16",\n                    0.9987999999999999\n                ],\n                [\n                    "2013-10-17",\n                    0.9969999999999999\n                ],\n                [\n                    "2013-10-18",\n                    0.9954000000000001\n                ],\n                [\n                    "2013-10-21",\n                    1.0002\n                ],\n                [\n                    "2013-10-22",\n                    1.0022\n                ],\n                [\n                    "2013-10-23",\n                    1.0016\n                ],\n                [\n                    "2013-10-24",\n                    1.0028\n                ],\n                [\n                    "2013-10-25",\n                    0.998\n                ],\n                [\n                    "2013-10-28",\n                    0.9853999999999999\n                ],\n                [\n                    "2013-10-29",\n                    0.9736\n                ],\n                [\n                    "2013-10-30",\n                    0.9715999999999999\n                ],\n                [\n                    "2013-10-31",\n                    0.9640000000000001\n                ],\n                [\n                    "2013-11-01",\n                    0.9596\n                ],\n                [\n                    "2013-11-04",\n                    0.9561999999999999\n                ],\n                [\n                    "2013-11-05",\n                    0.9550000000000001\n                ],\n                [\n                    "2013-11-06",\n                    0.9469999999999998\n                ],\n                [\n                    "2013-11-07",\n                    0.942\n                ],\n                [\n                    "2013-11-08",\n                    0.9352\n                ],\n                [\n                    "2013-11-11",\n                    0.9294\n                ],\n                [\n                    "2013-11-12",\n                    0.9242000000000001\n                ],\n                [\n                    "2013-11-13",\n                    0.9189999999999999\n                ],\n                [\n                    "2013-11-14",\n                    0.9198000000000001\n                ],\n                [\n                    "2013-11-15",\n                    0.9258\n                ],\n                [\n                    "2013-11-18",\n                    0.9324\n                ],\n                [\n                    "2013-11-19",\n                    0.9353999999999999\n                ],\n                [\n                    "2013-11-20",\n                    0.9421999999999999\n                ],\n                [\n                    "2013-11-21",\n                    0.9442\n                ],\n                [\n                    "2013-11-22",\n                    0.9431999999999998\n                ],\n                [\n                    "2013-11-25",\n                    0.9395999999999999\n                ],\n                [\n                    "2013-11-26",\n                    0.9374\n                ],\n                [\n                    "2013-11-27",\n                    0.9352\n                ],\n                [\n                    "2013-11-28",\n                    0.9376000000000001\n                ],\n                [\n                    "2013-11-29",\n                    0.9404\n                ],\n                [\n                    "2013-12-02",\n                    0.938\n                ],\n                [\n                    "2013-12-03",\n                    0.9390000000000001\n                ],\n                [\n                    "2013-12-04",\n                    0.9418000000000001\n                ],\n                [\n                    "2013-12-05",\n                    0.9408\n                ],\n                [\n                    "2013-12-06",\n                    0.9394\n                ],\n                [\n                    "2013-12-09",\n                    0.9458\n                ],\n                [\n                    "2013-12-10",\n                    0.9498\n                ],\n                [\n                    "2013-12-11",\n                    0.9503999999999999\n                ],\n                [\n                    "2013-12-12",\n                    0.9527999999999999\n                ],\n                [\n                    "2013-12-13",\n                    0.9561999999999999\n                ],\n                [\n                    "2013-12-16",\n                    0.9548\n                ],\n                [\n                    "2013-12-17",\n                    0.9512\n                ],\n                [\n                    "2013-12-18",\n                    0.9486000000000001\n                ],\n                [\n                    "2013-12-19",\n                    0.9436\n                ],\n                [\n                    "2013-12-20",\n                    0.9366\n                ],\n                [\n                    "2013-12-23",\n                    0.9334\n                ],\n                [\n                    "2013-12-24",\n                    0.9332\n                ],\n                [\n                    "2013-12-25",\n                    0.9348000000000001\n                ],\n                [\n                    "2013-12-26",\n                    0.9362\n                ],\n                [\n                    "2013-12-27",\n                    0.9408\n                ],\n                [\n                    "2013-12-30",\n                    0.9454\n                ],\n                [\n                    "2013-12-31",\n                    0.9495999999999999\n                ],\n                [\n                    "2014-01-02",\n                    0.9507999999999999\n                ],\n                [\n                    "2014-01-03",\n                    0.9533999999999999\n                ],\n                [\n                    "2014-01-06",\n                    0.9498\n                ],\n                [\n                    "2014-01-07",\n                    0.9452\n                ],\n                [\n                    "2014-01-08",\n                    0.9427999999999999\n                ],\n                [\n                    "2014-01-09",\n                    0.9385999999999999\n                ],\n                [\n                    "2014-01-10",\n                    0.9336\n                ],\n                [\n                    "2014-01-13",\n                    0.9318000000000002\n                ],\n                [\n                    "2014-01-14",\n                    0.9334\n                ],\n                [\n                    "2014-01-15",\n                    0.9328\n                ],\n                [\n                    "2014-01-16",\n                    0.9342\n                ],\n                [\n                    "2014-01-17",\n                    0.9328\n                ],\n                [\n                    "2014-01-20",\n                    0.9301999999999999\n                ],\n                [\n                    "2014-01-21",\n                    0.9258\n                ],\n                [\n                    "2014-01-22",\n                    0.9248000000000001\n                ],\n                [\n                    "2014-01-23",\n                    0.9263999999999999\n                ],\n                [\n                    "2014-01-24",\n                    0.932\n                ],\n                [\n                    "2014-01-27",\n                    0.9356\n                ],\n                [\n                    "2014-01-28",\n                    0.9372\n                ],\n                [\n                    "2014-01-29",\n                    0.9344000000000001\n                ],\n                [\n                    "2014-01-30",\n                    0.9278000000000001\n                ],\n                [\n                    "2014-02-07",\n                    0.9232000000000001\n                ],\n                [\n                    "2014-02-10",\n                    0.9272\n                ],\n                [\n                    "2014-02-11",\n                    0.931\n                ],\n                [\n                    "2014-02-12",\n                    0.9347999999999999\n                ],\n                [\n                    "2014-02-13",\n                    0.9391999999999999\n                ],\n                [\n                    "2014-02-14",\n                    0.9426\n                ],\n                [\n                    "2014-02-17",\n                    0.9426\n                ],\n                [\n                    "2014-02-18",\n                    0.9410000000000001\n                ],\n                [\n                    "2014-02-19",\n                    0.9396000000000001\n                ],\n                [\n                    "2014-02-20",\n                    0.9384\n                ],\n                [\n                    "2014-02-21",\n                    0.9343999999999999\n                ],\n                [\n                    "2014-02-24",\n                    0.9258000000000001\n                ],\n                [\n                    "2014-02-25",\n                    0.9136000000000001\n                ],\n                [\n                    "2014-02-26",\n                    0.9008\n                ],\n                [\n                    "2014-02-27",\n                    0.8855999999999999\n                ],\n                [\n                    "2014-02-28",\n                    0.8757999999999999\n                ],\n                [\n                    "2014-03-03",\n                    0.8734\n                ],\n                [\n                    "2014-03-04",\n                    0.8754\n                ],\n                [\n                    "2014-03-05",\n                    0.8762000000000001\n                ],\n                [\n                    "2014-03-06",\n                    0.8798\n                ],\n                [\n                    "2014-03-07",\n                    0.8812\n                ],\n                [\n                    "2014-03-10",\n                    0.8746\n                ],\n                [\n                    "2014-03-11",\n                    0.8705999999999999\n                ],\n                [\n                    "2014-03-12",\n                    0.8686\n                ],\n                [\n                    "2014-03-13",\n                    0.8694000000000001\n                ],\n                [\n                    "2014-03-14",\n                    0.8672000000000001\n                ],\n                [\n                    "2014-03-17",\n                    0.8709999999999999\n                ],\n                [\n                    "2014-03-18",\n                    0.8744\n                ],\n                [\n                    "2014-03-19",\n                    0.8742000000000001\n                ],\n                [\n                    "2014-03-20",\n                    0.8667999999999999\n                ],\n                [\n                    "2014-03-21",\n                    0.8635999999999999\n                ],\n                [\n                    "2014-03-24",\n                    0.8577999999999999\n                ],\n                [\n                    "2014-03-25",\n                    0.8522000000000001\n                ],\n                [\n                    "2014-03-26",\n                    0.8507999999999999\n                ],\n                [\n                    "2014-03-27",\n                    0.8522000000000001\n                ],\n                [\n                    "2014-03-28",\n                    0.8502000000000001\n                ],\n                [\n                    "2014-03-31",\n                    0.8496\n                ],\n                [\n                    "2014-04-01",\n                    0.8503999999999999\n                ],\n                [\n                    "2014-04-02",\n                    0.85\n                ],\n                [\n                    "2014-04-03",\n                    0.8511999999999998\n                ],\n                [\n                    "2014-04-04",\n                    0.8549999999999999\n                ],\n                [\n                    "2014-04-08",\n                    0.8614\n                ],\n                [\n                    "2014-04-09",\n                    0.866\n                ],\n                [\n                    "2014-04-10",\n                    0.8726\n                ],\n                [\n                    "2014-04-11",\n                    0.8815999999999999\n                ],\n                [\n                    "2014-04-14",\n                    0.8896\n                ],\n                [\n                    "2014-04-15",\n                    0.8918000000000001\n                ],\n                [\n                    "2014-04-16",\n                    0.8932\n                ],\n                [\n                    "2014-04-17",\n                    0.8932\n                ],\n                [\n                    "2014-04-18",\n                    0.8914\n                ],\n                [\n                    "2014-04-21",\n                    0.8865999999999999\n                ],\n                [\n                    "2014-04-22",\n                    0.8836\n                ],\n                [\n                    "2014-04-23",\n                    0.8814\n                ],\n                [\n                    "2014-04-24",\n                    0.8784000000000001\n                ],\n                [\n                    "2014-04-25",\n                    0.8720000000000001\n                ],\n                [\n                    "2014-04-28",\n                    0.8642\n                ],\n                [\n                    "2014-04-29",\n                    0.8603999999999999\n                ],\n                [\n                    "2014-04-30",\n                    0.8576\n                ],\n                [\n                    "2014-05-05",\n                    0.8568\n                ],\n                [\n                    "2014-05-06",\n                    0.86\n                ],\n                [\n                    "2014-05-07",\n                    0.8638\n                ],\n                [\n                    "2014-05-08",\n                    0.8638\n                ],\n                [\n                    "2014-05-09",\n                    0.8612\n                ],\n                [\n                    "2014-05-12",\n                    0.8593999999999999\n                ],\n                [\n                    "2014-05-13",\n                    0.8572\n                ],\n                [\n                    "2014-05-14",\n                    0.8565999999999999\n                ],\n                [\n                    "2014-05-15",\n                    0.8545999999999999\n                ],\n                [\n                    "2014-05-16",\n                    0.8527999999999999\n                ],\n                [\n                    "2014-05-19",\n                    0.8468\n                ],\n                [\n                    "2014-05-20",\n                    0.8408\n                ],\n                [\n                    "2014-05-21",\n                    0.8373999999999999\n                ],\n                [\n                    "2014-05-22",\n                    0.836\n                ],\n                [\n                    "2014-05-23",\n                    0.8368\n                ],\n                [\n                    "2014-05-26",\n                    0.8413999999999999\n                ],\n                [\n                    "2014-05-27",\n                    0.8455999999999999\n                ],\n                [\n                    "2014-05-28",\n                    0.85\n                ],\n                [\n                    "2014-05-29",\n                    0.853\n                ],\n                [\n                    "2014-05-30",\n                    0.8554\n                ],\n                [\n                    "2014-06-03",\n                    0.8554\n                ],\n                [\n                    "2014-06-04",\n                    0.8545999999999999\n                ],\n                [\n                    "2014-06-05",\n                    0.8542\n                ],\n                [\n                    "2014-06-06",\n                    0.8542\n                ],\n                [\n                    "2014-06-09",\n                    0.8526\n                ],\n                [\n                    "2014-06-10",\n                    0.8535999999999999\n                ],\n                [\n                    "2014-06-11",\n                    0.8564\n                ],\n                [\n                    "2014-06-12",\n                    0.8573999999999999\n                ],\n                [\n                    "2014-06-13",\n                    0.8612\n                ],\n                [\n                    "2014-06-16",\n                    0.8666\n                ],\n                [\n                    "2014-06-17",\n                    0.8676\n                ],\n                [\n                    "2014-06-18",\n                    0.8671999999999999\n                ],\n                [\n                    "2014-06-19",\n                    0.8644000000000001\n                ],\n                [\n                    "2014-06-20",\n                    0.8602000000000001\n                ],\n                [\n                    "2014-06-23",\n                    0.8573999999999999\n                ],\n                [\n                    "2014-06-24",\n                    0.8588000000000001\n                ],\n                [\n                    "2014-06-25",\n                    0.8602000000000001\n                ],\n                [\n                    "2014-06-26",\n                    0.866\n                ],\n                [\n                    "2014-06-27",\n                    0.8719999999999999\n                ],\n                [\n                    "2014-06-30",\n                    0.8762000000000001\n                ],\n                [\n                    "2014-07-01",\n                    0.8775999999999999\n                ],\n                [\n                    "2014-07-02",\n                    0.8794000000000001\n                ],\n                [\n                    "2014-07-03",\n                    0.8794000000000001\n                ],\n                [\n                    "2014-07-04",\n                    0.8788\n                ],\n                [\n                    "2014-07-07",\n                    0.8766\n                ],\n                [\n                    "2014-07-08",\n                    0.8767999999999999\n                ],\n                [\n                    "2014-07-09",\n                    0.8756\n                ],\n                [\n                    "2014-07-10",\n                    0.8722\n                ],\n                [\n                    "2014-07-11",\n                    0.8702\n                ],\n                [\n                    "2014-07-14",\n                    0.8736\n                ],\n                [\n                    "2014-07-15",\n                    0.8766\n                ],\n                [\n                    "2014-07-16",\n                    0.8799999999999999\n                ],\n                [\n                    "2014-07-17",\n                    0.884\n                ],\n                [\n                    "2014-07-18",\n                    0.8888\n                ],\n                [\n                    "2014-07-21",\n                    0.8902000000000001\n                ],\n                [\n                    "2014-07-22",\n                    0.8932\n                ],\n                [\n                    "2014-07-23",\n                    0.8964000000000001\n                ],\n                [\n                    "2014-07-24",\n                    0.9026\n                ],\n                [\n                    "2014-07-25",\n                    0.908\n                ],\n                [\n                    "2014-07-28",\n                    0.9156000000000001\n                ],\n                [\n                    "2014-07-29",\n                    0.921\n                ],\n                [\n                    "2014-07-30",\n                    0.9282\n                ],\n                [\n                    "2014-07-31",\n                    0.9358000000000001\n                ],\n                [\n                    "2014-08-01",\n                    0.9411999999999999\n                ],\n                [\n                    "2014-08-04",\n                    0.9465999999999999\n                ],\n                [\n                    "2014-08-05",\n                    0.9522\n                ],\n                [\n                    "2014-08-06",\n                    0.9565999999999999\n                ],\n                [\n                    "2014-08-07",\n                    0.9554\n                ],\n                [\n                    "2014-08-08",\n                    0.9558\n                ],\n                [\n                    "2014-08-11",\n                    0.9560000000000001\n                ],\n                [\n                    "2014-08-12",\n                    0.9551999999999999\n                ],\n                [\n                    "2014-08-13",\n                    0.9551999999999999\n                ],\n                [\n                    "2014-08-14",\n                    0.9575999999999999\n                ],\n                [\n                    "2014-08-15",\n                    0.9606\n                ],\n                [\n                    "2014-08-18",\n                    0.9616\n                ],\n                [\n                    "2014-08-19",\n                    0.9635999999999999\n                ],\n                [\n                    "2014-08-20",\n                    0.9649999999999999\n                ],\n                [\n                    "2014-08-21",\n                    0.9672000000000001\n                ],\n                [\n                    "2014-08-22",\n                    0.9692000000000001\n                ],\n                [\n                    "2014-08-25",\n                    0.9678000000000001\n                ],\n                [\n                    "2014-08-26",\n                    0.9639999999999999\n                ],\n                [\n                    "2014-08-27",\n                    0.961\n                ],\n                [\n                    "2014-08-28",\n                    0.9571999999999999\n                ],\n                [\n                    "2014-08-29",\n                    0.9545999999999999\n                ],\n                [\n                    "2014-09-01",\n                    0.9578\n                ],\n                [\n                    "2014-09-02",\n                    0.9645999999999999\n                ],\n                [\n                    "2014-09-03",\n                    0.9725999999999999\n                ],\n                [\n                    "2014-09-04",\n                    0.9818\n                ],\n                [\n                    "2014-09-05",\n                    0.9902000000000001\n                ],\n                [\n                    "2014-09-09",\n                    0.9952\n                ],\n                [\n                    "2014-09-10",\n                    0.9974000000000001\n                ],\n                [\n                    "2014-09-11",\n                    0.9962\n                ],\n                [\n                    "2014-09-12",\n                    0.9952\n                ],\n                [\n                    "2014-09-15",\n                    0.9922000000000001\n                ],\n                [\n                    "2014-09-16",\n                    0.9837999999999999\n                ],\n                [\n                    "2014-09-17",\n                    0.978\n                ],\n                [\n                    "2014-09-18",\n                    0.9751999999999998\n                ],\n                [\n                    "2014-09-19",\n                    0.9734\n                ],\n                [\n                    "2014-09-22",\n                    0.9682000000000001\n                ],\n                [\n                    "2014-09-23",\n                    0.9698\n                ],\n                [\n                    "2014-09-24",\n                    0.9722\n                ],\n                [\n                    "2014-09-25",\n                    0.9730000000000001\n                ],\n                [\n                    "2014-09-26",\n                    0.9725999999999999\n                ],\n                [\n                    "2014-09-29",\n                    0.9772000000000001\n                ],\n                [\n                    "2014-09-30",\n                    0.9804\n                ],\n                [\n                    "2014-10-08",\n                    0.983\n                ],\n                [\n                    "2014-10-09",\n                    0.9869999999999999\n                ],\n                [\n                    "2014-10-10",\n                    0.99\n                ],\n                [\n                    "2014-10-13",\n                    0.9895999999999999\n                ],\n                [\n                    "2014-10-14",\n                    0.9884000000000001\n                ],\n                [\n                    "2014-10-15",\n                    0.9854\n                ],\n                [\n                    "2014-10-16",\n                    0.9782\n                ],\n                [\n                    "2014-10-17",\n                    0.9732\n                ],\n                [\n                    "2014-10-20",\n                    0.9719999999999999\n                ],\n                [\n                    "2014-10-21",\n                    0.9704\n                ],\n                [\n                    "2014-10-22",\n                    0.9666\n                ],\n                [\n                    "2014-10-23",\n                    0.9639999999999999\n                ],\n                [\n                    "2014-10-24",\n                    0.9601999999999998\n                ],\n                [\n                    "2014-10-27",\n                    0.9549999999999998\n                ],\n                [\n                    "2014-10-28",\n                    0.953\n                ],\n                [\n                    "2014-10-29",\n                    0.9549999999999998\n                ],\n                [\n                    "2014-10-30",\n                    0.9583999999999999\n                ],\n                [\n                    "2014-10-31",\n                    0.9621999999999999\n                ],\n                [\n                    "2014-11-03",\n                    0.9652000000000001\n                ],\n                [\n                    "2014-11-04",\n                    0.9642\n                ],\n                [\n                    "2014-11-05",\n                    0.9606\n                ],\n                [\n                    "2014-11-06",\n                    0.9583999999999999\n                ],\n                [\n                    "2014-11-07",\n                    0.9545999999999999\n                ],\n                [\n                    "2014-11-10",\n                    0.9551999999999999\n                ],\n                [\n                    "2014-11-11",\n                    0.9544\n                ],\n                [\n                    "2014-11-12",\n                    0.9564\n                ],\n                [\n                    "2014-11-13",\n                    0.9571999999999999\n                ],\n                [\n                    "2014-11-14",\n                    0.96\n                ],\n                [\n                    "2014-11-17",\n                    0.9593999999999999\n                ],\n                [\n                    "2014-11-18",\n                    0.9613999999999999\n                ],\n                [\n                    "2014-11-19",\n                    0.9606\n                ],\n                [\n                    "2014-11-20",\n                    0.959\n                ],\n                [\n                    "2014-11-21",\n                    0.9581999999999999\n                ],\n                [\n                    "2014-11-24",\n                    0.9582\n                ],\n                [\n                    "2014-11-25",\n                    0.9618\n                ],\n                [\n                    "2014-11-26",\n                    0.9663999999999999\n                ],\n                [\n                    "2014-11-27",\n                    0.9730000000000001\n                ],\n                [\n                    "2014-11-28",\n                    0.9782\n                ],\n                [\n                    "2014-12-01",\n                    0.9836\n                ],\n                [\n                    "2014-12-02",\n                    0.9902000000000001\n                ],\n                [\n                    "2014-12-03",\n                    0.9996\n                ],\n                [\n                    "2014-12-04",\n                    1.012\n                ],\n                [\n                    "2014-12-05",\n                    1.0206\n                ],\n                [\n                    "2014-12-08",\n                    1.0295999999999998\n                ],\n                [\n                    "2014-12-09",\n                    1.0288\n                ],\n                [\n                    "2014-12-10",\n                    1.032\n                ],\n                [\n                    "2014-12-11",\n                    1.0306\n                ],\n                [\n                    "2014-12-12",\n                    1.0336\n                ],\n                [\n                    "2014-12-15",\n                    1.0378\n                ],\n                [\n                    "2014-12-16",\n                    1.0468\n                ],\n                [\n                    "2014-12-17",\n                    1.046\n                ],\n                [\n                    "2014-12-18",\n                    1.0476\n                ],\n                [\n                    "2014-12-19",\n                    1.0466000000000002\n                ],\n                [\n                    "2014-12-22",\n                    1.0417999999999998\n                ],\n                [\n                    "2014-12-23",\n                    1.038\n                ],\n                [\n                    "2014-12-24",\n                    1.0353999999999999\n                ],\n                [\n                    "2014-12-25",\n                    1.0332\n                ],\n                [\n                    "2014-12-26",\n                    1.0342\n                ],\n                [\n                    "2014-12-29",\n                    1.0353999999999999\n                ],\n                [\n                    "2014-12-30",\n                    1.0337999999999998\n                ],\n                [\n                    "2014-12-31",\n                    1.0366\n                ],\n                [\n                    "2015-01-05",\n                    1.0482\n                ],\n                [\n                    "2015-01-06",\n                    1.0614\n                ],\n                [\n                    "2015-01-07",\n                    1.0732\n                ],\n                [\n                    "2015-01-08",\n                    1.0879999999999999\n                ],\n                [\n                    "2015-01-09",\n                    1.0974\n                ],\n                [\n                    "2015-01-12",\n                    1.0976000000000001\n                ],\n                [\n                    "2015-01-13",\n                    1.0974\n                ],\n                [\n                    "2015-01-14",\n                    1.0948\n                ],\n                [\n                    "2015-01-15",\n                    1.094\n                ],\n                [\n                    "2015-01-16",\n                    1.0968\n                ],\n                [\n                    "2015-01-19",\n                    1.0864\n                ],\n                [\n                    "2015-01-20",\n                    1.0796000000000001\n                ],\n                [\n                    "2015-01-21",\n                    1.0826\n                ],\n                [\n                    "2015-01-22",\n                    1.0848\n                ],\n                [\n                    "2015-01-23",\n                    1.0838\n                ],\n                [\n                    "2015-01-26",\n                    1.0972000000000002\n                ],\n                [\n                    "2015-01-27",\n                    1.1054\n                ],\n                [\n                    "2015-01-28",\n                    1.106\n                ],\n                [\n                    "2015-01-29",\n                    1.1044\n                ],\n                [\n                    "2015-01-30",\n                    1.1052\n                ],\n                [\n                    "2015-02-02",\n                    1.1014\n                ],\n                [\n                    "2015-02-03",\n                    1.1\n                ],\n                [\n                    "2015-02-04",\n                    1.1\n                ],\n                [\n                    "2015-02-05",\n                    1.0996\n                ],\n                [\n                    "2015-02-06",\n                    1.098\n                ],\n                [\n                    "2015-02-09",\n                    1.0996000000000001\n                ],\n                [\n                    "2015-02-10",\n                    1.1008\n                ],\n                [\n                    "2015-02-11",\n                    1.1036000000000001\n                ],\n                [\n                    "2015-02-12",\n                    1.1082\n                ],\n                [\n                    "2015-02-13",\n                    1.1152000000000002\n                ],\n                [\n                    "2015-02-16",\n                    1.1233999999999997\n                ],\n                [\n                    "2015-02-17",\n                    1.1316\n                ],\n                [\n                    "2015-02-25",\n                    1.1376\n                ],\n                [\n                    "2015-02-26",\n                    1.1446\n                ],\n                [\n                    "2015-02-27",\n                    1.1503999999999999\n                ],\n                [\n                    "2015-03-02",\n                    1.1556\n                ],\n                [\n                    "2015-03-03",\n                    1.1536000000000002\n                ],\n                [\n                    "2015-03-04",\n                    1.1558\n                ],\n                [\n                    "2015-03-05",\n                    1.1542\n                ],\n                [\n                    "2015-03-06",\n                    1.152\n                ],\n                [\n                    "2015-03-09",\n                    1.152\n                ],\n                [\n                    "2015-03-10",\n                    1.1574\n                ],\n                [\n                    "2015-03-11",\n                    1.1614\n                ],\n                [\n                    "2015-03-12",\n                    1.169\n                ],\n                [\n                    "2015-03-13",\n                    1.1788\n                ],\n                [\n                    "2015-03-16",\n                    1.19\n                ],\n                [\n                    "2015-03-17",\n                    1.2018\n                ],\n                [\n                    "2015-03-18",\n                    1.2148\n                ],\n                [\n                    "2015-03-19",\n                    1.2268000000000001\n                ],\n                [\n                    "2015-03-20",\n                    1.2376\n                ],\n                [\n                    "2015-03-23",\n                    1.2482\n                ],\n                [\n                    "2015-03-24",\n                    1.2594\n                ],\n                [\n                    "2015-03-25",\n                    1.2676\n                ],\n                [\n                    "2015-03-26",\n                    1.2754\n                ],\n                [\n                    "2015-03-27",\n                    1.2833999999999999\n                ],\n                [\n                    "2015-03-30",\n                    1.2895999999999999\n                ],\n                [\n                    "2015-03-31",\n                    1.2915999999999999\n                ],\n                [\n                    "2015-04-01",\n                    1.2986\n                ],\n                [\n                    "2015-04-02",\n                    1.3077999999999999\n                ],\n                [\n                    "2015-04-03",\n                    1.317\n                ],\n                [\n                    "2015-04-07",\n                    1.327\n                ],\n                [\n                    "2015-04-08",\n                    1.3388\n                ],\n                [\n                    "2015-04-09",\n                    1.342\n                ],\n                [\n                    "2015-04-10",\n                    1.3490000000000002\n                ],\n                [\n                    "2015-04-13",\n                    1.3572000000000002\n                ],\n                [\n                    "2015-04-14",\n                    1.3603999999999998\n                ],\n                [\n                    "2015-04-15",\n                    1.357\n                ],\n                [\n                    "2015-04-16",\n                    1.3686\n                ],\n                [\n                    "2015-04-17",\n                    1.3782\n                ],\n                [\n                    "2015-04-20",\n                    1.3814\n                ],\n                [\n                    "2015-04-21",\n                    1.3994\n                ],\n                [\n                    "2015-04-22",\n                    1.4274\n                ],\n                [\n                    "2015-04-23",\n                    1.4432\n                ],\n                [\n                    "2015-04-24",\n                    1.455\n                ],\n                [\n                    "2015-04-27",\n                    1.4731999999999998\n                ],\n                [\n                    "2015-04-28",\n                    1.4726\n                ],\n                [\n                    "2015-04-29",\n                    1.4718000000000002\n                ],\n                [\n                    "2015-04-30",\n                    1.471\n                ],\n                [\n                    "2015-05-04",\n                    1.4712\n                ],\n                [\n                    "2015-05-05",\n                    1.457\n                ],\n                [\n                    "2015-05-06",\n                    1.4448\n                ],\n                [\n                    "2015-05-07",\n                    1.4284\n                ],\n                [\n                    "2015-05-08",\n                    1.4186\n                ],\n                [\n                    "2015-05-11",\n                    1.4148\n                ],\n                [\n                    "2015-05-12",\n                    1.4242000000000001\n                ],\n                [\n                    "2015-05-13",\n                    1.4380000000000002\n                ],\n                [\n                    "2015-05-14",\n                    1.4496\n                ],\n                [\n                    "2015-05-15",\n                    1.4518\n                ],\n                [\n                    "2015-05-18",\n                    1.4442\n                ],\n                [\n                    "2015-05-19",\n                    1.4432\n                ],\n                [\n                    "2015-05-20",\n                    1.4468\n                ],\n                [\n                    "2015-05-21",\n                    1.4632\n                ],\n                [\n                    "2015-05-22",\n                    1.4891999999999999\n                ],\n                [\n                    "2015-05-25",\n                    1.528\n                ],\n                [\n                    "2015-05-26",\n                    1.5643999999999998\n                ],\n                [\n                    "2015-05-27",\n                    1.5904\n                ],\n                [\n                    "2015-05-28",\n                    1.5894\n                ],\n                [\n                    "2015-05-29",\n                    1.5816\n                ],\n                [\n                    "2015-06-01",\n                    1.5768\n                ],\n                [\n                    "2015-06-02",\n                    1.573\n                ],\n                [\n                    "2015-06-03",\n                    1.5754\n                ],\n                [\n                    "2015-06-04",\n                    1.5916000000000001\n                ],\n                [\n                    "2015-06-05",\n                    1.6096\n                ],\n                [\n                    "2015-06-08",\n                    1.6189999999999998\n                ],\n                [\n                    "2015-06-09",\n                    1.6219999999999999\n                ],\n                [\n                    "2015-06-10",\n                    1.6274000000000002\n                ],\n                [\n                    "2015-06-11",\n                    1.6355999999999997\n                ],\n                [\n                    "2015-06-12",\n                    1.6506\n                ],\n                [\n                    "2015-06-15",\n                    1.6583999999999999\n                ],\n                [\n                    "2015-06-16",\n                    1.6547999999999998\n                ],\n                [\n                    "2015-06-17",\n                    1.6498000000000002\n                ],\n                [\n                    "2015-06-18",\n                    1.6343999999999999\n                ],\n                [\n                    "2015-06-19",\n                    1.5942\n                ],\n                [\n                    "2015-06-23",\n                    1.5718\n                ],\n                [\n                    "2015-06-24",\n                    1.5706000000000002\n                ],\n                [\n                    "2015-06-25",\n                    1.5550000000000002\n                ],\n                [\n                    "2015-06-26",\n                    1.5304\n                ],\n                [\n                    "2015-06-29",\n                    1.5186\n                ],\n                [\n                    "2015-06-30",\n                    1.5094\n                ],\n                [\n                    "2015-07-01",\n                    1.4777999999999998\n                ],\n                [\n                    "2015-07-02",\n                    1.4442\n                ],\n                [\n                    "2015-07-03",\n                    1.4163999999999999\n                ],\n                [\n                    "2015-07-06",\n                    1.3958\n                ],\n                [\n                    "2015-07-07",\n                    1.3459999999999999\n                ],\n                [\n                    "2015-07-08",\n                    1.2922\n                ],\n                [\n                    "2015-07-09",\n                    1.2708\n                ],\n                [\n                    "2015-07-10",\n                    1.2832\n                ],\n                [\n                    "2015-07-13",\n                    1.3038\n                ],\n                [\n                    "2015-07-14",\n                    1.3296\n                ],\n                [\n                    "2015-07-15",\n                    1.3599999999999999\n                ],\n                [\n                    "2015-07-16",\n                    1.3746\n                ],\n                [\n                    "2015-07-17",\n                    1.3792\n                ],\n                [\n                    "2015-07-20",\n                    1.3716\n                ],\n                [\n                    "2015-07-21",\n                    1.3716000000000002\n                ],\n                [\n                    "2015-07-22",\n                    1.3828\n                ],\n                [\n                    "2015-07-23",\n                    1.3954\n                ],\n                [\n                    "2015-07-24",\n                    1.3948\n                ],\n                [\n                    "2015-07-27",\n                    1.3736000000000002\n                ],\n                [\n                    "2015-07-28",\n                    1.353\n                ],\n                [\n                    "2015-07-29",\n                    1.339\n                ],\n                [\n                    "2015-07-30",\n                    1.3148000000000002\n                ],\n                [\n                    "2015-07-31",\n                    1.2946\n                ],\n                [\n                    "2015-08-03",\n                    1.298\n                ],\n                [\n                    "2015-08-04",\n                    1.3068\n                ],\n                [\n                    "2015-08-05",\n                    1.3058\n                ],\n                [\n                    "2015-08-06",\n                    1.309\n                ],\n                [\n                    "2015-08-07",\n                    1.3154\n                ],\n                [\n                    "2015-08-10",\n                    1.3286\n                ],\n                [\n                    "2015-08-11",\n                    1.336\n                ],\n                [\n                    "2015-08-12",\n                    1.3426\n                ],\n                [\n                    "2015-08-13",\n                    1.3528\n                ],\n                [\n                    "2015-08-14",\n                    1.359\n                ],\n                [\n                    "2015-08-17",\n                    1.3578\n                ],\n                [\n                    "2015-08-18",\n                    1.3392\n                ],\n                [\n                    "2015-08-19",\n                    1.33\n                ],\n                [\n                    "2015-08-20",\n                    1.3102\n                ],\n                [\n                    "2015-08-21",\n                    1.2790000000000001\n                ],\n                [\n                    "2015-08-24",\n                    1.2278\n                ],\n                [\n                    "2015-08-25",\n                    1.1858\n                ],\n                [\n                    "2015-08-26",\n                    1.1456000000000002\n                ],\n                [\n                    "2015-08-27",\n                    1.1244\n                ],\n                [\n                    "2015-08-28",\n                    1.1214\n                ],\n                [\n                    "2015-08-31",\n                    1.1342\n                ],\n                [\n                    "2015-09-01",\n                    1.1492\n                ],\n                [\n                    "2015-09-02",\n                    1.1598\n                ],\n                [\n                    "2015-09-07",\n                    1.1534\n                ],\n                [\n                    "2015-09-08",\n                    1.1460000000000001\n                ],\n                [\n                    "2015-09-09",\n                    1.1461999999999999\n                ],\n                [\n                    "2015-09-10",\n                    1.1494\n                ],\n                [\n                    "2015-09-11",\n                    1.1510000000000002\n                ],\n                [\n                    "2015-09-14",\n                    1.1522\n                ],\n                [\n                    "2015-09-15",\n                    1.1412\n                ],\n                [\n                    "2015-09-16",\n                    1.1374\n                ],\n                [\n                    "2015-09-17",\n                    1.1298000000000001\n                ],\n                [\n                    "2015-09-18",\n                    1.1234\n                ],\n                [\n                    "2015-09-21",\n                    1.1284\n                ],\n                [\n                    "2015-09-22",\n                    1.141\n                ],\n                [\n                    "2015-09-23",\n                    1.137\n                ],\n                [\n                    "2015-09-24",\n                    1.1405999999999998\n                ],\n                [\n                    "2015-09-25",\n                    1.1384\n                ],\n                [\n                    "2015-09-28",\n                    1.1332\n                ],\n                [\n                    "2015-09-29",\n                    1.125\n                ],\n                [\n                    "2015-09-30",\n                    1.1244\n                ],\n                [\n                    "2015-10-08",\n                    1.1296000000000002\n                ],\n                [\n                    "2015-10-09",\n                    1.1405999999999998\n                ],\n                [\n                    "2015-10-12",\n                    1.1564\n                ],\n                [\n                    "2015-10-13",\n                    1.1751999999999998\n                ],\n                [\n                    "2015-10-14",\n                    1.1878\n                ],\n                [\n                    "2015-10-15",\n                    1.1974\n                ],\n                [\n                    "2015-10-16",\n                    1.2076\n                ],\n                [\n                    "2015-10-19",\n                    1.2129999999999999\n                ],\n                [\n                    "2015-10-20",\n                    1.2184\n                ],\n                [\n                    "2015-10-21",\n                    1.2162\n                ],\n                [\n                    "2015-10-22",\n                    1.215\n                ],\n                [\n                    "2015-10-23",\n                    1.2174\n                ],\n                [\n                    "2015-10-26",\n                    1.2209999999999999\n                ],\n                [\n                    "2015-10-27",\n                    1.2238000000000002\n                ],\n                [\n                    "2015-10-28",\n                    1.2332\n                ],\n                [\n                    "2015-10-29",\n                    1.2402000000000002\n                ],\n                [\n                    "2015-10-30",\n                    1.2418\n                ],\n                [\n                    "2015-11-02",\n                    1.2382000000000002\n                ],\n                [\n                    "2015-11-03",\n                    1.234\n                ],\n                [\n                    "2015-11-04",\n                    1.2437999999999998\n                ],\n                [\n                    "2015-11-05",\n                    1.2518\n                ],\n                [\n                    "2015-11-06",\n                    1.2628\n                ],\n                [\n                    "2015-11-09",\n                    1.278\n                ],\n                [\n                    "2015-11-10",\n                    1.293\n                ],\n                [\n                    "2015-11-11",\n                    1.298\n                ],\n                [\n                    "2015-11-12",\n                    1.3018\n                ],\n                [\n                    "2015-11-13",\n                    1.2982\n                ],\n                [\n                    "2015-11-16",\n                    1.293\n                ],\n                [\n                    "2015-11-17",\n                    1.289\n                ],\n                [\n                    "2015-11-18",\n                    1.2832\n                ],\n                [\n                    "2015-11-19",\n                    1.2804\n                ],\n                [\n                    "2015-11-20",\n                    1.281\n                ],\n                [\n                    "2015-11-23",\n                    1.2788\n                ],\n                [\n                    "2015-11-24",\n                    1.2772000000000001\n                ],\n                [\n                    "2015-11-25",\n                    1.2806\n                ],\n                [\n                    "2015-11-26",\n                    1.2804\n                ],\n                [\n                    "2015-11-27",\n                    1.2698\n                ],\n                [\n                    "2015-11-30",\n                    1.2628\n                ],\n                [\n                    "2015-12-01",\n                    1.2574\n                ],\n                [\n                    "2015-12-02",\n                    1.2556\n                ],\n                [\n                    "2015-12-03",\n                    1.2550000000000001\n                ],\n                [\n                    "2015-12-04",\n                    1.2642\n                ],\n                [\n                    "2015-12-07",\n                    1.2738\n                ],\n                [\n                    "2015-12-08",\n                    1.2744\n                ],\n                [\n                    "2015-12-09",\n                    1.27\n                ],\n                [\n                    "2015-12-10",\n                    1.2642\n                ],\n                [\n                    "2015-12-11",\n                    1.26\n                ],\n                [\n                    "2015-12-14",\n                    1.2582\n                ],\n                [\n                    "2015-12-15",\n                    1.2638\n                ],\n                [\n                    "2015-12-16",\n                    1.2668\n                ],\n                [\n                    "2015-12-17",\n                    1.275\n                ],\n                [\n                    "2015-12-18",\n                    1.2852000000000001\n                ],\n                [\n                    "2015-12-21",\n                    1.3004\n                ],\n                [\n                    "2015-12-22",\n                    1.3166\n                ],\n                [\n                    "2015-12-23",\n                    1.3334\n                ],\n                [\n                    "2015-12-24",\n                    1.3432\n                ],\n                [\n                    "2015-12-25",\n                    1.351\n                ],\n                [\n                    "2015-12-28",\n                    1.344\n                ],\n                [\n                    "2015-12-29",\n                    1.3384\n                ],\n                [\n                    "2015-12-30",\n                    1.3330000000000002\n                ],\n                [\n                    "2015-12-31",\n                    1.3278\n                ],\n                [\n                    "2016-01-04",\n                    1.3056\n                ],\n                [\n                    "2016-01-05",\n                    1.2908000000000002\n                ],\n                [\n                    "2016-01-06",\n                    1.2756\n                ],\n                [\n                    "2016-01-07",\n                    1.2452\n                ],\n                [\n                    "2016-01-08",\n                    1.221\n                ],\n                [\n                    "2016-01-11",\n                    1.202\n                ],\n                [\n                    "2016-01-12",\n                    1.183\n                ],\n                [\n                    "2016-01-13",\n                    1.1576\n                ],\n                [\n                    "2016-01-14",\n                    1.153\n                ],\n                [\n                    "2016-01-15",\n                    1.1385999999999998\n                ],\n                [\n                    "2016-01-18",\n                    1.1374\n                ],\n                [\n                    "2016-01-19",\n                    1.1416\n                ],\n                [\n                    "2016-01-20",\n                    1.1446\n                ],\n                [\n                    "2016-01-21",\n                    1.1356\n                ],\n                [\n                    "2016-01-22",\n                    1.1348\n                ],\n                [\n                    "2016-01-25",\n                    1.1343999999999999\n                ],\n                [\n                    "2016-01-26",\n                    1.1172\n                ],\n                [\n                    "2016-01-27",\n                    1.1028\n                ],\n                [\n                    "2016-01-28",\n                    1.0906\n                ],\n                [\n                    "2016-01-29",\n                    1.082\n                ],\n                [\n                    "2016-02-01",\n                    1.0718\n                ],\n                [\n                    "2016-02-02",\n                    1.0762\n                ],\n                [\n                    "2016-02-03",\n                    1.0824\n                ],\n                [\n                    "2016-02-04",\n                    1.0954000000000002\n                ],\n                [\n                    "2016-02-05",\n                    1.1010000000000002\n                ],\n                [\n                    "2016-02-15",\n                    1.1044\n                ],\n                [\n                    "2016-02-16",\n                    1.1084\n                ],\n                [\n                    "2016-02-17",\n                    1.1134\n                ],\n                [\n                    "2016-02-18",\n                    1.1149999999999998\n                ],\n                [\n                    "2016-02-19",\n                    1.1179999999999999\n                ],\n                [\n                    "2016-02-22",\n                    1.1276\n                ],\n                [\n                    "2016-02-23",\n                    1.1316000000000002\n                ],\n                [\n                    "2016-02-24",\n                    1.1346\n                ],\n                [\n                    "2016-02-25",\n                    1.1254000000000002\n                ],\n                [\n                    "2016-02-26",\n                    1.1179999999999999\n                ],\n                [\n                    "2016-02-29",\n                    1.0986\n                ],\n                [\n                    "2016-03-01",\n                    1.0836000000000001\n                ],\n                [\n                    "2016-03-02",\n                    1.0776\n                ],\n                [\n                    "2016-03-03",\n                    1.0858\n                ],\n                [\n                    "2016-03-04",\n                    1.092\n                ],\n                [\n                    "2016-03-07",\n                    1.1074000000000002\n                ],\n                [\n                    "2016-03-08",\n                    1.1184\n                ],\n                [\n                    "2016-03-09",\n                    1.118\n                ],\n                [\n                    "2016-03-10",\n                    1.116\n                ],\n                [\n                    "2016-03-11",\n                    1.114\n                ],\n                [\n                    "2016-03-14",\n                    1.113\n                ],\n                [\n                    "2016-03-15",\n                    1.1122\n                ],\n                [\n                    "2016-03-16",\n                    1.1116\n                ],\n                [\n                    "2016-03-17",\n                    1.1162\n                ],\n                [\n                    "2016-03-18",\n                    1.1252\n                ],\n                [\n                    "2016-03-21",\n                    1.1346\n                ],\n                [\n                    "2016-03-22",\n                    1.1440000000000001\n                ],\n                [\n                    "2016-03-23",\n                    1.1558\n                ],\n                [\n                    "2016-03-24",\n                    1.1628\n                ],\n                [\n                    "2016-03-25",\n                    1.1671999999999998\n                ],\n                [\n                    "2016-03-28",\n                    1.1702\n                ],\n                [\n                    "2016-03-29",\n                    1.1698\n                ],\n                [\n                    "2016-03-30",\n                    1.174\n                ],\n                [\n                    "2016-03-31",\n                    1.1797999999999997\n                ],\n                [\n                    "2016-04-01",\n                    1.1827999999999999\n                ],\n                [\n                    "2016-04-05",\n                    1.1876\n                ],\n                [\n                    "2016-04-06",\n                    1.1986\n                ],\n                [\n                    "2016-04-07",\n                    1.2012\n                ],\n                [\n                    "2016-04-08",\n                    1.2012\n                ],\n                [\n                    "2016-04-11",\n                    1.2056\n                ],\n                [\n                    "2016-04-12",\n                    1.2056\n                ],\n                [\n                    "2016-04-13",\n                    1.2038\n                ],\n                [\n                    "2016-04-14",\n                    1.2075999999999998\n                ],\n                [\n                    "2016-04-15",\n                    1.2117999999999998\n                ],\n                [\n                    "2016-04-18",\n                    1.2112\n                ],\n                [\n                    "2016-04-19",\n                    1.2124000000000001\n                ],\n                [\n                    "2016-04-20",\n                    1.2056\n                ],\n                [\n                    "2016-04-21",\n                    1.1962\n                ],\n                [\n                    "2016-04-22",\n                    1.1920000000000002\n                ],\n                [\n                    "2016-04-25",\n                    1.1888\n                ],\n                [\n                    "2016-04-26",\n                    1.1867999999999999\n                ],\n                [\n                    "2016-04-27",\n                    1.1927999999999999\n                ],\n                [\n                    "2016-04-28",\n                    1.199\n                ],\n                [\n                    "2016-04-29",\n                    1.2028\n                ],\n                [\n                    "2016-05-03",\n                    1.2166000000000001\n                ],\n                [\n                    "2016-05-04",\n                    1.2264\n                ],\n                [\n                    "2016-05-05",\n                    1.2356\n                ],\n                [\n                    "2016-05-06",\n                    1.2372\n                ],\n                [\n                    "2016-05-09",\n                    1.2349999999999999\n                ],\n                [\n                    "2016-05-10",\n                    1.2268\n                ],\n                [\n                    "2016-05-11",\n                    1.2238\n                ],\n                [\n                    "2016-05-12",\n                    1.22\n                ],\n                [\n                    "2016-05-13",\n                    1.2218\n                ],\n                [\n                    "2016-05-16",\n                    1.229\n                ],\n                [\n                    "2016-05-17",\n                    1.2304000000000002\n                ],\n                [\n                    "2016-05-18",\n                    1.2234\n                ],\n                [\n                    "2016-05-19",\n                    1.2166000000000001\n                ],\n                [\n                    "2016-05-20",\n                    1.2144000000000001\n                ],\n                [\n                    "2016-05-23",\n                    1.2116\n                ],\n                [\n                    "2016-05-24",\n                    1.2084000000000001\n                ],\n                [\n                    "2016-05-25",\n                    1.2084\n                ],\n                [\n                    "2016-05-26",\n                    1.2102\n                ],\n                [\n                    "2016-05-27",\n                    1.2096\n                ],\n                [\n                    "2016-05-30",\n                    1.2054\n                ],\n                [\n                    "2016-05-31",\n                    1.2122\n                ],\n                [\n                    "2016-06-01",\n                    1.2214000000000003\n                ],\n                [\n                    "2016-06-02",\n                    1.2302000000000002\n                ],\n                [\n                    "2016-06-03",\n                    1.2446000000000002\n                ],\n                [\n                    "2016-06-06",\n                    1.2608000000000001\n                ],\n                [\n                    "2016-06-07",\n                    1.2698\n                ],\n                [\n                    "2016-06-08",\n                    1.2753999999999999\n                ],\n                [\n                    "2016-06-13",\n                    1.2728\n                ],\n                [\n                    "2016-06-14",\n                    1.2693999999999999\n                ],\n                [\n                    "2016-06-15",\n                    1.2708\n                ],\n                [\n                    "2016-06-16",\n                    1.27\n                ],\n                [\n                    "2016-06-17",\n                    1.2764\n                ],\n                [\n                    "2016-06-20",\n                    1.2888\n                ],\n                [\n                    "2016-06-21",\n                    1.2938\n                ],\n                [\n                    "2016-06-22",\n                    1.2952\n                ],\n                [\n                    "2016-06-23",\n                    1.2964\n                ],\n                [\n                    "2016-06-24",\n                    1.291\n                ],\n                [\n                    "2016-06-27",\n                    1.2932000000000001\n                ],\n                [\n                    "2016-06-28",\n                    1.298\n                ],\n                [\n                    "2016-06-29",\n                    1.3006\n                ],\n                [\n                    "2016-06-30",\n                    1.3058\n                ],\n                [\n                    "2016-07-01",\n                    1.3132\n                ],\n                [\n                    "2016-07-04",\n                    1.3176\n                ],\n                [\n                    "2016-07-05",\n                    1.3236\n                ],\n                [\n                    "2016-07-06",\n                    1.3358\n                ],\n                [\n                    "2016-07-07",\n                    1.3454000000000002\n                ],\n                [\n                    "2016-07-08",\n                    1.3546\n                ],\n                [\n                    "2016-07-11",\n                    1.3641999999999999\n                ],\n                [\n                    "2016-07-12",\n                    1.3812000000000002\n                ],\n                [\n                    "2016-07-13",\n                    1.3892\n                ],\n                [\n                    "2016-07-14",\n                    1.3981999999999999\n                ],\n                [\n                    "2016-07-15",\n                    1.4102000000000001\n                ],\n                [\n                    "2016-07-18",\n                    1.4174\n                ],\n                [\n                    "2016-07-19",\n                    1.411\n                ],\n                [\n                    "2016-07-20",\n                    1.4068\n                ],\n                [\n                    "2016-07-21",\n                    1.405\n                ],\n                [\n                    "2016-07-22",\n                    1.3954\n                ],\n                [\n                    "2016-07-25",\n                    1.3868\n                ],\n                [\n                    "2016-07-26",\n                    1.3908\n                ],\n                [\n                    "2016-07-27",\n                    1.3900000000000001\n                ],\n                [\n                    "2016-07-28",\n                    1.3920000000000001\n                ],\n                [\n                    "2016-07-29",\n                    1.3988\n                ],\n                [\n                    "2016-08-01",\n                    1.4002\n                ],\n                [\n                    "2016-08-02",\n                    1.3936\n                ],\n                [\n                    "2016-08-03",\n                    1.3931999999999998\n                ],\n                [\n                    "2016-08-04",\n                    1.388\n                ],\n                [\n                    "2016-08-05",\n                    1.3818\n                ],\n                [\n                    "2016-08-08",\n                    1.383\n                ],\n                [\n                    "2016-08-09",\n                    1.388\n                ],\n                [\n                    "2016-08-10",\n                    1.3904\n                ],\n                [\n                    "2016-08-11",\n                    1.3927999999999998\n                ],\n                [\n                    "2016-08-12",\n                    1.3980000000000001\n                ],\n                [\n                    "2016-08-15",\n                    1.4068\n                ],\n                [\n                    "2016-08-16",\n                    1.4120000000000001\n                ],\n                [\n                    "2016-08-17",\n                    1.42\n                ],\n                [\n                    "2016-08-18",\n                    1.4256\n                ],\n                [\n                    "2016-08-19",\n                    1.4284\n                ],\n                [\n                    "2016-08-22",\n                    1.4246\n                ],\n                [\n                    "2016-08-23",\n                    1.4206\n                ],\n                [\n                    "2016-08-24",\n                    1.4138\n                ],\n                [\n                    "2016-08-25",\n                    1.4074\n                ],\n                [\n                    "2016-08-26",\n                    1.4018000000000002\n                ],\n                [\n                    "2016-08-29",\n                    1.3954\n                ],\n                [\n                    "2016-08-30",\n                    1.3893999999999997\n                ],\n                [\n                    "2016-08-31",\n                    1.386\n                ],\n                [\n                    "2016-09-01",\n                    1.3834\n                ],\n                [\n                    "2016-09-02",\n                    1.3798\n                ],\n                [\n                    "2016-09-05",\n                    1.3788\n                ],\n                [\n                    "2016-09-06",\n                    1.3800000000000001\n                ],\n                [\n                    "2016-09-07",\n                    1.3788\n                ],\n                [\n                    "2016-09-08",\n                    1.3783999999999998\n                ],\n                [\n                    "2016-09-09",\n                    1.3776\n                ],\n                [\n                    "2016-09-12",\n                    1.3698\n                ],\n                [\n                    "2016-09-13",\n                    1.3606\n                ],\n                [\n                    "2016-09-14",\n                    1.3501999999999998\n                ],\n                [\n                    "2016-09-19",\n                    1.3436\n                ],\n                [\n                    "2016-09-20",\n                    1.3386\n                ],\n                [\n                    "2016-09-21",\n                    1.3398\n                ],\n                [\n                    "2016-09-22",\n                    1.3422\n                ],\n                [\n                    "2016-09-23",\n                    1.3468000000000002\n                ],\n                [\n                    "2016-09-26",\n                    1.3444\n                ],\n                [\n                    "2016-09-27",\n                    1.3442\n                ],\n                [\n                    "2016-09-28",\n                    1.3439999999999999\n                ],\n                [\n                    "2016-09-29",\n                    1.3428\n                ],\n                [\n                    "2016-09-30",\n                    1.3456\n                ],\n                [\n                    "2016-10-10",\n                    1.3546\n                ],\n                [\n                    "2016-10-11",\n                    1.3618000000000001\n                ],\n                [\n                    "2016-10-12",\n                    1.3684\n                ],\n                [\n                    "2016-10-13",\n                    1.3725999999999998\n                ],\n                [\n                    "2016-10-14",\n                    1.3732000000000002\n                ],\n                [\n                    "2016-10-17",\n                    1.3696000000000002\n                ],\n                [\n                    "2016-10-18",\n                    1.3692\n                ],\n                [\n                    "2016-10-19",\n                    1.3682\n                ],\n                [\n                    "2016-10-20",\n                    1.3684\n                ],\n                [\n                    "2016-10-21",\n                    1.3686\n                ],\n                [\n                    "2016-10-24",\n                    1.3719999999999999\n                ],\n                [\n                    "2016-10-25",\n                    1.3763999999999998\n                ],\n                [\n                    "2016-10-26",\n                    1.3832\n                ],\n                [\n                    "2016-10-27",\n                    1.3893999999999997\n                ],\n                [\n                    "2016-10-28",\n                    1.3954\n                ],\n                [\n                    "2016-10-31",\n                    1.4010000000000002\n                ],\n                [\n                    "2016-11-01",\n                    1.4045999999999998\n                ],\n                [\n                    "2016-11-02",\n                    1.4044\n                ],\n                [\n                    "2016-11-03",\n                    1.4052000000000002\n                ],\n                [\n                    "2016-11-04",\n                    1.4042000000000001\n                ],\n                [\n                    "2016-11-07",\n                    1.4018000000000002\n                ],\n                [\n                    "2016-11-08",\n                    1.4\n                ],\n                [\n                    "2016-11-09",\n                    1.3988\n                ],\n                [\n                    "2016-11-10",\n                    1.3998\n                ],\n                [\n                    "2016-11-11",\n                    1.4018000000000002\n                ],\n                [\n                    "2016-11-14",\n                    1.4022\n                ],\n                [\n                    "2016-11-15",\n                    1.4018000000000002\n                ],\n                [\n                    "2016-11-16",\n                    1.4023999999999999\n                ],\n                [\n                    "2016-11-17",\n                    1.4011999999999998\n                ],\n                [\n                    "2016-11-18",\n                    1.4003999999999999\n                ],\n                [\n                    "2016-11-21",\n                    1.4019999999999997\n                ],\n                [\n                    "2016-11-22",\n                    1.4026\n                ],\n                [\n                    "2016-11-23",\n                    1.408\n                ],\n                [\n                    "2016-11-24",\n                    1.4163999999999999\n                ],\n                [\n                    "2016-11-25",\n                    1.4274\n                ],\n                [\n                    "2016-11-28",\n                    1.4402000000000001\n                ],\n                [\n                    "2016-11-29",\n                    1.458\n                ],\n                [\n                    "2016-11-30",\n                    1.4676\n                ],\n                [\n                    "2016-12-01",\n                    1.4774\n                ],\n                [\n                    "2016-12-02",\n                    1.4802\n                ],\n                [\n                    "2016-12-05",\n                    1.4746000000000001\n                ],\n                [\n                    "2016-12-06",\n                    1.4658000000000002\n                ],\n                [\n                    "2016-12-07",\n                    1.4618\n                ],\n                [\n                    "2016-12-08",\n                    1.4566\n                ],\n                [\n                    "2016-12-09",\n                    1.4578000000000002\n                ],\n                [\n                    "2016-12-12",\n                    1.4571999999999998\n                ],\n                [\n                    "2016-12-13",\n                    1.456\n                ],\n                [\n                    "2016-12-14",\n                    1.451\n                ],\n                [\n                    "2016-12-15",\n                    1.4389999999999998\n                ],\n                [\n                    "2016-12-16",\n                    1.428\n                ],\n                [\n                    "2016-12-19",\n                    1.4246\n                ],\n                [\n                    "2016-12-20",\n                    1.4175999999999997\n                ],\n                [\n                    "2016-12-21",\n                    1.415\n                ],\n                [\n                    "2016-12-22",\n                    1.4167999999999998\n                ],\n                [\n                    "2016-12-23",\n                    1.4128\n                ],\n                [\n                    "2016-12-26",\n                    1.41\n                ],\n                [\n                    "2016-12-27",\n                    1.4091999999999998\n                ],\n                [\n                    "2016-12-28",\n                    1.406\n                ],\n                [\n                    "2016-12-29",\n                    1.4026\n                ],\n                [\n                    "2016-12-30",\n                    1.4052\n                ],\n                [\n                    "2016-12-31",\n                    1.407\n                ],\n                [\n                    "2017-01-03",\n                    1.4108\n                ],\n                [\n                    "2017-01-04",\n                    1.4216000000000002\n                ],\n                [\n                    "2017-01-05",\n                    1.4314\n                ],\n                [\n                    "2017-01-06",\n                    1.4380000000000002\n                ],\n                [\n                    "2017-01-09",\n                    1.4452\n                ],\n                [\n                    "2017-01-10",\n                    1.4506000000000001\n                ],\n                [\n                    "2017-01-11",\n                    1.4469999999999998\n                ],\n                [\n                    "2017-01-12",\n                    1.4420000000000002\n                ],\n                [\n                    "2017-01-13",\n                    1.4372\n                ],\n                [\n                    "2017-01-16",\n                    1.4316\n                ],\n                [\n                    "2017-01-17",\n                    1.428\n                ],\n                [\n                    "2017-01-18",\n                    1.4304\n                ],\n                [\n                    "2017-01-19",\n                    1.4354\n                ],\n                [\n                    "2017-01-20",\n                    1.4432\n                ],\n                [\n                    "2017-01-23",\n                    1.4507999999999999\n                ],\n                [\n                    "2017-01-24",\n                    1.4558\n                ],\n                [\n                    "2017-01-25",\n                    1.4588\n                ],\n                [\n                    "2017-01-26",\n                    1.4620000000000002\n                ],\n                [\n                    "2017-02-03",\n                    1.4609999999999999\n                ],\n                [\n                    "2017-02-06",\n                    1.4612\n                ],\n                [\n                    "2017-02-07",\n                    1.4606000000000001\n                ],\n                [\n                    "2017-02-08",\n                    1.4602\n                ],\n                [\n                    "2017-02-09",\n                    1.4609999999999999\n                ],\n                [\n                    "2017-02-10",\n                    1.4644\n                ],\n                [\n                    "2017-02-13",\n                    1.4722000000000002\n                ],\n                [\n                    "2017-02-14",\n                    1.48\n                ],\n                [\n                    "2017-02-15",\n                    1.4858\n                ],\n                [\n                    "2017-02-16",\n                    1.4922\n                ],\n                [\n                    "2017-02-17",\n                    1.4996\n                ],\n                [\n                    "2017-02-20",\n                    1.5108000000000001\n                ],\n                [\n                    "2017-02-21",\n                    1.5222000000000002\n                ],\n                [\n                    "2017-02-22",\n                    1.5373999999999999\n                ],\n                [\n                    "2017-02-23",\n                    1.5493999999999999\n                ],\n                [\n                    "2017-02-24",\n                    1.5584\n                ],\n                [\n                    "2017-02-27",\n                    1.554\n                ],\n                [\n                    "2017-02-28",\n                    1.5510000000000002\n                ],\n                [\n                    "2017-03-01",\n                    1.5462\n                ],\n                [\n                    "2017-03-02",\n                    1.5412\n                ],\n                [\n                    "2017-03-03",\n                    1.5386\n                ],\n                [\n                    "2017-03-06",\n                    1.5448\n                ],\n                [\n                    "2017-03-07",\n                    1.5532\n                ],\n                [\n                    "2017-03-08",\n                    1.5598\n                ],\n                [\n                    "2017-03-09",\n                    1.5662\n                ],\n                [\n                    "2017-03-10",\n                    1.5752\n                ],\n                [\n                    "2017-03-13",\n                    1.5817999999999999\n                ],\n                [\n                    "2017-03-14",\n                    1.5848\n                ],\n                [\n                    "2017-03-15",\n                    1.5912\n                ],\n                [\n                    "2017-03-16",\n                    1.5974\n                ],\n                [\n                    "2017-03-17",\n                    1.5982\n                ],\n                [\n                    "2017-03-20",\n                    1.598\n                ],\n                [\n                    "2017-03-21",\n                    1.6060000000000003\n                ],\n                [\n                    "2017-03-22",\n                    1.6146\n                ],\n                [\n                    "2017-03-23",\n                    1.6244\n                ],\n                [\n                    "2017-03-24",\n                    1.6361999999999999\n                ],\n                [\n                    "2017-03-27",\n                    1.6422\n                ],\n                [\n                    "2017-03-28",\n                    1.6402\n                ],\n                [\n                    "2017-03-29",\n                    1.6362\n                ],\n                [\n                    "2017-03-30",\n                    1.6306\n                ],\n                [\n                    "2017-03-31",\n                    1.6280000000000001\n                ],\n                [\n                    "2017-04-05",\n                    1.6301999999999999\n                ],\n                [\n                    "2017-04-06",\n                    1.6334\n                ],\n                [\n                    "2017-04-07",\n                    1.6347999999999998\n                ],\n                [\n                    "2017-04-10",\n                    1.6338000000000001\n                ],\n                [\n                    "2017-04-11",\n                    1.6274000000000002\n                ],\n                [\n                    "2017-04-12",\n                    1.6227999999999998\n                ],\n                [\n                    "2017-04-13",\n                    1.6207999999999998\n                ],\n                [\n                    "2017-04-14",\n                    1.6166\n                ],\n                [\n                    "2017-04-17",\n                    1.6199999999999999\n                ],\n                [\n                    "2017-04-18",\n                    1.6320000000000001\n                ],\n                [\n                    "2017-04-19",\n                    1.6438\n                ],\n                [\n                    "2017-04-20",\n                    1.6582000000000001\n                ],\n                [\n                    "2017-04-21",\n                    1.673\n                ],\n                [\n                    "2017-04-24",\n                    1.6816\n                ],\n                [\n                    "2017-04-25",\n                    1.6914000000000002\n                ],\n                [\n                    "2017-04-26",\n                    1.6972\n                ],\n                [\n                    "2017-04-27",\n                    1.6976\n                ],\n                [\n                    "2017-04-28",\n                    1.6956\n                ],\n                [\n                    "2017-05-02",\n                    1.6974\n                ],\n                [\n                    "2017-05-03",\n                    1.6931999999999998\n                ],\n                [\n                    "2017-05-04",\n                    1.6902000000000001\n                ],\n                [\n                    "2017-05-05",\n                    1.687\n                ],\n                [\n                    "2017-05-08",\n                    1.6829999999999998\n                ],\n                [\n                    "2017-05-09",\n                    1.6776\n                ],\n                [\n                    "2017-05-10",\n                    1.6712\n                ],\n                [\n                    "2017-05-11",\n                    1.6714000000000002\n                ],\n                [\n                    "2017-05-12",\n                    1.673\n                ],\n                [\n                    "2017-05-15",\n                    1.6816\n                ],\n                [\n                    "2017-05-16",\n                    1.6972\n                ],\n                [\n                    "2017-05-17",\n                    1.7076\n                ],\n                [\n                    "2017-05-18",\n                    1.7118000000000002\n                ],\n                [\n                    "2017-05-19",\n                    1.7174\n                ],\n                [\n                    "2017-05-22",\n                    1.7228\n                ],\n                [\n                    "2017-05-23",\n                    1.7262\n                ],\n                [\n                    "2017-05-24",\n                    1.7328\n                ],\n                [\n                    "2017-05-25",\n                    1.7391999999999999\n                ],\n                [\n                    "2017-05-26",\n                    1.7437999999999998\n                ],\n                [\n                    "2017-05-31",\n                    1.7475999999999998\n                ],\n                [\n                    "2017-06-01",\n                    1.7486000000000002\n                ],\n                [\n                    "2017-06-02",\n                    1.7496000000000003\n                ],\n                [\n                    "2017-06-05",\n                    1.7492\n                ],\n                [\n                    "2017-06-06",\n                    1.7542000000000002\n                ],\n                [\n                    "2017-06-07",\n                    1.7644000000000002\n                ],\n                [\n                    "2017-06-08",\n                    1.7797999999999998\n                ],\n                [\n                    "2017-06-09",\n                    1.7975999999999999\n                ],\n                [\n                    "2017-06-12",\n                    1.8228000000000002\n                ],\n                [\n                    "2017-06-13",\n                    1.842\n                ],\n                [\n                    "2017-06-14",\n                    1.8508\n                ],\n                [\n                    "2017-06-15",\n                    1.8506\n                ],\n                [\n                    "2017-06-16",\n                    1.8466\n                ],\n                [\n                    "2017-06-19",\n                    1.8417999999999999\n                ],\n                [\n                    "2017-06-20",\n                    1.8354\n                ],\n                [\n                    "2017-06-21",\n                    1.8422\n                ],\n                [\n                    "2017-06-22",\n                    1.8498\n                ],\n                [\n                    "2017-06-23",\n                    1.8654\n                ],\n                [\n                    "2017-06-26",\n                    1.8826\n                ],\n                [\n                    "2017-06-27",\n                    1.9007999999999998\n                ],\n                [\n                    "2017-06-28",\n                    1.9036000000000002\n                ],\n                [\n                    "2017-06-29",\n                    1.908\n                ],\n                [\n                    "2017-06-30",\n                    1.9091999999999998\n                ],\n                [\n                    "2017-07-03",\n                    1.8986\n                ],\n                [\n                    "2017-07-04",\n                    1.8834\n                ],\n                [\n                    "2017-07-05",\n                    1.8808\n                ],\n                [\n                    "2017-07-06",\n                    1.8782\n                ],\n                [\n                    "2017-07-07",\n                    1.8689999999999998\n                ],\n                [\n                    "2017-07-10",\n                    1.8664\n                ],\n                [\n                    "2017-07-11",\n                    1.875\n                ],\n                [\n                    "2017-07-12",\n                    1.873\n                ],\n                [\n                    "2017-07-13",\n                    1.8698000000000001\n                ],\n                [\n                    "2017-07-14",\n                    1.8736000000000002\n                ],\n                [\n                    "2017-07-17",\n                    1.873\n                ],\n                [\n                    "2017-07-18",\n                    1.8649999999999998\n                ],\n                [\n                    "2017-07-19",\n                    1.8643999999999998\n                ],\n                [\n                    "2017-07-20",\n                    1.8704\n                ],\n                [\n                    "2017-07-21",\n                    1.8738\n                ],\n                [\n                    "2017-07-24",\n                    1.8864\n                ],\n                [\n                    "2017-07-25",\n                    1.8986\n                ],\n                [\n                    "2017-07-26",\n                    1.9009999999999998\n                ],\n                [\n                    "2017-07-27",\n                    1.8963999999999999\n                ],\n                [\n                    "2017-07-28",\n                    1.8984\n                ],\n                [\n                    "2017-07-31",\n                    1.8942\n                ],\n                [\n                    "2017-08-01",\n                    1.8920000000000001\n                ],\n                [\n                    "2017-08-02",\n                    1.8951999999999998\n                ],\n                [\n                    "2017-08-03",\n                    1.8938\n                ],\n                [\n                    "2017-08-04",\n                    1.8832\n                ],\n                [\n                    "2017-08-07",\n                    1.8811999999999998\n                ],\n                [\n                    "2017-08-08",\n                    1.8783999999999998\n                ],\n                [\n                    "2017-08-09",\n                    1.8855999999999997\n                ],\n                [\n                    "2017-08-10",\n                    1.8983999999999999\n                ],\n                [\n                    "2017-08-11",\n                    1.9083999999999999\n                ],\n                [\n                    "2017-08-14",\n                    1.9162\n                ],\n                [\n                    "2017-08-15",\n                    1.9228\n                ],\n                [\n                    "2017-08-16",\n                    1.9187999999999998\n                ],\n                [\n                    "2017-08-17",\n                    1.9136\n                ],\n                [\n                    "2017-08-18",\n                    1.9140000000000001\n                ],\n                [\n                    "2017-08-21",\n                    1.9103999999999999\n                ],\n                [\n                    "2017-08-22",\n                    1.9074000000000002\n                ],\n                [\n                    "2017-08-23",\n                    1.9086000000000003\n                ],\n                [\n                    "2017-08-24",\n                    1.911\n                ],\n                [\n                    "2017-08-25",\n                    1.9154\n                ],\n                [\n                    "2017-08-28",\n                    1.9213999999999998\n                ],\n                [\n                    "2017-08-29",\n                    1.9248\n                ],\n                [\n                    "2017-08-30",\n                    1.9302\n                ],\n                [\n                    "2017-08-31",\n                    1.9349999999999998\n                ],\n                [\n                    "2017-09-01",\n                    1.9373999999999998\n                ],\n                [\n                    "2017-09-04",\n                    1.9334\n                ],\n                [\n                    "2017-09-05",\n                    1.9332\n                ],\n                [\n                    "2017-09-06",\n                    1.9271999999999998\n                ],\n                [\n                    "2017-09-07",\n                    1.9198\n                ],\n                [\n                    "2017-09-08",\n                    1.9102000000000001\n                ],\n                [\n                    "2017-09-11",\n                    1.905\n                ],\n                [\n                    "2017-09-12",\n                    1.9003999999999999\n                ],\n                [\n                    "2017-09-13",\n                    1.9035999999999997\n                ],\n                [\n                    "2017-09-14",\n                    1.9088\n                ],\n                [\n                    "2017-09-15",\n                    1.9198\n                ],\n                [\n                    "2017-09-18",\n                    1.934\n                ],\n                [\n                    "2017-09-19",\n                    1.9436\n                ],\n                [\n                    "2017-09-20",\n                    1.9506000000000001\n                ],\n                [\n                    "2017-09-21",\n                    1.9573999999999998\n                ],\n                [\n                    "2017-09-22",\n                    1.9642\n                ],\n                [\n                    "2017-09-25",\n                    1.9696000000000002\n                ],\n                [\n                    "2017-09-26",\n                    1.9758000000000002\n                ],\n                [\n                    "2017-09-27",\n                    1.9788000000000001\n                ],\n                [\n                    "2017-09-28",\n                    1.9846\n                ],\n                [\n                    "2017-09-29",\n                    1.9898\n                ],\n                [\n                    "2017-10-09",\n                    1.9995999999999998\n                ],\n                [\n                    "2017-10-10",\n                    2.0141999999999998\n                ],\n                [\n                    "2017-10-11",\n                    2.0366\n                ],\n                [\n                    "2017-10-12",\n                    2.0572\n                ],\n                [\n                    "2017-10-13",\n                    2.0751999999999997\n                ],\n                [\n                    "2017-10-16",\n                    2.0826000000000002\n                ],\n                [\n                    "2017-10-17",\n                    2.0894\n                ],\n                [\n                    "2017-10-18",\n                    2.0944\n                ],\n                [\n                    "2017-10-19",\n                    2.1032\n                ],\n                [\n                    "2017-10-20",\n                    2.1074\n                ],\n                [\n                    "2017-10-23",\n                    2.1166\n                ],\n                [\n                    "2017-10-24",\n                    2.1264000000000003\n                ],\n                [\n                    "2017-10-25",\n                    2.1344000000000003\n                ],\n                [\n                    "2017-10-26",\n                    2.1412\n                ],\n                [\n                    "2017-10-27",\n                    2.1606\n                ],\n                [\n                    "2017-10-30",\n                    2.1766\n                ],\n                [\n                    "2017-10-31",\n                    2.1870000000000003\n                ],\n                [\n                    "2017-11-01",\n                    2.1912\n                ],\n                [\n                    "2017-11-02",\n                    2.1955999999999998\n                ],\n                [\n                    "2017-11-03",\n                    2.1925999999999997\n                ],\n                [\n                    "2017-11-06",\n                    2.2032\n                ],\n                [\n                    "2017-11-07",\n                    2.2165999999999997\n                ],\n                [\n                    "2017-11-08",\n                    2.2288\n                ],\n                [\n                    "2017-11-09",\n                    2.2407999999999997\n                ],\n                [\n                    "2017-11-10",\n                    2.2626\n                ],\n                [\n                    "2017-11-13",\n                    2.2704\n                ],\n                [\n                    "2017-11-14",\n                    2.2718\n                ],\n                [\n                    "2017-11-15",\n                    2.2792000000000003\n                ],\n                [\n                    "2017-11-16",\n                    2.2914000000000003\n                ],\n                [\n                    "2017-11-17",\n                    2.292\n                ],\n                [\n                    "2017-11-20",\n                    2.293\n                ],\n                [\n                    "2017-11-21",\n                    2.3099999999999996\n                ],\n                [\n                    "2017-11-22",\n                    2.317\n                ],\n                [\n                    "2017-11-23",\n                    2.2977999999999996\n                ],\n                [\n                    "2017-11-24",\n                    2.2802\n                ],\n                [\n                    "2017-11-27",\n                    2.258\n                ],\n                [\n                    "2017-11-28",\n                    2.2302\n                ],\n                [\n                    "2017-11-29",\n                    2.2003999999999997\n                ],\n                [\n                    "2017-11-30",\n                    2.1841999999999997\n                ],\n                [\n                    "2017-12-01",\n                    2.1673999999999998\n                ],\n                [\n                    "2017-12-04",\n                    2.1652\n                ],\n                [\n                    "2017-12-05",\n                    2.1622\n                ],\n                [\n                    "2017-12-06",\n                    2.1642\n                ],\n                [\n                    "2017-12-07",\n                    2.1626\n                ],\n                [\n                    "2017-12-08",\n                    2.1688\n                ],\n                [\n                    "2017-12-11",\n                    2.1824000000000003\n                ],\n                [\n                    "2017-12-12",\n                    2.1900000000000004\n                ],\n                [\n                    "2017-12-13",\n                    2.2126\n                ],\n                [\n                    "2017-12-14",\n                    2.2428000000000003\n                ],\n                [\n                    "2017-12-15",\n                    2.261\n                ],\n                [\n                    "2017-12-18",\n                    2.2702\n                ],\n                [\n                    "2017-12-19",\n                    2.2866\n                ],\n                [\n                    "2017-12-20",\n                    2.2984\n                ],\n                [\n                    "2017-12-21",\n                    2.3133999999999997\n                ],\n                [\n                    "2017-12-22",\n                    2.3298\n                ],\n                [\n                    "2017-12-25",\n                    2.3408\n                ],\n                [\n                    "2017-12-26",\n                    2.3432000000000004\n                ],\n                [\n                    "2017-12-27",\n                    2.3304\n                ],\n                [\n                    "2017-12-28",\n                    2.326\n                ],\n                [\n                    "2017-12-29",\n                    2.324\n                ],\n                [\n                    "2017-12-31",\n                    2.3204000000000002\n                ],\n                [\n                    "2018-01-02",\n                    2.3236\n                ],\n                [\n                    "2018-01-03",\n                    2.3369999999999997\n                ],\n                [\n                    "2018-01-04",\n                    2.3472\n                ],\n                [\n                    "2018-01-05",\n                    2.359\n                ],\n                [\n                    "2018-01-08",\n                    2.375\n                ],\n                [\n                    "2018-01-09",\n                    2.4006\n                ],\n                [\n                    "2018-01-10",\n                    2.4322\n                ],\n                [\n                    "2018-01-11",\n                    2.4522\n                ],\n                [\n                    "2018-01-12",\n                    2.4796\n                ],\n                [\n                    "2018-01-15",\n                    2.5046\n                ],\n                [\n                    "2018-01-16",\n                    2.5186\n                ],\n                [\n                    "2018-01-17",\n                    2.5143999999999997\n                ],\n                [\n                    "2018-01-18",\n                    2.5148\n                ],\n                [\n                    "2018-01-19",\n                    2.5008000000000004\n                ],\n                [\n                    "2018-01-22",\n                    2.5043999999999995\n                ],\n                [\n                    "2018-01-23",\n                    2.509\n                ],\n                [\n                    "2018-01-24",\n                    2.5184\n                ],\n                [\n                    "2018-01-25",\n                    2.5262000000000002\n                ],\n                [\n                    "2018-01-26",\n                    2.5438\n                ],\n                [\n                    "2018-01-29",\n                    2.5252\n                ],\n                [\n                    "2018-01-30",\n                    2.5016\n                ],\n                [\n                    "2018-01-31",\n                    2.4924\n                ],\n                [\n                    "2018-02-01",\n                    2.4793999999999996\n                ],\n                [\n                    "2018-02-02",\n                    2.4606\n                ],\n                [\n                    "2018-02-05",\n                    2.4442\n                ],\n                [\n                    "2018-02-06",\n                    2.4248\n                ],\n                [\n                    "2018-02-07",\n                    2.3808\n                ],\n                [\n                    "2018-02-08",\n                    2.3462000000000005\n                ],\n                [\n                    "2018-02-09",\n                    2.3044000000000002\n                ],\n                [\n                    "2018-02-12",\n                    2.291\n                ],\n                [\n                    "2018-02-13",\n                    2.288\n                ],\n                [\n                    "2018-02-14",\n                    2.3084\n                ],\n                [\n                    "2018-02-22",\n                    2.3364000000000003\n                ],\n                [\n                    "2018-02-23",\n                    2.3712\n                ],\n                [\n                    "2018-02-26",\n                    2.3934\n                ],\n                [\n                    "2018-02-27",\n                    2.4014\n                ],\n                [\n                    "2018-02-28",\n                    2.3962\n                ],\n                [\n                    "2018-03-01",\n                    2.3814\n                ],\n                [\n                    "2018-03-02",\n                    2.3698\n                ],\n                [\n                    "2018-03-05",\n                    2.3520000000000003\n                ],\n                [\n                    "2018-03-06",\n                    2.3451999999999997\n                ],\n                [\n                    "2018-03-07",\n                    2.3444000000000003\n                ],\n                [\n                    "2018-03-08",\n                    2.3516000000000004\n                ],\n                [\n                    "2018-03-09",\n                    2.3602\n                ],\n                [\n                    "2018-03-12",\n                    2.3738\n                ],\n                [\n                    "2018-03-13",\n                    2.383\n                ],\n                [\n                    "2018-03-14",\n                    2.3941999999999997\n                ],\n                [\n                    "2018-03-15",\n                    2.4024\n                ],\n                [\n                    "2018-03-16",\n                    2.4024\n                ],\n                [\n                    "2018-03-19",\n                    2.4028\n                ],\n                [\n                    "2018-03-20",\n                    2.4028\n                ],\n                [\n                    "2018-03-21",\n                    2.3968\n                ],\n                [\n                    "2018-03-22",\n                    2.3722\n                ],\n                [\n                    "2018-03-23",\n                    2.347\n                ],\n                [\n                    "2018-03-26",\n                    2.3165999999999998\n                ],\n                [\n                    "2018-03-27",\n                    2.2868\n                ],\n                [\n                    "2018-03-28",\n                    2.2454\n                ],\n                [\n                    "2018-03-29",\n                    2.2276\n                ],\n                [\n                    "2018-03-30",\n                    2.2154\n                ],\n                [\n                    "2018-04-02",\n                    2.2044\n                ],\n                [\n                    "2018-04-03",\n                    2.1978\n                ],\n                [\n                    "2018-04-04",\n                    2.2154\n                ],\n                [\n                    "2018-04-09",\n                    2.216\n                ],\n                [\n                    "2018-04-10",\n                    2.223\n                ],\n                [\n                    "2018-04-11",\n                    2.2350000000000003\n                ],\n                [\n                    "2018-04-12",\n                    2.2426000000000004\n                ],\n                [\n                    "2018-04-13",\n                    2.2374\n                ],\n                [\n                    "2018-04-16",\n                    2.2322\n                ],\n                [\n                    "2018-04-17",\n                    2.2161999999999997\n                ],\n                [\n                    "2018-04-18",\n                    2.1944000000000004\n                ],\n                [\n                    "2018-04-19",\n                    2.1882\n                ],\n                [\n                    "2018-04-20",\n                    2.1832000000000003\n                ],\n                [\n                    "2018-04-23",\n                    2.1834\n                ],\n                [\n                    "2018-04-24",\n                    2.2004\n                ],\n                [\n                    "2018-04-25",\n                    2.2234\n                ],\n                [\n                    "2018-04-26",\n                    2.2212\n                ],\n                [\n                    "2018-04-27",\n                    2.2178\n                ],\n                [\n                    "2018-05-02",\n                    2.219\n                ],\n                [\n                    "2018-05-03",\n                    2.2154\n                ],\n                [\n                    "2018-05-04",\n                    2.2096\n                ],\n                [\n                    "2018-05-07",\n                    2.2296\n                ],\n                [\n                    "2018-05-08",\n                    2.2586\n                ],\n                [\n                    "2018-05-09",\n                    2.2822000000000005\n                ],\n                [\n                    "2018-05-10",\n                    2.3042000000000002\n                ],\n                [\n                    "2018-05-11",\n                    2.3226\n                ],\n                [\n                    "2018-05-14",\n                    2.3382\n                ],\n                [\n                    "2018-05-15",\n                    2.3508000000000004\n                ],\n                [\n                    "2018-05-16",\n                    2.3628\n                ],\n                [\n                    "2018-05-17",\n                    2.3611999999999997\n                ],\n                [\n                    "2018-05-18",\n                    2.3678\n                ],\n                [\n                    "2018-05-21",\n                    2.363\n                ],\n                [\n                    "2018-05-22",\n                    2.3576\n                ],\n                [\n                    "2018-05-23",\n                    2.3449999999999998\n                ],\n                [\n                    "2018-05-24",\n                    2.337\n                ],\n                [\n                    "2018-05-25",\n                    2.3270000000000004\n                ],\n                [\n                    "2018-05-28",\n                    2.3318000000000003\n                ],\n                [\n                    "2018-05-29",\n                    2.3312\n                ],\n                [\n                    "2018-05-30",\n                    2.3402000000000003\n                ],\n                [\n                    "2018-05-31",\n                    2.3684000000000003\n                ],\n                [\n                    "2018-06-01",\n                    2.3884\n                ],\n                [\n                    "2018-06-04",\n                    2.4076\n                ],\n                [\n                    "2018-06-05",\n                    2.4368000000000003\n                ],\n                [\n                    "2018-06-06",\n                    2.463\n                ],\n                [\n                    "2018-06-07",\n                    2.4699999999999998\n                ],\n                [\n                    "2018-06-08",\n                    2.4816000000000003\n                ],\n                [\n                    "2018-06-11",\n                    2.482\n                ],\n                [\n                    "2018-06-12",\n                    2.493\n                ],\n                [\n                    "2018-06-13",\n                    2.5012\n                ],\n                [\n                    "2018-06-14",\n                    2.5060000000000002\n                ],\n                [\n                    "2018-06-15",\n                    2.5108\n                ],\n                [\n                    "2018-06-19",\n                    2.4968\n                ],\n                [\n                    "2018-06-20",\n                    2.4772000000000003\n                ],\n                [\n                    "2018-06-21",\n                    2.4586\n                ],\n                [\n                    "2018-06-22",\n                    2.4471999999999996\n                ],\n                [\n                    "2018-06-25",\n                    2.4375999999999998\n                ],\n                [\n                    "2018-06-26",\n                    2.4398\n                ],\n                [\n                    "2018-06-27",\n                    2.4162\n                ],\n                [\n                    "2018-06-28",\n                    2.3846\n                ],\n                [\n                    "2018-06-29",\n                    2.3668\n                ],\n                [\n                    "2018-06-30",\n                    2.3486\n                ],\n                [\n                    "2018-07-02",\n                    2.3242000000000003\n                ],\n                [\n                    "2018-07-03",\n                    2.306\n                ],\n                [\n                    "2018-07-04",\n                    2.2922\n                ],\n                [\n                    "2018-07-05",\n                    2.2630000000000003\n                ],\n                [\n                    "2018-07-06",\n                    2.2372\n                ],\n                [\n                    "2018-07-09",\n                    2.2374\n                ],\n                [\n                    "2018-07-10",\n                    2.2464\n                ],\n                [\n                    "2018-07-11",\n                    2.2562\n                ],\n                [\n                    "2018-07-12",\n                    2.2778\n                ],\n                [\n                    "2018-07-13",\n                    2.3048\n                ],\n                [\n                    "2018-07-16",\n                    2.317\n                ],\n                [\n                    "2018-07-17",\n                    2.3228\n                ],\n                [\n                    "2018-07-18",\n                    2.3296\n                ],\n                [\n                    "2018-07-19",\n                    2.325\n                ],\n                [\n                    "2018-07-20",\n                    2.312\n                ],\n                [\n                    "2018-07-23",\n                    2.2962000000000002\n                ],\n                [\n                    "2018-07-24",\n                    2.2998000000000003\n                ],\n                [\n                    "2018-07-25",\n                    2.3058\n                ],\n                [\n                    "2018-07-26",\n                    2.308\n                ],\n                [\n                    "2018-07-27",\n                    2.3085999999999998\n                ],\n                [\n                    "2018-07-30",\n                    2.3074\n                ],\n                [\n                    "2018-07-31",\n                    2.2967999999999997\n                ],\n                [\n                    "2018-08-01",\n                    2.278\n                ],\n                [\n                    "2018-08-02",\n                    2.2504\n                ],\n                [\n                    "2018-08-03",\n                    2.2116\n                ],\n                [\n                    "2018-08-06",\n                    2.1722\n                ],\n                [\n                    "2018-08-07",\n                    2.1398\n                ],\n                [\n                    "2018-08-08",\n                    2.1056\n                ],\n                [\n                    "2018-08-09",\n                    2.097\n                ],\n                [\n                    "2018-08-10",\n                    2.1033999999999997\n                ],\n                [\n                    "2018-08-13",\n                    2.112\n                ],\n                [\n                    "2018-08-14",\n                    2.1084\n                ],\n                [\n                    "2018-08-15",\n                    2.1056\n                ],\n                [\n                    "2018-08-16",\n                    2.084\n                ],\n                [\n                    "2018-08-17",\n                    2.053\n                ],\n                [\n                    "2018-08-20",\n                    2.0282\n                ],\n                [\n                    "2018-08-21",\n                    2.0181999999999998\n                ],\n                [\n                    "2018-08-22",\n                    2.0154\n                ],\n                [\n                    "2018-08-23",\n                    2.0202\n                ],\n                [\n                    "2018-08-24",\n                    2.0292000000000003\n                ],\n                [\n                    "2018-08-27",\n                    2.05\n                ],\n                [\n                    "2018-08-28",\n                    2.056\n                ],\n                [\n                    "2018-08-29",\n                    2.0634\n                ],\n                [\n                    "2018-08-30",\n                    2.0678000000000005\n                ],\n                [\n                    "2018-08-31",\n                    2.066\n                ],\n                [\n                    "2018-09-03",\n                    2.0488000000000004\n                ],\n                [\n                    "2018-09-04",\n                    2.0362\n                ],\n                [\n                    "2018-09-05",\n                    2.0168\n                ],\n                [\n                    "2018-09-06",\n                    1.9939999999999998\n                ],\n                [\n                    "2018-09-07",\n                    1.9846\n                ],\n                [\n                    "2018-09-10",\n                    1.9731999999999998\n                ],\n                [\n                    "2018-09-11",\n                    1.9596\n                ],\n                [\n                    "2018-09-12",\n                    1.9494\n                ],\n                [\n                    "2018-09-13",\n                    1.9466\n                ],\n                [\n                    "2018-09-14",\n                    1.9438\n                ],\n                [\n                    "2018-09-17",\n                    1.941\n                ],\n                [\n                    "2018-09-18",\n                    1.9464000000000001\n                ],\n                [\n                    "2018-09-19",\n                    1.9672\n                ],\n                [\n                    "2018-09-20",\n                    1.9872\n                ],\n                [\n                    "2018-09-21",\n                    2.0124000000000004\n                ],\n                [\n                    "2018-09-25",\n                    2.0378000000000003\n                ],\n                [\n                    "2018-09-26",\n                    2.0618000000000003\n                ],\n                [\n                    "2018-09-27",\n                    2.0772000000000004\n                ],\n                [\n                    "2018-09-28",\n                    2.0949999999999998\n                ],\n                [\n                    "2018-10-08",\n                    2.0826000000000002\n                ],\n                [\n                    "2018-10-09",\n                    2.0747999999999998\n                ],\n                [\n                    "2018-10-10",\n                    2.0506\n                ],\n                [\n                    "2018-10-11",\n                    2.0136\n                ],\n                [\n                    "2018-10-12",\n                    1.9812\n                ],\n                [\n                    "2018-10-15",\n                    1.9599999999999997\n                ],\n                [\n                    "2018-10-16",\n                    1.9347999999999999\n                ],\n                [\n                    "2018-10-17",\n                    1.9192\n                ],\n                [\n                    "2018-10-18",\n                    1.9078\n                ],\n                [\n                    "2018-10-19",\n                    1.9002\n                ],\n                [\n                    "2018-10-22",\n                    1.9176000000000002\n                ],\n                [\n                    "2018-10-23",\n                    1.9192\n                ],\n                [\n                    "2018-10-24",\n                    1.9146\n                ],\n                [\n                    "2018-10-25",\n                    1.9125999999999999\n                ],\n                [\n                    "2018-10-26",\n                    1.8945999999999998\n                ],\n                [\n                    "2018-10-29",\n                    1.8394000000000001\n                ],\n                [\n                    "2018-10-30",\n                    1.8\n                ],\n                [\n                    "2018-10-31",\n                    1.7742\n                ],\n                [\n                    "2018-11-01",\n                    1.7597999999999998\n                ],\n                [\n                    "2018-11-02",\n                    1.7670000000000001\n                ],\n                [\n                    "2018-11-05",\n                    1.7908000000000002\n                ],\n                [\n                    "2018-11-06",\n                    1.8122\n                ],\n                [\n                    "2018-11-07",\n                    1.8257999999999999\n                ],\n                [\n                    "2018-11-08",\n                    1.8334\n                ],\n                [\n                    "2018-11-09",\n                    1.8206\n                ],\n                [\n                    "2018-11-12",\n                    1.8146\n                ],\n                [\n                    "2018-11-13",\n                    1.8198\n                ],\n                [\n                    "2018-11-14",\n                    1.8199999999999998\n                ],\n                [\n                    "2018-11-15",\n                    1.8219999999999998\n                ],\n                [\n                    "2018-11-16",\n                    1.8288\n                ],\n                [\n                    "2018-11-19",\n                    1.8366\n                ],\n                [\n                    "2018-11-20",\n                    1.8304000000000002\n                ],\n                [\n                    "2018-11-21",\n                    1.831\n                ],\n                [\n                    "2018-11-22",\n                    1.8304000000000002\n                ],\n                [\n                    "2018-11-23",\n                    1.8219999999999998\n                ],\n                [\n                    "2018-11-26",\n                    1.8096\n                ],\n                [\n                    "2018-11-27",\n                    1.8028\n                ],\n                [\n                    "2018-11-28",\n                    1.7982\n                ],\n                [\n                    "2018-11-29",\n                    1.7917999999999998\n                ],\n                [\n                    "2018-11-30",\n                    1.7965999999999998\n                ],\n                [\n                    "2018-12-03",\n                    1.8161999999999998\n                ],\n                [\n                    "2018-12-04",\n                    1.8367999999999998\n                ],\n                [\n                    "2018-12-05",\n                    1.8541999999999998\n                ],\n                [\n                    "2018-12-06",\n                    1.8643999999999998\n                ],\n                [\n                    "2018-12-07",\n                    1.8683999999999998\n                ],\n                [\n                    "2018-12-10",\n                    1.8538000000000001\n                ],\n                [\n                    "2018-12-11",\n                    1.8414000000000001\n                ],\n                [\n                    "2018-12-12",\n                    1.831\n                ],\n                [\n                    "2018-12-13",\n                    1.8388000000000002\n                ],\n                [\n                    "2018-12-14",\n                    1.8432000000000002\n                ],\n                [\n                    "2018-12-17",\n                    1.8501999999999998\n                ],\n                [\n                    "2018-12-18",\n                    1.8526\n                ],\n                [\n                    "2018-12-19",\n                    1.8476\n                ],\n                [\n                    "2018-12-20",\n                    1.8318\n                ],\n                [\n                    "2018-12-21",\n                    1.8164000000000002\n                ],\n                [\n                    "2018-12-24",\n                    1.8058\n                ],\n                [\n                    "2018-12-25",\n                    1.797\n                ],\n                [\n                    "2018-12-26",\n                    1.7896\n                ],\n                [\n                    "2018-12-27",\n                    1.782\n                ],\n                [\n                    "2018-12-28",\n                    1.7822\n                ],\n                [\n                    "2018-12-31",\n                    1.7797999999999998\n                ],\n                [\n                    "2019-01-02",\n                    1.7746\n                ],\n                [\n                    "2019-01-03",\n                    1.767\n                ],\n                [\n                    "2019-01-04",\n                    1.7673999999999999\n                ],\n                [\n                    "2019-01-07",\n                    1.7662\n                ],\n                [\n                    "2019-01-08",\n                    1.7643999999999997\n                ],\n                [\n                    "2019-01-09",\n                    1.7744\n                ],\n                [\n                    "2019-01-10",\n                    1.7896\n                ],\n                [\n                    "2019-01-11",\n                    1.8026\n                ],\n                [\n                    "2019-01-14",\n                    1.81\n                ],\n                [\n                    "2019-01-15",\n                    1.8323999999999998\n                ],\n                [\n                    "2019-01-16",\n                    1.8462\n                ],\n                [\n                    "2019-01-17",\n                    1.8586000000000003\n                ],\n                [\n                    "2019-01-18",\n                    1.8753999999999997\n                ],\n                [\n                    "2019-01-21",\n                    1.8996000000000002\n                ],\n                [\n                    "2019-01-22",\n                    1.9042\n                ],\n                [\n                    "2019-01-23",\n                    1.9111999999999998\n                ],\n                [\n                    "2019-01-24",\n                    1.9225999999999999\n                ],\n                [\n                    "2019-01-25",\n                    1.9278\n                ],\n                [\n                    "2019-01-28",\n                    1.9326\n                ],\n                [\n                    "2019-01-29",\n                    1.9466\n                ],\n                [\n                    "2019-01-30",\n                    1.9528000000000003\n                ],\n                [\n                    "2019-01-31",\n                    1.9619999999999997\n                ],\n                [\n                    "2019-02-01",\n                    1.9724\n                ],\n                [\n                    "2019-02-11",\n                    1.9942\n                ],\n                [\n                    "2019-02-12",\n                    2.0138\n                ],\n                [\n                    "2019-02-13",\n                    2.0434\n                ],\n                [\n                    "2019-02-14",\n                    2.073\n                ],\n                [\n                    "2019-02-15",\n                    2.0907999999999998\n                ],\n                [\n                    "2019-02-18",\n                    2.1076\n                ],\n                [\n                    "2019-02-19",\n                    2.1216\n                ],\n                [\n                    "2019-02-20",\n                    2.1315999999999997\n                ],\n                [\n                    "2019-02-21",\n                    2.1338\n                ],\n                [\n                    "2019-02-22",\n                    2.1456000000000004\n                ],\n                [\n                    "2019-02-25",\n                    2.158\n                ],\n                [\n                    "2019-02-26",\n                    2.1634\n                ],\n                [\n                    "2019-02-27",\n                    2.1710000000000003\n                ],\n                [\n                    "2019-02-28",\n                    2.1824000000000003\n                ],\n                [\n                    "2019-03-01",\n                    2.205\n                ],\n                [\n                    "2019-03-04",\n                    2.219\n                ],\n                [\n                    "2019-03-05",\n                    2.2442\n                ],\n                [\n                    "2019-03-06",\n                    2.2640000000000002\n                ],\n                [\n                    "2019-03-07",\n                    2.2702\n                ],\n                [\n                    "2019-03-08",\n                    2.2538\n                ],\n                [\n                    "2019-03-11",\n                    2.243\n                ],\n                [\n                    "2019-03-12",\n                    2.2268\n                ],\n                [\n                    "2019-03-13",\n                    2.2144\n                ],\n                [\n                    "2019-03-14",\n                    2.2169999999999996\n                ],\n                [\n                    "2019-03-15",\n                    2.2424\n                ],\n                [\n                    "2019-03-18",\n                    2.2814\n                ],\n                [\n                    "2019-03-19",\n                    2.3202000000000003\n                ],\n                [\n                    "2019-03-20",\n                    2.3568000000000002\n                ],\n                [\n                    "2019-03-21",\n                    2.3862\n                ],\n                [\n                    "2019-03-22",\n                    2.4074\n                ],\n                [\n                    "2019-03-25",\n                    2.3924\n                ],\n                [\n                    "2019-03-26",\n                    2.3826\n                ],\n                [\n                    "2019-03-27",\n                    2.3842\n                ],\n                [\n                    "2019-03-28",\n                    2.3945999999999996\n                ],\n                [\n                    "2019-03-29",\n                    2.4184\n                ],\n                [\n                    "2019-04-01",\n                    2.4657999999999998\n                ],\n                [\n                    "2019-04-02",\n                    2.5046\n                ],\n                [\n                    "2019-04-03",\n                    2.5340000000000003\n                ],\n                [\n                    "2019-04-04",\n                    2.5704000000000002\n                ],\n                [\n                    "2019-04-08",\n                    2.5896\n                ],\n                [\n                    "2019-04-09",\n                    2.6076\n                ],\n                [\n                    "2019-04-10",\n                    2.642\n                ],\n                [\n                    "2019-04-11",\n                    2.6559999999999997\n                ],\n                [\n                    "2019-04-12",\n                    2.6562\n                ],\n                [\n                    "2019-04-15",\n                    2.6544\n                ],\n                [\n                    "2019-04-16",\n                    2.6508000000000003\n                ],\n                [\n                    "2019-04-17",\n                    2.6404\n                ],\n                [\n                    "2019-04-18",\n                    2.6559999999999997\n                ],\n                [\n                    "2019-04-19",\n                    2.6816\n                ],\n                [\n                    "2019-04-22",\n                    2.6978\n                ],\n                [\n                    "2019-04-23",\n                    2.7086\n                ],\n                [\n                    "2019-04-24",\n                    2.713\n                ],\n                [\n                    "2019-04-25",\n                    2.7008\n                ],\n                [\n                    "2019-04-26",\n                    2.6808\n                ],\n                [\n                    "2019-04-29",\n                    2.6754\n                ],\n                [\n                    "2019-04-30",\n                    2.6704\n                ],\n                [\n                    "2019-05-06",\n                    2.6353999999999997\n                ],\n                [\n                    "2019-05-07",\n                    2.6212\n                ],\n                [\n                    "2019-05-08",\n                    2.605\n                ],\n                [\n                    "2019-05-09",\n                    2.5713999999999997\n                ],\n                [\n                    "2019-05-10",\n                    2.554\n                ],\n                [\n                    "2019-05-13",\n                    2.5677999999999996\n                ],\n                [\n                    "2019-05-14",\n                    2.5676\n                ],\n                [\n                    "2019-05-15",\n                    2.59\n                ],\n                [\n                    "2019-05-16",\n                    2.6322\n                ],\n                [\n                    "2019-05-17",\n                    2.6420000000000003\n                ],\n                [\n                    "2019-05-20",\n                    2.6428000000000003\n                ],\n                [\n                    "2019-05-21",\n                    2.6526\n                ],\n                [\n                    "2019-05-22",\n                    2.6394\n                ],\n                [\n                    "2019-05-23",\n                    2.6052\n                ],\n                [\n                    "2019-05-24",\n                    2.5876\n                ],\n                [\n                    "2019-05-27",\n                    2.5824000000000003\n                ],\n                [\n                    "2019-05-28",\n                    2.5780000000000003\n                ],\n                [\n                    "2019-05-29",\n                    2.5753999999999997\n                ],\n                [\n                    "2019-05-30",\n                    2.583\n                ],\n                [\n                    "2019-05-31",\n                    2.5829999999999997\n                ],\n                [\n                    "2019-06-03",\n                    2.5812\n                ],\n                [\n                    "2019-06-04",\n                    2.5656\n                ],\n                [\n                    "2019-06-05",\n                    2.55\n                ],\n                [\n                    "2019-06-06",\n                    2.535\n                ],\n                [\n                    "2019-06-10",\n                    2.5300000000000002\n                ],\n                [\n                    "2019-06-11",\n                    2.5455999999999994\n                ],\n                [\n                    "2019-06-12",\n                    2.5648\n                ],\n                [\n                    "2019-06-13",\n                    2.5808\n                ],\n                [\n                    "2019-06-14",\n                    2.5972\n                ],\n                [\n                    "2019-06-17",\n                    2.6036\n                ],\n                [\n                    "2019-06-18",\n                    2.5902000000000003\n                ],\n                [\n                    "2019-06-19",\n                    2.5881999999999996\n                ],\n                [\n                    "2019-06-20",\n                    2.6092000000000004\n                ],\n                [\n                    "2019-06-21",\n                    2.633\n                ],\n                [\n                    "2019-06-24",\n                    2.6658\n                ],\n                [\n                    "2019-06-25",\n                    2.6962\n                ],\n                [\n                    "2019-06-26",\n                    2.7186\n                ],\n                [\n                    "2019-06-27",\n                    2.7336\n                ],\n                [\n                    "2019-06-28",\n                    2.7506\n                ],\n                [\n                    "2019-06-30",\n                    2.7616000000000005\n                ],\n                [\n                    "2019-07-01",\n                    2.797\n                ],\n                [\n                    "2019-07-02",\n                    2.8356000000000003\n                ],\n                [\n                    "2019-07-03",\n                    2.8512\n                ],\n                [\n                    "2019-07-04",\n                    2.8609999999999998\n                ],\n                [\n                    "2019-07-05",\n                    2.8822\n                ],\n                [\n                    "2019-07-08",\n                    2.8704\n                ],\n                [\n                    "2019-07-09",\n                    2.8552\n                ],\n                [\n                    "2019-07-10",\n                    2.8536\n                ],\n                [\n                    "2019-07-11",\n                    2.8548\n                ],\n                [\n                    "2019-07-12",\n                    2.8498\n                ],\n                [\n                    "2019-07-15",\n                    2.8512\n                ],\n                [\n                    "2019-07-16",\n                    2.8458\n                ],\n                [\n                    "2019-07-17",\n                    2.836\n                ],\n                [\n                    "2019-07-18",\n                    2.821\n                ],\n                [\n                    "2019-07-19",\n                    2.8038\n                ],\n                [\n                    "2019-07-22",\n                    2.7893999999999997\n                ],\n                [\n                    "2019-07-23",\n                    2.7794\n                ],\n                [\n                    "2019-07-24",\n                    2.772\n                ],\n                [\n                    "2019-07-25",\n                    2.7756\n                ],\n                [\n                    "2019-07-26",\n                    2.7762000000000002\n                ],\n                [\n                    "2019-07-29",\n                    2.7808\n                ],\n                [\n                    "2019-07-30",\n                    2.7895999999999996\n                ],\n                [\n                    "2019-07-31",\n                    2.7916\n                ],\n                [\n                    "2019-08-01",\n                    2.7824\n                ],\n                [\n                    "2019-08-02",\n                    2.7706000000000004\n                ],\n                [\n                    "2019-08-05",\n                    2.7474\n                ],\n                [\n                    "2019-08-06",\n                    2.7254\n                ],\n                [\n                    "2019-08-07",\n                    2.705\n                ],\n                [\n                    "2019-08-08",\n                    2.6998\n                ],\n                [\n                    "2019-08-09",\n                    2.6922\n                ],\n                [\n                    "2019-08-12",\n                    2.702\n                ],\n                [\n                    "2019-08-13",\n                    2.7092\n                ],\n                [\n                    "2019-08-14",\n                    2.7294\n                ],\n                [\n                    "2019-08-15",\n                    2.7398\n                ],\n                [\n                    "2019-08-16",\n                    2.7590000000000003\n                ],\n                [\n                    "2019-08-19",\n                    2.7762000000000002\n                ],\n                [\n                    "2019-08-20",\n                    2.7996000000000003\n                ],\n                [\n                    "2019-08-21",\n                    2.8138\n                ],\n                [\n                    "2019-08-22",\n                    2.8376\n                ],\n                [\n                    "2019-08-23",\n                    2.8602000000000003\n                ],\n                [\n                    "2019-08-26",\n                    2.8674\n                ],\n                [\n                    "2019-08-27",\n                    2.8806000000000003\n                ],\n                [\n                    "2019-08-28",\n                    2.8948\n                ],\n                [\n                    "2019-08-29",\n                    2.9036\n                ],\n                [\n                    "2019-08-30",\n                    2.9208\n                ],\n                [\n                    "2019-09-02",\n                    2.9522\n                ],\n                [\n                    "2019-09-03",\n                    2.9698\n                ],\n                [\n                    "2019-09-04",\n                    2.9829999999999997\n                ],\n                [\n                    "2019-09-05",\n                    2.9938000000000002\n                ],\n                [\n                    "2019-09-06",\n                    2.9926000000000004\n                ],\n                [\n                    "2019-09-09",\n                    2.9852\n                ],\n                [\n                    "2019-09-10",\n                    2.9774000000000003\n                ],\n                [\n                    "2019-09-11",\n                    2.9564\n                ],\n                [\n                    "2019-09-12",\n                    2.9442\n                ],\n                [\n                    "2019-09-16",\n                    2.9304\n                ],\n                [\n                    "2019-09-17",\n                    2.9146\n                ],\n                [\n                    "2019-09-18",\n                    2.9126000000000003\n                ],\n                [\n                    "2019-09-19",\n                    2.9278\n                ],\n                [\n                    "2019-09-20",\n                    2.9342\n                ],\n                [\n                    "2019-09-23",\n                    2.9374\n                ],\n                [\n                    "2019-09-24",\n                    2.9504\n                ],\n                [\n                    "2019-09-25",\n                    2.9486\n                ],\n                [\n                    "2019-09-26",\n                    2.9414000000000002\n                ],\n                [\n                    "2019-09-27",\n                    2.933\n                ],\n                [\n                    "2019-09-30",\n                    2.925\n                ],\n                [\n                    "2019-10-08",\n                    2.9156\n                ],\n                [\n                    "2019-10-09",\n                    2.9055999999999997\n                ],\n                [\n                    "2019-10-10",\n                    2.9028\n                ],\n                [\n                    "2019-10-11",\n                    2.9052\n                ],\n                [\n                    "2019-10-14",\n                    2.9145999999999996\n                ],\n                [\n                    "2019-10-15",\n                    2.9246\n                ],\n                [\n                    "2019-10-16",\n                    2.9332000000000003\n                ],\n                [\n                    "2019-10-17",\n                    2.9378\n                ],\n                [\n                    "2019-10-18",\n                    2.9312\n                ],\n                [\n                    "2019-10-21",\n                    2.9262\n                ],\n                [\n                    "2019-10-22",\n                    2.9156\n                ],\n                [\n                    "2019-10-23",\n                    2.9034\n                ],\n                [\n                    "2019-10-24",\n                    2.8851999999999998\n                ],\n                [\n                    "2019-10-25",\n                    2.8794\n                ],\n                [\n                    "2019-10-28",\n                    2.8774\n                ],\n                [\n                    "2019-10-29",\n                    2.879\n                ],\n                [\n                    "2019-10-30",\n                    2.8828\n                ],\n                [\n                    "2019-10-31",\n                    2.9\n                ],\n                [\n                    "2019-11-01",\n                    2.9256\n                ],\n                [\n                    "2019-11-04",\n                    2.9474\n                ],\n                [\n                    "2019-11-05",\n                    2.9654\n                ],\n                [\n                    "2019-11-06",\n                    2.9836\n                ],\n                [\n                    "2019-11-07",\n                    2.9979999999999998\n                ],\n                [\n                    "2019-11-08",\n                    2.9986\n                ],\n                [\n                    "2019-11-11",\n                    2.987\n                ],\n                [\n                    "2019-11-12",\n                    2.973\n                ],\n                [\n                    "2019-11-13",\n                    2.969\n                ],\n                [\n                    "2019-11-14",\n                    2.9688000000000003\n                ],\n                [\n                    "2019-11-15",\n                    2.9674\n                ],\n                [\n                    "2019-11-18",\n                    2.974\n                ],\n                [\n                    "2019-11-19",\n                    2.988\n                ],\n                [\n                    "2019-11-20",\n                    2.9966\n                ],\n                [\n                    "2019-11-21",\n                    2.9968\n                ],\n                [\n                    "2019-11-22",\n                    2.987\n                ],\n                [\n                    "2019-11-25",\n                    2.9776\n                ],\n                [\n                    "2019-11-26",\n                    2.9674\n                ],\n                [\n                    "2019-11-27",\n                    2.9538\n                ],\n                [\n                    "2019-11-28",\n                    2.942\n                ],\n                [\n                    "2019-11-29",\n                    2.929\n                ],\n                [\n                    "2019-12-02",\n                    2.9166000000000003\n                ],\n                [\n                    "2019-12-03",\n                    2.9016\n                ],\n                [\n                    "2019-12-04",\n                    2.8942\n                ],\n                [\n                    "2019-12-05",\n                    2.8886\n                ],\n                [\n                    "2019-12-06",\n                    2.9056\n                ],\n                [\n                    "2019-12-09",\n                    2.9198\n                ],\n                [\n                    "2019-12-10",\n                    2.932\n                ],\n                [\n                    "2019-12-11",\n                    2.9356\n                ],\n                [\n                    "2019-12-12",\n                    2.936\n                ],\n                [\n                    "2019-12-13",\n                    2.9358\n                ],\n                [\n                    "2019-12-16",\n                    2.9351999999999996\n                ],\n                [\n                    "2019-12-17",\n                    2.9386\n                ],\n                [\n                    "2019-12-18",\n                    2.9463999999999997\n                ],\n                [\n                    "2019-12-19",\n                    2.9546\n                ],\n                [\n                    "2019-12-20",\n                    2.9516\n                ],\n                [\n                    "2019-12-23",\n                    2.9498\n                ],\n                [\n                    "2019-12-24",\n                    2.946\n                ],\n                [\n                    "2019-12-25",\n                    2.9376\n                ],\n                [\n                    "2019-12-26",\n                    2.9378\n                ],\n                [\n                    "2019-12-27",\n                    2.943\n                ],\n                [\n                    "2019-12-30",\n                    2.9661999999999997\n                ],\n                [\n                    "2019-12-31",\n                    2.9886\n                ],\n                [\n                    "2020-01-02",\n                    3.0162\n                ],\n                [\n                    "2020-01-03",\n                    3.029\n                ],\n                [\n                    "2020-01-06",\n                    3.034\n                ],\n                [\n                    "2020-01-07",\n                    3.029\n                ],\n                [\n                    "2020-01-08",\n                    3.0238\n                ],\n                [\n                    "2020-01-09",\n                    3.0296\n                ],\n                [\n                    "2020-01-10",\n                    3.0540000000000003\n                ],\n                [\n                    "2020-01-13",\n                    3.0846000000000005\n                ],\n                [\n                    "2020-01-14",\n                    3.1024000000000003\n                ],\n                [\n                    "2020-01-15",\n                    3.1216\n                ],\n                [\n                    "2020-01-16",\n                    3.1308\n                ],\n                [\n                    "2020-01-17",\n                    3.1334\n                ],\n                [\n                    "2020-01-20",\n                    3.1310000000000002\n                ],\n                [\n                    "2020-01-21",\n                    3.1228\n                ],\n                [\n                    "2020-01-22",\n                    3.1118\n                ],\n                [\n                    "2020-01-23",\n                    3.079\n                ],\n                [\n                    "2020-02-03",\n                    2.9954\n                ],\n                [\n                    "2020-02-04",\n                    2.9221999999999997\n                ],\n                [\n                    "2020-02-05",\n                    2.8676\n                ],\n                [\n                    "2020-02-06",\n                    2.8196\n                ],\n                [\n                    "2020-02-07",\n                    2.7933999999999997\n                ],\n                [\n                    "2020-02-10",\n                    2.8167999999999997\n                ],\n                [\n                    "2020-02-11",\n                    2.8454\n                ],\n                [\n                    "2020-02-12",\n                    2.8688000000000002\n                ],\n                [\n                    "2020-02-13",\n                    2.8802\n                ],\n                [\n                    "2020-02-14",\n                    2.8893999999999997\n                ],\n                [\n                    "2020-02-17",\n                    2.9015999999999997\n                ],\n                [\n                    "2020-02-18",\n                    2.8982\n                ],\n                [\n                    "2020-02-19",\n                    2.9002000000000003\n                ],\n                [\n                    "2020-02-20",\n                    2.9259999999999997\n                ],\n                [\n                    "2020-02-21",\n                    2.9509999999999996\n                ],\n                [\n                    "2020-02-24",\n                    2.9634\n                ],\n                [\n                    "2020-02-25",\n                    2.976\n                ],\n                [\n                    "2020-02-26",\n                    2.976\n                ],\n                [\n                    "2020-02-27",\n                    2.9652000000000003\n                ],\n                [\n                    "2020-02-28",\n                    2.9357999999999995\n                ],\n                [\n                    "2020-03-02",\n                    2.9278\n                ],\n                [\n                    "2020-03-03",\n                    2.9266\n                ],\n                [\n                    "2020-03-04",\n                    2.9356\n                ],\n                [\n                    "2020-03-05",\n                    2.9658\n                ],\n                [\n                    "2020-03-06",\n                    3.003\n                ],\n                [\n                    "2020-03-09",\n                    3.0054000000000003\n                ],\n                [\n                    "2020-03-10",\n                    3.0198\n                ],\n                [\n                    "2020-03-11",\n                    3.0268\n                ],\n                [\n                    "2020-03-12",\n                    2.9913999999999996\n                ],\n                [\n                    "2020-03-13",\n                    2.9595999999999996\n                ],\n                [\n                    "2020-03-16",\n                    2.9288\n                ],\n                [\n                    "2020-03-17",\n                    2.8716\n                ],\n                [\n                    "2020-03-18",\n                    2.8082000000000003\n                ],\n                [\n                    "2020-03-19",\n                    2.742\n                ],\n                [\n                    "2020-03-20",\n                    2.6982000000000004\n                ],\n                [\n                    "2020-03-23",\n                    2.6576\n                ],\n                [\n                    "2020-03-24",\n                    2.6456\n                ],\n                [\n                    "2020-03-25",\n                    2.659\n                ],\n                [\n                    "2020-03-26",\n                    2.689\n                ],\n                [\n                    "2020-03-27",\n                    2.713\n                ],\n                [\n                    "2020-03-30",\n                    2.746\n                ],\n                [\n                    "2020-03-31",\n                    2.7694\n                ],\n                [\n                    "2020-04-01",\n                    2.7746\n                ],\n                [\n                    "2020-04-02",\n                    2.7846\n                ],\n                [\n                    "2020-04-03",\n                    2.7862\n                ],\n                [\n                    "2020-04-07",\n                    2.8061999999999996\n                ],\n                [\n                    "2020-04-08",\n                    2.8152\n                ],\n                [\n                    "2020-04-09",\n                    2.8306\n                ],\n                [\n                    "2020-04-10",\n                    2.8456\n                ],\n                [\n                    "2020-04-13",\n                    2.8649999999999998\n                ],\n                [\n                    "2020-04-14",\n                    2.8808\n                ],\n                [\n                    "2020-04-15",\n                    2.8972\n                ],\n                [\n                    "2020-04-16",\n                    2.9066\n                ],\n                [\n                    "2020-04-17",\n                    2.916\n                ],\n                [\n                    "2020-04-20",\n                    2.9254000000000002\n                ],\n                [\n                    "2020-04-21",\n                    2.9179999999999997\n                ],\n                [\n                    "2020-04-22",\n                    2.9244\n                ],\n                [\n                    "2020-04-23",\n                    2.9384\n                ],\n                [\n                    "2020-04-24",\n                    2.9494\n                ],\n                [\n                    "2020-04-27",\n                    2.9536\n                ],\n                [\n                    "2020-04-28",\n                    2.9806\n                ],\n                [\n                    "2020-04-29",\n                    2.985\n                ],\n                [\n                    "2020-04-30",\n                    2.9894\n                ],\n                [\n                    "2020-05-06",\n                    2.993\n                ],\n                [\n                    "2020-05-07",\n                    3.0052\n                ],\n                [\n                    "2020-05-08",\n                    3.0140000000000002\n                ],\n                [\n                    "2020-05-11",\n                    3.0372\n                ],\n                [\n                    "2020-05-12",\n                    3.0618000000000003\n                ],\n                [\n                    "2020-05-13",\n                    3.093\n                ],\n                [\n                    "2020-05-14",\n                    3.118\n                ],\n                [\n                    "2020-05-15",\n                    3.1268000000000002\n                ],\n                [\n                    "2020-05-18",\n                    3.1424\n                ],\n                [\n                    "2020-05-19",\n                    3.1553999999999998\n                ],\n                [\n                    "2020-05-20",\n                    3.158\n                ],\n                [\n                    "2020-05-21",\n                    3.1666\n                ],\n                [\n                    "2020-05-22",\n                    3.1652\n                ],\n                [\n                    "2020-05-25",\n                    3.1604\n                ],\n                [\n                    "2020-05-26",\n                    3.1588000000000003\n                ],\n                [\n                    "2020-05-27",\n                    3.156\n                ],\n                [\n                    "2020-05-28",\n                    3.1510000000000002\n                ],\n                [\n                    "2020-05-29",\n                    3.1696\n                ],\n                [\n                    "2020-06-01",\n                    3.1954000000000002\n                ],\n                [\n                    "2020-06-02",\n                    3.2092\n                ],\n                [\n                    "2020-06-03",\n                    3.2246\n                ],\n                [\n                    "2020-06-04",\n                    3.2474000000000003\n                ],\n                [\n                    "2020-06-05",\n                    3.2698\n                ],\n                [\n                    "2020-06-08",\n                    3.2817999999999996\n                ],\n                [\n                    "2020-06-09",\n                    3.3024\n                ],\n                [\n                    "2020-06-10",\n                    3.3252\n                ],\n                [\n                    "2020-06-11",\n                    3.3289999999999997\n                ],\n                [\n                    "2020-06-12",\n                    3.3266\n                ],\n                [\n                    "2020-06-15",\n                    3.3052\n                ],\n                [\n                    "2020-06-16",\n                    3.2887999999999997\n                ],\n                [\n                    "2020-06-17",\n                    3.2689999999999997\n                ],\n                [\n                    "2020-06-18",\n                    3.261\n                ],\n                [\n                    "2020-06-19",\n                    3.2683999999999997\n                ],\n                [\n                    "2020-06-22",\n                    3.2846\n                ],\n                [\n                    "2020-06-23",\n                    3.303\n                ],\n                [\n                    "2020-06-24",\n                    3.3266\n                ],\n                [\n                    "2020-06-29",\n                    3.3468000000000004\n                ],\n                [\n                    "2020-06-30",\n                    3.3578\n                ],\n                [\n                    "2020-07-01",\n                    3.4014\n                ],\n                [\n                    "2020-07-02",\n                    3.4508\n                ],\n                [\n                    "2020-07-03",\n                    3.4934\n                ],\n                [\n                    "2020-07-06",\n                    3.5518\n                ],\n                [\n                    "2020-07-07",\n                    3.6174\n                ],\n                [\n                    "2020-07-08",\n                    3.6552\n                ],\n                [\n                    "2020-07-09",\n                    3.6852000000000005\n                ],\n                [\n                    "2020-07-10",\n                    3.7276\n                ],\n                [\n                    "2020-07-13",\n                    3.7862\n                ],\n                [\n                    "2020-07-14",\n                    3.8293999999999997\n                ],\n                [\n                    "2020-07-15",\n                    3.8912\n                ],\n                [\n                    "2020-07-16",\n                    3.8882\n                ],\n                [\n                    "2020-07-17",\n                    3.8892\n                ],\n                [\n                    "2020-07-20",\n                    3.8606000000000003\n                ],\n                [\n                    "2020-07-21",\n                    3.846\n                ],\n                [\n                    "2020-07-22",\n                    3.8226\n                ],\n                [\n                    "2020-07-23",\n                    3.8622\n                ],\n                [\n                    "2020-07-24",\n                    3.8558\n                ],\n                [\n                    "2020-07-27",\n                    3.8516\n                ],\n                [\n                    "2020-07-28",\n                    3.8532\n                ],\n                [\n                    "2020-07-29",\n                    3.8618\n                ],\n                [\n                    "2020-07-30",\n                    3.8695999999999997\n                ],\n                [\n                    "2020-07-31",\n                    3.9136\n                ],\n                [\n                    "2020-08-03",\n                    3.9566000000000003\n                ],\n                [\n                    "2020-08-04",\n                    3.9783999999999997\n                ],\n                [\n                    "2020-08-05",\n                    3.9872\n                ],\n                [\n                    "2020-08-06",\n                    3.9752\n                ],\n                [\n                    "2020-08-07",\n                    3.9538\n                ],\n                [\n                    "2020-08-10",\n                    3.9334000000000002\n                ],\n                [\n                    "2020-08-11",\n                    3.9170000000000003\n                ],\n                [\n                    "2020-08-12",\n                    3.8878\n                ],\n                [\n                    "2020-08-13",\n                    3.8782000000000005\n                ],\n                [\n                    "2020-08-14",\n                    3.8975999999999997\n                ],\n                [\n                    "2020-08-17",\n                    3.9263999999999997\n                ],\n                [\n                    "2020-08-18",\n                    3.9606000000000003\n                ],\n                [\n                    "2020-08-19",\n                    4.0009999999999994\n                ],\n                [\n                    "2020-08-20",\n                    4.0204\n                ],\n                [\n                    "2020-08-21",\n                    4.0312\n                ],\n                [\n                    "2020-08-24",\n                    4.0436\n                ],\n                [\n                    "2020-08-25",\n                    4.068\n                ],\n                [\n                    "2020-08-26",\n                    4.095000000000001\n                ],\n                [\n                    "2020-08-27",\n                    4.1514\n                ],\n                [\n                    "2020-08-28",\n                    4.2222\n                ],\n                [\n                    "2020-08-31",\n                    4.2732\n                ],\n                [\n                    "2020-09-01",\n                    4.3016\n                ],\n                [\n                    "2020-09-02",\n                    4.3272\n                ],\n                [\n                    "2020-09-03",\n                    4.3464\n                ],\n                [\n                    "2020-09-04",\n                    4.322\n                ],\n                [\n                    "2020-09-07",\n                    4.287799999999999\n                ],\n                [\n                    "2020-09-08",\n                    4.2454\n                ],\n                [\n                    "2020-09-09",\n                    4.192200000000001\n                ],\n                [\n                    "2020-09-10",\n                    4.1452\n                ],\n                [\n                    "2020-09-11",\n                    4.1318\n                ],\n                [\n                    "2020-09-14",\n                    4.142200000000001\n                ],\n                [\n                    "2020-09-15",\n                    4.167\n                ],\n                [\n                    "2020-09-16",\n                    4.1964\n                ],\n                [\n                    "2020-09-17",\n                    4.2014\n                ],\n                [\n                    "2020-09-18",\n                    4.196\n                ],\n                [\n                    "2020-09-21",\n                    4.1726\n                ],\n                [\n                    "2020-09-22",\n                    4.1408000000000005\n                ],\n                [\n                    "2020-09-23",\n                    4.1213999999999995\n                ],\n                [\n                    "2020-09-24",\n                    4.1028\n                ],\n                [\n                    "2020-09-25",\n                    4.078\n                ],\n                [\n                    "2020-09-28",\n                    4.0652\n                ],\n                [\n                    "2020-09-29",\n                    4.0588\n                ],\n                [\n                    "2020-09-30",\n                    4.056\n                ],\n                [\n                    "2020-10-09",\n                    4.0722000000000005\n                ],\n                [\n                    "2020-10-12",\n                    4.1142\n                ],\n                [\n                    "2020-10-13",\n                    4.1604\n                ],\n                [\n                    "2020-10-14",\n                    4.2014000000000005\n                ],\n                [\n                    "2020-10-15",\n                    4.2341999999999995\n                ],\n                [\n                    "2020-10-16",\n                    4.2462\n                ],\n                [\n                    "2020-10-19",\n                    4.2234\n                ],\n                [\n                    "2020-10-20",\n                    4.210800000000001\n                ],\n                [\n                    "2020-10-21",\n                    4.205\n                ],\n                [\n                    "2020-10-22",\n                    4.2056000000000004\n                ],\n                [\n                    "2020-10-23",\n                    4.2048000000000005\n                ],\n                [\n                    "2020-10-26",\n                    4.2048000000000005\n                ],\n                [\n                    "2020-10-27",\n                    4.188400000000001\n                ],\n                [\n                    "2020-10-28",\n                    4.1962\n                ],\n                [\n                    "2020-10-29",\n                    4.2256\n                ],\n                [\n                    "2020-10-30",\n                    4.2408\n                ],\n                [\n                    "2020-11-02",\n                    4.2752\n                ],\n                [\n                    "2020-11-03",\n                    4.3118\n                ],\n                [\n                    "2020-11-04",\n                    4.334\n                ],\n                [\n                    "2020-11-05",\n                    4.3468\n                ],\n                [\n                    "2020-11-06",\n                    4.3932\n                ],\n                [\n                    "2020-11-09",\n                    4.4374\n                ],\n                [\n                    "2020-11-10",\n                    4.4858\n                ],\n                [\n                    "2020-11-11",\n                    4.518800000000001\n                ],\n                [\n                    "2020-11-12",\n                    4.5516000000000005\n                ],\n                [\n                    "2020-11-13",\n                    4.5616\n                ],\n                [\n                    "2020-11-16",\n                    4.5832\n                ],\n                [\n                    "2020-11-17",\n                    4.5906\n                ],\n                [\n                    "2020-11-18",\n                    4.5886\n                ],\n                [\n                    "2020-11-19",\n                    4.584999999999999\n                ],\n                [\n                    "2020-11-20",\n                    4.6084000000000005\n                ],\n                [\n                    "2020-11-23",\n                    4.619400000000001\n                ],\n                [\n                    "2020-11-24",\n                    4.6344\n                ],\n                [\n                    "2020-11-25",\n                    4.6396\n                ],\n                [\n                    "2020-11-26",\n                    4.6322\n                ],\n                [\n                    "2020-11-27",\n                    4.622199999999999\n                ],\n                [\n                    "2020-11-30",\n                    4.5862\n                ],\n                [\n                    "2020-12-01",\n                    4.5618\n                ],\n                [\n                    "2020-12-02",\n                    4.563000000000001\n                ],\n                [\n                    "2020-12-03",\n                    4.5698\n                ],\n                [\n                    "2020-12-04",\n                    4.583\n                ],\n                [\n                    "2020-12-07",\n                    4.617\n                ],\n                [\n                    "2020-12-08",\n                    4.6453999999999995\n                ],\n                [\n                    "2020-12-09",\n                    4.6644\n                ],\n                [\n                    "2020-12-10",\n                    4.6814\n                ],\n                [\n                    "2020-12-11",\n                    4.6896\n                ],\n                [\n                    "2020-12-14",\n                    4.7177999999999995\n                ],\n                [\n                    "2020-12-15",\n                    4.7416\n                ],\n                [\n                    "2020-12-16",\n                    4.7842\n                ],\n                [\n                    "2020-12-17",\n                    4.8392\n                ],\n                [\n                    "2020-12-18",\n                    4.8878\n                ],\n                [\n                    "2020-12-21",\n                    4.9194\n                ],\n                [\n                    "2020-12-22",\n                    4.958399999999999\n                ],\n                [\n                    "2020-12-23",\n                    4.9878\n                ],\n                [\n                    "2020-12-24",\n                    4.992800000000001\n                ],\n                [\n                    "2020-12-25",\n                    5.0018\n                ],\n                [\n                    "2020-12-28",\n                    5.0354\n                ],\n                [\n                    "2020-12-29",\n                    5.0552\n                ],\n                [\n                    "2020-12-30",\n                    5.0886\n                ],\n                [\n                    "2020-12-31",\n                    5.1456\n                ],\n                [\n                    "2021-01-04",\n                    5.2248\n                ],\n                [\n                    "2021-01-05",\n                    5.3086\n                ],\n                [\n                    "2021-01-06",\n                    5.4037999999999995\n                ],\n                [\n                    "2021-01-07",\n                    5.502999999999999\n                ],\n                [\n                    "2021-01-08",\n                    5.559\n                ],\n                [\n                    "2021-01-11",\n                    5.5676000000000005\n                ],\n                [\n                    "2021-01-12",\n                    5.5658\n                ],\n                [\n                    "2021-01-13",\n                    5.5489999999999995\n                ],\n                [\n                    "2021-01-14",\n                    5.4828\n                ],\n                [\n                    "2021-01-15",\n                    5.4226\n                ],\n                [\n                    "2021-01-18",\n                    5.3832\n                ],\n                [\n                    "2021-01-19",\n                    5.3004\n                ],\n                [\n                    "2021-01-20",\n                    5.2406\n                ],\n                [\n                    "2021-01-21",\n                    5.2356\n                ],\n                [\n                    "2021-01-22",\n                    5.2536000000000005\n                ],\n                [\n                    "2021-01-25",\n                    5.3162\n                ],\n                [\n                    "2021-01-26",\n                    5.3748\n                ],\n                [\n                    "2021-01-27",\n                    5.414\n                ],\n                [\n                    "2021-01-28",\n                    5.409599999999999\n                ],\n                [\n                    "2021-01-29",\n                    5.4108\n                ],\n                [\n                    "2021-02-01",\n                    5.3808\n                ],\n                [\n                    "2021-02-02",\n                    5.413\n                ],\n                [\n                    "2021-02-03",\n                    5.4644\n                ],\n                [\n                    "2021-02-04",\n                    5.531000000000001\n                ],\n                [\n                    "2021-02-05",\n                    5.6024\n                ],\n                [\n                    "2021-02-08",\n                    5.6724000000000006\n                ],\n                [\n                    "2021-02-09",\n                    5.7264\n                ],\n                [\n                    "2021-02-10",\n                    5.8206\n                ],\n                [\n                    "2021-02-18",\n                    5.8772\n                ],\n                [\n                    "2021-02-19",\n                    5.917199999999999\n                ],\n                [\n                    "2021-02-22",\n                    5.8712\n                ],\n                [\n                    "2021-02-23",\n                    5.7989999999999995\n                ],\n                [\n                    "2021-02-24",\n                    5.6335999999999995\n                ],\n                [\n                    "2021-02-25",\n                    5.5004\n                ],\n                [\n                    "2021-02-26",\n                    5.339\n                ],\n                [\n                    "2021-03-01",\n                    5.2665999999999995\n                ],\n                [\n                    "2021-03-02",\n                    5.1798\n                ],\n                [\n                    "2021-03-03",\n                    5.151000000000001\n                ],\n                [\n                    "2021-03-04",\n                    5.0898\n                ],\n                [\n                    "2021-03-05",\n                    5.0612\n                ],\n                [\n                    "2021-03-08",\n                    4.961799999999999\n                ],\n                [\n                    "2021-03-09",\n                    4.8552\n                ],\n                [\n                    "2021-03-10",\n                    4.7588\n                ],\n                [\n                    "2021-03-11",\n                    4.7306\n                ],\n                [\n                    "2021-03-12",\n                    4.7062\n                ],\n                [\n                    "2021-03-15",\n                    4.7004\n                ],\n                [\n                    "2021-03-16",\n                    4.73\n                ],\n                [\n                    "2021-03-17",\n                    4.7564\n                ],\n                [\n                    "2021-03-18",\n                    4.778599999999999\n                ],\n                [\n                    "2021-03-19",\n                    4.7706\n                ],\n                [\n                    "2021-03-22",\n                    4.8048\n                ],\n                [\n                    "2021-03-23",\n                    4.8244\n                ],\n                [\n                    "2021-03-24",\n                    4.8142\n                ],\n                [\n                    "2021-03-25",\n                    4.775\n                ],\n                [\n                    "2021-03-26",\n                    4.7856000000000005\n                ],\n                [\n                    "2021-03-29",\n                    4.806800000000001\n                ],\n                [\n                    "2021-03-30",\n                    4.8412\n                ],\n                [\n                    "2021-03-31",\n                    4.8704\n                ],\n                [\n                    "2021-04-01",\n                    4.932\n                ],\n                [\n                    "2021-04-02",\n                    5.002599999999999\n                ],\n                [\n                    "2021-04-06",\n                    5.0484\n                ],\n                [\n                    "2021-04-07",\n                    5.0538\n                ],\n                [\n                    "2021-04-08",\n                    5.082\n                ],\n                [\n                    "2021-04-09",\n                    5.0606\n                ],\n                [\n                    "2021-04-12",\n                    4.9962\n                ],\n                [\n                    "2021-04-13",\n                    4.9426\n                ],\n                [\n                    "2021-04-14",\n                    4.934399999999999\n                ],\n                [\n                    "2021-04-15",\n                    4.9118\n                ],\n                [\n                    "2021-04-16",\n                    4.9201999999999995\n                ],\n                [\n                    "2021-04-19",\n                    4.9604\n                ],\n                [\n                    "2021-04-20",\n                    5.0098\n                ],\n                [\n                    "2021-04-21",\n                    5.0566\n                ],\n                [\n                    "2021-04-22",\n                    5.104\n                ],\n                [\n                    "2021-04-23",\n                    5.157400000000001\n                ],\n                [\n                    "2021-04-26",\n                    5.175800000000001\n                ],\n                [\n                    "2021-04-27",\n                    5.1958\n                ],\n                [\n                    "2021-04-28",\n                    5.2206\n                ],\n                [\n                    "2021-04-29",\n                    5.2538\n                ],\n                [\n                    "2021-04-30",\n                    5.257\n                ],\n                [\n                    "2021-05-06",\n                    5.236\n                ],\n                [\n                    "2021-05-07",\n                    5.1924\n                ],\n                [\n                    "2021-05-10",\n                    5.119\n                ],\n                [\n                    "2021-05-11",\n                    5.0584\n                ],\n                [\n                    "2021-05-12",\n                    5.0262\n                ],\n                [\n                    "2021-05-13",\n                    5.0256\n                ],\n                [\n                    "2021-05-14",\n                    5.0558\n                ],\n                [\n                    "2021-05-17",\n                    5.1217999999999995\n                ],\n                [\n                    "2021-05-18",\n                    5.167199999999999\n                ],\n                [\n                    "2021-05-19",\n                    5.1984\n                ],\n                [\n                    "2021-05-20",\n                    5.2466\n                ],\n                [\n                    "2021-05-21",\n                    5.2686\n                ],\n                [\n                    "2021-05-24",\n                    5.277200000000001\n                ],\n                [\n                    "2021-05-25",\n                    5.3178\n                ],\n                [\n                    "2021-05-26",\n                    5.351000000000001\n                ],\n                [\n                    "2021-05-27",\n                    5.374599999999999\n                ],\n                [\n                    "2021-05-28",\n                    5.4014\n                ],\n                [\n                    "2021-05-31",\n                    5.4162\n                ],\n                [\n                    "2021-06-01",\n                    5.4030000000000005\n                ],\n                [\n                    "2021-06-02",\n                    5.3956\n                ],\n                [\n                    "2021-06-03",\n                    5.392999999999999\n                ],\n                [\n                    "2021-06-04",\n                    5.4084\n                ],\n                [\n                    "2021-06-07",\n                    5.430999999999999\n                ],\n                [\n                    "2021-06-08",\n                    5.412\n                ],\n                [\n                    "2021-06-09",\n                    5.3986\n                ],\n                [\n                    "2021-06-10",\n                    5.386\n                ],\n                [\n                    "2021-06-11",\n                    5.342\n                ],\n                [\n                    "2021-06-15",\n                    5.2905999999999995\n                ],\n                [\n                    "2021-06-16",\n                    5.2628\n                ],\n                [\n                    "2021-06-17",\n                    5.2396\n                ],\n                [\n                    "2021-06-18",\n                    5.199199999999999\n                ],\n                [\n                    "2021-06-21",\n                    5.1684\n                ],\n                [\n                    "2021-06-22",\n                    5.143800000000001\n                ],\n                [\n                    "2021-06-23",\n                    5.122199999999999\n                ],\n                [\n                    "2021-06-24",\n                    5.0958\n                ],\n                [\n                    "2021-06-25",\n                    5.091200000000001\n                ],\n                [\n                    "2021-06-28",\n                    5.1084000000000005\n                ],\n                [\n                    "2021-06-29",\n                    5.107200000000001\n                ],\n                [\n                    "2021-06-30",\n                    5.127000000000001\n                ],\n                [\n                    "2021-07-01",\n                    5.1476\n                ],\n                [\n                    "2021-07-02",\n                    5.121599999999999\n                ],\n                [\n                    "2021-07-05",\n                    5.0792\n                ],\n                [\n                    "2021-07-06",\n                    5.0472\n                ],\n                [\n                    "2021-07-07",\n                    5.0182\n                ],\n                [\n                    "2021-07-08",\n                    4.9696\n                ],\n                [\n                    "2021-07-09",\n                    4.9382\n                ],\n                [\n                    "2021-07-12",\n                    4.9232\n                ],\n                [\n                    "2021-07-13",\n                    4.9296\n                ],\n                [\n                    "2021-07-14",\n                    4.9196\n                ],\n                [\n                    "2021-07-15",\n                    4.9412\n                ],\n                [\n                    "2021-07-16",\n                    4.962999999999999\n                ],\n                [\n                    "2021-07-19",\n                    4.976\n                ],\n                [\n                    "2021-07-20",\n                    4.9724\n                ],\n                [\n                    "2021-07-21",\n                    4.9719999999999995\n                ],\n                [\n                    "2021-07-22",\n                    4.9422\n                ],\n                [\n                    "2021-07-23",\n                    4.9086\n                ],\n                [\n                    "2021-07-26",\n                    4.823\n                ],\n                [\n                    "2021-07-27",\n                    4.7038\n                ],\n                [\n                    "2021-07-28",\n                    4.5946\n                ],\n                [\n                    "2021-07-29",\n                    4.5014\n                ],\n                [\n                    "2021-07-30",\n                    4.4\n                ],\n                [\n                    "2021-08-02",\n                    4.3768\n                ],\n                [\n                    "2021-08-03",\n                    4.4002\n                ],\n                [\n                    "2021-08-04",\n                    4.4108\n                ],\n                [\n                    "2021-08-05",\n                    4.412\n                ],\n                [\n                    "2021-08-06",\n                    4.4392000000000005\n                ],\n                [\n                    "2021-08-09",\n                    4.461\n                ],\n                [\n                    "2021-08-10",\n                    4.498600000000001\n                ],\n                [\n                    "2021-08-11",\n                    4.529\n                ],\n                [\n                    "2021-08-12",\n                    4.5532\n                ],\n                [\n                    "2021-08-13",\n                    4.5847999999999995\n                ],\n                [\n                    "2021-08-16",\n                    4.6014\n                ],\n                [\n                    "2021-08-17",\n                    4.5544\n                ],\n                [\n                    "2021-08-18",\n                    4.5214\n                ],\n                [\n                    "2021-08-19",\n                    4.493\n                ],\n                [\n                    "2021-08-20",\n                    4.428\n                ],\n                [\n                    "2021-08-23",\n                    4.3616\n                ],\n                [\n                    "2021-08-24",\n                    4.3432\n                ],\n                [\n                    "2021-08-25",\n                    4.332000000000001\n                ],\n                [\n                    "2021-08-26",\n                    4.308400000000001\n                ],\n                [\n                    "2021-08-27",\n                    4.3138\n                ],\n                [\n                    "2021-08-30",\n                    4.3152\n                ],\n                [\n                    "2021-08-31",\n                    4.2978\n                ],\n                [\n                    "2021-09-01",\n                    4.292599999999999\n                ],\n                [\n                    "2021-09-02",\n                    4.295\n                ],\n                [\n                    "2021-09-03",\n                    4.311\n                ],\n                [\n                    "2021-09-06",\n                    4.3404\n                ],\n                [\n                    "2021-09-07",\n                    4.376399999999999\n                ],\n                [\n                    "2021-09-08",\n                    4.38\n                ],\n                [\n                    "2021-09-09",\n                    4.394\n                ],\n                [\n                    "2021-09-10",\n                    4.4074\n                ],\n                [\n                    "2021-09-13",\n                    4.3911999999999995\n                ],\n                [\n                    "2021-09-14",\n                    4.3688\n                ],\n                [\n                    "2021-09-15",\n                    4.3394\n                ],\n                [\n                    "2021-09-16",\n                    4.3146\n                ],\n                [\n                    "2021-09-17",\n                    4.2974000000000006\n                ],\n                [\n                    "2021-09-22",\n                    4.2662\n                ],\n                [\n                    "2021-09-23",\n                    4.247400000000001\n                ],\n                [\n                    "2021-09-24",\n                    4.2664\n                ],\n                [\n                    "2021-09-27",\n                    4.3272\n                ],\n                [\n                    "2021-09-28",\n                    4.367399999999999\n                ],\n                [\n                    "2021-09-29",\n                    4.429799999999999\n                ],\n                [\n                    "2021-09-30",\n                    4.493399999999999\n                ],\n                [\n                    "2021-10-08",\n                    4.5569999999999995\n                ],\n                [\n                    "2021-10-11",\n                    4.5774\n                ],\n                [\n                    "2021-10-12",\n                    4.6006\n                ],\n                [\n                    "2021-10-13",\n                    4.6506\n                ],\n                [\n                    "2021-10-14",\n                    4.685599999999999\n                ],\n                [\n                    "2021-10-15",\n                    4.699\n                ],\n                [\n                    "2021-10-18",\n                    4.6808\n                ],\n                [\n                    "2021-10-19",\n                    4.683400000000001\n                ],\n                [\n                    "2021-10-20",\n                    4.6572000000000005\n                ],\n                [\n                    "2021-10-21",\n                    4.6384\n                ],\n                [\n                    "2021-10-22",\n                    4.6342\n                ],\n                [\n                    "2021-10-25",\n                    4.656000000000001\n                ],\n                [\n                    "2021-10-26",\n                    4.6537999999999995\n                ],\n                [\n                    "2021-10-27",\n                    4.6378\n                ],\n                [\n                    "2021-10-28",\n                    4.6206000000000005\n                ],\n                [\n                    "2021-10-29",\n                    4.6\n                ],\n                [\n                    "2021-11-01",\n                    4.5774\n                ],\n                [\n                    "2021-11-02",\n                    4.5542\n                ],\n                [\n                    "2021-11-03",\n                    4.5434\n                ],\n                [\n                    "2021-11-04",\n                    4.5576\n                ],\n                [\n                    "2021-11-05",\n                    4.5624\n                ],\n                [\n                    "2021-11-08",\n                    4.573\n                ],\n                [\n                    "2021-11-09",\n                    4.577800000000001\n                ],\n                [\n                    "2021-11-10",\n                    4.5754\n                ],\n                [\n                    "2021-11-11",\n                    4.5538\n                ],\n                [\n                    "2021-11-12",\n                    4.5312\n                ],\n                [\n                    "2021-11-15",\n                    4.5118\n                ],\n                [\n                    "2021-11-16",\n                    4.525399999999999\n                ],\n                [\n                    "2021-11-17",\n                    4.5484\n                ],\n                [\n                    "2021-11-18",\n                    4.5632\n                ],\n                [\n                    "2021-11-19",\n                    4.5838\n                ],\n                [\n                    "2021-11-22",\n                    4.6084\n                ],\n                [\n                    "2021-11-23",\n                    4.6104\n                ],\n                [\n                    "2021-11-24",\n                    4.6259999999999994\n                ],\n                [\n                    "2021-11-25",\n                    4.6398\n                ],\n                [\n                    "2021-11-26",\n                    4.6408000000000005\n                ],\n                [\n                    "2021-11-29",\n                    4.6364\n                ],\n                [\n                    "2021-11-30",\n                    4.6206\n                ],\n                [\n                    "2021-12-01",\n                    4.593999999999999\n                ],\n                [\n                    "2021-12-02",\n                    4.5782\n                ],\n                [\n                    "2021-12-03",\n                    4.5908\n                ],\n                [\n                    "2021-12-06",\n                    4.6036\n                ],\n                [\n                    "2021-12-07",\n                    4.6278\n                ],\n                [\n                    "2021-12-08",\n                    4.673799999999999\n                ],\n                [\n                    "2021-12-09",\n                    4.732\n                ],\n                [\n                    "2021-12-10",\n                    4.7656\n                ],\n                [\n                    "2021-12-13",\n                    4.8006\n                ],\n                [\n                    "2021-12-14",\n                    4.835800000000001\n                ],\n                [\n                    "2021-12-15",\n                    4.8398\n                ],\n                [\n                    "2021-12-16",\n                    4.817\n                ],\n                [\n                    "2021-12-17",\n                    4.7787999999999995\n                ],\n                [\n                    "2021-12-20",\n                    4.7372\n                ],\n                [\n                    "2021-12-21",\n                    4.6974\n                ],\n                [\n                    "2021-12-22",\n                    4.6736\n                ],\n                [\n                    "2021-12-23",\n                    4.6746\n                ],\n                [\n                    "2021-12-24",\n                    4.7034\n                ],\n                [\n                    "2021-12-27",\n                    4.731999999999999\n                ],\n                [\n                    "2021-12-28",\n                    4.7692\n                ],\n                [\n                    "2021-12-29",\n                    4.7688\n                ],\n                [\n                    "2021-12-30",\n                    4.758799999999999\n                ],\n                [\n                    "2021-12-31",\n                    4.7362\n                ],\n                [\n                    "2022-01-04",\n                    4.715400000000001\n                ],\n                [\n                    "2022-01-05",\n                    4.679\n                ],\n                [\n                    "2022-01-06",\n                    4.662599999999999\n                ],\n                [\n                    "2022-01-07",\n                    4.6331999999999995\n                ],\n                [\n                    "2022-01-10",\n                    4.6106\n                ],\n                [\n                    "2022-01-11",\n                    4.5724\n                ],\n                [\n                    "2022-01-12",\n                    4.5436\n                ],\n                [\n                    "2022-01-13",\n                    4.5002\n                ],\n                [\n                    "2022-01-14",\n                    4.4592\n                ],\n                [\n                    "2022-01-17",\n                    4.4208\n                ],\n                [\n                    "2022-01-18",\n                    4.407\n                ],\n                [\n                    "2022-01-19",\n                    4.381\n                ],\n                [\n                    "2022-01-20",\n                    4.3972\n                ],\n                [\n                    "2022-01-21",\n                    4.417199999999999\n                ],\n                [\n                    "2022-01-24",\n                    4.4258\n                ],\n                [\n                    "2022-01-25",\n                    4.4096\n                ],\n                [\n                    "2022-01-26",\n                    4.412599999999999\n                ],\n                [\n                    "2022-01-27",\n                    4.3864\n                ],\n                [\n                    "2022-01-28",\n                    4.34\n                ],\n                [\n                    "2022-02-07",\n                    4.3052\n                ],\n                [\n                    "2022-02-08",\n                    4.2734\n                ],\n                [\n                    "2022-02-09",\n                    4.2552\n                ],\n                [\n                    "2022-02-10",\n                    4.2442\n                ],\n                [\n                    "2022-02-11",\n                    4.254\n                ],\n                [\n                    "2022-02-14",\n                    4.260199999999999\n                ],\n                [\n                    "2022-02-15",\n                    4.286\n                ],\n                [\n                    "2022-02-16",\n                    4.2912\n                ],\n                [\n                    "2022-02-17",\n                    4.2988\n                ],\n                [\n                    "2022-02-18",\n                    4.3082\n                ],\n                [\n                    "2022-02-21",\n                    4.3124\n                ],\n                [\n                    "2022-02-22",\n                    4.2922\n                ],\n                [\n                    "2022-02-23",\n                    4.2744\n                ],\n                [\n                    "2022-02-24",\n                    4.2354\n                ],\n                [\n                    "2022-02-25",\n                    4.2006\n                ],\n                [\n                    "2022-02-28",\n                    4.1676\n                ],\n                [\n                    "2022-03-01",\n                    4.167199999999999\n                ],\n                [\n                    "2022-03-02",\n                    4.150799999999999\n                ],\n                [\n                    "2022-03-03",\n                    4.1404000000000005\n                ],\n                [\n                    "2022-03-04",\n                    4.1128\n                ],\n                [\n                    "2022-03-07",\n                    4.0556\n                ],\n                [\n                    "2022-03-08",\n                    3.9746\n                ],\n                [\n                    "2022-03-09",\n                    3.9015999999999997\n                ],\n                [\n                    "2022-03-10",\n                    3.8684\n                ],\n                [\n                    "2022-03-11",\n                    3.839\n                ],\n                [\n                    "2022-03-14",\n                    3.8094\n                ],\n                [\n                    "2022-03-15",\n                    3.7566\n                ],\n                [\n                    "2022-03-16",\n                    3.7252\n                ],\n                [\n                    "2022-03-17",\n                    3.6984000000000004\n                ],\n                [\n                    "2022-03-18",\n                    3.675\n                ],\n                [\n                    "2022-03-21",\n                    3.6824\n                ],\n                [\n                    "2022-03-22",\n                    3.721\n                ],\n                [\n                    "2022-03-23",\n                    3.7438000000000002\n                ],\n                [\n                    "2022-03-24",\n                    3.7293999999999996\n                ],\n                [\n                    "2022-03-25",\n                    3.7016\n                ],\n                [\n                    "2022-03-28",\n                    3.6588000000000003\n                ],\n                [\n                    "2022-03-29",\n                    3.6132\n                ],\n                [\n                    "2022-03-30",\n                    3.5888\n                ],\n                [\n                    "2022-03-31",\n                    3.5732\n                ],\n                [\n                    "2022-04-01",\n                    3.5869999999999997\n                ],\n                [\n                    "2022-04-06",\n                    3.6092\n                ],\n                [\n                    "2022-04-07",\n                    3.6314\n                ],\n                [\n                    "2022-04-08",\n                    3.6256\n                ],\n                [\n                    "2022-04-11",\n                    3.5982\n                ],\n                [\n                    "2022-04-12",\n                    3.5866\n                ],\n                [\n                    "2022-04-13",\n                    3.5802\n                ],\n                [\n                    "2022-04-14",\n                    3.607\n                ],\n                [\n                    "2022-04-15",\n                    3.6390000000000002\n                ],\n                [\n                    "2022-04-18",\n                    3.6936\n                ],\n                [\n                    "2022-04-19",\n                    3.7131999999999996\n                ],\n                [\n                    "2022-04-20",\n                    3.7396000000000003\n                ],\n                [\n                    "2022-04-21",\n                    3.7257999999999996\n                ],\n                [\n                    "2022-04-22",\n                    3.7126000000000006\n                ],\n                [\n                    "2022-04-25",\n                    3.6726\n                ],\n                [\n                    "2022-04-26",\n                    3.6408\n                ],\n                [\n                    "2022-04-27",\n                    3.6218000000000004\n                ],\n                [\n                    "2022-04-28",\n                    3.6263999999999994\n                ],\n                [\n                    "2022-04-29",\n                    3.6414\n                ],\n                [\n                    "2022-05-05",\n                    3.6917999999999997\n                ],\n                [\n                    "2022-05-06",\n                    3.719\n                ],\n                [\n                    "2022-05-09",\n                    3.7144\n                ],\n                [\n                    "2022-05-10",\n                    3.7054\n                ],\n                [\n                    "2022-05-11",\n                    3.6937999999999995\n                ],\n                [\n                    "2022-05-12",\n                    3.681\n                ],\n                [\n                    "2022-05-13",\n                    3.6942\n                ],\n                [\n                    "2022-05-16",\n                    3.719\n                ],\n                [\n                    "2022-05-17",\n                    3.7445999999999997\n                ],\n                [\n                    "2022-05-18",\n                    3.7548000000000004\n                ],\n                [\n                    "2022-05-19",\n                    3.754\n                ],\n                [\n                    "2022-05-20",\n                    3.7689999999999997\n                ],\n                [\n                    "2022-05-23",\n                    3.7762000000000002\n                ],\n                [\n                    "2022-05-24",\n                    3.7670000000000003\n                ],\n                [\n                    "2022-05-25",\n                    3.7612\n                ],\n                [\n                    "2022-05-26",\n                    3.7606\n                ],\n                [\n                    "2022-05-27",\n                    3.7396000000000003\n                ],\n                [\n                    "2022-05-30",\n                    3.7516\n                ],\n                [\n                    "2022-05-31",\n                    3.7893999999999997\n                ],\n                [\n                    "2022-06-01",\n                    3.8274\n                ],\n                [\n                    "2022-06-02",\n                    3.8658\n                ],\n                [\n                    "2022-06-06",\n                    3.9129999999999994\n                ],\n                [\n                    "2022-06-07",\n                    3.9414000000000002\n                ],\n                [\n                    "2022-06-08",\n                    3.9620000000000006\n                ],\n                [\n                    "2022-06-09",\n                    3.9682000000000004\n                ],\n                [\n                    "2022-06-10",\n                    3.9898\n                ],\n                [\n                    "2022-06-13",\n                    3.9915999999999996\n                ],\n                [\n                    "2022-06-14",\n                    3.9974000000000003\n                ],\n                [\n                    "2022-06-15",\n                    4.0018\n                ],\n                [\n                    "2022-06-16",\n                    4.0206\n                ],\n                [\n                    "2022-06-17",\n                    4.0366\n                ],\n                [\n                    "2022-06-20",\n                    4.0798\n                ],\n                [\n                    "2022-06-21",\n                    4.1132\n                ],\n                [\n                    "2022-06-22",\n                    4.1284\n                ],\n                [\n                    "2022-06-23",\n                    4.1544\n                ],\n                [\n                    "2022-06-24",\n                    4.1802\n                ],\n                [\n                    "2022-06-27",\n                    4.2064\n                ],\n                [\n                    "2022-06-28",\n                    4.2396\n                ],\n                [\n                    "2022-06-29",\n                    4.275\n                ],\n                [\n                    "2022-06-30",\n                    4.3224\n                ],\n                [\n                    "2022-07-01",\n                    4.3494\n                ],\n                [\n                    "2022-07-04",\n                    4.361\n                ],\n                [\n                    "2022-07-05",\n                    4.3604\n                ],\n                [\n                    "2022-07-06",\n                    4.3534\n                ],\n                [\n                    "2022-07-07",\n                    4.3256\n                ],\n                [\n                    "2022-07-08",\n                    4.3076\n                ],\n                [\n                    "2022-07-11",\n                    4.276000000000001\n                ],\n                [\n                    "2022-07-12",\n                    4.2498000000000005\n                ],\n                [\n                    "2022-07-13",\n                    4.2362\n                ],\n                [\n                    "2022-07-14",\n                    4.215000000000001\n                ],\n                [\n                    "2022-07-15",\n                    4.1934\n                ],\n                [\n                    "2022-07-18",\n                    4.180999999999999\n                ],\n                [\n                    "2022-07-19",\n                    4.172\n                ],\n                [\n                    "2022-07-20",\n                    4.167\n                ],\n                [\n                    "2022-07-21",\n                    4.1606\n                ],\n                [\n                    "2022-07-22",\n                    4.154\n                ],\n                [\n                    "2022-07-25",\n                    4.1546\n                ],\n                [\n                    "2022-07-26",\n                    4.162\n                ],\n                [\n                    "2022-07-27",\n                    4.1564\n                ],\n                [\n                    "2022-07-28",\n                    4.1566\n                ],\n                [\n                    "2022-07-29",\n                    4.1348\n                ],\n                [\n                    "2022-08-01",\n                    4.117\n                ],\n                [\n                    "2022-08-02",\n                    4.0832\n                ],\n                [\n                    "2022-08-03",\n                    4.0532\n                ],\n                [\n                    "2022-08-04",\n                    4.034999999999999\n                ],\n                [\n                    "2022-08-05",\n                    4.0405999999999995\n                ],\n                [\n                    "2022-08-08",\n                    4.0334\n                ],\n                [\n                    "2022-08-09",\n                    4.033399999999999\n                ],\n                [\n                    "2022-08-10",\n                    4.0286\n                ],\n                [\n                    "2022-08-11",\n                    4.0266\n                ],\n                [\n                    "2022-08-12",\n                    4.0282\n                ],\n                [\n                    "2022-08-15",\n                    4.027\n                ],\n                [\n                    "2022-08-16",\n                    4.0224\n                ],\n                [\n                    "2022-08-17",\n                    4.0378\n                ],\n                [\n                    "2022-08-18",\n                    4.028\n                ],\n                [\n                    "2022-08-19",\n                    4.0112000000000005\n                ],\n                [\n                    "2022-08-22",\n                    4.0078000000000005\n                ],\n                [\n                    "2022-08-23",\n                    3.9982000000000006\n                ],\n                [\n                    "2022-08-24",\n                    3.9734000000000003\n                ],\n                [\n                    "2022-08-25",\n                    3.9757999999999996\n                ],\n                [\n                    "2022-08-26",\n                    3.9870000000000005\n                ],\n                [\n                    "2022-08-29",\n                    3.9856000000000003\n                ],\n                [\n                    "2022-08-30",\n                    3.9956000000000005\n                ],\n                [\n                    "2022-08-31",\n                    4.0264\n                ],\n                [\n                    "2022-09-01",\n                    4.0354\n                ],\n                [\n                    "2022-09-02",\n                    4.0238000000000005\n                ],\n                [\n                    "2022-09-05",\n                    4.006\n                ],\n                [\n                    "2022-09-06",\n                    3.9943999999999997\n                ],\n                [\n                    "2022-09-07",\n                    3.9624\n                ],\n                [\n                    "2022-09-08",\n                    3.9397999999999995\n                ],\n                [\n                    "2022-09-09",\n                    3.9408000000000003\n                ],\n                [\n                    "2022-09-13",\n                    3.9661999999999997\n                ],\n                [\n                    "2022-09-14",\n                    3.9776\n                ],\n                [\n                    "2022-09-15",\n                    4.0\n                ],\n                [\n                    "2022-09-16",\n                    4.004\n                ],\n                [\n                    "2022-09-19",\n                    4.0032000000000005\n                ],\n                [\n                    "2022-09-20",\n                    3.9962000000000004\n                ],\n                [\n                    "2022-09-21",\n                    3.9868\n                ],\n                [\n                    "2022-09-22",\n                    3.9614000000000003\n                ],\n                [\n                    "2022-09-23",\n                    3.9530000000000003\n                ],\n                [\n                    "2022-09-26",\n                    3.95\n                ],\n                [\n                    "2022-09-27",\n                    3.9616\n                ],\n                [\n                    "2022-09-28",\n                    3.975\n                ],\n                [\n                    "2022-09-29",\n                    3.9958\n                ],\n                [\n                    "2022-09-30",\n                    4.011\n                ],\n                [\n                    "2022-10-10",\n                    3.9882\n                ],\n                [\n                    "2022-10-11",\n                    3.946\n                ],\n                [\n                    "2022-10-12",\n                    3.9097999999999997\n                ],\n                [\n                    "2022-10-13",\n                    3.867\n                ],\n                [\n                    "2022-10-14",\n                    3.8427999999999995\n                ],\n                [\n                    "2022-10-17",\n                    3.8335999999999997\n                ],\n                [\n                    "2022-10-18",\n                    3.821\n                ],\n                [\n                    "2022-10-19",\n                    3.7882\n                ],\n                [\n                    "2022-10-20",\n                    3.7676000000000003\n                ],\n                [\n                    "2022-10-21",\n                    3.7237999999999998\n                ],\n                [\n                    "2022-10-24",\n                    3.6586\n                ],\n                [\n                    "2022-10-25",\n                    3.5946\n                ],\n                [\n                    "2022-10-26",\n                    3.5512\n                ],\n                [\n                    "2022-10-27",\n                    3.4848\n                ],\n                [\n                    "2022-10-28",\n                    3.4183999999999997\n                ],\n                [\n                    "2022-10-31",\n                    3.3787999999999996\n                ],\n                [\n                    "2022-11-01",\n                    3.3777999999999997\n                ],\n                [\n                    "2022-11-02",\n                    3.393\n                ],\n                [\n                    "2022-11-03",\n                    3.4206000000000003\n                ],\n                [\n                    "2022-11-04",\n                    3.4888\n                ],\n                [\n                    "2022-11-07",\n                    3.5664000000000002\n                ],\n                [\n                    "2022-11-08",\n                    3.5984000000000003\n                ],\n                [\n                    "2022-11-09",\n                    3.6065999999999994\n                ],\n                [\n                    "2022-11-10",\n                    3.6275999999999997\n                ],\n                [\n                    "2022-11-11",\n                    3.6392\n                ],\n                [\n                    "2022-11-14",\n                    3.6450000000000005\n                ],\n                [\n                    "2022-11-15",\n                    3.6728\n                ],\n                [\n                    "2022-11-16",\n                    3.7106000000000003\n                ],\n                [\n                    "2022-11-17",\n                    3.7358\n                ],\n                [\n                    "2022-11-18",\n                    3.7398\n                ],\n                [\n                    "2022-11-21",\n                    3.7318\n                ],\n                [\n                    "2022-11-22",\n                    3.7114\n                ],\n                [\n                    "2022-11-23",\n                    3.6866\n                ],\n                [\n                    "2022-11-24",\n                    3.6646\n                ],\n                [\n                    "2022-11-25",\n                    3.643\n                ],\n                [\n                    "2022-11-28",\n                    3.6370000000000005\n                ],\n                [\n                    "2022-11-29",\n                    3.6586\n                ],\n                [\n                    "2022-11-30",\n                    3.6828000000000003\n                ],\n                [\n                    "2022-12-01",\n                    3.7286\n                ],\n                [\n                    "2022-12-02",\n                    3.7702\n                ],\n                [\n                    "2022-12-05",\n                    3.8238\n                ],\n                [\n                    "2022-12-06",\n                    3.8648\n                ],\n                [\n                    "2022-12-07",\n                    3.9064\n                ],\n                [\n                    "2022-12-08",\n                    3.9324\n                ],\n                [\n                    "2022-12-09",\n                    3.9814\n                ],\n                [\n                    "2022-12-12",\n                    4.005999999999999\n                ],\n                [\n                    "2022-12-13",\n                    4.0216\n                ],\n                [\n                    "2022-12-14",\n                    4.049\n                ],\n                [\n                    "2022-12-15",\n                    4.0708\n                ],\n                [\n                    "2022-12-16",\n                    4.0768\n                ],\n                [\n                    "2022-12-19",\n                    4.0862\n                ],\n                [\n                    "2022-12-20",\n                    4.0632\n                ],\n                [\n                    "2022-12-21",\n                    4.036\n                ],\n                [\n                    "2022-12-22",\n                    4.0244\n                ],\n                [\n                    "2022-12-23",\n                    4.0118\n                ],\n                [\n                    "2022-12-26",\n                    4.0002\n                ],\n                [\n                    "2022-12-27",\n                    4.0264\n                ],\n                [\n                    "2022-12-28",\n                    4.0412\n                ],\n                [\n                    "2022-12-29",\n                    4.0412\n                ],\n                [\n                    "2022-12-30",\n                    4.0412\n                ],\n                [\n                    "2022-12-31",\n                    4.0482\n                ],\n                [\n                    "2023-01-03",\n                    4.0326\n                ],\n                [\n                    "2023-01-04",\n                    4.0238\n                ],\n                [\n                    "2023-01-05",\n                    4.05\n                ],\n                [\n                    "2023-01-06",\n                    4.072799999999999\n                ],\n                [\n                    "2023-01-09",\n                    4.103800000000001\n                ],\n                [\n                    "2023-01-10",\n                    4.15\n                ],\n                [\n                    "2023-01-11",\n                    4.1924\n                ],\n                [\n                    "2023-01-12",\n                    4.2016\n                ],\n                [\n                    "2023-01-13",\n                    4.2294\n                ],\n                [\n                    "2023-01-16",\n                    4.2638\n                ],\n                [\n                    "2023-01-17",\n                    4.2862\n                ],\n                [\n                    "2023-01-18",\n                    4.3012\n                ],\n                [\n                    "2023-01-19",\n                    4.316000000000001\n                ],\n                [\n                    "2023-01-20",\n                    4.3108\n                ],\n                [\n                    "2023-01-30",\n                    4.2964\n                ],\n                [\n                    "2023-01-31",\n                    4.2704\n                ],\n                [\n                    "2023-02-01",\n                    4.2586\n                ],\n                [\n                    "2023-02-02",\n                    4.2526\n                ],\n                [\n                    "2023-02-03",\n                    4.2414000000000005\n                ],\n                [\n                    "2023-02-06",\n                    4.2108\n                ],\n                [\n                    "2023-02-07",\n                    4.1996\n                ],\n                [\n                    "2023-02-08",\n                    4.176399999999999\n                ],\n                [\n                    "2023-02-09",\n                    4.1658\n                ],\n                [\n                    "2023-02-10",\n                    4.162\n                ],\n                [\n                    "2023-02-13",\n                    4.192200000000001\n                ],\n                [\n                    "2023-02-14",\n                    4.2170000000000005\n                ],\n                [\n                    "2023-02-15",\n                    4.2432\n                ],\n                [\n                    "2023-02-16",\n                    4.2568\n                ],\n                [\n                    "2023-02-17",\n                    4.2618\n                ],\n                [\n                    "2023-02-20",\n                    4.2654\n                ],\n                [\n                    "2023-02-21",\n                    4.2684\n                ],\n                [\n                    "2023-02-22",\n                    4.2734000000000005\n                ],\n                [\n                    "2023-02-23",\n                    4.269\n                ],\n                [\n                    "2023-02-24",\n                    4.261\n                ],\n                [\n                    "2023-02-27",\n                    4.24\n                ],\n                [\n                    "2023-02-28",\n                    4.224600000000001\n                ],\n                [\n                    "2023-03-01",\n                    4.2202\n                ],\n                [\n                    "2023-03-02",\n                    4.2196\n                ],\n                [\n                    "2023-03-03",\n                    4.2272\n                ],\n                [\n                    "2023-03-06",\n                    4.2256\n                ],\n                [\n                    "2023-03-07",\n                    4.209999999999999\n                ],\n                [\n                    "2023-03-08",\n                    4.1794\n                ],\n                [\n                    "2023-03-09",\n                    4.1488\n                ],\n                [\n                    "2023-03-10",\n                    4.111\n                ],\n                [\n                    "2023-03-13",\n                    4.090000000000001\n                ],\n                [\n                    "2023-03-14",\n                    4.0764000000000005\n                ],\n                [\n                    "2023-03-15",\n                    4.0616\n                ],\n                [\n                    "2023-03-16",\n                    4.05\n                ],\n                [\n                    "2023-03-17",\n                    4.037599999999999\n                ],\n                [\n                    "2023-03-20",\n                    4.0054\n                ],\n                [\n                    "2023-03-21",\n                    3.9977999999999994\n                ],\n                [\n                    "2023-03-22",\n                    3.9949999999999997\n                ],\n                [\n                    "2023-03-23",\n                    3.9977999999999994\n                ],\n                [\n                    "2023-03-24",\n                    4.0146\n                ],\n                [\n                    "2023-03-27",\n                    4.0324\n                ],\n                [\n                    "2023-03-28",\n                    4.0452\n                ],\n                [\n                    "2023-03-29",\n                    4.067\n                ],\n                [\n                    "2023-03-30",\n                    4.0938\n                ],\n                [\n                    "2023-03-31",\n                    4.1186\n                ],\n                [\n                    "2023-04-03",\n                    4.148599999999999\n                ],\n                [\n                    "2023-04-04",\n                    4.172\n                ],\n                [\n                    "2023-04-06",\n                    4.178399999999999\n                ],\n                [\n                    "2023-04-07",\n                    4.170599999999999\n                ],\n                [\n                    "2023-04-10",\n                    4.156999999999999\n                ],\n                [\n                    "2023-04-11",\n                    4.1332\n                ],\n                [\n                    "2023-04-12",\n                    4.088\n                ],\n                [\n                    "2023-04-13",\n                    4.0562000000000005\n                ],\n                [\n                    "2023-04-14",\n                    4.0206\n                ],\n                [\n                    "2023-04-17",\n                    4.0006\n                ],\n                [\n                    "2023-04-18",\n                    3.9944\n                ],\n                [\n                    "2023-04-19",\n                    3.9951999999999996\n                ],\n                [\n                    "2023-04-20",\n                    3.9854\n                ],\n                [\n                    "2023-04-21",\n                    3.978\n                ],\n                [\n                    "2023-04-24",\n                    3.9502\n                ],\n                [\n                    "2023-04-25",\n                    3.9244\n                ],\n                [\n                    "2023-04-26",\n                    3.9084000000000003\n                ],\n                [\n                    "2023-04-27",\n                    3.9074\n                ],\n                [\n                    "2023-04-28",\n                    3.9148000000000005\n                ],\n                [\n                    "2023-05-04",\n                    3.9321999999999995\n                ],\n                [\n                    "2023-05-05",\n                    3.9456\n                ],\n                [\n                    "2023-05-08",\n                    3.9468000000000005\n                ],\n                [\n                    "2023-05-09",\n                    3.9402\n                ],\n                [\n                    "2023-05-10",\n                    3.9292000000000002\n                ],\n                [\n                    "2023-05-11",\n                    3.9156\n                ],\n                [\n                    "2023-05-12",\n                    3.8938\n                ],\n                [\n                    "2023-05-15",\n                    3.8899999999999997\n                ],\n                [\n                    "2023-05-16",\n                    3.8786\n                ],\n                [\n                    "2023-05-17",\n                    3.8595999999999995\n                ],\n                [\n                    "2023-05-18",\n                    3.8404\n                ],\n                [\n                    "2023-05-19",\n                    3.8382000000000005\n                ],\n                [\n                    "2023-05-22",\n                    3.8426\n                ],\n                [\n                    "2023-05-23",\n                    3.8434\n                ],\n                [\n                    "2023-05-24",\n                    3.8396\n                ],\n                [\n                    "2023-05-25",\n                    3.8326000000000002\n                ],\n                [\n                    "2023-05-26",\n                    3.8124000000000002\n                ],\n                [\n                    "2023-05-29",\n                    3.7718\n                ],\n                [\n                    "2023-05-30",\n                    3.7361999999999993\n                ],\n                [\n                    "2023-05-31",\n                    3.7006\n                ],\n                [\n                    "2023-06-01",\n                    3.6763999999999997\n                ],\n                [\n                    "2023-06-02",\n                    3.6736000000000004\n                ],\n                [\n                    "2023-06-05",\n                    3.6683999999999997\n                ],\n                [\n                    "2023-06-06",\n                    3.6700000000000004\n                ],\n                [\n                    "2023-06-07",\n                    3.6768\n                ],\n                [\n                    "2023-06-08",\n                    3.6854\n                ],\n                [\n                    "2023-06-09",\n                    3.6734\n                ],\n                [\n                    "2023-06-12",\n                    3.6856\n                ],\n                [\n                    "2023-06-13",\n                    3.7024\n                ],\n                [\n                    "2023-06-14",\n                    3.7396000000000003\n                ],\n                [\n                    "2023-06-15",\n                    3.7836\n                ],\n                [\n                    "2023-06-16",\n                    3.8354\n                ],\n                [\n                    "2023-06-19",\n                    3.857\n                ],\n                [\n                    "2023-06-20",\n                    3.8674\n                ],\n                [\n                    "2023-06-21",\n                    3.8579999999999997\n                ],\n                [\n                    "2023-06-26",\n                    3.8244\n                ],\n                [\n                    "2023-06-27",\n                    3.7939999999999996\n                ],\n                [\n                    "2023-06-28",\n                    3.7794000000000003\n                ],\n                [\n                    "2023-06-29",\n                    3.7659999999999996\n                ],\n                [\n                    "2023-06-30",\n                    3.7598\n                ],\n                [\n                    "2023-07-03",\n                    3.7771999999999997\n                ],\n                [\n                    "2023-07-04",\n                    3.7896\n                ],\n                [\n                    "2023-07-05",\n                    3.7886\n                ],\n                [\n                    "2023-07-06",\n                    3.7882\n                ],\n                [\n                    "2023-07-07",\n                    3.7842\n                ],\n                [\n                    "2023-07-10",\n                    3.7686\n                ],\n                [\n                    "2023-07-11",\n                    3.7536\n                ],\n                [\n                    "2023-07-12",\n                    3.7488\n                ],\n                [\n                    "2023-07-13",\n                    3.7646\n                ],\n                [\n                    "2023-07-14",\n                    3.7796\n                ],\n                [\n                    "2023-07-17",\n                    3.7840000000000003\n                ],\n                [\n                    "2023-07-18",\n                    3.7832\n                ],\n                [\n                    "2023-07-19",\n                    3.7827999999999995\n                ],\n                [\n                    "2023-07-20",\n                    3.7647999999999997\n                ],\n                [\n                    "2023-07-21",\n                    3.7576\n                ],\n                [\n                    "2023-07-24",\n                    3.753\n                ],\n                [\n                    "2023-07-25",\n                    3.7784\n                ],\n                [\n                    "2023-07-26",\n                    3.8026000000000004\n                ],\n                [\n                    "2023-07-27",\n                    3.836\n                ],\n                [\n                    "2023-07-28",\n                    3.8794000000000004\n                ],\n                [\n                    "2023-07-31",\n                    3.9295999999999998\n                ],\n                [\n                    "2023-08-01",\n                    3.9432\n                ],\n                [\n                    "2023-08-02",\n                    3.9579999999999997\n                ],\n                [\n                    "2023-08-03",\n                    3.9671999999999996\n                ],\n                [\n                    "2023-08-04",\n                    3.9642000000000004\n                ],\n                [\n                    "2023-08-07",\n                    3.9560000000000004\n                ],\n                [\n                    "2023-08-08",\n                    3.9534\n                ],\n                [\n                    "2023-08-09",\n                    3.9520000000000004\n                ],\n                [\n                    "2023-08-10",\n                    3.9448\n                ],\n                [\n                    "2023-08-11",\n                    3.9192\n                ],\n                [\n                    "2023-08-14",\n                    3.8897999999999997\n                ],\n                [\n                    "2023-08-15",\n                    3.8598\n                ],\n                [\n                    "2023-08-16",\n                    3.8287999999999998\n                ],\n                [\n                    "2023-08-17",\n                    3.8122\n                ],\n                [\n                    "2023-08-18",\n                    3.7962000000000002\n                ],\n                [\n                    "2023-08-21",\n                    3.7854\n                ],\n                [\n                    "2023-08-22",\n                    3.7792000000000003\n                ],\n                [\n                    "2023-08-23",\n                    3.7626000000000004\n                ],\n                [\n                    "2023-08-24",\n                    3.7524\n                ],\n                [\n                    "2023-08-25",\n                    3.7518000000000002\n                ],\n                [\n                    "2023-08-28",\n                    3.7561999999999998\n                ],\n                [\n                    "2023-08-29",\n                    3.7700000000000005\n                ],\n                [\n                    "2023-08-30",\n                    3.7984\n                ],\n                [\n                    "2023-08-31",\n                    3.809\n                ],\n                [\n                    "2023-09-01",\n                    3.8332\n                ],\n                [\n                    "2023-09-04",\n                    3.8706000000000005\n                ],\n                [\n                    "2023-09-05",\n                    3.8899999999999997\n                ],\n                [\n                    "2023-09-06",\n                    3.9034\n                ],\n                [\n                    "2023-09-07",\n                    3.9094\n                ],\n                [\n                    "2023-09-08",\n                    3.9012000000000002\n                ],\n                [\n                    "2023-09-11",\n                    3.8842\n                ],\n                [\n                    "2023-09-12",\n                    3.8747999999999996\n                ],\n                [\n                    "2023-09-13",\n                    3.8655999999999997\n                ],\n                [\n                    "2023-09-14",\n                    3.8602000000000003\n                ],\n                [\n                    "2023-09-15",\n                    3.851\n                ],\n                [\n                    "2023-09-18",\n                    3.8457999999999997\n                ],\n                [\n                    "2023-09-19",\n                    3.8348\n                ],\n                [\n                    "2023-09-20",\n                    3.8234000000000004\n                ],\n                [\n                    "2023-09-21",\n                    3.806\n                ],\n                [\n                    "2023-09-22",\n                    3.8085999999999998\n                ],\n                [\n                    "2023-09-25",\n                    3.7969999999999997\n                ],\n                [\n                    "2023-09-26",\n                    3.7842\n                ],\n                [\n                    "2023-09-27",\n                    3.7732\n                ],\n                [\n                    "2023-09-28",\n                    3.7678\n                ],\n                [\n                    "2023-10-09",\n                    3.7506\n                ],\n                [\n                    "2023-10-10",\n                    3.7302\n                ],\n                [\n                    "2023-10-11",\n                    3.715\n                ],\n                [\n                    "2023-10-12",\n                    3.7060000000000004\n                ],\n                [\n                    "2023-10-13",\n                    3.6942\n                ],\n                [\n                    "2023-10-16",\n                    3.6774\n                ],\n                [\n                    "2023-10-17",\n                    3.6704\n                ],\n                [\n                    "2023-10-18",\n                    3.6656\n                ],\n                [\n                    "2023-10-19",\n                    3.6358000000000006\n                ],\n                [\n                    "2023-10-20",\n                    3.6098\n                ],\n                [\n                    "2023-10-23",\n                    3.5878\n                ],\n                [\n                    "2023-10-24",\n                    3.566\n                ],\n                [\n                    "2023-10-25",\n                    3.5542000000000002\n                ],\n                [\n                    "2023-10-26",\n                    3.5674\n                ],\n                [\n                    "2023-10-27",\n                    3.5926\n                ],\n                [\n                    "2023-10-30",\n                    3.6246\n                ],\n                [\n                    "2023-10-31",\n                    3.6525999999999996\n                ],\n                [\n                    "2023-11-01",\n                    3.678\n                ],\n                [\n                    "2023-11-02",\n                    3.693\n                ],\n                [\n                    "2023-11-03",\n                    3.7048\n                ],\n                [\n                    "2023-11-06",\n                    3.7106000000000003\n                ],\n                [\n                    "2023-11-07",\n                    3.7146\n                ],\n                [\n                    "2023-11-08",\n                    3.7074\n                ],\n                [\n                    "2023-11-09",\n                    3.7037999999999998\n                ],\n                [\n                    "2023-11-10",\n                    3.689\n                ],\n                [\n                    "2023-11-13",\n                    3.6666\n                ],\n                [\n                    "2023-11-14",\n                    3.6506\n                ],\n                [\n                    "2023-11-15",\n                    3.6438\n                ],\n                [\n                    "2023-11-16",\n                    3.6344000000000003\n                ],\n                [\n                    "2023-11-17",\n                    3.6311999999999998\n                ],\n                [\n                    "2023-11-20",\n                    3.6374000000000004\n                ],\n                [\n                    "2023-11-21",\n                    3.6461999999999994\n                ],\n                [\n                    "2023-11-22",\n                    3.6433999999999997\n                ],\n                [\n                    "2023-11-23",\n                    3.6482\n                ],\n                [\n                    "2023-11-24",\n                    3.6491999999999996\n                ],\n                [\n                    "2023-11-27",\n                    3.6403999999999996\n                ],\n                [\n                    "2023-11-28",\n                    3.6262\n                ],\n                [\n                    "2023-11-29",\n                    3.6152\n                ],\n                [\n                    "2023-11-30",\n                    3.6024000000000003\n                ],\n                [\n                    "2023-12-01",\n                    3.5848\n                ],\n                [\n                    "2023-12-04",\n                    3.5664000000000002\n                ],\n                [\n                    "2023-12-05",\n                    3.5351999999999997\n                ],\n                [\n                    "2023-12-06",\n                    3.5066\n                ],\n                [\n                    "2023-12-07",\n                    3.4756\n                ],\n                [\n                    "2023-12-08",\n                    3.4562\n                ],\n                [\n                    "2023-12-11",\n                    3.4433999999999996\n                ],\n                [\n                    "2023-12-12",\n                    3.4477999999999995\n                ],\n                [\n                    "2023-12-13",\n                    3.4344\n                ],\n                [\n                    "2023-12-14",\n                    3.4137999999999997\n                ],\n                [\n                    "2023-12-15",\n                    3.3894000000000006\n                ],\n                [\n                    "2023-12-18",\n                    3.3671999999999995\n                ],\n                [\n                    "2023-12-19",\n                    3.3402000000000003\n                ],\n                [\n                    "2023-12-20",\n                    3.3230000000000004\n                ],\n                [\n                    "2023-12-21",\n                    3.3228\n                ],\n                [\n                    "2023-12-22",\n                    3.3247999999999998\n                ],\n                [\n                    "2023-12-25",\n                    3.3318\n                ],\n                [\n                    "2023-12-26",\n                    3.3351999999999995\n                ],\n                [\n                    "2023-12-27",\n                    3.3482\n                ],\n                [\n                    "2023-12-28",\n                    3.3688000000000002\n                ],\n                [\n                    "2023-12-29",\n                    3.3899999999999997\n                ],\n                [\n                    "2023-12-31",\n                    3.4061999999999997\n                ],\n                [\n                    "2024-01-02",\n                    3.4113999999999995\n                ],\n                [\n                    "2024-01-03",\n                    3.4106\n                ],\n                [\n                    "2024-01-04",\n                    3.3844000000000003\n                ],\n                [\n                    "2024-01-05",\n                    3.3552\n                ],\n                [\n                    "2024-01-08",\n                    3.3188000000000004\n                ],\n                [\n                    "2024-01-09",\n                    3.2963999999999998\n                ],\n                [\n                    "2024-01-10",\n                    3.2798000000000003\n                ],\n                [\n                    "2024-01-11",\n                    3.2762000000000002\n                ],\n                [\n                    "2024-01-12",\n                    3.2724\n                ],\n                [\n                    "2024-01-15",\n                    3.2728\n                ],\n                [\n                    "2024-01-16",\n                    3.2771999999999997\n                ],\n                [\n                    "2024-01-17",\n                    3.2628\n                ],\n                [\n                    "2024-01-18",\n                    3.2534\n                ],\n                [\n                    "2024-01-19",\n                    3.2474000000000003\n                ],\n                [\n                    "2024-01-22",\n                    3.2326\n                ],\n                [\n                    "2024-01-23",\n                    3.2134\n                ],\n                [\n                    "2024-01-24",\n                    3.2122\n                ],\n                [\n                    "2024-01-25",\n                    3.2098\n                ],\n                [\n                    "2024-01-26",\n                    3.2072000000000003\n                ],\n                [\n                    "2024-01-29",\n                    3.2192\n                ],\n                [\n                    "2024-01-30",\n                    3.2174\n                ],\n                [\n                    "2024-01-31",\n                    3.2055999999999996\n                ],\n                [\n                    "2024-02-01",\n                    3.1906\n                ],\n                [\n                    "2024-02-02",\n                    3.1736\n                ],\n                [\n                    "2024-02-05",\n                    3.1630000000000003\n                ],\n                [\n                    "2024-02-06",\n                    3.1906\n                ],\n                [\n                    "2024-02-07",\n                    3.2378\n                ],\n                [\n                    "2024-02-08",\n                    3.2786\n                ],\n                [\n                    "2024-02-19",\n                    3.3196\n                ],\n                [\n                    "2024-02-20",\n                    3.3486\n                ],\n                [\n                    "2024-02-21",\n                    3.3716\n                ],\n                [\n                    "2024-02-22",\n                    3.3846\n                ],\n                [\n                    "2024-02-23",\n                    3.4004\n                ],\n                [\n                    "2024-02-26",\n                    3.415\n                ],\n                [\n                    "2024-02-27",\n                    3.4362000000000004\n                ],\n                [\n                    "2024-02-28",\n                    3.4332000000000003\n                ],\n                [\n                    "2024-02-29",\n                    3.4415999999999998\n                ],\n                [\n                    "2024-03-01",\n                    3.4542\n                ],\n                [\n                    "2024-03-04",\n                    3.4659999999999997\n                ],\n                [\n                    "2024-03-05",\n                    3.4844\n                ],\n                [\n                    "2024-03-06",\n                    3.5046\n                ],\n                [\n                    "2024-03-07",\n                    3.5118\n                ],\n                [\n                    "2024-03-08",\n                    3.5100000000000002\n                ],\n                [\n                    "2024-03-11",\n                    3.521\n                ],\n                [\n                    "2024-03-12",\n                    3.5396\n                ],\n                [\n                    "2024-03-13",\n                    3.5624000000000002\n                ],\n                [\n                    "2024-03-14",\n                    3.5844\n                ],\n                [\n                    "2024-03-15",\n                    3.6132000000000004\n                ],\n                [\n                    "2024-03-18",\n                    3.6315999999999997\n                ],\n                [\n                    "2024-03-19",\n                    3.6376000000000004\n                ],\n                [\n                    "2024-03-20",\n                    3.6418\n                ],\n                [\n                    "2024-03-21",\n                    3.6468000000000003\n                ],\n                [\n                    "2024-03-22",\n                    3.6408\n                ],\n                [\n                    "2024-03-25",\n                    3.6314\n                ],\n                [\n                    "2024-03-26",\n                    3.6287999999999996\n                ],\n                [\n                    "2024-03-27",\n                    3.6229999999999998\n                ],\n                [\n                    "2024-03-28",\n                    3.6224000000000003\n                ],\n                [\n                    "2024-03-29",\n                    3.63\n                ],\n                [\n                    "2024-04-01",\n                    3.6582\n                ],\n                [\n                    "2024-04-02",\n                    3.6708\n                ],\n                [\n                    "2024-04-03",\n                    3.6914000000000002\n                ],\n                [\n                    "2024-04-08",\n                    3.692\n                ],\n                [\n                    "2024-04-09",\n                    3.69\n                ],\n                [\n                    "2024-04-10",\n                    3.6666\n                ],\n                [\n                    "2024-04-11",\n                    3.649\n                ],\n                [\n                    "2024-04-12",\n                    3.6224\n                ],\n                [\n                    "2024-04-15",\n                    3.6304000000000003\n                ],\n                [\n                    "2024-04-16",\n                    3.6346\n                ],\n                [\n                    "2024-04-17",\n                    3.6445999999999996\n                ],\n                [\n                    "2024-04-18",\n                    3.6567999999999996\n                ],\n                [\n                    "2024-04-19",\n                    3.6683999999999997\n                ],\n                [\n                    "2024-04-22",\n                    3.6643999999999997\n                ],\n                [\n                    "2024-04-23",\n                    3.6683999999999997\n                ],\n                [\n                    "2024-04-24",\n                    3.6713999999999998\n                ],\n                [\n                    "2024-04-25",\n                    3.6700000000000004\n                ],\n                [\n                    "2024-04-26",\n                    3.6896\n                ],\n                [\n                    "2024-04-29",\n                    3.7114\n                ],\n                [\n                    "2024-04-30",\n                    3.7391999999999994\n                ],\n                [\n                    "2024-05-06",\n                    3.7838000000000003\n                ],\n                [\n                    "2024-05-07",\n                    3.8292\n                ],\n                [\n                    "2024-05-08",\n                    3.8562\n                ],\n                [\n                    "2024-05-09",\n                    3.879\n                ],\n                [\n                    "2024-05-10",\n                    3.8918\n                ],\n                [\n                    "2024-05-13",\n                    3.8832\n                ],\n                [\n                    "2024-05-14",\n                    3.8729999999999998\n                ],\n                [\n                    "2024-05-15",\n                    3.8671999999999995\n                ],\n                [\n                    "2024-05-16",\n                    3.8612\n                ],\n                [\n                    "2024-05-17",\n                    3.8590000000000004\n                ],\n                [\n                    "2024-05-20",\n                    3.8584000000000005\n                ],\n                [\n                    "2024-05-21",\n                    3.8558\n                ],\n                [\n                    "2024-05-22",\n                    3.8461999999999996\n                ],\n                [\n                    "2024-05-23",\n                    3.8302\n                ],\n                [\n                    "2024-05-24",\n                    3.8038\n                ],\n                [\n                    "2024-05-27",\n                    3.7847999999999997\n                ],\n                [\n                    "2024-05-28",\n                    3.7618\n                ],\n                [\n                    "2024-05-29",\n                    3.7439999999999998\n                ],\n                [\n                    "2024-05-30",\n                    3.7236000000000002\n                ],\n                [\n                    "2024-05-31",\n                    3.7101999999999995\n                ],\n                [\n                    "2024-06-03",\n                    3.6948\n                ],\n                [\n                    "2024-06-04",\n                    3.6881999999999997\n                ],\n                [\n                    "2024-06-05",\n                    3.6794\n                ],\n                [\n                    "2024-06-06",\n                    3.6786000000000003\n                ],\n                [\n                    "2024-06-07",\n                    3.6719999999999997\n                ],\n                [\n                    "2024-06-11",\n                    3.6534\n                ],\n                [\n                    "2024-06-12",\n                    3.6311999999999998\n                ],\n                [\n                    "2024-06-13",\n                    3.6058\n                ],\n                [\n                    "2024-06-14",\n                    3.5838\n                ],\n                [\n                    "2024-06-17",\n                    3.5674\n                ],\n                [\n                    "2024-06-18",\n                    3.5548\n                ],\n                [\n                    "2024-06-19",\n                    3.5397999999999996\n                ],\n                [\n                    "2024-06-20",\n                    3.5275999999999996\n                ],\n                [\n                    "2024-06-21",\n                    3.505\n                ],\n                [\n                    "2024-06-24",\n                    3.4866\n                ],\n                [\n                    "2024-06-25",\n                    3.4753999999999996\n                ],\n                [\n                    "2024-06-26",\n                    3.4688000000000003\n                ],\n                [\n                    "2024-06-27",\n                    3.4592\n                ],\n                [\n                    "2024-06-28",\n                    3.4506\n                ],\n                [\n                    "2024-06-30",\n                    3.4398000000000004\n                ],\n                [\n                    "2024-07-01",\n                    3.4244\n                ],\n                [\n                    "2024-07-02",\n                    3.4076\n                ],\n                [\n                    "2024-07-03",\n                    3.3915999999999995\n                ],\n                [\n                    "2024-07-04",\n                    3.3792\n                ],\n                [\n                    "2024-07-05",\n                    3.3623999999999996\n                ],\n                [\n                    "2024-07-08",\n                    3.3408\n                ],\n                [\n                    "2024-07-09",\n                    3.3247999999999998\n                ],\n                [\n                    "2024-07-10",\n                    3.3177999999999996\n                ],\n                [\n                    "2024-07-11",\n                    3.3221999999999996\n                ],\n                [\n                    "2024-07-12",\n                    3.3364\n                ],\n                [\n                    "2024-07-15",\n                    3.3564\n                ],\n                [\n                    "2024-07-16",\n                    3.3689999999999998\n                ],\n                [\n                    "2024-07-17",\n                    3.386\n                ],\n                [\n                    "2024-07-18",\n                    3.3962000000000003\n                ],\n                [\n                    "2024-07-19",\n                    3.407\n                ],\n                [\n                    "2024-07-22",\n                    3.4106\n                ],\n                [\n                    "2024-07-23",\n                    3.3936\n                ],\n                [\n                    "2024-07-24",\n                    3.3600000000000003\n                ],\n                [\n                    "2024-07-25",\n                    3.321\n                ],\n                [\n                    "2024-07-26",\n                    3.2842\n                ],\n                [\n                    "2024-07-29",\n                    3.2448\n                ],\n                [\n                    "2024-07-30",\n                    3.2230000000000003\n                ],\n                [\n                    "2024-07-31",\n                    3.2286\n                ],\n                [\n                    "2024-08-01",\n                    3.2232\n                ],\n                [\n                    "2024-08-02",\n                    3.2049999999999996\n                ],\n                [\n                    "2024-08-05",\n                    3.1996\n                ],\n                [\n                    "2024-08-06",\n                    3.1982\n                ],\n                [\n                    "2024-08-07",\n                    3.1874\n                ],\n                [\n                    "2024-08-08",\n                    3.1957999999999998\n                ],\n                [\n                    "2024-08-09",\n                    3.2076000000000002\n                ],\n                [\n                    "2024-08-12",\n                    3.2171999999999996\n                ],\n                [\n                    "2024-08-13",\n                    3.2232\n                ],\n                [\n                    "2024-08-14",\n                    3.2159999999999997\n                ],\n                [\n                    "2024-08-15",\n                    3.2058\n                ],\n                [\n                    "2024-08-16",\n                    3.1978\n                ],\n                [\n                    "2024-08-19",\n                    3.1881999999999997\n                ],\n                [\n                    "2024-08-20",\n                    3.1805999999999996\n                ],\n                [\n                    "2024-08-21",\n                    3.1778\n                ],\n                [\n                    "2024-08-22",\n                    3.17\n                ],\n                [\n                    "2024-08-23",\n                    3.1656\n                ],\n                [\n                    "2024-08-26",\n                    3.161\n                ],\n                [\n                    "2024-08-27",\n                    3.1554\n                ],\n                [\n                    "2024-08-28",\n                    3.1395999999999997\n                ],\n                [\n                    "2024-08-29",\n                    3.1332\n                ],\n                [\n                    "2024-08-30",\n                    3.1376\n                ],\n                [\n                    "2024-09-02",\n                    3.13\n                ],\n                [\n                    "2024-09-03",\n                    3.1336000000000004\n                ],\n                [\n                    "2024-09-04",\n                    3.147\n                ],\n                [\n                    "2024-09-05",\n                    3.1544\n                ],\n                [\n                    "2024-09-06",\n                    3.1404\n                ],\n                [\n                    "2024-09-09",\n                    3.1310000000000002\n                ],\n                [\n                    "2024-09-10",\n                    3.1138\n                ],\n                [\n                    "2024-09-11",\n                    3.101\n                ],\n                [\n                    "2024-09-12",\n                    3.078\n                ],\n                [\n                    "2024-09-13",\n                    3.0572\n                ],\n                [\n                    "2024-09-18",\n                    3.0512\n                ],\n                [\n                    "2024-09-19",\n                    3.0532\n                ],\n                [\n                    "2024-09-20",\n                    3.0545999999999998\n                ],\n                [\n                    "2024-09-23",\n                    3.0676\n                ],\n                [\n                    "2024-09-24",\n                    3.1016000000000004\n                ],\n                [\n                    "2024-09-25",\n                    3.1393999999999997\n                ],\n                [\n                    "2024-09-26",\n                    3.2060000000000004\n                ],\n                [\n                    "2024-09-27",\n                    3.3052\n                ],\n                [\n                    "2024-09-30",\n                    3.4543999999999997\n                ],\n                [\n                    "2024-10-08",\n                    3.6098\n                ],\n                [\n                    "2024-10-09",\n                    3.7024\n                ],\n                [\n                    "2024-10-10",\n                    3.7744\n                ],\n                [\n                    "2024-10-11",\n                    3.7926\n                ],\n                [\n                    "2024-10-14",\n                    3.7689999999999997\n                ],\n                [\n                    "2024-10-15",\n                    3.7\n                ],\n                [\n                    "2024-10-16",\n                    3.6742000000000004\n                ],\n                [\n                    "2024-10-17",\n                    3.6226\n                ],\n                [\n                    "2024-10-18",\n                    3.6072\n                ],\n                [\n                    "2024-10-21",\n                    3.5822000000000003\n                ],\n                [\n                    "2024-10-22",\n                    3.5906\n                ],\n                [\n                    "2024-10-23",\n                    3.6176000000000004\n                ],\n                [\n                    "2024-10-24",\n                    3.643\n                ],\n                [\n                    "2024-10-25",\n                    3.6544\n                ],\n                [\n                    "2024-10-28",\n                    3.6704\n                ],\n                [\n                    "2024-10-29",\n                    3.6683999999999997\n                ],\n                [\n                    "2024-10-30",\n                    3.6483999999999996\n                ],\n                [\n                    "2024-10-31",\n                    3.6346\n                ],\n                [\n                    "2024-11-01",\n                    3.6216\n                ],\n                [\n                    "2024-11-04",\n                    3.6119999999999997\n                ],\n                [\n                    "2024-11-05",\n                    3.6195999999999997\n                ],\n                [\n                    "2024-11-06",\n                    3.629\n                ],\n                [\n                    "2024-11-07",\n                    3.6727999999999996\n                ],\n                [\n                    "2024-11-08",\n                    3.7025999999999994\n                ],\n                [\n                    "2024-11-11",\n                    3.7206\n                ],\n                [\n                    "2024-11-12",\n                    3.7274000000000003\n                ],\n                [\n                    "2024-11-13",\n                    3.7448\n                ],\n                [\n                    "2024-11-14",\n                    3.726\n                ],\n                [\n                    "2024-11-15",\n                    3.7108000000000003\n                ],\n                [\n                    "2024-11-18",\n                    3.69\n                ],\n                [\n                    "2024-11-19",\n                    3.6698\n                ],\n                [\n                    "2024-11-20",\n                    3.6478\n                ],\n                [\n                    "2024-11-21",\n                    3.6306\n                ],\n                [\n                    "2024-11-22",\n                    3.6020000000000003\n                ],\n                [\n                    "2024-11-25",\n                    3.5789999999999997\n                ],\n                [\n                    "2024-11-26",\n                    3.56\n                ],\n                [\n                    "2024-11-27",\n                    3.5492\n                ],\n                [\n                    "2024-11-28",\n                    3.5332\n                ],\n                [\n                    "2024-11-29",\n                    3.5406\n                ],\n                [\n                    "2024-12-02",\n                    3.5550000000000006\n                ],\n                [\n                    "2024-12-03",\n                    3.5664000000000002\n                ],\n                [\n                    "2024-12-04",\n                    3.5676\n                ],\n                [\n                    "2024-12-05",\n                    3.5707999999999998\n                ],\n                [\n                    "2024-12-06",\n                    3.5747999999999998\n                ],\n                [\n                    "2024-12-09",\n                    3.5762\n                ],\n                [\n                    "2024-12-10",\n                    3.5858\n                ],\n                [\n                    "2024-12-11",\n                    3.6033999999999997\n                ],\n                [\n                    "2024-12-12",\n                    3.6390000000000002\n                ],\n                [\n                    "2024-12-13",\n                    3.6512000000000002\n                ],\n                [\n                    "2024-12-16",\n                    3.6525999999999996\n                ],\n                [\n                    "2024-12-17",\n                    3.6504\n                ],\n                [\n                    "2024-12-18",\n                    3.6416000000000004\n                ],\n                [\n                    "2024-12-19",\n                    3.6165999999999996\n                ],\n                [\n                    "2024-12-20",\n                    3.6062\n                ],\n                [\n                    "2024-12-23",\n                    3.603\n                ],\n                [\n                    "2024-12-24",\n                    3.601\n                ],\n                [\n                    "2024-12-25",\n                    3.5982\n                ],\n                [\n                    "2024-12-26",\n                    3.5973999999999995\n                ],\n                [\n                    "2024-12-27",\n                    3.6\n                ],\n                [\n                    "2024-12-30",\n                    3.6026\n                ],\n                [\n                    "2024-12-31",\n                    3.5986000000000002\n                ],\n                [\n                    "2025-01-02",\n                    3.5824\n                ],\n                [\n                    "2025-01-03",\n                    3.5622\n                ],\n                [\n                    "2025-01-06",\n                    3.5347999999999997\n                ],\n                [\n                    "2025-01-07",\n                    3.5134\n                ],\n                [\n                    "2025-01-08",\n                    3.4958\n                ],\n                [\n                    "2025-01-09",\n                    3.4942\n                ],\n                [\n                    "2025-01-10",\n                    3.489\n                ],\n                [\n                    "2025-01-13",\n                    3.4868\n                ],\n                [\n                    "2025-01-14",\n                    3.493\n                ],\n                [\n                    "2025-01-15",\n                    3.4894000000000007\n                ],\n                [\n                    "2025-01-16",\n                    3.4806\n                ],\n                [\n                    "2025-01-17",\n                    3.4869999999999997\n                ],\n                [\n                    "2025-01-20",\n                    3.5006\n                ],\n                [\n                    "2025-01-21",\n                    3.499\n                ],\n                [\n                    "2025-01-22",\n                    3.4924\n                ],\n                [\n                    "2025-01-23",\n                    3.4875999999999996\n                ],\n                [\n                    "2025-01-24",\n                    3.4784000000000006\n                ],\n                [\n                    "2025-01-27",\n                    3.4668\n                ],\n                [\n                    "2025-02-05",\n                    3.4452\n                ],\n                [\n                    "2025-02-06",\n                    3.4386\n                ],\n                [\n                    "2025-02-07",\n                    3.4408000000000003\n                ],\n                [\n                    "2025-02-10",\n                    3.4414000000000002\n                ],\n                [\n                    "2025-02-11",\n                    3.436\n                ],\n                [\n                    "2025-02-12",\n                    3.4494\n                ],\n                [\n                    "2025-02-13",\n                    3.4658\n                ],\n                [\n                    "2025-02-14",\n                    3.4772\n                ],\n                [\n                    "2025-02-17",\n                    3.4864000000000006\n                ],\n                [\n                    "2025-02-18",\n                    3.4958\n                ],\n                [\n                    "2025-02-19",\n                    3.4996\n                ],\n                [\n                    "2025-02-20",\n                    3.4954\n                ],\n                [\n                    "2025-02-21",\n                    3.4908\n                ],\n                [\n                    "2025-02-24",\n                    3.4904\n                ],\n                [\n                    "2025-02-25",\n                    3.4828\n                ],\n                [\n                    "2025-02-26",\n                    3.4800000000000004\n                ],\n                [\n                    "2025-02-27",\n                    3.4894\n                ],\n                [\n                    "2025-02-28",\n                    3.4938000000000002\n                ],\n                [\n                    "2025-03-03",\n                    3.4918\n                ],\n                [\n                    "2025-03-04",\n                    3.4958\n                ],\n                [\n                    "2025-03-05",\n                    3.4956000000000005\n                ],\n                [\n                    "2025-03-06",\n                    3.4915999999999996\n                ],\n                [\n                    "2025-03-07",\n                    3.4948\n                ],\n                [\n                    "2025-03-10",\n                    3.5032000000000005\n                ],\n                [\n                    "2025-03-11",\n                    3.5275999999999996\n                ],\n                [\n                    "2025-03-12",\n                    3.5512\n                ],\n                [\n                    "2025-03-13",\n                    3.5658000000000003\n                ],\n                [\n                    "2025-03-14",\n                    3.6016\n                ],\n                [\n                    "2025-03-17",\n                    3.6376\n                ],\n                [\n                    "2025-03-18",\n                    3.6618000000000004\n                ],\n                [\n                    "2025-03-19",\n                    3.6838\n                ],\n                [\n                    "2025-03-20",\n                    3.7012\n                ],\n                [\n                    "2025-03-21",\n                    3.6811999999999996\n                ],\n                [\n                    "2025-03-24",\n                    3.6641999999999997\n                ],\n                [\n                    "2025-03-25",\n                    3.6452\n                ],\n                [\n                    "2025-03-26",\n                    3.6296\n                ],\n                [\n                    "2025-03-27",\n                    3.6271999999999998\n                ],\n                [\n                    "2025-03-28",\n                    3.6306000000000003\n                ],\n                [\n                    "2025-03-31",\n                    3.6276\n                ],\n                [\n                    "2025-04-01",\n                    3.6244\n                ],\n                [\n                    "2025-04-02",\n                    3.6174\n                ],\n                [\n                    "2025-04-03",\n                    3.5996\n                ],\n                [\n                    "2025-04-07",\n                    3.5488\n                ],\n                [\n                    "2025-04-08",\n                    3.5150000000000006\n                ],\n                [\n                    "2025-04-09",\n                    3.4918\n                ],\n                [\n                    "2025-04-10",\n                    3.4786\n                ],\n                [\n                    "2025-04-11",\n                    3.4668\n                ],\n                [\n                    "2025-04-14",\n                    3.4891999999999994\n                ],\n                [\n                    "2025-04-15",\n                    3.4996\n                ],\n                [\n                    "2025-04-16",\n                    3.5043999999999995\n                ],\n                [\n                    "2025-04-17",\n                    3.504\n                ],\n                [\n                    "2025-04-18",\n                    3.5008000000000004\n                ],\n                [\n                    "2025-04-21",\n                    3.5018000000000002\n                ],\n                [\n                    "2025-04-22",\n                    3.5025999999999997\n                ],\n                [\n                    "2025-04-23",\n                    3.5034\n                ],\n                [\n                    "2025-04-24",\n                    3.4991999999999996\n                ],\n                [\n                    "2025-04-25",\n                    3.5002000000000004\n                ],\n                [\n                    "2025-04-28",\n                    3.4992000000000005\n                ],\n                [\n                    "2025-04-29",\n                    3.4918000000000005\n                ],\n                [\n                    "2025-04-30",\n                    3.4816000000000003\n                ],\n                [\n                    "2025-05-06",\n                    3.4778\n                ],\n                [\n                    "2025-05-07",\n                    3.476\n                ],\n                [\n                    "2025-05-08",\n                    3.4804000000000004\n                ],\n                [\n                    "2025-05-09",\n                    3.4885999999999995\n                ],\n                [\n                    "2025-05-12",\n                    3.504\n                ],\n                [\n                    "2025-05-13",\n                    3.5141999999999998\n                ],\n                [\n                    "2025-05-14",\n                    3.5294\n                ],\n                [\n                    "2025-05-15",\n                    3.5366\n                ],\n                [\n                    "2025-05-16",\n                    3.5418\n                ],\n                [\n                    "2025-05-19",\n                    3.5347999999999997\n                ],\n                [\n                    "2025-05-20",\n                    3.5332\n                ],\n                [\n                    "2025-05-21",\n                    3.5248\n                ],\n                [\n                    "2025-05-22",\n                    3.5200000000000005\n                ],\n                [\n                    "2025-05-23",\n                    3.5159999999999996\n                ],\n                [\n                    "2025-05-26",\n                    3.5086\n                ],\n                [\n                    "2025-05-27",\n                    3.495\n                ],\n                [\n                    "2025-05-28",\n                    3.4854\n                ],\n                [\n                    "2025-05-29",\n                    3.4776000000000002\n                ],\n                [\n                    "2025-05-30",\n                    3.4652000000000003\n                ],\n                [\n                    "2025-06-03",\n                    3.4568\n                ],\n                [\n                    "2025-06-04",\n                    3.4516\n                ],\n                [\n                    "2025-06-05",\n                    3.4442\n                ],\n                [\n                    "2025-06-06",\n                    3.4344\n                ],\n                [\n                    "2025-06-09",\n                    3.4281999999999995\n                ],\n                [\n                    "2025-06-10",\n                    3.4248\n                ],\n                [\n                    "2025-06-11",\n                    3.4265999999999996\n                ],\n                [\n                    "2025-06-12",\n                    3.4194000000000004\n                ],\n                [\n                    "2025-06-13",\n                    3.4026000000000005\n                ],\n                [\n                    "2025-06-16",\n                    3.3850000000000002\n                ],\n                [\n                    "2025-06-17",\n                    3.3690000000000007\n                ],\n                [\n                    "2025-06-18",\n                    3.3516\n                ],\n                [\n                    "2025-06-19",\n                    3.3362000000000003\n                ],\n                [\n                    "2025-06-20",\n                    3.338\n                ],\n                [\n                    "2025-06-23",\n                    3.3362000000000003\n                ],\n                [\n                    "2025-06-24",\n                    3.3426\n                ],\n                [\n                    "2025-06-25",\n                    3.3476\n                ],\n                [\n                    "2025-06-26",\n                    3.3533999999999997\n                ],\n                [\n                    "2025-06-27",\n                    3.351\n                ],\n                [\n                    "2025-06-30",\n                    3.3568\n                ],\n                [\n                    "2025-07-01",\n                    3.3552\n                ],\n                [\n                    "2025-07-02",\n                    3.3520000000000003\n                ],\n                [\n                    "2025-07-03",\n                    3.3566000000000003\n                ],\n                [\n                    "2025-07-04",\n                    3.3648000000000002\n                ],\n                [\n                    "2025-07-07",\n                    3.3701999999999996\n                ],\n                [\n                    "2025-07-08",\n                    3.3764000000000003\n                ],\n                [\n                    "2025-07-09",\n                    3.3823999999999996\n                ],\n                [\n                    "2025-07-10",\n                    3.3810000000000002\n                ],\n                [\n                    "2025-07-11",\n                    3.38\n                ],\n                [\n                    "2025-07-14",\n                    3.3826\n                ],\n                [\n                    "2025-07-15",\n                    3.3832\n                ],\n                [\n                    "2025-07-16",\n                    3.3818000000000006\n                ],\n                [\n                    "2025-07-17",\n                    3.3872\n                ],\n                [\n                    "2025-07-18",\n                    3.3932\n                ],\n                [\n                    "2025-07-21",\n                    3.3975999999999997\n                ],\n                [\n                    "2025-07-22",\n                    3.4129999999999994\n                ],\n                [\n                    "2025-07-23",\n                    3.4292000000000002\n                ],\n                [\n                    "2025-07-24",\n                    3.4446\n                ],\n                [\n                    "2025-07-25",\n                    3.4516000000000004\n                ],\n                [\n                    "2025-07-28",\n                    3.4524\n                ],\n                [\n                    "2025-07-29",\n                    3.44\n                ],\n                [\n                    "2025-07-30",\n                    3.4314\n                ],\n                [\n                    "2025-07-31",\n                    3.405\n                ],\n                [\n                    "2025-08-01",\n                    3.3851999999999998\n                ],\n                [\n                    "2025-08-04",\n                    3.3752000000000004\n                ],\n                [\n                    "2025-08-05",\n                    3.3766\n                ],\n                [\n                    "2025-08-06",\n                    3.3758000000000004\n                ],\n                [\n                    "2025-08-07",\n                    3.3906\n                ],\n                [\n                    "2025-08-08",\n                    3.403\n                ],\n                [\n                    "2025-08-11",\n                    3.4192\n                ],\n                [\n                    "2025-08-12",\n                    3.4316000000000004\n                ],\n                [\n                    "2025-08-13",\n                    3.4421999999999997\n                ],\n                [\n                    "2025-08-14",\n                    3.4506\n                ],\n                [\n                    "2025-08-15",\n                    3.4644\n                ],\n                [\n                    "2025-08-18",\n                    3.4746\n                ],\n                [\n                    "2025-08-19",\n                    3.4862\n                ],\n                [\n                    "2025-08-20",\n                    3.5101999999999998\n                ],\n                [\n                    "2025-08-21",\n                    3.5400000000000005\n                ],\n                [\n                    "2025-08-22",\n                    3.569\n                ],\n                [\n                    "2025-08-25",\n                    3.6086\n                ],\n                [\n                    "2025-08-26",\n                    3.647\n                ],\n                [\n                    "2025-08-27",\n                    3.6548000000000003\n                ],\n                [\n                    "2025-08-28",\n                    3.6582\n                ],\n                [\n                    "2025-08-29",\n                    3.6728\n                ],\n                [\n                    "2025-09-01",\n                    3.6730000000000005\n                ],\n                [\n                    "2025-09-02",\n                    3.6722\n                ],\n                [\n                    "2025-09-03",\n                    3.6834000000000002\n                ],\n                [\n                    "2025-09-04",\n                    3.6881999999999997\n                ],\n                [\n                    "2025-09-05",\n                    3.688\n                ],\n                [\n                    "2025-09-08",\n                    3.6974000000000005\n                ],\n                [\n                    "2025-09-09",\n                    3.7084\n                ],\n                [\n                    "2025-09-10",\n                    3.7241999999999997\n                ],\n                [\n                    "2025-09-11",\n                    3.7513999999999994\n                ],\n                [\n                    "2025-09-12",\n                    3.7626\n                ],\n                [\n                    "2025-09-15",\n                    3.7629999999999995\n                ],\n                [\n                    "2025-09-16",\n                    3.758\n                ],\n                [\n                    "2025-09-17",\n                    3.7553999999999994\n                ],\n                [\n                    "2025-09-18",\n                    3.7384\n                ],\n                [\n                    "2025-09-19",\n                    3.7266000000000004\n                ],\n                [\n                    "2025-09-22",\n                    3.7072000000000003\n                ],\n                [\n                    "2025-09-23",\n                    3.6867999999999994\n                ],\n                [\n                    "2025-09-24",\n                    3.6658\n                ],\n                [\n                    "2025-09-25",\n                    3.6491999999999996\n                ],\n                [\n                    "2025-09-26",\n                    3.6322\n                ],\n                [\n                    "2025-09-29",\n                    3.6308\n                ],\n                [\n                    "2025-09-30",\n                    3.6317999999999997\n                ],\n                [\n                    "2025-10-09",\n                    3.6270000000000002\n                ],\n                [\n                    "2025-10-10",\n                    3.6266\n                ],\n                [\n                    "2025-10-13",\n                    3.6155999999999997\n                ],\n                [\n                    "2025-10-14",\n                    3.5997999999999997\n                ],\n                [\n                    "2025-10-15",\n                    3.5882000000000005\n                ],\n                [\n                    "2025-10-16",\n                    3.5872\n                ],\n                [\n                    "2025-10-17",\n                    3.5738\n                ],\n                [\n                    "2025-10-20",\n                    3.5726\n                ],\n                [\n                    "2025-10-21",\n                    3.5713999999999997\n                ],\n                [\n                    "2025-10-22",\n                    3.5618000000000003\n                ],\n                [\n                    "2025-10-23",\n                    3.554\n                ],\n                [\n                    "2025-10-24",\n                    3.5548\n                ],\n                [\n                    "2025-10-27",\n                    3.5558\n                ],\n                [\n                    "2025-10-28",\n                    3.5545999999999998\n                ],\n                [\n                    "2025-10-29",\n                    3.5564\n                ],\n                [\n                    "2025-10-30",\n                    3.5514\n                ],\n                [\n                    "2025-10-31",\n                    3.5595999999999997\n                ],\n                [\n                    "2025-11-03",\n                    3.5656\n                ],\n                [\n                    "2025-11-04",\n                    3.565\n                ],\n                [\n                    "2025-11-05",\n                    3.5634\n                ],\n                [\n                    "2025-11-06",\n                    3.5658000000000003\n                ],\n                [\n                    "2025-11-07",\n                    3.5588\n                ],\n                [\n                    "2025-11-10",\n                    3.5706\n                ],\n                [\n                    "2025-11-11",\n                    3.5881999999999996\n                ],\n                [\n                    "2025-11-12",\n                    3.6072\n                ],\n                [\n                    "2025-11-13",\n                    3.6238\n                ],\n                [\n                    "2025-11-14",\n                    3.6323999999999996\n                ],\n                [\n                    "2025-11-17",\n                    3.6194\n                ],\n                [\n                    "2025-11-18",\n                    3.6037999999999997\n                ],\n                [\n                    "2025-11-19",\n                    3.5909999999999997\n                ],\n                [\n                    "2025-11-20",\n                    3.5748000000000006\n                ],\n                [\n                    "2025-11-21",\n                    3.5662\n                ],\n                [\n                    "2025-11-24",\n                    3.5602000000000005\n                ],\n                [\n                    "2025-11-25",\n                    3.5584\n                ],\n                [\n                    "2025-11-26",\n                    3.5575999999999994\n                ],\n                [\n                    "2025-11-27",\n                    3.5584\n                ],\n                [\n                    "2025-11-28",\n                    3.5646\n                ],\n                [\n                    "2025-12-01",\n                    3.5752\n                ],\n                [\n                    "2025-12-02",\n                    3.5818\n                ],\n                [\n                    "2025-12-03",\n                    3.5812\n                ],\n                [\n                    "2025-12-04",\n                    3.5756\n                ],\n                [\n                    "2025-12-05",\n                    3.5694000000000004\n                ],\n                [\n                    "2025-12-08",\n                    3.5542000000000002\n                ],\n                [\n                    "2025-12-09",\n                    3.5346\n                ],\n                [\n                    "2025-12-10",\n                    3.5239999999999996\n                ],\n                [\n                    "2025-12-11",\n                    3.5153999999999996\n                ],\n                [\n                    "2025-12-12",\n                    3.5073999999999996\n                ],\n                [\n                    "2025-12-15",\n                    3.5061999999999998\n                ],\n                [\n                    "2025-12-16",\n                    3.5094000000000003\n                ],\n                [\n                    "2025-12-17",\n                    3.511\n                ],\n                [\n                    "2025-12-18",\n                    3.5119999999999996\n                ],\n                [\n                    "2025-12-19",\n                    3.5112\n                ],\n                [\n                    "2025-12-22",\n                    3.5092\n                ],\n                [\n                    "2025-12-23",\n                    3.5061999999999998\n                ],\n                [\n                    "2025-12-24",\n                    3.4951999999999996\n                ],\n                [\n                    "2025-12-25",\n                    3.4922000000000004\n                ],\n                [\n                    "2025-12-26",\n                    3.4868\n                ],\n                [\n                    "2025-12-29",\n                    3.4762\n                ],\n                [\n                    "2025-12-30",\n                    3.4722\n                ],\n                [\n                    "2025-12-31",\n                    3.4676\n                ],\n                [\n                    "2026-01-05",\n                    3.4676\n                ],\n                [\n                    "2026-01-06",\n                    3.4694000000000003\n                ],\n                [\n                    "2026-01-07",\n                    3.4744\n                ],\n                [\n                    "2026-01-08",\n                    3.4722\n                ],\n                [\n                    "2026-01-09",\n                    3.4762\n                ],\n                [\n                    "2026-01-12",\n                    3.471\n                ],\n                [\n                    "2026-01-13",\n                    3.4555999999999996\n                ],\n                [\n                    "2026-01-14",\n                    3.4381999999999997\n                ],\n                [\n                    "2026-01-15",\n                    3.4259999999999997\n                ],\n                [\n                    "2026-01-16",\n                    3.4107999999999996\n                ],\n                [\n                    "2026-01-19",\n                    3.3954\n                ],\n                [\n                    "2026-01-20",\n                    3.3910000000000005\n                ],\n                [\n                    "2026-01-21",\n                    3.3834000000000004\n                ],\n                [\n                    "2026-01-22",\n                    3.3722000000000003\n                ],\n                [\n                    "2026-01-23",\n                    3.3592\n                ],\n                [\n                    "2026-01-26",\n                    3.3432000000000004\n                ],\n                [\n                    "2026-01-27",\n                    3.3223999999999996\n                ],\n                [\n                    "2026-01-28",\n                    3.3102000000000005\n                ],\n                [\n                    "2026-01-29",\n                    3.3266\n                ],\n                [\n                    "2026-01-30",\n                    3.3318\n                ],\n                [\n                    "2026-02-02",\n                    3.3408\n                ],\n                [\n                    "2026-02-03",\n                    3.3590000000000004\n                ],\n                [\n                    "2026-02-04",\n                    3.3948\n                ],\n                [\n                    "2026-02-05",\n                    3.41\n                ],\n                [\n                    "2026-02-06",\n                    3.4292000000000002\n                ],\n                [\n                    "2026-02-09",\n                    3.4462\n                ],\n                [\n                    "2026-02-10",\n                    3.4510000000000005\n                ],\n                [\n                    "2026-02-11",\n                    3.4378\n                ],\n                [\n                    "2026-02-12",\n                    3.4130000000000003\n                ],\n                [\n                    "2026-02-13",\n                    3.3964\n                ],\n                [\n                    "2026-02-24",\n                    3.3798000000000004\n                ],\n                [\n                    "2026-02-25",\n                    3.3706000000000005\n                ],\n                [\n                    "2026-02-26",\n                    3.3516\n                ],\n                [\n                    "2026-02-27",\n                    3.336\n                ],\n                [\n                    "2026-03-02",\n                    3.3162\n                ],\n                [\n                    "2026-03-03",\n                    3.2909999999999995\n                ],\n                [\n                    "2026-03-04",\n                    3.2542\n                ],\n                [\n                    "2026-03-05",\n                    3.2308\n                ],\n                [\n                    "2026-03-06",\n                    3.2186\n                ],\n                [\n                    "2026-03-09",\n                    3.2055999999999996\n                ],\n                [\n                    "2026-03-10",\n                    3.2049999999999996\n                ],\n                [\n                    "2026-03-11",\n                    3.2182000000000004\n                ],\n                [\n                    "2026-03-12",\n                    3.2272000000000007\n                ],\n                [\n                    "2026-03-13",\n                    3.2296\n                ],\n                [\n                    "2026-03-16",\n                    3.2466\n                ],\n                [\n                    "2026-03-17",\n                    3.2576\n                ],\n                [\n                    "2026-03-18",\n                    3.2594000000000003\n                ],\n                [\n                    "2026-03-19",\n                    3.2521999999999998\n                ],\n                [\n                    "2026-03-20",\n                    3.2408\n                ],\n                [\n                    "2026-03-23",\n                    3.2047999999999996\n                ],\n                [\n                    "2026-03-24",\n                    3.1732\n                ],\n                [\n                    "2026-03-25",\n                    3.1524\n                ],\n                [\n                    "2026-03-26",\n                    3.132\n                ],\n                [\n                    "2026-03-27",\n                    3.122\n                ],\n                [\n                    "2026-03-30",\n                    3.125\n                ],\n                [\n                    "2026-03-31",\n                    3.1228000000000002\n                ],\n                [\n                    "2026-04-01",\n                    3.1241999999999996\n                ],\n                [\n                    "2026-04-02",\n                    3.1382\n                ],\n                [\n                    "2026-04-03",\n                    3.1366\n                ],\n                [\n                    "2026-04-07",\n                    3.1346\n                ],\n                [\n                    "2026-04-08",\n                    3.145\n                ],\n                [\n                    "2026-04-09",\n                    3.1388000000000003\n                ],\n                [\n                    "2026-04-10",\n                    3.1302\n                ],\n                [\n                    "2026-04-13",\n                    3.1262\n                ],\n                [\n                    "2026-04-14",\n                    3.1318\n                ],\n                [\n                    "2026-04-15",\n                    3.1298000000000004\n                ],\n                [\n                    "2026-04-16",\n                    3.1412\n                ]\n            ],\n            "hoverAnimation": true,\n            "label": {\n                "show": false,\n                "margin": 8,\n                "richInheritPlainLabel": true,\n                "valueAnimation": false\n            },\n            "logBase": 10,\n            "seriesLayoutBy": "column",\n            "lineStyle": {\n                "show": false,\n                "width": 1.2\n            },\n            "areaStyle": {\n                "opacity": 0\n            },\n            "zlevel": 0,\n            "z": 0\n        },\n        {\n            "type": "line",\n            "name": "MA10",\n            "connectNulls": false,\n            "xAxisIndex": 0,\n            "symbolSize": 4,\n            "showSymbol": false,\n            "smooth": true,\n            "clip": true,\n            "step": false,\n            "stackStrategy": "samesign",\n            "data": [\n                [\n                    "2010-08-20",\n                    null\n                ],\n                [\n                    "2010-08-27",\n                    null\n                ],\n                [\n                    "2010-09-03",\n                    null\n                ],\n                [\n                    "2010-09-10",\n                    null\n                ],\n                [\n                    "2010-09-17",\n                    null\n                ],\n                [\n                    "2010-09-21",\n                    null\n                ],\n                [\n                    "2010-09-30",\n                    null\n                ],\n                [\n                    "2010-10-08",\n                    null\n                ],\n                [\n                    "2010-10-15",\n                    null\n                ],\n                [\n                    "2010-10-22",\n                    1.0046\n                ],\n                [\n                    "2010-10-26",\n                    1.0065\n                ],\n                [\n                    "2010-10-27",\n                    1.0078\n                ],\n                [\n                    "2010-10-28",\n                    1.0085\n                ],\n                [\n                    "2010-10-29",\n                    1.0096\n                ],\n                [\n                    "2010-11-01",\n                    1.0118\n                ],\n                [\n                    "2010-11-02",\n                    1.0136999999999998\n                ],\n                [\n                    "2010-11-03",\n                    1.0154\n                ],\n                [\n                    "2010-11-04",\n                    1.0171\n                ],\n                [\n                    "2010-11-05",\n                    1.021\n                ],\n                [\n                    "2010-11-08",\n                    1.0238\n                ],\n                [\n                    "2010-11-09",\n                    1.0264\n                ],\n                [\n                    "2010-11-10",\n                    1.0308\n                ],\n                [\n                    "2010-11-11",\n                    1.0346\n                ],\n                [\n                    "2010-11-12",\n                    1.0349\n                ],\n                [\n                    "2010-11-15",\n                    1.0365\n                ],\n                [\n                    "2010-11-16",\n                    1.0368\n                ],\n                [\n                    "2010-11-17",\n                    1.0346\n                ],\n                [\n                    "2010-11-18",\n                    1.0326\n                ],\n                [\n                    "2010-11-19",\n                    1.0319\n                ],\n                [\n                    "2010-11-22",\n                    1.0312000000000001\n                ],\n                [\n                    "2010-11-23",\n                    1.0289\n                ],\n                [\n                    "2010-11-24",\n                    1.0267000000000002\n                ],\n                [\n                    "2010-11-25",\n                    1.026\n                ],\n                [\n                    "2010-11-26",\n                    1.0282\n                ],\n                [\n                    "2010-11-29",\n                    1.0284\n                ],\n                [\n                    "2010-11-30",\n                    1.0285\n                ],\n                [\n                    "2010-12-01",\n                    1.0307\n                ],\n                [\n                    "2010-12-02",\n                    1.0317\n                ],\n                [\n                    "2010-12-03",\n                    1.0305\n                ],\n                [\n                    "2010-12-06",\n                    1.0276\n                ],\n                [\n                    "2010-12-07",\n                    1.0263000000000002\n                ],\n                [\n                    "2010-12-08",\n                    1.0234999999999999\n                ],\n                [\n                    "2010-12-09",\n                    1.0184000000000002\n                ],\n                [\n                    "2010-12-10",\n                    1.0140999999999998\n                ],\n                [\n                    "2010-12-13",\n                    1.0115\n                ],\n                [\n                    "2010-12-14",\n                    1.0108000000000001\n                ],\n                [\n                    "2010-12-15",\n                    1.01\n                ],\n                [\n                    "2010-12-16",\n                    1.0093\n                ],\n                [\n                    "2010-12-17",\n                    1.0089000000000001\n                ],\n                [\n                    "2010-12-20",\n                    1.0089\n                ],\n                [\n                    "2010-12-21",\n                    1.0084\n                ],\n                [\n                    "2010-12-22",\n                    1.0070999999999999\n                ],\n                [\n                    "2010-12-23",\n                    1.0063\n                ],\n                [\n                    "2010-12-24",\n                    1.0039000000000002\n                ],\n                [\n                    "2010-12-27",\n                    0.9978999999999999\n                ],\n                [\n                    "2010-12-28",\n                    0.9909999999999999\n                ],\n                [\n                    "2010-12-29",\n                    0.9856999999999999\n                ],\n                [\n                    "2010-12-30",\n                    0.9809999999999999\n                ],\n                [\n                    "2010-12-31",\n                    0.9783\n                ],\n                [\n                    "2011-01-04",\n                    0.9767000000000001\n                ],\n                [\n                    "2011-01-05",\n                    0.9742999999999998\n                ],\n                [\n                    "2011-01-06",\n                    0.9722999999999999\n                ],\n                [\n                    "2011-01-07",\n                    0.9709\n                ],\n                [\n                    "2011-01-10",\n                    0.9685999999999998\n                ],\n                [\n                    "2011-01-11",\n                    0.9678000000000001\n                ],\n                [\n                    "2011-01-12",\n                    0.9677\n                ],\n                [\n                    "2011-01-13",\n                    0.9671\n                ],\n                [\n                    "2011-01-14",\n                    0.9653\n                ],\n                [\n                    "2011-01-17",\n                    0.9587999999999999\n                ],\n                [\n                    "2011-01-18",\n                    0.9529\n                ],\n                [\n                    "2011-01-19",\n                    0.9489000000000001\n                ],\n                [\n                    "2011-01-20",\n                    0.943\n                ],\n                [\n                    "2011-01-21",\n                    0.937\n                ],\n                [\n                    "2011-01-24",\n                    0.9312000000000001\n                ],\n                [\n                    "2011-01-25",\n                    0.9248999999999998\n                ],\n                [\n                    "2011-01-26",\n                    0.9194999999999999\n                ],\n                [\n                    "2011-01-27",\n                    0.9143000000000001\n                ],\n                [\n                    "2011-01-28",\n                    0.9109999999999999\n                ],\n                [\n                    "2011-01-31",\n                    0.9115\n                ],\n                [\n                    "2011-02-01",\n                    0.9109\n                ],\n                [\n                    "2011-02-09",\n                    0.9087\n                ],\n                [\n                    "2011-02-10",\n                    0.9110999999999999\n                ],\n                [\n                    "2011-02-11",\n                    0.9148999999999999\n                ],\n                [\n                    "2011-02-14",\n                    0.9216999999999999\n                ],\n                [\n                    "2011-02-15",\n                    0.9286999999999999\n                ],\n                [\n                    "2011-02-16",\n                    0.9352\n                ],\n                [\n                    "2011-02-17",\n                    0.9402999999999999\n                ],\n                [\n                    "2011-02-18",\n                    0.944\n                ],\n                [\n                    "2011-02-21",\n                    0.9484\n                ],\n                [\n                    "2011-02-22",\n                    0.9511999999999998\n                ],\n                [\n                    "2011-02-23",\n                    0.9545999999999999\n                ],\n                [\n                    "2011-02-24",\n                    0.9557\n                ],\n                [\n                    "2011-02-25",\n                    0.9562000000000002\n                ],\n                [\n                    "2011-02-28",\n                    0.9567\n                ],\n                [\n                    "2011-03-01",\n                    0.9584999999999999\n                ],\n                [\n                    "2011-03-02",\n                    0.96\n                ],\n                [\n                    "2011-03-03",\n                    0.9608000000000001\n                ],\n                [\n                    "2011-03-04",\n                    0.9628\n                ],\n                [\n                    "2011-03-07",\n                    0.9642\n                ],\n                [\n                    "2011-03-08",\n                    0.9679\n                ],\n                [\n                    "2011-03-09",\n                    0.9714\n                ],\n                [\n                    "2011-03-10",\n                    0.9747999999999999\n                ],\n                [\n                    "2011-03-11",\n                    0.9773000000000002\n                ],\n                [\n                    "2011-03-14",\n                    0.9793\n                ],\n                [\n                    "2011-03-15",\n                    0.9788\n                ],\n                [\n                    "2011-03-16",\n                    0.9791000000000001\n                ],\n                [\n                    "2011-03-17",\n                    0.9791000000000001\n                ],\n                [\n                    "2011-03-18",\n                    0.9784\n                ],\n                [\n                    "2011-03-21",\n                    0.976\n                ],\n                [\n                    "2011-03-22",\n                    0.9730000000000001\n                ],\n                [\n                    "2011-03-23",\n                    0.9706999999999999\n                ],\n                [\n                    "2011-03-24",\n                    0.9682999999999999\n                ],\n                [\n                    "2011-03-25",\n                    0.9667999999999999\n                ],\n                [\n                    "2011-03-28",\n                    0.9632000000000002\n                ],\n                [\n                    "2011-03-29",\n                    0.9596\n                ],\n                [\n                    "2011-03-30",\n                    0.9546999999999999\n                ],\n                [\n                    "2011-03-31",\n                    0.9511999999999998\n                ],\n                [\n                    "2011-04-01",\n                    0.9479999999999998\n                ],\n                [\n                    "2011-04-06",\n                    0.9447000000000001\n                ],\n                [\n                    "2011-04-07",\n                    0.9420999999999999\n                ],\n                [\n                    "2011-04-08",\n                    0.9400000000000001\n                ],\n                [\n                    "2011-04-11",\n                    0.9374\n                ],\n                [\n                    "2011-04-12",\n                    0.9346\n                ],\n                [\n                    "2011-04-13",\n                    0.9344999999999999\n                ],\n                [\n                    "2011-04-14",\n                    0.9359\n                ],\n                [\n                    "2011-04-15",\n                    0.9374\n                ],\n                [\n                    "2011-04-18",\n                    0.9390000000000001\n                ],\n                [\n                    "2011-04-19",\n                    0.9404\n                ],\n                [\n                    "2011-04-20",\n                    0.9433999999999999\n                ],\n                [\n                    "2011-04-21",\n                    0.946\n                ],\n                [\n                    "2011-04-22",\n                    0.9470000000000001\n                ],\n                [\n                    "2011-04-25",\n                    0.9497\n                ],\n                [\n                    "2011-04-26",\n                    0.9511\n                ],\n                [\n                    "2011-04-27",\n                    0.9505000000000001\n                ],\n                [\n                    "2011-04-28",\n                    0.9480999999999999\n                ],\n                [\n                    "2011-04-29",\n                    0.9470000000000001\n                ],\n                [\n                    "2011-05-03",\n                    0.9472999999999999\n                ],\n                [\n                    "2011-05-04",\n                    0.9464\n                ],\n                [\n                    "2011-05-05",\n                    0.946\n                ],\n                [\n                    "2011-05-06",\n                    0.9459\n                ],\n                [\n                    "2011-05-09",\n                    0.9463999999999999\n                ],\n                [\n                    "2011-05-10",\n                    0.9456999999999999\n                ],\n                [\n                    "2011-05-11",\n                    0.9465\n                ],\n                [\n                    "2011-05-12",\n                    0.9478\n                ],\n                [\n                    "2011-05-13",\n                    0.951\n                ],\n                [\n                    "2011-05-16",\n                    0.953\n                ],\n                [\n                    "2011-05-17",\n                    0.9529\n                ],\n                [\n                    "2011-05-18",\n                    0.9545999999999999\n                ],\n                [\n                    "2011-05-19",\n                    0.9553\n                ],\n                [\n                    "2011-05-20",\n                    0.9554\n                ],\n                [\n                    "2011-05-23",\n                    0.9524000000000001\n                ],\n                [\n                    "2011-05-24",\n                    0.9492\n                ],\n                [\n                    "2011-05-25",\n                    0.9446\n                ],\n                [\n                    "2011-05-26",\n                    0.9395999999999999\n                ],\n                [\n                    "2011-05-27",\n                    0.9334\n                ],\n                [\n                    "2011-05-30",\n                    0.9276\n                ],\n                [\n                    "2011-05-31",\n                    0.9234\n                ],\n                [\n                    "2011-06-01",\n                    0.9196\n                ],\n                [\n                    "2011-06-02",\n                    0.9153\n                ],\n                [\n                    "2011-06-03",\n                    0.9124000000000001\n                ],\n                [\n                    "2011-06-07",\n                    0.9126\n                ],\n                [\n                    "2011-06-08",\n                    0.9135\n                ],\n                [\n                    "2011-06-09",\n                    0.9141\n                ],\n                [\n                    "2011-06-10",\n                    0.9157\n                ],\n                [\n                    "2011-06-13",\n                    0.9175000000000001\n                ],\n                [\n                    "2011-06-14",\n                    0.9198000000000001\n                ],\n                [\n                    "2011-06-15",\n                    0.9208000000000001\n                ],\n                [\n                    "2011-06-16",\n                    0.9195\n                ],\n                [\n                    "2011-06-17",\n                    0.9179\n                ],\n                [\n                    "2011-06-20",\n                    0.9138999999999999\n                ],\n                [\n                    "2011-06-21",\n                    0.9107000000000001\n                ],\n                [\n                    "2011-06-22",\n                    0.9079\n                ],\n                [\n                    "2011-06-23",\n                    0.9075000000000001\n                ],\n                [\n                    "2011-06-24",\n                    0.908\n                ],\n                [\n                    "2011-06-27",\n                    0.9103999999999999\n                ],\n                [\n                    "2011-06-28",\n                    0.9118999999999999\n                ],\n                [\n                    "2011-06-29",\n                    0.9132000000000001\n                ],\n                [\n                    "2011-06-30",\n                    0.9167000000000002\n                ],\n                [\n                    "2011-07-01",\n                    0.9209999999999999\n                ],\n                [\n                    "2011-07-04",\n                    0.9285\n                ],\n                [\n                    "2011-07-05",\n                    0.9350999999999999\n                ],\n                [\n                    "2011-07-06",\n                    0.9410000000000001\n                ],\n                [\n                    "2011-07-07",\n                    0.9469\n                ],\n                [\n                    "2011-07-08",\n                    0.9517000000000001\n                ],\n                [\n                    "2011-07-11",\n                    0.9569999999999999\n                ],\n                [\n                    "2011-07-12",\n                    0.9620000000000001\n                ],\n                [\n                    "2011-07-13",\n                    0.9692999999999999\n                ],\n                [\n                    "2011-07-14",\n                    0.975\n                ],\n                [\n                    "2011-07-15",\n                    0.9808\n                ],\n                [\n                    "2011-07-18",\n                    0.9851000000000001\n                ],\n                [\n                    "2011-07-19",\n                    0.9878\n                ],\n                [\n                    "2011-07-20",\n                    0.9909999999999999\n                ],\n                [\n                    "2011-07-21",\n                    0.9935\n                ],\n                [\n                    "2011-07-22",\n                    0.9957999999999998\n                ],\n                [\n                    "2011-07-25",\n                    0.9939\n                ],\n                [\n                    "2011-07-26",\n                    0.9926999999999999\n                ],\n                [\n                    "2011-07-27",\n                    0.9911\n                ],\n                [\n                    "2011-07-28",\n                    0.9898999999999999\n                ],\n                [\n                    "2011-07-29",\n                    0.9877\n                ],\n                [\n                    "2011-08-01",\n                    0.9846\n                ],\n                [\n                    "2011-08-02",\n                    0.9823999999999999\n                ],\n                [\n                    "2011-08-03",\n                    0.9804999999999999\n                ],\n                [\n                    "2011-08-04",\n                    0.9789\n                ],\n                [\n                    "2011-08-05",\n                    0.9767000000000001\n                ],\n                [\n                    "2011-08-08",\n                    0.9759\n                ],\n                [\n                    "2011-08-09",\n                    0.9753999999999999\n                ],\n                [\n                    "2011-08-10",\n                    0.9751\n                ],\n                [\n                    "2011-08-11",\n                    0.9775\n                ],\n                [\n                    "2011-08-12",\n                    0.9808\n                ],\n                [\n                    "2011-08-15",\n                    0.9844999999999999\n                ],\n                [\n                    "2011-08-16",\n                    0.9878\n                ],\n                [\n                    "2011-08-17",\n                    0.9903000000000001\n                ],\n                [\n                    "2011-08-18",\n                    0.9911\n                ],\n                [\n                    "2011-08-19",\n                    0.9924\n                ],\n                [\n                    "2011-08-22",\n                    0.9930999999999999\n                ],\n                [\n                    "2011-08-23",\n                    0.9937999999999999\n                ],\n                [\n                    "2011-08-24",\n                    0.9929\n                ],\n                [\n                    "2011-08-25",\n                    0.9909999999999999\n                ],\n                [\n                    "2011-08-26",\n                    0.9888\n                ],\n                [\n                    "2011-08-29",\n                    0.9869\n                ],\n                [\n                    "2011-08-30",\n                    0.9853999999999999\n                ],\n                [\n                    "2011-08-31",\n                    0.9841\n                ],\n                [\n                    "2011-09-01",\n                    0.9831\n                ],\n                [\n                    "2011-09-02",\n                    0.9811\n                ],\n                [\n                    "2011-09-05",\n                    0.9803000000000001\n                ],\n                [\n                    "2011-09-06",\n                    0.9777000000000001\n                ],\n                [\n                    "2011-09-07",\n                    0.9769\n                ],\n                [\n                    "2011-09-08",\n                    0.974\n                ],\n                [\n                    "2011-09-09",\n                    0.9703999999999999\n                ],\n                [\n                    "2011-09-13",\n                    0.9654999999999999\n                ],\n                [\n                    "2011-09-14",\n                    0.9612999999999999\n                ],\n                [\n                    "2011-09-15",\n                    0.9571\n                ],\n                [\n                    "2011-09-16",\n                    0.9539\n                ],\n                [\n                    "2011-09-19",\n                    0.9503999999999999\n                ],\n                [\n                    "2011-09-20",\n                    0.9475999999999999\n                ],\n                [\n                    "2011-09-21",\n                    0.9475999999999999\n                ],\n                [\n                    "2011-09-22",\n                    0.9443999999999999\n                ],\n                [\n                    "2011-09-23",\n                    0.9400000000000001\n                ],\n                [\n                    "2011-09-26",\n                    0.9348000000000001\n                ],\n                [\n                    "2011-09-27",\n                    0.9312000000000001\n                ],\n                [\n                    "2011-09-28",\n                    0.9268000000000001\n                ],\n                [\n                    "2011-09-29",\n                    0.9211\n                ],\n                [\n                    "2011-09-30",\n                    0.9151\n                ],\n                [\n                    "2011-10-10",\n                    0.9092\n                ],\n                [\n                    "2011-10-11",\n                    0.9028\n                ],\n                [\n                    "2011-10-12",\n                    0.897\n                ],\n                [\n                    "2011-10-13",\n                    0.8936\n                ],\n                [\n                    "2011-10-14",\n                    0.8916000000000001\n                ],\n                [\n                    "2011-10-17",\n                    0.8923\n                ],\n                [\n                    "2011-10-18",\n                    0.8913\n                ],\n                [\n                    "2011-10-19",\n                    0.8904\n                ],\n                [\n                    "2011-10-20",\n                    0.8888\n                ],\n                [\n                    "2011-10-21",\n                    0.8868\n                ],\n                [\n                    "2011-10-24",\n                    0.8877\n                ],\n                [\n                    "2011-10-25",\n                    0.8909\n                ],\n                [\n                    "2011-10-26",\n                    0.8929\n                ],\n                [\n                    "2011-10-27",\n                    0.8943\n                ],\n                [\n                    "2011-10-28",\n                    0.8969000000000001\n                ],\n                [\n                    "2011-10-31",\n                    0.8986000000000001\n                ],\n                [\n                    "2011-11-01",\n                    0.9016\n                ],\n                [\n                    "2011-11-02",\n                    0.9065000000000001\n                ],\n                [\n                    "2011-11-03",\n                    0.9136\n                ],\n                [\n                    "2011-11-04",\n                    0.9218\n                ],\n                [\n                    "2011-11-07",\n                    0.9280999999999999\n                ],\n                [\n                    "2011-11-08",\n                    0.9323\n                ],\n                [\n                    "2011-11-09",\n                    0.9361\n                ],\n                [\n                    "2011-11-10",\n                    0.9391999999999999\n                ],\n                [\n                    "2011-11-11",\n                    0.9412999999999998\n                ],\n                [\n                    "2011-11-14",\n                    0.9442\n                ],\n                [\n                    "2011-11-15",\n                    0.9464\n                ],\n                [\n                    "2011-11-16",\n                    0.9456999999999999\n                ],\n                [\n                    "2011-11-17",\n                    0.9446\n                ],\n                [\n                    "2011-11-18",\n                    0.9417\n                ],\n                [\n                    "2011-11-21",\n                    0.9390000000000001\n                ],\n                [\n                    "2011-11-22",\n                    0.9370999999999998\n                ],\n                [\n                    "2011-11-23",\n                    0.9346\n                ],\n                [\n                    "2011-11-24",\n                    0.9328000000000001\n                ],\n                [\n                    "2011-11-25",\n                    0.9307000000000001\n                ],\n                [\n                    "2011-11-28",\n                    0.9279999999999999\n                ],\n                [\n                    "2011-11-29",\n                    0.9263999999999999\n                ],\n                [\n                    "2011-11-30",\n                    0.9246000000000001\n                ],\n                [\n                    "2011-12-01",\n                    0.9237000000000002\n                ],\n                [\n                    "2011-12-02",\n                    0.923\n                ],\n                [\n                    "2011-12-05",\n                    0.9206000000000001\n                ],\n                [\n                    "2011-12-06",\n                    0.9172\n                ],\n                [\n                    "2011-12-07",\n                    0.914\n                ],\n                [\n                    "2011-12-08",\n                    0.9105000000000001\n                ],\n                [\n                    "2011-12-09",\n                    0.9061\n                ],\n                [\n                    "2011-12-12",\n                    0.9003\n                ],\n                [\n                    "2011-12-13",\n                    0.8923\n                ],\n                [\n                    "2011-12-14",\n                    0.8854000000000001\n                ],\n                [\n                    "2011-12-15",\n                    0.8774000000000001\n                ],\n                [\n                    "2011-12-16",\n                    0.8714999999999999\n                ],\n                [\n                    "2011-12-19",\n                    0.8673\n                ],\n                [\n                    "2011-12-20",\n                    0.8636999999999999\n                ],\n                [\n                    "2011-12-21",\n                    0.8591\n                ],\n                [\n                    "2011-12-22",\n                    0.8547\n                ],\n                [\n                    "2011-12-23",\n                    0.8519\n                ],\n                [\n                    "2011-12-26",\n                    0.8491\n                ],\n                [\n                    "2011-12-27",\n                    0.8456999999999999\n                ],\n                [\n                    "2011-12-28",\n                    0.8427\n                ],\n                [\n                    "2011-12-29",\n                    0.8405999999999999\n                ],\n                [\n                    "2011-12-30",\n                    0.8385999999999999\n                ],\n                [\n                    "2011-12-31",\n                    0.8366\n                ],\n                [\n                    "2012-01-04",\n                    0.8323\n                ],\n                [\n                    "2012-01-05",\n                    0.8263999999999999\n                ],\n                [\n                    "2012-01-06",\n                    0.8202\n                ],\n                [\n                    "2012-01-09",\n                    0.8150999999999999\n                ],\n                [\n                    "2012-01-10",\n                    0.813\n                ],\n                [\n                    "2012-01-11",\n                    0.8126999999999999\n                ],\n                [\n                    "2012-01-12",\n                    0.8116999999999999\n                ],\n                [\n                    "2012-01-13",\n                    0.808\n                ],\n                [\n                    "2012-01-16",\n                    0.8004\n                ],\n                [\n                    "2012-01-17",\n                    0.7954000000000001\n                ],\n                [\n                    "2012-01-18",\n                    0.791\n                ],\n                [\n                    "2012-01-19",\n                    0.7901\n                ],\n                [\n                    "2012-01-20",\n                    0.7913\n                ],\n                [\n                    "2012-01-30",\n                    0.7905\n                ],\n                [\n                    "2012-01-31",\n                    0.7878999999999999\n                ],\n                [\n                    "2012-02-01",\n                    0.7854\n                ],\n                [\n                    "2012-02-02",\n                    0.7844000000000001\n                ],\n                [\n                    "2012-02-03",\n                    0.7862\n                ],\n                [\n                    "2012-02-06",\n                    0.7914\n                ],\n                [\n                    "2012-02-07",\n                    0.7929999999999999\n                ],\n                [\n                    "2012-02-08",\n                    0.7975000000000001\n                ],\n                [\n                    "2012-02-09",\n                    0.8012\n                ],\n                [\n                    "2012-02-10",\n                    0.8029\n                ],\n                [\n                    "2012-02-13",\n                    0.8061\n                ],\n                [\n                    "2012-02-14",\n                    0.8092\n                ],\n                [\n                    "2012-02-15",\n                    0.8133000000000001\n                ],\n                [\n                    "2012-02-16",\n                    0.8168999999999998\n                ],\n                [\n                    "2012-02-17",\n                    0.8196\n                ],\n                [\n                    "2012-02-20",\n                    0.8217000000000001\n                ],\n                [\n                    "2012-02-21",\n                    0.8253\n                ],\n                [\n                    "2012-02-22",\n                    0.8286999999999999\n                ],\n                [\n                    "2012-02-23",\n                    0.8324\n                ],\n                [\n                    "2012-02-24",\n                    0.8371000000000001\n                ],\n                [\n                    "2012-02-27",\n                    0.8413999999999999\n                ],\n                [\n                    "2012-02-28",\n                    0.8454\n                ],\n                [\n                    "2012-02-29",\n                    0.8482\n                ],\n                [\n                    "2012-03-01",\n                    0.8513\n                ],\n                [\n                    "2012-03-02",\n                    0.8557\n                ],\n                [\n                    "2012-03-05",\n                    0.8596\n                ],\n                [\n                    "2012-03-06",\n                    0.8623999999999998\n                ],\n                [\n                    "2012-03-07",\n                    0.8644999999999999\n                ],\n                [\n                    "2012-03-08",\n                    0.8666\n                ],\n                [\n                    "2012-03-09",\n                    0.8693\n                ],\n                [\n                    "2012-03-12",\n                    0.8717\n                ],\n                [\n                    "2012-03-13",\n                    0.8753\n                ],\n                [\n                    "2012-03-14",\n                    0.8776999999999999\n                ],\n                [\n                    "2012-03-15",\n                    0.8805999999999999\n                ],\n                [\n                    "2012-03-16",\n                    0.8842000000000001\n                ],\n                [\n                    "2012-03-19",\n                    0.8880000000000001\n                ],\n                [\n                    "2012-03-20",\n                    0.8903000000000001\n                ],\n                [\n                    "2012-03-21",\n                    0.8916000000000001\n                ],\n                [\n                    "2012-03-22",\n                    0.892\n                ],\n                [\n                    "2012-03-23",\n                    0.8897\n                ],\n                [\n                    "2012-03-26",\n                    0.8876999999999999\n                ],\n                [\n                    "2012-03-27",\n                    0.8836999999999999\n                ],\n                [\n                    "2012-03-28",\n                    0.8789\n                ],\n                [\n                    "2012-03-29",\n                    0.8727\n                ],\n                [\n                    "2012-03-30",\n                    0.8644000000000001\n                ],\n                [\n                    "2012-03-31",\n                    0.8562999999999998\n                ],\n                [\n                    "2012-04-05",\n                    0.8523999999999999\n                ],\n                [\n                    "2012-04-06",\n                    0.8497\n                ],\n                [\n                    "2012-04-09",\n                    0.8469\n                ],\n                [\n                    "2012-04-10",\n                    0.8452999999999999\n                ],\n                [\n                    "2012-04-11",\n                    0.8432999999999999\n                ],\n                [\n                    "2012-04-12",\n                    0.8433999999999999\n                ],\n                [\n                    "2012-04-13",\n                    0.8459\n                ],\n                [\n                    "2012-04-16",\n                    0.8489000000000001\n                ],\n                [\n                    "2012-04-17",\n                    0.851\n                ],\n                [\n                    "2012-04-18",\n                    0.8546999999999999\n                ],\n                [\n                    "2012-04-19",\n                    0.8558\n                ],\n                [\n                    "2012-04-20",\n                    0.8568\n                ],\n                [\n                    "2012-04-23",\n                    0.8574999999999999\n                ],\n                [\n                    "2012-04-24",\n                    0.8577\n                ],\n                [\n                    "2012-04-25",\n                    0.8589\n                ],\n                [\n                    "2012-04-26",\n                    0.8597999999999999\n                ],\n                [\n                    "2012-04-27",\n                    0.8606999999999999\n                ],\n                [\n                    "2012-05-02",\n                    0.8623\n                ],\n                [\n                    "2012-05-03",\n                    0.8656\n                ],\n                [\n                    "2012-05-04",\n                    0.8686999999999999\n                ],\n                [\n                    "2012-05-07",\n                    0.8729000000000001\n                ],\n                [\n                    "2012-05-08",\n                    0.8766\n                ],\n                [\n                    "2012-05-09",\n                    0.8795999999999999\n                ],\n                [\n                    "2012-05-10",\n                    0.8831\n                ],\n                [\n                    "2012-05-11",\n                    0.8852\n                ],\n                [\n                    "2012-05-14",\n                    0.8855999999999999\n                ],\n                [\n                    "2012-05-15",\n                    0.8865999999999999\n                ],\n                [\n                    "2012-05-16",\n                    0.8862\n                ],\n                [\n                    "2012-05-17",\n                    0.8859999999999999\n                ],\n                [\n                    "2012-05-18",\n                    0.8829\n                ],\n                [\n                    "2012-05-21",\n                    0.8795\n                ],\n                [\n                    "2012-05-22",\n                    0.8773\n                ],\n                [\n                    "2012-05-23",\n                    0.8764\n                ],\n                [\n                    "2012-05-24",\n                    0.8741\n                ],\n                [\n                    "2012-05-25",\n                    0.8709999999999999\n                ],\n                [\n                    "2012-05-28",\n                    0.8696999999999999\n                ],\n                [\n                    "2012-05-29",\n                    0.8686\n                ],\n                [\n                    "2012-05-30",\n                    0.8676999999999999\n                ],\n                [\n                    "2012-05-31",\n                    0.8666\n                ],\n                [\n                    "2012-06-01",\n                    0.8674999999999999\n                ],\n                [\n                    "2012-06-04",\n                    0.8666\n                ],\n                [\n                    "2012-06-05",\n                    0.865\n                ],\n                [\n                    "2012-06-06",\n                    0.8629\n                ],\n                [\n                    "2012-06-07",\n                    0.8625999999999999\n                ],\n                [\n                    "2012-06-08",\n                    0.8631\n                ],\n                [\n                    "2012-06-11",\n                    0.8634999999999999\n                ],\n                [\n                    "2012-06-12",\n                    0.8635999999999999\n                ],\n                [\n                    "2012-06-13",\n                    0.8664\n                ],\n                [\n                    "2012-06-14",\n                    0.8692\n                ],\n                [\n                    "2012-06-15",\n                    0.8705999999999999\n                ],\n                [\n                    "2012-06-18",\n                    0.8741999999999999\n                ],\n                [\n                    "2012-06-19",\n                    0.877\n                ],\n                [\n                    "2012-06-20",\n                    0.8798999999999999\n                ],\n                [\n                    "2012-06-21",\n                    0.8818000000000001\n                ],\n                [\n                    "2012-06-25",\n                    0.8827999999999999\n                ],\n                [\n                    "2012-06-26",\n                    0.8829\n                ],\n                [\n                    "2012-06-27",\n                    0.8824\n                ],\n                [\n                    "2012-06-28",\n                    0.8793000000000001\n                ],\n                [\n                    "2012-06-29",\n                    0.8769\n                ],\n                [\n                    "2012-06-30",\n                    0.8754\n                ],\n                [\n                    "2012-07-02",\n                    0.8736\n                ],\n                [\n                    "2012-07-03",\n                    0.8731\n                ],\n                [\n                    "2012-07-04",\n                    0.8731\n                ],\n                [\n                    "2012-07-05",\n                    0.8728999999999999\n                ],\n                [\n                    "2012-07-06",\n                    0.8763\n                ],\n                [\n                    "2012-07-09",\n                    0.8790000000000001\n                ],\n                [\n                    "2012-07-10",\n                    0.8809000000000001\n                ],\n                [\n                    "2012-07-11",\n                    0.8836999999999999\n                ],\n                [\n                    "2012-07-12",\n                    0.8858\n                ],\n                [\n                    "2012-07-13",\n                    0.8878999999999999\n                ],\n                [\n                    "2012-07-16",\n                    0.8870999999999999\n                ],\n                [\n                    "2012-07-17",\n                    0.8849\n                ],\n                [\n                    "2012-07-18",\n                    0.8825\n                ],\n                [\n                    "2012-07-19",\n                    0.8814\n                ],\n                [\n                    "2012-07-20",\n                    0.8775999999999999\n                ],\n                [\n                    "2012-07-23",\n                    0.8741\n                ],\n                [\n                    "2012-07-24",\n                    0.8721\n                ],\n                [\n                    "2012-07-25",\n                    0.8693\n                ],\n                [\n                    "2012-07-26",\n                    0.865\n                ],\n                [\n                    "2012-07-27",\n                    0.8604999999999998\n                ],\n                [\n                    "2012-07-30",\n                    0.8581999999999999\n                ],\n                [\n                    "2012-07-31",\n                    0.8561\n                ],\n                [\n                    "2012-08-01",\n                    0.8546999999999999\n                ],\n                [\n                    "2012-08-02",\n                    0.8520999999999999\n                ],\n                [\n                    "2012-08-03",\n                    0.8507\n                ],\n                [\n                    "2012-08-06",\n                    0.8507999999999999\n                ],\n                [\n                    "2012-08-07",\n                    0.8501999999999998\n                ],\n                [\n                    "2012-08-08",\n                    0.8493\n                ],\n                [\n                    "2012-08-09",\n                    0.8511\n                ],\n                [\n                    "2012-08-10",\n                    0.8529\n                ],\n                [\n                    "2012-08-13",\n                    0.8542\n                ],\n                [\n                    "2012-08-14",\n                    0.8558\n                ],\n                [\n                    "2012-08-15",\n                    0.8562999999999998\n                ],\n                [\n                    "2012-08-16",\n                    0.8567\n                ],\n                [\n                    "2012-08-17",\n                    0.8555999999999999\n                ],\n                [\n                    "2012-08-20",\n                    0.8539\n                ],\n                [\n                    "2012-08-21",\n                    0.8533999999999999\n                ],\n                [\n                    "2012-08-22",\n                    0.8526\n                ],\n                [\n                    "2012-08-23",\n                    0.8501\n                ],\n                [\n                    "2012-08-24",\n                    0.8474\n                ],\n                [\n                    "2012-08-27",\n                    0.8448\n                ],\n                [\n                    "2012-08-28",\n                    0.8417999999999999\n                ],\n                [\n                    "2012-08-29",\n                    0.8385999999999999\n                ],\n                [\n                    "2012-08-30",\n                    0.835\n                ],\n                [\n                    "2012-08-31",\n                    0.8319000000000001\n                ],\n                [\n                    "2012-09-03",\n                    0.8299999999999998\n                ],\n                [\n                    "2012-09-04",\n                    0.8261\n                ],\n                [\n                    "2012-09-05",\n                    0.8230000000000001\n                ],\n                [\n                    "2012-09-06",\n                    0.8198000000000001\n                ],\n                [\n                    "2012-09-07",\n                    0.8192\n                ],\n                [\n                    "2012-09-10",\n                    0.8199\n                ],\n                [\n                    "2012-09-11",\n                    0.8208\n                ],\n                [\n                    "2012-09-12",\n                    0.8226000000000001\n                ],\n                [\n                    "2012-09-13",\n                    0.8253\n                ],\n                [\n                    "2012-09-14",\n                    0.8285\n                ],\n                [\n                    "2012-09-17",\n                    0.8286999999999999\n                ],\n                [\n                    "2012-09-18",\n                    0.8295\n                ],\n                [\n                    "2012-09-19",\n                    0.8304\n                ],\n                [\n                    "2012-09-20",\n                    0.8301999999999999\n                ],\n                [\n                    "2012-09-21",\n                    0.8280999999999998\n                ],\n                [\n                    "2012-09-24",\n                    0.8256\n                ],\n                [\n                    "2012-09-25",\n                    0.8236000000000001\n                ],\n                [\n                    "2012-09-26",\n                    0.8208\n                ],\n                [\n                    "2012-09-27",\n                    0.8196999999999999\n                ],\n                [\n                    "2012-09-28",\n                    0.8196999999999999\n                ],\n                [\n                    "2012-09-30",\n                    0.8211\n                ],\n                [\n                    "2012-10-08",\n                    0.8219\n                ],\n                [\n                    "2012-10-09",\n                    0.8240999999999999\n                ],\n                [\n                    "2012-10-10",\n                    0.8277999999999999\n                ],\n                [\n                    "2012-10-11",\n                    0.8304\n                ],\n                [\n                    "2012-10-12",\n                    0.8328\n                ],\n                [\n                    "2012-10-15",\n                    0.8352999999999999\n                ],\n                [\n                    "2012-10-16",\n                    0.8391\n                ],\n                [\n                    "2012-10-17",\n                    0.8413\n                ],\n                [\n                    "2012-10-18",\n                    0.843\n                ],\n                [\n                    "2012-10-19",\n                    0.8445\n                ],\n                [\n                    "2012-10-22",\n                    0.8468\n                ],\n                [\n                    "2012-10-23",\n                    0.8461000000000001\n                ],\n                [\n                    "2012-10-24",\n                    0.845\n                ],\n                [\n                    "2012-10-25",\n                    0.8442000000000001\n                ],\n                [\n                    "2012-10-26",\n                    0.8423\n                ],\n                [\n                    "2012-10-29",\n                    0.8401\n                ],\n                [\n                    "2012-10-30",\n                    0.8375999999999999\n                ],\n                [\n                    "2012-10-31",\n                    0.836\n                ],\n                [\n                    "2012-11-01",\n                    0.8343999999999999\n                ],\n                [\n                    "2012-11-02",\n                    0.8331\n                ],\n                [\n                    "2012-11-05",\n                    0.8310000000000001\n                ],\n                [\n                    "2012-11-06",\n                    0.8295999999999999\n                ],\n                [\n                    "2012-11-07",\n                    0.8282999999999999\n                ],\n                [\n                    "2012-11-08",\n                    0.8267999999999999\n                ],\n                [\n                    "2012-11-09",\n                    0.826\n                ],\n                [\n                    "2012-11-12",\n                    0.8241999999999999\n                ],\n                [\n                    "2012-11-13",\n                    0.8211999999999999\n                ],\n                [\n                    "2012-11-14",\n                    0.8181\n                ],\n                [\n                    "2012-11-15",\n                    0.8134\n                ],\n                [\n                    "2012-11-16",\n                    0.8075000000000001\n                ],\n                [\n                    "2012-11-19",\n                    0.8011000000000001\n                ],\n                [\n                    "2012-11-20",\n                    0.7955\n                ],\n                [\n                    "2012-11-21",\n                    0.7901\n                ],\n                [\n                    "2012-11-22",\n                    0.7844000000000001\n                ],\n                [\n                    "2012-11-23",\n                    0.78\n                ],\n                [\n                    "2012-11-26",\n                    0.7756000000000001\n                ],\n                [\n                    "2012-11-27",\n                    0.7714\n                ],\n                [\n                    "2012-11-28",\n                    0.7659\n                ],\n                [\n                    "2012-11-29",\n                    0.7613000000000001\n                ],\n                [\n                    "2012-11-30",\n                    0.7583\n                ],\n                [\n                    "2012-12-03",\n                    0.7544000000000001\n                ],\n                [\n                    "2012-12-04",\n                    0.7508\n                ],\n                [\n                    "2012-12-05",\n                    0.7481\n                ],\n                [\n                    "2012-12-06",\n                    0.7459\n                ],\n                [\n                    "2012-12-07",\n                    0.7434999999999999\n                ],\n                [\n                    "2012-12-10",\n                    0.7424999999999999\n                ],\n                [\n                    "2012-12-11",\n                    0.7424000000000001\n                ],\n                [\n                    "2012-12-12",\n                    0.7434999999999999\n                ],\n                [\n                    "2012-12-13",\n                    0.7436\n                ],\n                [\n                    "2012-12-14",\n                    0.7449\n                ],\n                [\n                    "2012-12-17",\n                    0.7489\n                ],\n                [\n                    "2012-12-18",\n                    0.753\n                ],\n                [\n                    "2012-12-19",\n                    0.7567\n                ],\n                [\n                    "2012-12-20",\n                    0.7612\n                ],\n                [\n                    "2012-12-21",\n                    0.7651\n                ],\n                [\n                    "2012-12-24",\n                    0.7683\n                ],\n                [\n                    "2012-12-25",\n                    0.7726\n                ],\n                [\n                    "2012-12-26",\n                    0.7767000000000001\n                ],\n                [\n                    "2012-12-27",\n                    0.7817000000000001\n                ],\n                [\n                    "2012-12-28",\n                    0.786\n                ],\n                [\n                    "2012-12-31",\n                    0.7907\n                ],\n                [\n                    "2013-01-04",\n                    0.7946\n                ],\n                [\n                    "2013-01-07",\n                    0.7981\n                ],\n                [\n                    "2013-01-08",\n                    0.8023\n                ],\n                [\n                    "2013-01-09",\n                    0.8072000000000001\n                ],\n                [\n                    "2013-01-10",\n                    0.8123000000000001\n                ],\n                [\n                    "2013-01-11",\n                    0.8151999999999999\n                ],\n                [\n                    "2013-01-14",\n                    0.8199\n                ],\n                [\n                    "2013-01-15",\n                    0.8247\n                ],\n                [\n                    "2013-01-16",\n                    0.8282\n                ],\n                [\n                    "2013-01-17",\n                    0.8308\n                ],\n                [\n                    "2013-01-18",\n                    0.8356999999999999\n                ],\n                [\n                    "2013-01-21",\n                    0.8394999999999999\n                ],\n                [\n                    "2013-01-22",\n                    0.8412000000000001\n                ],\n                [\n                    "2013-01-23",\n                    0.8423\n                ],\n                [\n                    "2013-01-24",\n                    0.8423\n                ],\n                [\n                    "2013-01-25",\n                    0.843\n                ],\n                [\n                    "2013-01-28",\n                    0.8426\n                ],\n                [\n                    "2013-01-29",\n                    0.8418999999999999\n                ],\n                [\n                    "2013-01-30",\n                    0.8418999999999999\n                ],\n                [\n                    "2013-01-31",\n                    0.8413999999999999\n                ],\n                [\n                    "2013-02-01",\n                    0.8398999999999999\n                ],\n                [\n                    "2013-02-04",\n                    0.8385999999999999\n                ],\n                [\n                    "2013-02-05",\n                    0.8402\n                ],\n                [\n                    "2013-02-06",\n                    0.8413\n                ],\n                [\n                    "2013-02-07",\n                    0.8446999999999999\n                ],\n                [\n                    "2013-02-08",\n                    0.85\n                ],\n                [\n                    "2013-02-18",\n                    0.8532\n                ],\n                [\n                    "2013-02-19",\n                    0.8548\n                ],\n                [\n                    "2013-02-20",\n                    0.8577\n                ],\n                [\n                    "2013-02-21",\n                    0.8602000000000001\n                ],\n                [\n                    "2013-02-22",\n                    0.8621000000000001\n                ],\n                [\n                    "2013-02-25",\n                    0.8648\n                ],\n                [\n                    "2013-02-26",\n                    0.8645999999999999\n                ],\n                [\n                    "2013-02-27",\n                    0.8644999999999999\n                ],\n                [\n                    "2013-02-28",\n                    0.8646\n                ],\n                [\n                    "2013-03-01",\n                    0.8635999999999999\n                ],\n                [\n                    "2013-03-04",\n                    0.8624\n                ],\n                [\n                    "2013-03-05",\n                    0.8639999999999999\n                ],\n                [\n                    "2013-03-06",\n                    0.8647\n                ],\n                [\n                    "2013-03-07",\n                    0.8657999999999999\n                ],\n                [\n                    "2013-03-08",\n                    0.8661\n                ],\n                [\n                    "2013-03-11",\n                    0.8659000000000001\n                ],\n                [\n                    "2013-03-12",\n                    0.8658999999999999\n                ],\n                [\n                    "2013-03-13",\n                    0.8653000000000001\n                ],\n                [\n                    "2013-03-14",\n                    0.8638999999999999\n                ],\n                [\n                    "2013-03-15",\n                    0.8622\n                ],\n                [\n                    "2013-03-18",\n                    0.8611000000000001\n                ],\n                [\n                    "2013-03-19",\n                    0.8587999999999999\n                ],\n                [\n                    "2013-03-20",\n                    0.8577\n                ],\n                [\n                    "2013-03-21",\n                    0.8577999999999999\n                ],\n                [\n                    "2013-03-22",\n                    0.8585\n                ],\n                [\n                    "2013-03-25",\n                    0.8587\n                ],\n                [\n                    "2013-03-26",\n                    0.8599\n                ],\n                [\n                    "2013-03-27",\n                    0.8618\n                ],\n                [\n                    "2013-03-28",\n                    0.8621000000000001\n                ],\n                [\n                    "2013-03-29",\n                    0.8613\n                ],\n                [\n                    "2013-04-01",\n                    0.861\n                ],\n                [\n                    "2013-04-02",\n                    0.8599\n                ],\n                [\n                    "2013-04-03",\n                    0.8562\n                ],\n                [\n                    "2013-04-08",\n                    0.853\n                ],\n                [\n                    "2013-04-09",\n                    0.8499000000000001\n                ],\n                [\n                    "2013-04-10",\n                    0.8474\n                ],\n                [\n                    "2013-04-11",\n                    0.8446\n                ],\n                [\n                    "2013-04-12",\n                    0.8421999999999998\n                ],\n                [\n                    "2013-04-15",\n                    0.8402\n                ],\n                [\n                    "2013-04-16",\n                    0.8392999999999999\n                ],\n                [\n                    "2013-04-17",\n                    0.8398999999999999\n                ],\n                [\n                    "2013-04-18",\n                    0.8414999999999999\n                ],\n                [\n                    "2013-04-19",\n                    0.845\n                ],\n                [\n                    "2013-04-22",\n                    0.8472\n                ],\n                [\n                    "2013-04-23",\n                    0.8477\n                ],\n                [\n                    "2013-04-24",\n                    0.8494999999999999\n                ],\n                [\n                    "2013-04-25",\n                    0.8509\n                ],\n                [\n                    "2013-04-26",\n                    0.8513\n                ],\n                [\n                    "2013-05-02",\n                    0.8526999999999999\n                ],\n                [\n                    "2013-05-03",\n                    0.8552\n                ],\n                [\n                    "2013-05-06",\n                    0.8573000000000001\n                ],\n                [\n                    "2013-05-07",\n                    0.8596\n                ],\n                [\n                    "2013-05-08",\n                    0.8614\n                ],\n                [\n                    "2013-05-09",\n                    0.8631\n                ],\n                [\n                    "2013-05-10",\n                    0.8664999999999999\n                ],\n                [\n                    "2013-05-13",\n                    0.8680999999999999\n                ],\n                [\n                    "2013-05-14",\n                    0.868\n                ],\n                [\n                    "2013-05-15",\n                    0.8695999999999999\n                ],\n                [\n                    "2013-05-16",\n                    0.8724000000000001\n                ],\n                [\n                    "2013-05-17",\n                    0.8747\n                ],\n                [\n                    "2013-05-20",\n                    0.8766\n                ],\n                [\n                    "2013-05-21",\n                    0.8780999999999999\n                ],\n                [\n                    "2013-05-22",\n                    0.8787\n                ],\n                [\n                    "2013-05-23",\n                    0.8788\n                ],\n                [\n                    "2013-05-24",\n                    0.8789\n                ],\n                [\n                    "2013-05-27",\n                    0.8803000000000001\n                ],\n                [\n                    "2013-05-28",\n                    0.8845000000000001\n                ],\n                [\n                    "2013-05-29",\n                    0.8878999999999999\n                ],\n                [\n                    "2013-05-30",\n                    0.8891\n                ],\n                [\n                    "2013-05-31",\n                    0.8887\n                ],\n                [\n                    "2013-06-03",\n                    0.8875\n                ],\n                [\n                    "2013-06-04",\n                    0.8851000000000001\n                ],\n                [\n                    "2013-06-05",\n                    0.8833\n                ],\n                [\n                    "2013-06-06",\n                    0.8821\n                ],\n                [\n                    "2013-06-07",\n                    0.8798999999999999\n                ],\n                [\n                    "2013-06-13",\n                    0.8756\n                ],\n                [\n                    "2013-06-14",\n                    0.8716000000000002\n                ],\n                [\n                    "2013-06-17",\n                    0.867\n                ],\n                [\n                    "2013-06-18",\n                    0.8644999999999999\n                ],\n                [\n                    "2013-06-19",\n                    0.8629\n                ],\n                [\n                    "2013-06-20",\n                    0.8596999999999999\n                ],\n                [\n                    "2013-06-21",\n                    0.8577999999999999\n                ],\n                [\n                    "2013-06-24",\n                    0.8523\n                ],\n                [\n                    "2013-06-25",\n                    0.8481\n                ],\n                [\n                    "2013-06-26",\n                    0.8459\n                ],\n                [\n                    "2013-06-27",\n                    0.8446999999999999\n                ],\n                [\n                    "2013-06-28",\n                    0.8432000000000001\n                ],\n                [\n                    "2013-06-30",\n                    0.8421\n                ],\n                [\n                    "2013-07-01",\n                    0.8412\n                ],\n                [\n                    "2013-07-02",\n                    0.8413\n                ],\n                [\n                    "2013-07-03",\n                    0.8442000000000001\n                ],\n                [\n                    "2013-07-04",\n                    0.8472\n                ],\n                [\n                    "2013-07-05",\n                    0.8528\n                ],\n                [\n                    "2013-07-08",\n                    0.8563000000000001\n                ],\n                [\n                    "2013-07-09",\n                    0.8587999999999999\n                ],\n                [\n                    "2013-07-10",\n                    0.8626999999999999\n                ],\n                [\n                    "2013-07-11",\n                    0.8673\n                ],\n                [\n                    "2013-07-12",\n                    0.8717\n                ],\n                [\n                    "2013-07-15",\n                    0.8758000000000001\n                ],\n                [\n                    "2013-07-16",\n                    0.8790000000000001\n                ],\n                [\n                    "2013-07-17",\n                    0.8797\n                ],\n                [\n                    "2013-07-18",\n                    0.8793\n                ],\n                [\n                    "2013-07-19",\n                    0.8775000000000001\n                ],\n                [\n                    "2013-07-22",\n                    0.8779\n                ],\n                [\n                    "2013-07-23",\n                    0.8802\n                ],\n                [\n                    "2013-07-24",\n                    0.8817999999999999\n                ],\n                [\n                    "2013-07-25",\n                    0.8814\n                ],\n                [\n                    "2013-07-26",\n                    0.8808\n                ],\n                [\n                    "2013-07-29",\n                    0.8773\n                ],\n                [\n                    "2013-07-30",\n                    0.8733000000000001\n                ],\n                [\n                    "2013-07-31",\n                    0.8712\n                ],\n                [\n                    "2013-08-01",\n                    0.8715999999999999\n                ],\n                [\n                    "2013-08-02",\n                    0.8743000000000001\n                ],\n                [\n                    "2013-08-05",\n                    0.8773\n                ],\n                [\n                    "2013-08-06",\n                    0.8794000000000001\n                ],\n                [\n                    "2013-08-07",\n                    0.8814\n                ],\n                [\n                    "2013-08-08",\n                    0.8841000000000001\n                ],\n                [\n                    "2013-08-09",\n                    0.8876999999999999\n                ],\n                [\n                    "2013-08-12",\n                    0.8934000000000001\n                ],\n                [\n                    "2013-08-13",\n                    0.8986000000000001\n                ],\n                [\n                    "2013-08-14",\n                    0.9032\n                ],\n                [\n                    "2013-08-15",\n                    0.9052000000000001\n                ],\n                [\n                    "2013-08-16",\n                    0.9052000000000001\n                ],\n                [\n                    "2013-08-19",\n                    0.9056000000000001\n                ],\n                [\n                    "2013-08-20",\n                    0.9049999999999999\n                ],\n                [\n                    "2013-08-21",\n                    0.9037000000000001\n                ],\n                [\n                    "2013-08-22",\n                    0.9024999999999999\n                ],\n                [\n                    "2013-08-23",\n                    0.9004000000000001\n                ],\n                [\n                    "2013-08-26",\n                    0.8991\n                ],\n                [\n                    "2013-08-27",\n                    0.8984\n                ],\n                [\n                    "2013-08-28",\n                    0.8971\n                ],\n                [\n                    "2013-08-29",\n                    0.8963999999999999\n                ],\n                [\n                    "2013-08-30",\n                    0.8968\n                ],\n                [\n                    "2013-09-02",\n                    0.8956\n                ],\n                [\n                    "2013-09-03",\n                    0.8956000000000002\n                ],\n                [\n                    "2013-09-04",\n                    0.8962\n                ],\n                [\n                    "2013-09-05",\n                    0.8976999999999998\n                ],\n                [\n                    "2013-09-06",\n                    0.8995\n                ],\n                [\n                    "2013-09-09",\n                    0.9005000000000001\n                ],\n                [\n                    "2013-09-10",\n                    0.9019\n                ],\n                [\n                    "2013-09-11",\n                    0.9038\n                ],\n                [\n                    "2013-09-12",\n                    0.9061000000000001\n                ],\n                [\n                    "2013-09-13",\n                    0.9103\n                ],\n                [\n                    "2013-09-16",\n                    0.9147000000000001\n                ],\n                [\n                    "2013-09-17",\n                    0.9170999999999999\n                ],\n                [\n                    "2013-09-18",\n                    0.9196000000000002\n                ],\n                [\n                    "2013-09-23",\n                    0.9234000000000002\n                ],\n                [\n                    "2013-09-24",\n                    0.9286000000000001\n                ],\n                [\n                    "2013-09-25",\n                    0.9332\n                ],\n                [\n                    "2013-09-26",\n                    0.9366000000000001\n                ],\n                [\n                    "2013-09-27",\n                    0.9412\n                ],\n                [\n                    "2013-09-30",\n                    0.9465999999999999\n                ],\n                [\n                    "2013-10-08",\n                    0.9515\n                ],\n                [\n                    "2013-10-09",\n                    0.9570000000000001\n                ],\n                [\n                    "2013-10-10",\n                    0.9634\n                ],\n                [\n                    "2013-10-11",\n                    0.9707999999999999\n                ],\n                [\n                    "2013-10-14",\n                    0.9762999999999998\n                ],\n                [\n                    "2013-10-15",\n                    0.9808999999999999\n                ],\n                [\n                    "2013-10-16",\n                    0.9838999999999999\n                ],\n                [\n                    "2013-10-17",\n                    0.9867999999999999\n                ],\n                [\n                    "2013-10-18",\n                    0.9901\n                ],\n                [\n                    "2013-10-21",\n                    0.9961\n                ],\n                [\n                    "2013-10-22",\n                    1.0002\n                ],\n                [\n                    "2013-10-23",\n                    1.0002\n                ],\n                [\n                    "2013-10-24",\n                    0.9999\n                ],\n                [\n                    "2013-10-25",\n                    0.9967\n                ],\n                [\n                    "2013-10-28",\n                    0.9928000000000001\n                ],\n                [\n                    "2013-10-29",\n                    0.9879\n                ],\n                [\n                    "2013-10-30",\n                    0.9865999999999999\n                ],\n                [\n                    "2013-10-31",\n                    0.9833999999999999\n                ],\n                [\n                    "2013-11-01",\n                    0.9788\n                ],\n                [\n                    "2013-11-04",\n                    0.9707999999999999\n                ],\n                [\n                    "2013-11-05",\n                    0.9643\n                ],\n                [\n                    "2013-11-06",\n                    0.9592999999999998\n                ],\n                [\n                    "2013-11-07",\n                    0.953\n                ],\n                [\n                    "2013-11-08",\n                    0.9474\n                ],\n                [\n                    "2013-11-11",\n                    0.9427999999999999\n                ],\n                [\n                    "2013-11-12",\n                    0.9396000000000001\n                ],\n                [\n                    "2013-11-13",\n                    0.933\n                ],\n                [\n                    "2013-11-14",\n                    0.9309000000000001\n                ],\n                [\n                    "2013-11-15",\n                    0.9305\n                ],\n                [\n                    "2013-11-18",\n                    0.9309\n                ],\n                [\n                    "2013-11-19",\n                    0.9298\n                ],\n                [\n                    "2013-11-20",\n                    0.9306000000000001\n                ],\n                [\n                    "2013-11-21",\n                    0.932\n                ],\n                [\n                    "2013-11-22",\n                    0.9344999999999999\n                ],\n                [\n                    "2013-11-25",\n                    0.9360000000000002\n                ],\n                [\n                    "2013-11-26",\n                    0.9363999999999999\n                ],\n                [\n                    "2013-11-27",\n                    0.9387000000000001\n                ],\n                [\n                    "2013-11-28",\n                    0.9408999999999998\n                ],\n                [\n                    "2013-11-29",\n                    0.9418\n                ],\n                [\n                    "2013-12-02",\n                    0.9388\n                ],\n                [\n                    "2013-12-03",\n                    0.9381999999999999\n                ],\n                [\n                    "2013-12-04",\n                    0.9385\n                ],\n                [\n                    "2013-12-05",\n                    0.9391999999999999\n                ],\n                [\n                    "2013-12-06",\n                    0.9399000000000001\n                ],\n                [\n                    "2013-12-09",\n                    0.9418999999999998\n                ],\n                [\n                    "2013-12-10",\n                    0.9444000000000001\n                ],\n                [\n                    "2013-12-11",\n                    0.9461\n                ],\n                [\n                    "2013-12-12",\n                    0.9468\n                ],\n                [\n                    "2013-12-13",\n                    0.9478\n                ],\n                [\n                    "2013-12-16",\n                    0.9503\n                ],\n                [\n                    "2013-12-17",\n                    0.9504999999999999\n                ],\n                [\n                    "2013-12-18",\n                    0.9494999999999999\n                ],\n                [\n                    "2013-12-19",\n                    0.9481999999999999\n                ],\n                [\n                    "2013-12-20",\n                    0.9463999999999999\n                ],\n                [\n                    "2013-12-23",\n                    0.9441\n                ],\n                [\n                    "2013-12-24",\n                    0.9421999999999999\n                ],\n                [\n                    "2013-12-25",\n                    0.9417\n                ],\n                [\n                    "2013-12-26",\n                    0.9399000000000001\n                ],\n                [\n                    "2013-12-27",\n                    0.9387000000000001\n                ],\n                [\n                    "2013-12-30",\n                    0.9394\n                ],\n                [\n                    "2013-12-31",\n                    0.9414\n                ],\n                [\n                    "2014-01-02",\n                    0.9428000000000001\n                ],\n                [\n                    "2014-01-03",\n                    0.9448000000000001\n                ],\n                [\n                    "2014-01-06",\n                    0.9453000000000001\n                ],\n                [\n                    "2014-01-07",\n                    0.9452999999999999\n                ],\n                [\n                    "2014-01-08",\n                    0.9461999999999999\n                ],\n                [\n                    "2014-01-09",\n                    0.9446999999999999\n                ],\n                [\n                    "2014-01-10",\n                    0.9434999999999999\n                ],\n                [\n                    "2014-01-13",\n                    0.9408\n                ],\n                [\n                    "2014-01-14",\n                    0.9392999999999999\n                ],\n                [\n                    "2014-01-15",\n                    0.9378\n                ],\n                [\n                    "2014-01-16",\n                    0.9363999999999999\n                ],\n                [\n                    "2014-01-17",\n                    0.9331999999999999\n                ],\n                [\n                    "2014-01-20",\n                    0.9309999999999998\n                ],\n                [\n                    "2014-01-21",\n                    0.9296\n                ],\n                [\n                    "2014-01-22",\n                    0.9288000000000001\n                ],\n                [\n                    "2014-01-23",\n                    0.9303000000000001\n                ],\n                [\n                    "2014-01-24",\n                    0.9324\n                ],\n                [\n                    "2014-01-27",\n                    0.9329000000000001\n                ],\n                [\n                    "2014-01-28",\n                    0.9315\n                ],\n                [\n                    "2014-01-29",\n                    0.9296000000000001\n                ],\n                [\n                    "2014-01-30",\n                    0.9271\n                ],\n                [\n                    "2014-02-07",\n                    0.9276000000000002\n                ],\n                [\n                    "2014-02-10",\n                    0.9314\n                ],\n                [\n                    "2014-02-11",\n                    0.9341000000000002\n                ],\n                [\n                    "2014-02-12",\n                    0.9346\n                ],\n                [\n                    "2014-02-13",\n                    0.9335000000000001\n                ],\n                [\n                    "2014-02-14",\n                    0.9329000000000001\n                ],\n                [\n                    "2014-02-17",\n                    0.9349000000000001\n                ],\n                [\n                    "2014-02-18",\n                    0.9360000000000002\n                ],\n                [\n                    "2014-02-19",\n                    0.9372\n                ],\n                [\n                    "2014-02-20",\n                    0.9388\n                ],\n                [\n                    "2014-02-21",\n                    0.9385\n                ],\n                [\n                    "2014-02-24",\n                    0.9342\n                ],\n                [\n                    "2014-02-25",\n                    0.9273\n                ],\n                [\n                    "2014-02-26",\n                    0.9202\n                ],\n                [\n                    "2014-02-27",\n                    0.9120000000000001\n                ],\n                [\n                    "2014-02-28",\n                    0.9051\n                ],\n                [\n                    "2014-03-03",\n                    0.8996000000000001\n                ],\n                [\n                    "2014-03-04",\n                    0.8945000000000001\n                ],\n                [\n                    "2014-03-05",\n                    0.8885\n                ],\n                [\n                    "2014-03-06",\n                    0.8827\n                ],\n                [\n                    "2014-03-07",\n                    0.8785000000000001\n                ],\n                [\n                    "2014-03-10",\n                    0.874\n                ],\n                [\n                    "2014-03-11",\n                    0.873\n                ],\n                [\n                    "2014-03-12",\n                    0.8724000000000001\n                ],\n                [\n                    "2014-03-13",\n                    0.8746\n                ],\n                [\n                    "2014-03-14",\n                    0.8741999999999999\n                ],\n                [\n                    "2014-03-17",\n                    0.8728\n                ],\n                [\n                    "2014-03-18",\n                    0.8724999999999999\n                ],\n                [\n                    "2014-03-19",\n                    0.8714000000000001\n                ],\n                [\n                    "2014-03-20",\n                    0.8681000000000001\n                ],\n                [\n                    "2014-03-21",\n                    0.8654\n                ],\n                [\n                    "2014-03-24",\n                    0.8644000000000001\n                ],\n                [\n                    "2014-03-25",\n                    0.8633\n                ],\n                [\n                    "2014-03-26",\n                    0.8625\n                ],\n                [\n                    "2014-03-27",\n                    0.8594999999999999\n                ],\n                [\n                    "2014-03-28",\n                    0.8568999999999999\n                ],\n                [\n                    "2014-03-31",\n                    0.8537000000000001\n                ],\n                [\n                    "2014-04-01",\n                    0.8513\n                ],\n                [\n                    "2014-04-02",\n                    0.8503999999999999\n                ],\n                [\n                    "2014-04-03",\n                    0.8516999999999999\n                ],\n                [\n                    "2014-04-04",\n                    0.8526\n                ],\n                [\n                    "2014-04-08",\n                    0.8554999999999999\n                ],\n                [\n                    "2014-04-09",\n                    0.8582000000000001\n                ],\n                [\n                    "2014-04-10",\n                    0.8613\n                ],\n                [\n                    "2014-04-11",\n                    0.8664\n                ],\n                [\n                    "2014-04-14",\n                    0.8722999999999999\n                ],\n                [\n                    "2014-04-15",\n                    0.8766\n                ],\n                [\n                    "2014-04-16",\n                    0.8795999999999999\n                ],\n                [\n                    "2014-04-17",\n                    0.8829\n                ],\n                [\n                    "2014-04-18",\n                    0.8865000000000001\n                ],\n                [\n                    "2014-04-21",\n                    0.8881\n                ],\n                [\n                    "2014-04-22",\n                    0.8877\n                ],\n                [\n                    "2014-04-23",\n                    0.8873000000000001\n                ],\n                [\n                    "2014-04-24",\n                    0.8858\n                ],\n                [\n                    "2014-04-25",\n                    0.8817\n                ],\n                [\n                    "2014-04-28",\n                    0.8754\n                ],\n                [\n                    "2014-04-29",\n                    0.8720000000000001\n                ],\n                [\n                    "2014-04-30",\n                    0.8695\n                ],\n                [\n                    "2014-05-05",\n                    0.8676\n                ],\n                [\n                    "2014-05-06",\n                    0.866\n                ],\n                [\n                    "2014-05-07",\n                    0.8640000000000001\n                ],\n                [\n                    "2014-05-08",\n                    0.8621000000000001\n                ],\n                [\n                    "2014-05-09",\n                    0.8593999999999999\n                ],\n                [\n                    "2014-05-12",\n                    0.8581\n                ],\n                [\n                    "2014-05-13",\n                    0.8586\n                ],\n                [\n                    "2014-05-14",\n                    0.8602000000000001\n                ],\n                [\n                    "2014-05-15",\n                    0.8592000000000001\n                ],\n                [\n                    "2014-05-16",\n                    0.857\n                ],\n                [\n                    "2014-05-19",\n                    0.8530999999999999\n                ],\n                [\n                    "2014-05-20",\n                    0.849\n                ],\n                [\n                    "2014-05-21",\n                    0.8470000000000001\n                ],\n                [\n                    "2014-05-22",\n                    0.8452999999999999\n                ],\n                [\n                    "2014-05-23",\n                    0.8448\n                ],\n                [\n                    "2014-05-26",\n                    0.8440999999999999\n                ],\n                [\n                    "2014-05-27",\n                    0.8432000000000001\n                ],\n                [\n                    "2014-05-28",\n                    0.8436999999999999\n                ],\n                [\n                    "2014-05-29",\n                    0.8445\n                ],\n                [\n                    "2014-05-30",\n                    0.8461000000000001\n                ],\n                [\n                    "2014-06-03",\n                    0.8484\n                ],\n                [\n                    "2014-06-04",\n                    0.8501\n                ],\n                [\n                    "2014-06-05",\n                    0.8521000000000001\n                ],\n                [\n                    "2014-06-06",\n                    0.8535999999999999\n                ],\n                [\n                    "2014-06-09",\n                    0.8539999999999999\n                ],\n                [\n                    "2014-06-10",\n                    0.8545\n                ],\n                [\n                    "2014-06-11",\n                    0.8554999999999999\n                ],\n                [\n                    "2014-06-12",\n                    0.8558\n                ],\n                [\n                    "2014-06-13",\n                    0.8577\n                ],\n                [\n                    "2014-06-16",\n                    0.8596\n                ],\n                [\n                    "2014-06-17",\n                    0.8606\n                ],\n                [\n                    "2014-06-18",\n                    0.8618\n                ],\n                [\n                    "2014-06-19",\n                    0.8609\n                ],\n                [\n                    "2014-06-20",\n                    0.8606999999999999\n                ],\n                [\n                    "2014-06-23",\n                    0.8619999999999999\n                ],\n                [\n                    "2014-06-24",\n                    0.8632\n                ],\n                [\n                    "2014-06-25",\n                    0.8637\n                ],\n                [\n                    "2014-06-26",\n                    0.8652000000000001\n                ],\n                [\n                    "2014-06-27",\n                    0.8661\n                ],\n                [\n                    "2014-06-30",\n                    0.8667999999999999\n                ],\n                [\n                    "2014-07-01",\n                    0.8682000000000001\n                ],\n                [\n                    "2014-07-02",\n                    0.8698\n                ],\n                [\n                    "2014-07-03",\n                    0.8727\n                ],\n                [\n                    "2014-07-04",\n                    0.8754\n                ],\n                [\n                    "2014-07-07",\n                    0.8764\n                ],\n                [\n                    "2014-07-08",\n                    0.8772\n                ],\n                [\n                    "2014-07-09",\n                    0.8775000000000001\n                ],\n                [\n                    "2014-07-10",\n                    0.8757999999999999\n                ],\n                [\n                    "2014-07-11",\n                    0.8745\n                ],\n                [\n                    "2014-07-14",\n                    0.8751000000000001\n                ],\n                [\n                    "2014-07-15",\n                    0.8766999999999999\n                ],\n                [\n                    "2014-07-16",\n                    0.8778\n                ],\n                [\n                    "2014-07-17",\n                    0.8781000000000001\n                ],\n                [\n                    "2014-07-18",\n                    0.8795\n                ],\n                [\n                    "2014-07-21",\n                    0.8819000000000001\n                ],\n                [\n                    "2014-07-22",\n                    0.8849\n                ],\n                [\n                    "2014-07-23",\n                    0.8882\n                ],\n                [\n                    "2014-07-24",\n                    0.8933000000000002\n                ],\n                [\n                    "2014-07-25",\n                    0.8984\n                ],\n                [\n                    "2014-07-28",\n                    0.9029\n                ],\n                [\n                    "2014-07-29",\n                    0.9071\n                ],\n                [\n                    "2014-07-30",\n                    0.9122999999999999\n                ],\n                [\n                    "2014-07-31",\n                    0.9192\n                ],\n                [\n                    "2014-08-01",\n                    0.9246000000000001\n                ],\n                [\n                    "2014-08-04",\n                    0.9311\n                ],\n                [\n                    "2014-08-05",\n                    0.9366000000000001\n                ],\n                [\n                    "2014-08-06",\n                    0.9423999999999999\n                ],\n                [\n                    "2014-08-07",\n                    0.9456\n                ],\n                [\n                    "2014-08-08",\n                    0.9484999999999999\n                ],\n                [\n                    "2014-08-11",\n                    0.9513\n                ],\n                [\n                    "2014-08-12",\n                    0.9537000000000001\n                ],\n                [\n                    "2014-08-13",\n                    0.9559\n                ],\n                [\n                    "2014-08-14",\n                    0.9564999999999999\n                ],\n                [\n                    "2014-08-15",\n                    0.9581999999999999\n                ],\n                [\n                    "2014-08-18",\n                    0.9587999999999999\n                ],\n                [\n                    "2014-08-19",\n                    0.9593999999999999\n                ],\n                [\n                    "2014-08-20",\n                    0.9601000000000001\n                ],\n                [\n                    "2014-08-21",\n                    0.9623999999999999\n                ],\n                [\n                    "2014-08-22",\n                    0.9648999999999999\n                ],\n                [\n                    "2014-08-25",\n                    0.9647\n                ],\n                [\n                    "2014-08-26",\n                    0.9637999999999998\n                ],\n                [\n                    "2014-08-27",\n                    0.9630000000000001\n                ],\n                [\n                    "2014-08-28",\n                    0.9621999999999999\n                ],\n                [\n                    "2014-08-29",\n                    0.9619\n                ],\n                [\n                    "2014-09-01",\n                    0.9628\n                ],\n                [\n                    "2014-09-02",\n                    0.9642999999999999\n                ],\n                [\n                    "2014-09-03",\n                    0.9667999999999999\n                ],\n                [\n                    "2014-09-04",\n                    0.9695\n                ],\n                [\n                    "2014-09-05",\n                    0.9724\n                ],\n                [\n                    "2014-09-09",\n                    0.9764999999999999\n                ],\n                [\n                    "2014-09-10",\n                    0.9810000000000001\n                ],\n                [\n                    "2014-09-11",\n                    0.9843999999999999\n                ],\n                [\n                    "2014-09-12",\n                    0.9885000000000002\n                ],\n                [\n                    "2014-09-15",\n                    0.9912000000000001\n                ],\n                [\n                    "2014-09-16",\n                    0.9894999999999999\n                ],\n                [\n                    "2014-09-17",\n                    0.9877\n                ],\n                [\n                    "2014-09-18",\n                    0.9856999999999999\n                ],\n                [\n                    "2014-09-19",\n                    0.9843\n                ],\n                [\n                    "2014-09-22",\n                    0.9802\n                ],\n                [\n                    "2014-09-23",\n                    0.9768000000000001\n                ],\n                [\n                    "2014-09-24",\n                    0.9751\n                ],\n                [\n                    "2014-09-25",\n                    0.9741\n                ],\n                [\n                    "2014-09-26",\n                    0.9729999999999999\n                ],\n                [\n                    "2014-09-29",\n                    0.9726999999999999\n                ],\n                [\n                    "2014-09-30",\n                    0.9751\n                ],\n                [\n                    "2014-10-08",\n                    0.9776\n                ],\n                [\n                    "2014-10-09",\n                    0.9800000000000001\n                ],\n                [\n                    "2014-10-10",\n                    0.9812999999999998\n                ],\n                [\n                    "2014-10-13",\n                    0.9833999999999999\n                ],\n                [\n                    "2014-10-14",\n                    0.9843999999999999\n                ],\n                [\n                    "2014-10-15",\n                    0.9842000000000001\n                ],\n                [\n                    "2014-10-16",\n                    0.9826\n                ],\n                [\n                    "2014-10-17",\n                    0.9816\n                ],\n                [\n                    "2014-10-20",\n                    0.9808\n                ],\n                [\n                    "2014-10-21",\n                    0.9794\n                ],\n                [\n                    "2014-10-22",\n                    0.976\n                ],\n                [\n                    "2014-10-23",\n                    0.9710999999999999\n                ],\n                [\n                    "2014-10-24",\n                    0.9667\n                ],\n                [\n                    "2014-10-27",\n                    0.9635\n                ],\n                [\n                    "2014-10-28",\n                    0.9616999999999999\n                ],\n                [\n                    "2014-10-29",\n                    0.9607999999999999\n                ],\n                [\n                    "2014-10-30",\n                    0.9611999999999998\n                ],\n                [\n                    "2014-10-31",\n                    0.9611999999999998\n                ],\n                [\n                    "2014-11-03",\n                    0.9601000000000001\n                ],\n                [\n                    "2014-11-04",\n                    0.9585999999999999\n                ],\n                [\n                    "2014-11-05",\n                    0.9578\n                ],\n                [\n                    "2014-11-06",\n                    0.9583999999999999\n                ],\n                [\n                    "2014-11-07",\n                    0.9583999999999999\n                ],\n                [\n                    "2014-11-10",\n                    0.9602\n                ],\n                [\n                    "2014-11-11",\n                    0.9593\n                ],\n                [\n                    "2014-11-12",\n                    0.9585000000000001\n                ],\n                [\n                    "2014-11-13",\n                    0.9578\n                ],\n                [\n                    "2014-11-14",\n                    0.9573\n                ],\n                [\n                    "2014-11-17",\n                    0.9572999999999998\n                ],\n                [\n                    "2014-11-18",\n                    0.9579000000000001\n                ],\n                [\n                    "2014-11-19",\n                    0.9584999999999999\n                ],\n                [\n                    "2014-11-20",\n                    0.9581\n                ],\n                [\n                    "2014-11-21",\n                    0.9591000000000001\n                ],\n                [\n                    "2014-11-24",\n                    0.9587999999999999\n                ],\n                [\n                    "2014-11-25",\n                    0.9616\n                ],\n                [\n                    "2014-11-26",\n                    0.9635\n                ],\n                [\n                    "2014-11-27",\n                    0.9659999999999999\n                ],\n                [\n                    "2014-11-28",\n                    0.9682000000000001\n                ],\n                [\n                    "2014-12-01",\n                    0.9709\n                ],\n                [\n                    "2014-12-02",\n                    0.976\n                ],\n                [\n                    "2014-12-03",\n                    0.983\n                ],\n                [\n                    "2014-12-04",\n                    0.9925\n                ],\n                [\n                    "2014-12-05",\n                    0.9994\n                ],\n                [\n                    "2014-12-08",\n                    1.0066\n                ],\n                [\n                    "2014-12-09",\n                    1.0095\n                ],\n                [\n                    "2014-12-10",\n                    1.0158\n                ],\n                [\n                    "2014-12-11",\n                    1.0213\n                ],\n                [\n                    "2014-12-12",\n                    1.0271\n                ],\n                [\n                    "2014-12-15",\n                    1.0337\n                ],\n                [\n                    "2014-12-16",\n                    1.0378\n                ],\n                [\n                    "2014-12-17",\n                    1.0390000000000001\n                ],\n                [\n                    "2014-12-18",\n                    1.0391\n                ],\n                [\n                    "2014-12-19",\n                    1.0401\n                ],\n                [\n                    "2014-12-22",\n                    1.0398\n                ],\n                [\n                    "2014-12-23",\n                    1.0424\n                ],\n                [\n                    "2014-12-24",\n                    1.0407\n                ],\n                [\n                    "2014-12-25",\n                    1.0404\n                ],\n                [\n                    "2014-12-26",\n                    1.0404\n                ],\n                [\n                    "2014-12-29",\n                    1.0386000000000002\n                ],\n                [\n                    "2014-12-30",\n                    1.0358999999999998\n                ],\n                [\n                    "2014-12-31",\n                    1.036\n                ],\n                [\n                    "2015-01-05",\n                    1.0407\n                ],\n                [\n                    "2015-01-06",\n                    1.0477999999999998\n                ],\n                [\n                    "2015-01-07",\n                    1.0543\n                ],\n                [\n                    "2015-01-08",\n                    1.0609\n                ],\n                [\n                    "2015-01-09",\n                    1.0669999999999997\n                ],\n                [\n                    "2015-01-12",\n                    1.0729\n                ],\n                [\n                    "2015-01-13",\n                    1.0794000000000001\n                ],\n                [\n                    "2015-01-14",\n                    1.084\n                ],\n                [\n                    "2015-01-15",\n                    1.091\n                ],\n                [\n                    "2015-01-16",\n                    1.0971\n                ],\n                [\n                    "2015-01-19",\n                    1.092\n                ],\n                [\n                    "2015-01-20",\n                    1.0885\n                ],\n                [\n                    "2015-01-21",\n                    1.0887\n                ],\n                [\n                    "2015-01-22",\n                    1.0894\n                ],\n                [\n                    "2015-01-23",\n                    1.0902999999999998\n                ],\n                [\n                    "2015-01-26",\n                    1.0917999999999999\n                ],\n                [\n                    "2015-01-27",\n                    1.0924999999999998\n                ],\n                [\n                    "2015-01-28",\n                    1.0943\n                ],\n                [\n                    "2015-01-29",\n                    1.0946000000000002\n                ],\n                [\n                    "2015-01-30",\n                    1.0945\n                ],\n                [\n                    "2015-02-02",\n                    1.0993\n                ],\n                [\n                    "2015-02-03",\n                    1.1027\n                ],\n                [\n                    "2015-02-04",\n                    1.103\n                ],\n                [\n                    "2015-02-05",\n                    1.1019999999999999\n                ],\n                [\n                    "2015-02-06",\n                    1.1016000000000001\n                ],\n                [\n                    "2015-02-09",\n                    1.1004999999999998\n                ],\n                [\n                    "2015-02-10",\n                    1.1004\n                ],\n                [\n                    "2015-02-11",\n                    1.1018000000000001\n                ],\n                [\n                    "2015-02-12",\n                    1.1038999999999999\n                ],\n                [\n                    "2015-02-13",\n                    1.1065999999999998\n                ],\n                [\n                    "2015-02-16",\n                    1.1115\n                ],\n                [\n                    "2015-02-17",\n                    1.1162\n                ],\n                [\n                    "2015-02-25",\n                    1.1206\n                ],\n                [\n                    "2015-02-26",\n                    1.1264\n                ],\n                [\n                    "2015-02-27",\n                    1.1328\n                ],\n                [\n                    "2015-03-02",\n                    1.1395\n                ],\n                [\n                    "2015-03-03",\n                    1.1426\n                ],\n                [\n                    "2015-03-04",\n                    1.1467\n                ],\n                [\n                    "2015-03-05",\n                    1.1494\n                ],\n                [\n                    "2015-03-06",\n                    1.1512\n                ],\n                [\n                    "2015-03-09",\n                    1.1538\n                ],\n                [\n                    "2015-03-10",\n                    1.1555\n                ],\n                [\n                    "2015-03-11",\n                    1.1585999999999999\n                ],\n                [\n                    "2015-03-12",\n                    1.1616\n                ],\n                [\n                    "2015-03-13",\n                    1.1654\n                ],\n                [\n                    "2015-03-16",\n                    1.171\n                ],\n                [\n                    "2015-03-17",\n                    1.1796\n                ],\n                [\n                    "2015-03-18",\n                    1.1881\n                ],\n                [\n                    "2015-03-19",\n                    1.1979000000000002\n                ],\n                [\n                    "2015-03-20",\n                    1.2082000000000002\n                ],\n                [\n                    "2015-03-23",\n                    1.2191\n                ],\n                [\n                    "2015-03-24",\n                    1.2306000000000001\n                ],\n                [\n                    "2015-03-25",\n                    1.2412\n                ],\n                [\n                    "2015-03-26",\n                    1.2510999999999999\n                ],\n                [\n                    "2015-03-27",\n                    1.2605\n                ],\n                [\n                    "2015-03-30",\n                    1.2689\n                ],\n                [\n                    "2015-03-31",\n                    1.2754999999999999\n                ],\n                [\n                    "2015-04-01",\n                    1.2831\n                ],\n                [\n                    "2015-04-02",\n                    1.2915999999999999\n                ],\n                [\n                    "2015-04-03",\n                    1.3001999999999998\n                ],\n                [\n                    "2015-04-07",\n                    1.3083\n                ],\n                [\n                    "2015-04-08",\n                    1.3152\n                ],\n                [\n                    "2015-04-09",\n                    1.3203\n                ],\n                [\n                    "2015-04-10",\n                    1.3284\n                ],\n                [\n                    "2015-04-13",\n                    1.3371\n                ],\n                [\n                    "2015-04-14",\n                    1.3437\n                ],\n                [\n                    "2015-04-15",\n                    1.3479\n                ],\n                [\n                    "2015-04-16",\n                    1.3553\n                ],\n                [\n                    "2015-04-17",\n                    1.3636000000000001\n                ],\n                [\n                    "2015-04-20",\n                    1.3693\n                ],\n                [\n                    "2015-04-21",\n                    1.3799\n                ],\n                [\n                    "2015-04-22",\n                    1.3922\n                ],\n                [\n                    "2015-04-23",\n                    1.4059000000000001\n                ],\n                [\n                    "2015-04-24",\n                    1.4166\n                ],\n                [\n                    "2015-04-27",\n                    1.4273000000000002\n                ],\n                [\n                    "2015-04-28",\n                    1.4360000000000002\n                ],\n                [\n                    "2015-04-29",\n                    1.4496\n                ],\n                [\n                    "2015-04-30",\n                    1.4571\n                ],\n                [\n                    "2015-05-04",\n                    1.4631\n                ],\n                [\n                    "2015-05-05",\n                    1.4651\n                ],\n                [\n                    "2015-05-06",\n                    1.4586999999999999\n                ],\n                [\n                    "2015-05-07",\n                    1.4501\n                ],\n                [\n                    "2015-05-08",\n                    1.4448\n                ],\n                [\n                    "2015-05-11",\n                    1.443\n                ],\n                [\n                    "2015-05-12",\n                    1.4405999999999999\n                ],\n                [\n                    "2015-05-13",\n                    1.4414\n                ],\n                [\n                    "2015-05-14",\n                    1.439\n                ],\n                [\n                    "2015-05-15",\n                    1.4352\n                ],\n                [\n                    "2015-05-18",\n                    1.4295\n                ],\n                [\n                    "2015-05-19",\n                    1.4337\n                ],\n                [\n                    "2015-05-20",\n                    1.4424000000000001\n                ],\n                [\n                    "2015-05-21",\n                    1.4564\n                ],\n                [\n                    "2015-05-22",\n                    1.4705000000000001\n                ],\n                [\n                    "2015-05-25",\n                    1.4861\n                ],\n                [\n                    "2015-05-26",\n                    1.5037999999999998\n                ],\n                [\n                    "2015-05-27",\n                    1.5186\n                ],\n                [\n                    "2015-05-28",\n                    1.5263\n                ],\n                [\n                    "2015-05-29",\n                    1.5354\n                ],\n                [\n                    "2015-06-01",\n                    1.5524\n                ],\n                [\n                    "2015-06-02",\n                    1.5687\n                ],\n                [\n                    "2015-06-03",\n                    1.5829\n                ],\n                [\n                    "2015-06-04",\n                    1.5905\n                ],\n                [\n                    "2015-06-05",\n                    1.5956000000000001\n                ],\n                [\n                    "2015-06-08",\n                    1.5979\n                ],\n                [\n                    "2015-06-09",\n                    1.5975\n                ],\n                [\n                    "2015-06-10",\n                    1.6014\n                ],\n                [\n                    "2015-06-11",\n                    1.6136\n                ],\n                [\n                    "2015-06-12",\n                    1.6300999999999999\n                ],\n                [\n                    "2015-06-15",\n                    1.6387\n                ],\n                [\n                    "2015-06-16",\n                    1.6384\n                ],\n                [\n                    "2015-06-17",\n                    1.6385999999999998\n                ],\n                [\n                    "2015-06-18",\n                    1.6350000000000002\n                ],\n                [\n                    "2015-06-19",\n                    1.6224\n                ],\n                [\n                    "2015-06-23",\n                    1.6151\n                ],\n                [\n                    "2015-06-24",\n                    1.6126999999999998\n                ],\n                [\n                    "2015-06-25",\n                    1.6024\n                ],\n                [\n                    "2015-06-26",\n                    1.5824\n                ],\n                [\n                    "2015-06-29",\n                    1.5564\n                ],\n                [\n                    "2015-06-30",\n                    1.5406\n                ],\n                [\n                    "2015-07-01",\n                    1.5242\n                ],\n                [\n                    "2015-07-02",\n                    1.4995999999999998\n                ],\n                [\n                    "2015-07-03",\n                    1.4734\n                ],\n                [\n                    "2015-07-06",\n                    1.4572\n                ],\n                [\n                    "2015-07-07",\n                    1.4277\n                ],\n                [\n                    "2015-07-08",\n                    1.385\n                ],\n                [\n                    "2015-07-09",\n                    1.3575000000000002\n                ],\n                [\n                    "2015-07-10",\n                    1.3497999999999999\n                ],\n                [\n                    "2015-07-13",\n                    1.3498\n                ],\n                [\n                    "2015-07-14",\n                    1.3378\n                ],\n                [\n                    "2015-07-15",\n                    1.3260999999999998\n                ],\n                [\n                    "2015-07-16",\n                    1.3227\n                ],\n                [\n                    "2015-07-17",\n                    1.3312000000000002\n                ],\n                [\n                    "2015-07-20",\n                    1.3377\n                ],\n                [\n                    "2015-07-21",\n                    1.3506\n                ],\n                [\n                    "2015-07-22",\n                    1.3714\n                ],\n                [\n                    "2015-07-23",\n                    1.385\n                ],\n                [\n                    "2015-07-24",\n                    1.387\n                ],\n                [\n                    "2015-07-27",\n                    1.3726\n                ],\n                [\n                    "2015-07-28",\n                    1.3623\n                ],\n                [\n                    "2015-07-29",\n                    1.3609\n                ],\n                [\n                    "2015-07-30",\n                    1.3551\n                ],\n                [\n                    "2015-07-31",\n                    1.3447\n                ],\n                [\n                    "2015-08-03",\n                    1.3358\n                ],\n                [\n                    "2015-08-04",\n                    1.3298999999999999\n                ],\n                [\n                    "2015-08-05",\n                    1.3224\n                ],\n                [\n                    "2015-08-06",\n                    1.3119\n                ],\n                [\n                    "2015-08-07",\n                    1.3050000000000002\n                ],\n                [\n                    "2015-08-10",\n                    1.3133000000000001\n                ],\n                [\n                    "2015-08-11",\n                    1.3214\n                ],\n                [\n                    "2015-08-12",\n                    1.3242\n                ],\n                [\n                    "2015-08-13",\n                    1.3309\n                ],\n                [\n                    "2015-08-14",\n                    1.3372\n                ],\n                [\n                    "2015-08-17",\n                    1.3432\n                ],\n                [\n                    "2015-08-18",\n                    1.3376000000000001\n                ],\n                [\n                    "2015-08-19",\n                    1.3363\n                ],\n                [\n                    "2015-08-20",\n                    1.3315\n                ],\n                [\n                    "2015-08-21",\n                    1.319\n                ],\n                [\n                    "2015-08-24",\n                    1.2928\n                ],\n                [\n                    "2015-08-25",\n                    1.2625\n                ],\n                [\n                    "2015-08-26",\n                    1.2378\n                ],\n                [\n                    "2015-08-27",\n                    1.2173\n                ],\n                [\n                    "2015-08-28",\n                    1.2002000000000002\n                ],\n                [\n                    "2015-08-31",\n                    1.1809999999999998\n                ],\n                [\n                    "2015-09-01",\n                    1.1675\n                ],\n                [\n                    "2015-09-02",\n                    1.1526999999999998\n                ],\n                [\n                    "2015-09-07",\n                    1.1389\n                ],\n                [\n                    "2015-09-08",\n                    1.1337000000000002\n                ],\n                [\n                    "2015-09-09",\n                    1.1402\n                ],\n                [\n                    "2015-09-10",\n                    1.1493\n                ],\n                [\n                    "2015-09-11",\n                    1.1554\n                ],\n                [\n                    "2015-09-14",\n                    1.1528\n                ],\n                [\n                    "2015-09-15",\n                    1.1436\n                ],\n                [\n                    "2015-09-16",\n                    1.1418\n                ],\n                [\n                    "2015-09-17",\n                    1.1396000000000002\n                ],\n                [\n                    "2015-09-18",\n                    1.1372\n                ],\n                [\n                    "2015-09-21",\n                    1.1402999999999999\n                ],\n                [\n                    "2015-09-22",\n                    1.1411\n                ],\n                [\n                    "2015-09-23",\n                    1.1372\n                ],\n                [\n                    "2015-09-24",\n                    1.1352\n                ],\n                [\n                    "2015-09-25",\n                    1.1309\n                ],\n                [\n                    "2015-09-28",\n                    1.1308\n                ],\n                [\n                    "2015-09-29",\n                    1.133\n                ],\n                [\n                    "2015-09-30",\n                    1.1307\n                ],\n                [\n                    "2015-10-08",\n                    1.1351\n                ],\n                [\n                    "2015-10-09",\n                    1.1395000000000002\n                ],\n                [\n                    "2015-10-12",\n                    1.1447999999999998\n                ],\n                [\n                    "2015-10-13",\n                    1.1501\n                ],\n                [\n                    "2015-10-14",\n                    1.1561\n                ],\n                [\n                    "2015-10-15",\n                    1.1635\n                ],\n                [\n                    "2015-10-16",\n                    1.1741000000000001\n                ],\n                [\n                    "2015-10-19",\n                    1.1847\n                ],\n                [\n                    "2015-10-20",\n                    1.1968\n                ],\n                [\n                    "2015-10-21",\n                    1.202\n                ],\n                [\n                    "2015-10-22",\n                    1.2062000000000002\n                ],\n                [\n                    "2015-10-23",\n                    1.2125\n                ],\n                [\n                    "2015-10-26",\n                    1.217\n                ],\n                [\n                    "2015-10-27",\n                    1.2211\n                ],\n                [\n                    "2015-10-28",\n                    1.2247\n                ],\n                [\n                    "2015-10-29",\n                    1.2276000000000002\n                ],\n                [\n                    "2015-10-30",\n                    1.2296\n                ],\n                [\n                    "2015-11-02",\n                    1.2296\n                ],\n                [\n                    "2015-11-03",\n                    1.2289\n                ],\n                [\n                    "2015-11-04",\n                    1.2385000000000002\n                ],\n                [\n                    "2015-11-05",\n                    1.246\n                ],\n                [\n                    "2015-11-06",\n                    1.2523\n                ],\n                [\n                    "2015-11-09",\n                    1.2581\n                ],\n                [\n                    "2015-11-10",\n                    1.2635\n                ],\n                [\n                    "2015-11-11",\n                    1.2709\n                ],\n                [\n                    "2015-11-12",\n                    1.2768\n                ],\n                [\n                    "2015-11-13",\n                    1.2805\n                ],\n                [\n                    "2015-11-16",\n                    1.2855\n                ],\n                [\n                    "2015-11-17",\n                    1.291\n                ],\n                [\n                    "2015-11-18",\n                    1.2906\n                ],\n                [\n                    "2015-11-19",\n                    1.2910999999999997\n                ],\n                [\n                    "2015-11-20",\n                    1.2896\n                ],\n                [\n                    "2015-11-23",\n                    1.2859\n                ],\n                [\n                    "2015-11-24",\n                    1.2831\n                ],\n                [\n                    "2015-11-25",\n                    1.2819\n                ],\n                [\n                    "2015-11-26",\n                    1.2804\n                ],\n                [\n                    "2015-11-27",\n                    1.2753999999999999\n                ],\n                [\n                    "2015-11-30",\n                    1.2708\n                ],\n                [\n                    "2015-12-01",\n                    1.2673\n                ],\n                [\n                    "2015-12-02",\n                    1.2681\n                ],\n                [\n                    "2015-12-03",\n                    1.2677\n                ],\n                [\n                    "2015-12-04",\n                    1.267\n                ],\n                [\n                    "2015-12-07",\n                    1.2683\n                ],\n                [\n                    "2015-12-08",\n                    1.2659\n                ],\n                [\n                    "2015-12-09",\n                    1.2628\n                ],\n                [\n                    "2015-12-10",\n                    1.2596\n                ],\n                [\n                    "2015-12-11",\n                    1.2621\n                ],\n                [\n                    "2015-12-14",\n                    1.266\n                ],\n                [\n                    "2015-12-15",\n                    1.2691\n                ],\n                [\n                    "2015-12-16",\n                    1.2684\n                ],\n                [\n                    "2015-12-17",\n                    1.2696\n                ],\n                [\n                    "2015-12-18",\n                    1.2726\n                ],\n                [\n                    "2015-12-21",\n                    1.2792999999999999\n                ],\n                [\n                    "2015-12-22",\n                    1.2902\n                ],\n                [\n                    "2015-12-23",\n                    1.3001\n                ],\n                [\n                    "2015-12-24",\n                    1.3091\n                ],\n                [\n                    "2015-12-25",\n                    1.3181\n                ],\n                [\n                    "2015-12-28",\n                    1.3222\n                ],\n                [\n                    "2015-12-29",\n                    1.3275000000000001\n                ],\n                [\n                    "2015-12-30",\n                    1.3332\n                ],\n                [\n                    "2015-12-31",\n                    1.3355000000000001\n                ],\n                [\n                    "2016-01-04",\n                    1.3283\n                ],\n                [\n                    "2016-01-05",\n                    1.3174000000000001\n                ],\n                [\n                    "2016-01-06",\n                    1.307\n                ],\n                [\n                    "2016-01-07",\n                    1.2891\n                ],\n                [\n                    "2016-01-08",\n                    1.2744\n                ],\n                [\n                    "2016-01-11",\n                    1.2538\n                ],\n                [\n                    "2016-01-12",\n                    1.2368999999999999\n                ],\n                [\n                    "2016-01-13",\n                    1.2166000000000001\n                ],\n                [\n                    "2016-01-14",\n                    1.1991\n                ],\n                [\n                    "2016-01-15",\n                    1.1798\n                ],\n                [\n                    "2016-01-18",\n                    1.1697000000000002\n                ],\n                [\n                    "2016-01-19",\n                    1.1622999999999999\n                ],\n                [\n                    "2016-01-20",\n                    1.1511\n                ],\n                [\n                    "2016-01-21",\n                    1.1442999999999999\n                ],\n                [\n                    "2016-01-22",\n                    1.1366999999999998\n                ],\n                [\n                    "2016-01-25",\n                    1.1359\n                ],\n                [\n                    "2016-01-26",\n                    1.1294\n                ],\n                [\n                    "2016-01-27",\n                    1.1237\n                ],\n                [\n                    "2016-01-28",\n                    1.1130999999999998\n                ],\n                [\n                    "2016-01-29",\n                    1.1084\n                ],\n                [\n                    "2016-02-01",\n                    1.1031\n                ],\n                [\n                    "2016-02-02",\n                    1.0966999999999998\n                ],\n                [\n                    "2016-02-03",\n                    1.0926\n                ],\n                [\n                    "2016-02-04",\n                    1.093\n                ],\n                [\n                    "2016-02-05",\n                    1.0915\n                ],\n                [\n                    "2016-02-15",\n                    1.0881\n                ],\n                [\n                    "2016-02-16",\n                    1.0923\n                ],\n                [\n                    "2016-02-17",\n                    1.0979\n                ],\n                [\n                    "2016-02-18",\n                    1.1052000000000002\n                ],\n                [\n                    "2016-02-19",\n                    1.1095\n                ],\n                [\n                    "2016-02-22",\n                    1.116\n                ],\n                [\n                    "2016-02-23",\n                    1.1199999999999999\n                ],\n                [\n                    "2016-02-24",\n                    1.124\n                ],\n                [\n                    "2016-02-25",\n                    1.1202\n                ],\n                [\n                    "2016-02-26",\n                    1.118\n                ],\n                [\n                    "2016-02-29",\n                    1.1131\n                ],\n                [\n                    "2016-03-01",\n                    1.1076000000000001\n                ],\n                [\n                    "2016-03-02",\n                    1.1061\n                ],\n                [\n                    "2016-03-03",\n                    1.1056\n                ],\n                [\n                    "2016-03-04",\n                    1.105\n                ],\n                [\n                    "2016-03-07",\n                    1.1030000000000002\n                ],\n                [\n                    "2016-03-08",\n                    1.101\n                ],\n                [\n                    "2016-03-09",\n                    1.0977999999999999\n                ],\n                [\n                    "2016-03-10",\n                    1.1009\n                ],\n                [\n                    "2016-03-11",\n                    1.103\n                ],\n                [\n                    "2016-03-14",\n                    1.1102\n                ],\n                [\n                    "2016-03-15",\n                    1.1153\n                ],\n                [\n                    "2016-03-16",\n                    1.1148\n                ],\n                [\n                    "2016-03-17",\n                    1.1161\n                ],\n                [\n                    "2016-03-18",\n                    1.1196\n                ],\n                [\n                    "2016-03-21",\n                    1.1238\n                ],\n                [\n                    "2016-03-22",\n                    1.1281\n                ],\n                [\n                    "2016-03-23",\n                    1.1337\n                ],\n                [\n                    "2016-03-24",\n                    1.1395\n                ],\n                [\n                    "2016-03-25",\n                    1.1461999999999999\n                ],\n                [\n                    "2016-03-28",\n                    1.1524\n                ],\n                [\n                    "2016-03-29",\n                    1.1569\n                ],\n                [\n                    "2016-03-30",\n                    1.1648999999999998\n                ],\n                [\n                    "2016-03-31",\n                    1.1713\n                ],\n                [\n                    "2016-04-01",\n                    1.175\n                ],\n                [\n                    "2016-04-05",\n                    1.1789\n                ],\n                [\n                    "2016-04-06",\n                    1.1842\n                ],\n                [\n                    "2016-04-07",\n                    1.1876\n                ],\n                [\n                    "2016-04-08",\n                    1.1905000000000001\n                ],\n                [\n                    "2016-04-11",\n                    1.1942\n                ],\n                [\n                    "2016-04-12",\n                    1.1965999999999999\n                ],\n                [\n                    "2016-04-13",\n                    1.2012\n                ],\n                [\n                    "2016-04-14",\n                    1.2044000000000001\n                ],\n                [\n                    "2016-04-15",\n                    1.2065\n                ],\n                [\n                    "2016-04-18",\n                    1.2084\n                ],\n                [\n                    "2016-04-19",\n                    1.209\n                ],\n                [\n                    "2016-04-20",\n                    1.2046999999999999\n                ],\n                [\n                    "2016-04-21",\n                    1.2019\n                ],\n                [\n                    "2016-04-22",\n                    1.2019\n                ],\n                [\n                    "2016-04-25",\n                    1.2\n                ],\n                [\n                    "2016-04-26",\n                    1.1996\n                ],\n                [\n                    "2016-04-27",\n                    1.1992\n                ],\n                [\n                    "2016-04-28",\n                    1.1976\n                ],\n                [\n                    "2016-04-29",\n                    1.1974\n                ],\n                [\n                    "2016-05-03",\n                    1.2027\n                ],\n                [\n                    "2016-05-04",\n                    1.2066000000000001\n                ],\n                [\n                    "2016-05-05",\n                    1.2142\n                ],\n                [\n                    "2016-05-06",\n                    1.2181000000000002\n                ],\n                [\n                    "2016-05-09",\n                    1.2189\n                ],\n                [\n                    "2016-05-10",\n                    1.2217\n                ],\n                [\n                    "2016-05-11",\n                    1.2250999999999999\n                ],\n                [\n                    "2016-05-12",\n                    1.2278\n                ],\n                [\n                    "2016-05-13",\n                    1.2295\n                ],\n                [\n                    "2016-05-16",\n                    1.232\n                ],\n                [\n                    "2016-05-17",\n                    1.2286\n                ],\n                [\n                    "2016-05-18",\n                    1.2236\n                ],\n                [\n                    "2016-05-19",\n                    1.2183000000000002\n                ],\n                [\n                    "2016-05-20",\n                    1.2181\n                ],\n                [\n                    "2016-05-23",\n                    1.2203\n                ],\n                [\n                    "2016-05-24",\n                    1.2193999999999998\n                ],\n                [\n                    "2016-05-25",\n                    1.2159\n                ],\n                [\n                    "2016-05-26",\n                    1.2134\n                ],\n                [\n                    "2016-05-27",\n                    1.212\n                ],\n                [\n                    "2016-05-30",\n                    1.2085000000000001\n                ],\n                [\n                    "2016-05-31",\n                    1.2103000000000002\n                ],\n                [\n                    "2016-06-01",\n                    1.2148999999999999\n                ],\n                [\n                    "2016-06-02",\n                    1.2202\n                ],\n                [\n                    "2016-06-03",\n                    1.2271\n                ],\n                [\n                    "2016-06-06",\n                    1.2330999999999999\n                ],\n                [\n                    "2016-06-07",\n                    1.241\n                ],\n                [\n                    "2016-06-08",\n                    1.2484\n                ],\n                [\n                    "2016-06-13",\n                    1.2515\n                ],\n                [\n                    "2016-06-14",\n                    1.2570000000000001\n                ],\n                [\n                    "2016-06-15",\n                    1.2658\n                ],\n                [\n                    "2016-06-16",\n                    1.2699\n                ],\n                [\n                    "2016-06-17",\n                    1.2759\n                ],\n                [\n                    "2016-06-20",\n                    1.2808\n                ],\n                [\n                    "2016-06-21",\n                    1.2815999999999999\n                ],\n                [\n                    "2016-06-22",\n                    1.2830000000000001\n                ],\n                [\n                    "2016-06-23",\n                    1.2832000000000001\n                ],\n                [\n                    "2016-06-24",\n                    1.2837\n                ],\n                [\n                    "2016-06-27",\n                    1.291\n                ],\n                [\n                    "2016-06-28",\n                    1.2959\n                ],\n                [\n                    "2016-06-29",\n                    1.2978999999999998\n                ],\n                [\n                    "2016-06-30",\n                    1.3011\n                ],\n                [\n                    "2016-07-01",\n                    1.3021\n                ],\n                [\n                    "2016-07-04",\n                    1.3054000000000001\n                ],\n                [\n                    "2016-07-05",\n                    1.3108\n                ],\n                [\n                    "2016-07-06",\n                    1.3181999999999998\n                ],\n                [\n                    "2016-07-07",\n                    1.3256000000000001\n                ],\n                [\n                    "2016-07-08",\n                    1.3339\n                ],\n                [\n                    "2016-07-11",\n                    1.3409\n                ],\n                [\n                    "2016-07-12",\n                    1.3524\n                ],\n                [\n                    "2016-07-13",\n                    1.3625\n                ],\n                [\n                    "2016-07-14",\n                    1.3718\n                ],\n                [\n                    "2016-07-15",\n                    1.3824\n                ],\n                [\n                    "2016-07-18",\n                    1.3908\n                ],\n                [\n                    "2016-07-19",\n                    1.3961000000000001\n                ],\n                [\n                    "2016-07-20",\n                    1.3980000000000001\n                ],\n                [\n                    "2016-07-21",\n                    1.4016\n                ],\n                [\n                    "2016-07-22",\n                    1.4027999999999998\n                ],\n                [\n                    "2016-07-25",\n                    1.4021000000000001\n                ],\n                [\n                    "2016-07-26",\n                    1.4009\n                ],\n                [\n                    "2016-07-27",\n                    1.3984\n                ],\n                [\n                    "2016-07-28",\n                    1.3984999999999999\n                ],\n                [\n                    "2016-07-29",\n                    1.3971\n                ],\n                [\n                    "2016-08-01",\n                    1.3935\n                ],\n                [\n                    "2016-08-02",\n                    1.3922\n                ],\n                [\n                    "2016-08-03",\n                    1.3916\n                ],\n                [\n                    "2016-08-04",\n                    1.39\n                ],\n                [\n                    "2016-08-05",\n                    1.3903\n                ],\n                [\n                    "2016-08-08",\n                    1.3916\n                ],\n                [\n                    "2016-08-09",\n                    1.3908\n                ],\n                [\n                    "2016-08-10",\n                    1.3918\n                ],\n                [\n                    "2016-08-11",\n                    1.3904\n                ],\n                [\n                    "2016-08-12",\n                    1.3899\n                ],\n                [\n                    "2016-08-15",\n                    1.3948999999999998\n                ],\n                [\n                    "2016-08-16",\n                    1.4\n                ],\n                [\n                    "2016-08-17",\n                    1.4052\n                ],\n                [\n                    "2016-08-18",\n                    1.4092\n                ],\n                [\n                    "2016-08-19",\n                    1.4132\n                ],\n                [\n                    "2016-08-22",\n                    1.4157\n                ],\n                [\n                    "2016-08-23",\n                    1.4163\n                ],\n                [\n                    "2016-08-24",\n                    1.4168999999999998\n                ],\n                [\n                    "2016-08-25",\n                    1.4164999999999999\n                ],\n                [\n                    "2016-08-26",\n                    1.4151\n                ],\n                [\n                    "2016-08-29",\n                    1.4100000000000001\n                ],\n                [\n                    "2016-08-30",\n                    1.405\n                ],\n                [\n                    "2016-08-31",\n                    1.3999\n                ],\n                [\n                    "2016-09-01",\n                    1.3954\n                ],\n                [\n                    "2016-09-02",\n                    1.3908\n                ],\n                [\n                    "2016-09-05",\n                    1.3870999999999998\n                ],\n                [\n                    "2016-09-06",\n                    1.3847\n                ],\n                [\n                    "2016-09-07",\n                    1.3824\n                ],\n                [\n                    "2016-09-08",\n                    1.3809\n                ],\n                [\n                    "2016-09-09",\n                    1.3786999999999998\n                ],\n                [\n                    "2016-09-12",\n                    1.3742999999999999\n                ],\n                [\n                    "2016-09-13",\n                    1.3702999999999999\n                ],\n                [\n                    "2016-09-14",\n                    1.3645\n                ],\n                [\n                    "2016-09-19",\n                    1.3610000000000002\n                ],\n                [\n                    "2016-09-20",\n                    1.3580999999999999\n                ],\n                [\n                    "2016-09-21",\n                    1.3548\n                ],\n                [\n                    "2016-09-22",\n                    1.3514000000000002\n                ],\n                [\n                    "2016-09-23",\n                    1.3485\n                ],\n                [\n                    "2016-09-26",\n                    1.344\n                ],\n                [\n                    "2016-09-27",\n                    1.3414\n                ],\n                [\n                    "2016-09-28",\n                    1.3419\n                ],\n                [\n                    "2016-09-29",\n                    1.3425\n                ],\n                [\n                    "2016-09-30",\n                    1.3462\n                ],\n                [\n                    "2016-10-10",\n                    1.3495\n                ],\n                [\n                    "2016-10-11",\n                    1.3530000000000002\n                ],\n                [\n                    "2016-10-12",\n                    1.3562\n                ],\n                [\n                    "2016-10-13",\n                    1.3577\n                ],\n                [\n                    "2016-10-14",\n                    1.3594000000000002\n                ],\n                [\n                    "2016-10-17",\n                    1.3621\n                ],\n                [\n                    "2016-10-18",\n                    1.3655000000000002\n                ],\n                [\n                    "2016-10-19",\n                    1.3683\n                ],\n                [\n                    "2016-10-20",\n                    1.3705\n                ],\n                [\n                    "2016-10-21",\n                    1.3709\n                ],\n                [\n                    "2016-10-24",\n                    1.3708\n                ],\n                [\n                    "2016-10-25",\n                    1.3728\n                ],\n                [\n                    "2016-10-26",\n                    1.3757\n                ],\n                [\n                    "2016-10-27",\n                    1.3789\n                ],\n                [\n                    "2016-10-28",\n                    1.3820000000000001\n                ],\n                [\n                    "2016-10-31",\n                    1.3865\n                ],\n                [\n                    "2016-11-01",\n                    1.3904999999999998\n                ],\n                [\n                    "2016-11-02",\n                    1.3938000000000001\n                ],\n                [\n                    "2016-11-03",\n                    1.3973\n                ],\n                [\n                    "2016-11-04",\n                    1.3998\n                ],\n                [\n                    "2016-11-07",\n                    1.4014\n                ],\n                [\n                    "2016-11-08",\n                    1.4022999999999999\n                ],\n                [\n                    "2016-11-09",\n                    1.4016\n                ],\n                [\n                    "2016-11-10",\n                    1.4025\n                ],\n                [\n                    "2016-11-11",\n                    1.403\n                ],\n                [\n                    "2016-11-14",\n                    1.402\n                ],\n                [\n                    "2016-11-15",\n                    1.4009\n                ],\n                [\n                    "2016-11-16",\n                    1.4006\n                ],\n                [\n                    "2016-11-17",\n                    1.4004999999999999\n                ],\n                [\n                    "2016-11-18",\n                    1.4011\n                ],\n                [\n                    "2016-11-21",\n                    1.4021000000000001\n                ],\n                [\n                    "2016-11-22",\n                    1.4022000000000001\n                ],\n                [\n                    "2016-11-23",\n                    1.4052\n                ],\n                [\n                    "2016-11-24",\n                    1.4087999999999998\n                ],\n                [\n                    "2016-11-25",\n                    1.4139\n                ],\n                [\n                    "2016-11-28",\n                    1.4210999999999998\n                ],\n                [\n                    "2016-11-29",\n                    1.4303\n                ],\n                [\n                    "2016-11-30",\n                    1.4377999999999997\n                ],\n                [\n                    "2016-12-01",\n                    1.4469\n                ],\n                [\n                    "2016-12-02",\n                    1.4538\n                ],\n                [\n                    "2016-12-05",\n                    1.4574\n                ],\n                [\n                    "2016-12-06",\n                    1.4619\n                ],\n                [\n                    "2016-12-07",\n                    1.4647000000000001\n                ],\n                [\n                    "2016-12-08",\n                    1.467\n                ],\n                [\n                    "2016-12-09",\n                    1.469\n                ],\n                [\n                    "2016-12-12",\n                    1.4659\n                ],\n                [\n                    "2016-12-13",\n                    1.4609\n                ],\n                [\n                    "2016-12-14",\n                    1.4564\n                ],\n                [\n                    "2016-12-15",\n                    1.4478\n                ],\n                [\n                    "2016-12-16",\n                    1.4429\n                ],\n                [\n                    "2016-12-19",\n                    1.4408999999999998\n                ],\n                [\n                    "2016-12-20",\n                    1.4368\n                ],\n                [\n                    "2016-12-21",\n                    1.433\n                ],\n                [\n                    "2016-12-22",\n                    1.4279\n                ],\n                [\n                    "2016-12-23",\n                    1.4203999999999999\n                ],\n                [\n                    "2016-12-26",\n                    1.4173\n                ],\n                [\n                    "2016-12-27",\n                    1.4134\n                ],\n                [\n                    "2016-12-28",\n                    1.4105\n                ],\n                [\n                    "2016-12-29",\n                    1.4097\n                ],\n                [\n                    "2016-12-30",\n                    1.409\n                ],\n                [\n                    "2016-12-31",\n                    1.4085\n                ],\n                [\n                    "2017-01-03",\n                    1.41\n                ],\n                [\n                    "2017-01-04",\n                    1.4138\n                ],\n                [\n                    "2017-01-05",\n                    1.417\n                ],\n                [\n                    "2017-01-06",\n                    1.4216\n                ],\n                [\n                    "2017-01-09",\n                    1.4261\n                ],\n                [\n                    "2017-01-10",\n                    1.4307\n                ],\n                [\n                    "2017-01-11",\n                    1.4343\n                ],\n                [\n                    "2017-01-12",\n                    1.4367\n                ],\n                [\n                    "2017-01-13",\n                    1.4376000000000002\n                ],\n                [\n                    "2017-01-16",\n                    1.4384000000000001\n                ],\n                [\n                    "2017-01-17",\n                    1.4393\n                ],\n                [\n                    "2017-01-18",\n                    1.4387\n                ],\n                [\n                    "2017-01-19",\n                    1.4387\n                ],\n                [\n                    "2017-01-20",\n                    1.4402000000000001\n                ],\n                [\n                    "2017-01-23",\n                    1.4411999999999998\n                ],\n                [\n                    "2017-01-24",\n                    1.4419\n                ],\n                [\n                    "2017-01-25",\n                    1.4446\n                ],\n                [\n                    "2017-01-26",\n                    1.4487\n                ],\n                [\n                    "2017-02-03",\n                    1.4521000000000002\n                ],\n                [\n                    "2017-02-06",\n                    1.456\n                ],\n                [\n                    "2017-02-07",\n                    1.4582\n                ],\n                [\n                    "2017-02-08",\n                    1.4594999999999998\n                ],\n                [\n                    "2017-02-09",\n                    1.4615\n                ],\n                [\n                    "2017-02-10",\n                    1.4627000000000001\n                ],\n                [\n                    "2017-02-13",\n                    1.4667\n                ],\n                [\n                    "2017-02-14",\n                    1.4703\n                ],\n                [\n                    "2017-02-15",\n                    1.473\n                ],\n                [\n                    "2017-02-16",\n                    1.4766\n                ],\n                [\n                    "2017-02-17",\n                    1.482\n                ],\n                [\n                    "2017-02-20",\n                    1.4914999999999998\n                ],\n                [\n                    "2017-02-21",\n                    1.5011\n                ],\n                [\n                    "2017-02-22",\n                    1.5116\n                ],\n                [\n                    "2017-02-23",\n                    1.5208\n                ],\n                [\n                    "2017-02-24",\n                    1.529\n                ],\n                [\n                    "2017-02-27",\n                    1.5324\n                ],\n                [\n                    "2017-02-28",\n                    1.5366\n                ],\n                [\n                    "2017-03-01",\n                    1.5418\n                ],\n                [\n                    "2017-03-02",\n                    1.5453\n                ],\n                [\n                    "2017-03-03",\n                    1.5485\n                ],\n                [\n                    "2017-03-06",\n                    1.5493999999999999\n                ],\n                [\n                    "2017-03-07",\n                    1.5520999999999998\n                ],\n                [\n                    "2017-03-08",\n                    1.553\n                ],\n                [\n                    "2017-03-09",\n                    1.5536999999999999\n                ],\n                [\n                    "2017-03-10",\n                    1.5569000000000002\n                ],\n                [\n                    "2017-03-13",\n                    1.5633000000000001\n                ],\n                [\n                    "2017-03-14",\n                    1.5690000000000002\n                ],\n                [\n                    "2017-03-15",\n                    1.5755\n                ],\n                [\n                    "2017-03-16",\n                    1.5818\n                ],\n                [\n                    "2017-03-17",\n                    1.5867\n                ],\n                [\n                    "2017-03-20",\n                    1.5899\n                ],\n                [\n                    "2017-03-21",\n                    1.5954000000000002\n                ],\n                [\n                    "2017-03-22",\n                    1.6029\n                ],\n                [\n                    "2017-03-23",\n                    1.6109000000000002\n                ],\n                [\n                    "2017-03-24",\n                    1.6172\n                ],\n                [\n                    "2017-03-27",\n                    1.6201\n                ],\n                [\n                    "2017-03-28",\n                    1.6231000000000002\n                ],\n                [\n                    "2017-03-29",\n                    1.6254000000000002\n                ],\n                [\n                    "2017-03-30",\n                    1.6275\n                ],\n                [\n                    "2017-03-31",\n                    1.6320999999999999\n                ],\n                [\n                    "2017-04-05",\n                    1.6361999999999999\n                ],\n                [\n                    "2017-04-06",\n                    1.6367999999999998\n                ],\n                [\n                    "2017-04-07",\n                    1.6355\n                ],\n                [\n                    "2017-04-10",\n                    1.6321999999999999\n                ],\n                [\n                    "2017-04-11",\n                    1.6277000000000001\n                ],\n                [\n                    "2017-04-12",\n                    1.6265\n                ],\n                [\n                    "2017-04-13",\n                    1.6271\n                ],\n                [\n                    "2017-04-14",\n                    1.6256999999999997\n                ],\n                [\n                    "2017-04-17",\n                    1.6269000000000002\n                ],\n                [\n                    "2017-04-18",\n                    1.6297000000000001\n                ],\n                [\n                    "2017-04-19",\n                    1.6332999999999998\n                ],\n                [\n                    "2017-04-20",\n                    1.6395\n                ],\n                [\n                    "2017-04-21",\n                    1.6448\n                ],\n                [\n                    "2017-04-24",\n                    1.6507999999999998\n                ],\n                [\n                    "2017-04-25",\n                    1.6617000000000002\n                ],\n                [\n                    "2017-04-26",\n                    1.6705\n                ],\n                [\n                    "2017-04-27",\n                    1.6779\n                ],\n                [\n                    "2017-04-28",\n                    1.6843\n                ],\n                [\n                    "2017-05-02",\n                    1.6895\n                ],\n                [\n                    "2017-05-03",\n                    1.6923\n                ],\n                [\n                    "2017-05-04",\n                    1.6937000000000002\n                ],\n                [\n                    "2017-05-05",\n                    1.6923000000000001\n                ],\n                [\n                    "2017-05-08",\n                    1.6893\n                ],\n                [\n                    "2017-05-09",\n                    1.6875\n                ],\n                [\n                    "2017-05-10",\n                    1.6822000000000004\n                ],\n                [\n                    "2017-05-11",\n                    1.6808\n                ],\n                [\n                    "2017-05-12",\n                    1.6800000000000002\n                ],\n                [\n                    "2017-05-15",\n                    1.6823000000000001\n                ],\n                [\n                    "2017-05-16",\n                    1.6873999999999998\n                ],\n                [\n                    "2017-05-17",\n                    1.6893999999999998\n                ],\n                [\n                    "2017-05-18",\n                    1.6916\n                ],\n                [\n                    "2017-05-19",\n                    1.6952000000000003\n                ],\n                [\n                    "2017-05-22",\n                    1.7022\n                ],\n                [\n                    "2017-05-23",\n                    1.7117\n                ],\n                [\n                    "2017-05-24",\n                    1.7202000000000002\n                ],\n                [\n                    "2017-05-25",\n                    1.7254999999999998\n                ],\n                [\n                    "2017-05-26",\n                    1.7306000000000001\n                ],\n                [\n                    "2017-05-31",\n                    1.7352\n                ],\n                [\n                    "2017-06-01",\n                    1.7374000000000003\n                ],\n                [\n                    "2017-06-02",\n                    1.7411999999999999\n                ],\n                [\n                    "2017-06-05",\n                    1.7442\n                ],\n                [\n                    "2017-06-06",\n                    1.749\n                ],\n                [\n                    "2017-06-07",\n                    1.7559999999999998\n                ],\n                [\n                    "2017-06-08",\n                    1.7642\n                ],\n                [\n                    "2017-06-09",\n                    1.7736\n                ],\n                [\n                    "2017-06-12",\n                    1.786\n                ],\n                [\n                    "2017-06-13",\n                    1.7980999999999998\n                ],\n                [\n                    "2017-06-14",\n                    1.8076\n                ],\n                [\n                    "2017-06-15",\n                    1.8152000000000001\n                ],\n                [\n                    "2017-06-16",\n                    1.8221\n                ],\n                [\n                    "2017-06-19",\n                    1.8322999999999996\n                ],\n                [\n                    "2017-06-20",\n                    1.8387\n                ],\n                [\n                    "2017-06-21",\n                    1.8465\n                ],\n                [\n                    "2017-06-22",\n                    1.8501999999999998\n                ],\n                [\n                    "2017-06-23",\n                    1.8559999999999999\n                ],\n                [\n                    "2017-06-26",\n                    1.8622\n                ],\n                [\n                    "2017-06-27",\n                    1.8681\n                ],\n                [\n                    "2017-06-28",\n                    1.8729\n                ],\n                [\n                    "2017-06-29",\n                    1.8788999999999998\n                ],\n                [\n                    "2017-06-30",\n                    1.8872999999999998\n                ],\n                [\n                    "2017-07-03",\n                    1.8906000000000003\n                ],\n                [\n                    "2017-07-04",\n                    1.8921000000000003\n                ],\n                [\n                    "2017-07-05",\n                    1.8922\n                ],\n                [\n                    "2017-07-06",\n                    1.8931\n                ],\n                [\n                    "2017-07-07",\n                    1.8891000000000002\n                ],\n                [\n                    "2017-07-10",\n                    1.8825000000000003\n                ],\n                [\n                    "2017-07-11",\n                    1.8792000000000002\n                ],\n                [\n                    "2017-07-12",\n                    1.8768999999999998\n                ],\n                [\n                    "2017-07-13",\n                    1.874\n                ],\n                [\n                    "2017-07-14",\n                    1.8713000000000002\n                ],\n                [\n                    "2017-07-17",\n                    1.8697\n                ],\n                [\n                    "2017-07-18",\n                    1.8699999999999999\n                ],\n                [\n                    "2017-07-19",\n                    1.8687\n                ],\n                [\n                    "2017-07-20",\n                    1.8701\n                ],\n                [\n                    "2017-07-21",\n                    1.8737\n                ],\n                [\n                    "2017-07-24",\n                    1.8796999999999997\n                ],\n                [\n                    "2017-07-25",\n                    1.8817999999999997\n                ],\n                [\n                    "2017-07-26",\n                    1.8827000000000003\n                ],\n                [\n                    "2017-07-27",\n                    1.8834\n                ],\n                [\n                    "2017-07-28",\n                    1.8861\n                ],\n                [\n                    "2017-07-31",\n                    1.8902999999999999\n                ],\n                [\n                    "2017-08-01",\n                    1.8953\n                ],\n                [\n                    "2017-08-02",\n                    1.8981\n                ],\n                [\n                    "2017-08-03",\n                    1.8951\n                ],\n                [\n                    "2017-08-04",\n                    1.8908\n                ],\n                [\n                    "2017-08-07",\n                    1.8877000000000002\n                ],\n                [\n                    "2017-08-08",\n                    1.8852\n                ],\n                [\n                    "2017-08-09",\n                    1.8904\n                ],\n                [\n                    "2017-08-10",\n                    1.8961\n                ],\n                [\n                    "2017-08-11",\n                    1.8958\n                ],\n                [\n                    "2017-08-14",\n                    1.8987000000000003\n                ],\n                [\n                    "2017-08-15",\n                    1.9006\n                ],\n                [\n                    "2017-08-16",\n                    1.9022000000000001\n                ],\n                [\n                    "2017-08-17",\n                    1.906\n                ],\n                [\n                    "2017-08-18",\n                    1.9111999999999998\n                ],\n                [\n                    "2017-08-21",\n                    1.9133\n                ],\n                [\n                    "2017-08-22",\n                    1.9151\n                ],\n                [\n                    "2017-08-23",\n                    1.9137\n                ],\n                [\n                    "2017-08-24",\n                    1.9123\n                ],\n                [\n                    "2017-08-25",\n                    1.9147000000000003\n                ],\n                [\n                    "2017-08-28",\n                    1.9159\n                ],\n                [\n                    "2017-08-29",\n                    1.9161000000000001\n                ],\n                [\n                    "2017-08-30",\n                    1.9194\n                ],\n                [\n                    "2017-08-31",\n                    1.923\n                ],\n                [\n                    "2017-09-01",\n                    1.9264000000000003\n                ],\n                [\n                    "2017-09-04",\n                    1.9274\n                ],\n                [\n                    "2017-09-05",\n                    1.9290000000000003\n                ],\n                [\n                    "2017-09-06",\n                    1.9286999999999999\n                ],\n                [\n                    "2017-09-07",\n                    1.9274\n                ],\n                [\n                    "2017-09-08",\n                    1.9238\n                ],\n                [\n                    "2017-09-11",\n                    1.9192\n                ],\n                [\n                    "2017-09-12",\n                    1.9167999999999998\n                ],\n                [\n                    "2017-09-13",\n                    1.9154\n                ],\n                [\n                    "2017-09-14",\n                    1.9143000000000001\n                ],\n                [\n                    "2017-09-15",\n                    1.9149999999999998\n                ],\n                [\n                    "2017-09-18",\n                    1.9195\n                ],\n                [\n                    "2017-09-19",\n                    1.922\n                ],\n                [\n                    "2017-09-20",\n                    1.9271\n                ],\n                [\n                    "2017-09-21",\n                    1.9331\n                ],\n                [\n                    "2017-09-22",\n                    1.9420000000000002\n                ],\n                [\n                    "2017-09-25",\n                    1.9518\n                ],\n                [\n                    "2017-09-26",\n                    1.9597000000000002\n                ],\n                [\n                    "2017-09-27",\n                    1.9647\n                ],\n                [\n                    "2017-09-28",\n                    1.971\n                ],\n                [\n                    "2017-09-29",\n                    1.9769999999999999\n                ],\n                [\n                    "2017-10-09",\n                    1.9846\n                ],\n                [\n                    "2017-10-10",\n                    1.9949999999999999\n                ],\n                [\n                    "2017-10-11",\n                    2.0077\n                ],\n                [\n                    "2017-10-12",\n                    2.0209\n                ],\n                [\n                    "2017-10-13",\n                    2.0325\n                ],\n                [\n                    "2017-10-16",\n                    2.0411\n                ],\n                [\n                    "2017-10-17",\n                    2.0517999999999996\n                ],\n                [\n                    "2017-10-18",\n                    2.0655\n                ],\n                [\n                    "2017-10-19",\n                    2.0802\n                ],\n                [\n                    "2017-10-20",\n                    2.0913\n                ],\n                [\n                    "2017-10-23",\n                    2.0995999999999997\n                ],\n                [\n                    "2017-10-24",\n                    2.1079\n                ],\n                [\n                    "2017-10-25",\n                    2.1144000000000003\n                ],\n                [\n                    "2017-10-26",\n                    2.1222000000000003\n                ],\n                [\n                    "2017-10-27",\n                    2.134\n                ],\n                [\n                    "2017-10-30",\n                    2.1466000000000003\n                ],\n                [\n                    "2017-10-31",\n                    2.1567\n                ],\n                [\n                    "2017-11-01",\n                    2.1628\n                ],\n                [\n                    "2017-11-02",\n                    2.1684\n                ],\n                [\n                    "2017-11-03",\n                    2.1766\n                ],\n                [\n                    "2017-11-06",\n                    2.1899\n                ],\n                [\n                    "2017-11-07",\n                    2.2018\n                ],\n                [\n                    "2017-11-08",\n                    2.21\n                ],\n                [\n                    "2017-11-09",\n                    2.2182\n                ],\n                [\n                    "2017-11-10",\n                    2.2276\n                ],\n                [\n                    "2017-11-13",\n                    2.2368\n                ],\n                [\n                    "2017-11-14",\n                    2.2442\n                ],\n                [\n                    "2017-11-15",\n                    2.254\n                ],\n                [\n                    "2017-11-16",\n                    2.2661000000000002\n                ],\n                [\n                    "2017-11-17",\n                    2.2773\n                ],\n                [\n                    "2017-11-20",\n                    2.2817\n                ],\n                [\n                    "2017-11-21",\n                    2.2908999999999997\n                ],\n                [\n                    "2017-11-22",\n                    2.2981000000000003\n                ],\n                [\n                    "2017-11-23",\n                    2.2946\n                ],\n                [\n                    "2017-11-24",\n                    2.2861000000000002\n                ],\n                [\n                    "2017-11-27",\n                    2.2755\n                ],\n                [\n                    "2017-11-28",\n                    2.2701000000000002\n                ],\n                [\n                    "2017-11-29",\n                    2.2587\n                ],\n                [\n                    "2017-11-30",\n                    2.241\n                ],\n                [\n                    "2017-12-01",\n                    2.2237999999999998\n                ],\n                [\n                    "2017-12-04",\n                    2.2116\n                ],\n                [\n                    "2017-12-05",\n                    2.1962\n                ],\n                [\n                    "2017-12-06",\n                    2.1823\n                ],\n                [\n                    "2017-12-07",\n                    2.1734\n                ],\n                [\n                    "2017-12-08",\n                    2.1681\n                ],\n                [\n                    "2017-12-11",\n                    2.1738\n                ],\n                [\n                    "2017-12-12",\n                    2.1761\n                ],\n                [\n                    "2017-12-13",\n                    2.1884\n                ],\n                [\n                    "2017-12-14",\n                    2.2027\n                ],\n                [\n                    "2017-12-15",\n                    2.2149\n                ],\n                [\n                    "2017-12-18",\n                    2.2262999999999997\n                ],\n                [\n                    "2017-12-19",\n                    2.2383\n                ],\n                [\n                    "2017-12-20",\n                    2.2555\n                ],\n                [\n                    "2017-12-21",\n                    2.2781000000000002\n                ],\n                [\n                    "2017-12-22",\n                    2.2954\n                ],\n                [\n                    "2017-12-25",\n                    2.3055\n                ],\n                [\n                    "2017-12-26",\n                    2.3149\n                ],\n                [\n                    "2017-12-27",\n                    2.3144\n                ],\n                [\n                    "2017-12-28",\n                    2.3197\n                ],\n                [\n                    "2017-12-29",\n                    2.3268999999999997\n                ],\n                [\n                    "2017-12-31",\n                    2.3306\n                ],\n                [\n                    "2018-01-02",\n                    2.3334\n                ],\n                [\n                    "2018-01-03",\n                    2.3337\n                ],\n                [\n                    "2018-01-04",\n                    2.3366\n                ],\n                [\n                    "2018-01-05",\n                    2.3415000000000004\n                ],\n                [\n                    "2018-01-08",\n                    2.3477\n                ],\n                [\n                    "2018-01-09",\n                    2.3621000000000003\n                ],\n                [\n                    "2018-01-10",\n                    2.3846\n                ],\n                [\n                    "2018-01-11",\n                    2.3997\n                ],\n                [\n                    "2018-01-12",\n                    2.4193000000000002\n                ],\n                [\n                    "2018-01-15",\n                    2.4398\n                ],\n                [\n                    "2018-01-16",\n                    2.4596\n                ],\n                [\n                    "2018-01-17",\n                    2.4733\n                ],\n                [\n                    "2018-01-18",\n                    2.4835000000000003\n                ],\n                [\n                    "2018-01-19",\n                    2.4901999999999997\n                ],\n                [\n                    "2018-01-22",\n                    2.5045\n                ],\n                [\n                    "2018-01-23",\n                    2.5138\n                ],\n                [\n                    "2018-01-24",\n                    2.5164\n                ],\n                [\n                    "2018-01-25",\n                    2.5204999999999997\n                ],\n                [\n                    "2018-01-26",\n                    2.5223\n                ],\n                [\n                    "2018-01-29",\n                    2.5148\n                ],\n                [\n                    "2018-01-30",\n                    2.5052999999999996\n                ],\n                [\n                    "2018-01-31",\n                    2.5054\n                ],\n                [\n                    "2018-02-01",\n                    2.5027999999999997\n                ],\n                [\n                    "2018-02-02",\n                    2.5022\n                ],\n                [\n                    "2018-02-05",\n                    2.4846999999999997\n                ],\n                [\n                    "2018-02-06",\n                    2.4631999999999996\n                ],\n                [\n                    "2018-02-07",\n                    2.4366\n                ],\n                [\n                    "2018-02-08",\n                    2.4128\n                ],\n                [\n                    "2018-02-09",\n                    2.3825\n                ],\n                [\n                    "2018-02-12",\n                    2.3676000000000004\n                ],\n                [\n                    "2018-02-13",\n                    2.3564\n                ],\n                [\n                    "2018-02-14",\n                    2.3446000000000002\n                ],\n                [\n                    "2018-02-22",\n                    2.3413\n                ],\n                [\n                    "2018-02-23",\n                    2.3378\n                ],\n                [\n                    "2018-02-26",\n                    2.3422\n                ],\n                [\n                    "2018-02-27",\n                    2.3447\n                ],\n                [\n                    "2018-02-28",\n                    2.3523000000000005\n                ],\n                [\n                    "2018-03-01",\n                    2.3589\n                ],\n                [\n                    "2018-03-02",\n                    2.3705000000000003\n                ],\n                [\n                    "2018-03-05",\n                    2.3727\n                ],\n                [\n                    "2018-03-06",\n                    2.3733\n                ],\n                [\n                    "2018-03-07",\n                    2.3703\n                ],\n                [\n                    "2018-03-08",\n                    2.3665\n                ],\n                [\n                    "2018-03-09",\n                    2.365\n                ],\n                [\n                    "2018-03-12",\n                    2.3629000000000002\n                ],\n                [\n                    "2018-03-13",\n                    2.3640999999999996\n                ],\n                [\n                    "2018-03-14",\n                    2.3693\n                ],\n                [\n                    "2018-03-15",\n                    2.377\n                ],\n                [\n                    "2018-03-16",\n                    2.3813\n                ],\n                [\n                    "2018-03-19",\n                    2.3883\n                ],\n                [\n                    "2018-03-20",\n                    2.3929\n                ],\n                [\n                    "2018-03-21",\n                    2.3954999999999997\n                ],\n                [\n                    "2018-03-22",\n                    2.3872999999999998\n                ],\n                [\n                    "2018-03-23",\n                    2.3747\n                ],\n                [\n                    "2018-03-26",\n                    2.3596999999999997\n                ],\n                [\n                    "2018-03-27",\n                    2.3448\n                ],\n                [\n                    "2018-03-28",\n                    2.3211\n                ],\n                [\n                    "2018-03-29",\n                    2.2999\n                ],\n                [\n                    "2018-03-30",\n                    2.2811999999999997\n                ],\n                [\n                    "2018-04-02",\n                    2.2605\n                ],\n                [\n                    "2018-04-03",\n                    2.2423\n                ],\n                [\n                    "2018-04-04",\n                    2.2304000000000004\n                ],\n                [\n                    "2018-04-09",\n                    2.2218000000000004\n                ],\n                [\n                    "2018-04-10",\n                    2.2192\n                ],\n                [\n                    "2018-04-11",\n                    2.2197000000000005\n                ],\n                [\n                    "2018-04-12",\n                    2.2202\n                ],\n                [\n                    "2018-04-13",\n                    2.2264000000000004\n                ],\n                [\n                    "2018-04-16",\n                    2.2241\n                ],\n                [\n                    "2018-04-17",\n                    2.2196000000000002\n                ],\n                [\n                    "2018-04-18",\n                    2.2146999999999997\n                ],\n                [\n                    "2018-04-19",\n                    2.2154\n                ],\n                [\n                    "2018-04-20",\n                    2.2103\n                ],\n                [\n                    "2018-04-23",\n                    2.2077999999999998\n                ],\n                [\n                    "2018-04-24",\n                    2.2083\n                ],\n                [\n                    "2018-04-25",\n                    2.2089000000000003\n                ],\n                [\n                    "2018-04-26",\n                    2.2047\n                ],\n                [\n                    "2018-04-27",\n                    2.2005\n                ],\n                [\n                    "2018-05-02",\n                    2.2012\n                ],\n                [\n                    "2018-05-03",\n                    2.2079\n                ],\n                [\n                    "2018-05-04",\n                    2.2165\n                ],\n                [\n                    "2018-05-07",\n                    2.2254\n                ],\n                [\n                    "2018-05-08",\n                    2.2382\n                ],\n                [\n                    "2018-05-09",\n                    2.2506\n                ],\n                [\n                    "2018-05-10",\n                    2.2598000000000003\n                ],\n                [\n                    "2018-05-11",\n                    2.2661000000000002\n                ],\n                [\n                    "2018-05-14",\n                    2.2839\n                ],\n                [\n                    "2018-05-15",\n                    2.3047\n                ],\n                [\n                    "2018-05-16",\n                    2.3225000000000002\n                ],\n                [\n                    "2018-05-17",\n                    2.3327\n                ],\n                [\n                    "2018-05-18",\n                    2.3451999999999997\n                ],\n                [\n                    "2018-05-21",\n                    2.3506\n                ],\n                [\n                    "2018-05-22",\n                    2.3542\n                ],\n                [\n                    "2018-05-23",\n                    2.3539000000000003\n                ],\n                [\n                    "2018-05-24",\n                    2.3491\n                ],\n                [\n                    "2018-05-25",\n                    2.3474\n                ],\n                [\n                    "2018-05-28",\n                    2.3474\n                ],\n                [\n                    "2018-05-29",\n                    2.3444\n                ],\n                [\n                    "2018-05-30",\n                    2.3426\n                ],\n                [\n                    "2018-05-31",\n                    2.3527\n                ],\n                [\n                    "2018-06-01",\n                    2.3577000000000004\n                ],\n                [\n                    "2018-06-04",\n                    2.3697\n                ],\n                [\n                    "2018-06-05",\n                    2.384\n                ],\n                [\n                    "2018-06-06",\n                    2.4015999999999997\n                ],\n                [\n                    "2018-06-07",\n                    2.4192\n                ],\n                [\n                    "2018-06-08",\n                    2.4349999999999996\n                ],\n                [\n                    "2018-06-11",\n                    2.4448\n                ],\n                [\n                    "2018-06-12",\n                    2.4649\n                ],\n                [\n                    "2018-06-13",\n                    2.4821\n                ],\n                [\n                    "2018-06-14",\n                    2.4880000000000004\n                ],\n                [\n                    "2018-06-15",\n                    2.4962\n                ],\n                [\n                    "2018-06-19",\n                    2.4894000000000003\n                ],\n                [\n                    "2018-06-20",\n                    2.4851\n                ],\n                [\n                    "2018-06-21",\n                    2.4798999999999998\n                ],\n                [\n                    "2018-06-22",\n                    2.4766000000000004\n                ],\n                [\n                    "2018-06-25",\n                    2.4742\n                ],\n                [\n                    "2018-06-26",\n                    2.4683\n                ],\n                [\n                    "2018-06-27",\n                    2.4467\n                ],\n                [\n                    "2018-06-28",\n                    2.4216\n                ],\n                [\n                    "2018-06-29",\n                    2.407\n                ],\n                [\n                    "2018-06-30",\n                    2.3930999999999996\n                ],\n                [\n                    "2018-07-02",\n                    2.3819999999999997\n                ],\n                [\n                    "2018-07-03",\n                    2.3611\n                ],\n                [\n                    "2018-07-04",\n                    2.3384\n                ],\n                [\n                    "2018-07-05",\n                    2.3148999999999997\n                ],\n                [\n                    "2018-07-06",\n                    2.2929000000000004\n                ],\n                [\n                    "2018-07-09",\n                    2.2808\n                ],\n                [\n                    "2018-07-10",\n                    2.2762000000000002\n                ],\n                [\n                    "2018-07-11",\n                    2.2741999999999996\n                ],\n                [\n                    "2018-07-12",\n                    2.2703999999999995\n                ],\n                [\n                    "2018-07-13",\n                    2.271\n                ],\n                [\n                    "2018-07-16",\n                    2.2772\n                ],\n                [\n                    "2018-07-17",\n                    2.2846\n                ],\n                [\n                    "2018-07-18",\n                    2.2929000000000004\n                ],\n                [\n                    "2018-07-19",\n                    2.3014\n                ],\n                [\n                    "2018-07-20",\n                    2.3084\n                ],\n                [\n                    "2018-07-23",\n                    2.3066\n                ],\n                [\n                    "2018-07-24",\n                    2.3113\n                ],\n                [\n                    "2018-07-25",\n                    2.3177\n                ],\n                [\n                    "2018-07-26",\n                    2.3165000000000004\n                ],\n                [\n                    "2018-07-27",\n                    2.3103000000000002\n                ],\n                [\n                    "2018-07-30",\n                    2.3018\n                ],\n                [\n                    "2018-07-31",\n                    2.2983000000000002\n                ],\n                [\n                    "2018-08-01",\n                    2.2919\n                ],\n                [\n                    "2018-08-02",\n                    2.2792000000000003\n                ],\n                [\n                    "2018-08-03",\n                    2.2601\n                ],\n                [\n                    "2018-08-06",\n                    2.2398\n                ],\n                [\n                    "2018-08-07",\n                    2.2183\n                ],\n                [\n                    "2018-08-08",\n                    2.1917999999999997\n                ],\n                [\n                    "2018-08-09",\n                    2.1736999999999997\n                ],\n                [\n                    "2018-08-10",\n                    2.1574999999999998\n                ],\n                [\n                    "2018-08-13",\n                    2.1421\n                ],\n                [\n                    "2018-08-14",\n                    2.1241\n                ],\n                [\n                    "2018-08-15",\n                    2.1056\n                ],\n                [\n                    "2018-08-16",\n                    2.0905\n                ],\n                [\n                    "2018-08-17",\n                    2.0782\n                ],\n                [\n                    "2018-08-20",\n                    2.0701\n                ],\n                [\n                    "2018-08-21",\n                    2.0633000000000004\n                ],\n                [\n                    "2018-08-22",\n                    2.0604999999999998\n                ],\n                [\n                    "2018-08-23",\n                    2.0521000000000003\n                ],\n                [\n                    "2018-08-24",\n                    2.0411\n                ],\n                [\n                    "2018-08-27",\n                    2.0391\n                ],\n                [\n                    "2018-08-28",\n                    2.0370999999999997\n                ],\n                [\n                    "2018-08-29",\n                    2.0393999999999997\n                ],\n                [\n                    "2018-08-30",\n                    2.044\n                ],\n                [\n                    "2018-08-31",\n                    2.0476\n                ],\n                [\n                    "2018-09-03",\n                    2.0494\n                ],\n                [\n                    "2018-09-04",\n                    2.0461\n                ],\n                [\n                    "2018-09-05",\n                    2.0401000000000002\n                ],\n                [\n                    "2018-09-06",\n                    2.0309\n                ],\n                [\n                    "2018-09-07",\n                    2.0253000000000005\n                ],\n                [\n                    "2018-09-10",\n                    2.011\n                ],\n                [\n                    "2018-09-11",\n                    1.9979000000000002\n                ],\n                [\n                    "2018-09-12",\n                    1.9831000000000003\n                ],\n                [\n                    "2018-09-13",\n                    1.9703000000000004\n                ],\n                [\n                    "2018-09-14",\n                    1.9642\n                ],\n                [\n                    "2018-09-17",\n                    1.9571\n                ],\n                [\n                    "2018-09-18",\n                    1.953\n                ],\n                [\n                    "2018-09-19",\n                    1.9583\n                ],\n                [\n                    "2018-09-20",\n                    1.9669\n                ],\n                [\n                    "2018-09-21",\n                    1.9781\n                ],\n                [\n                    "2018-09-25",\n                    1.9893999999999998\n                ],\n                [\n                    "2018-09-26",\n                    2.0041\n                ],\n                [\n                    "2018-09-27",\n                    2.0222\n                ],\n                [\n                    "2018-09-28",\n                    2.0411\n                ],\n                [\n                    "2018-10-08",\n                    2.0475000000000003\n                ],\n                [\n                    "2018-10-09",\n                    2.0563000000000002\n                ],\n                [\n                    "2018-10-10",\n                    2.0562\n                ],\n                [\n                    "2018-10-11",\n                    2.0454\n                ],\n                [\n                    "2018-10-12",\n                    2.0381\n                ],\n                [\n                    "2018-10-15",\n                    2.0213\n                ],\n                [\n                    "2018-10-16",\n                    2.0048000000000004\n                ],\n                [\n                    "2018-10-17",\n                    1.9849\n                ],\n                [\n                    "2018-10-18",\n                    1.9606999999999999\n                ],\n                [\n                    "2018-10-19",\n                    1.9407\n                ],\n                [\n                    "2018-10-22",\n                    1.9388\n                ],\n                [\n                    "2018-10-23",\n                    1.9269999999999996\n                ],\n                [\n                    "2018-10-24",\n                    1.9168999999999996\n                ],\n                [\n                    "2018-10-25",\n                    1.9102000000000001\n                ],\n                [\n                    "2018-10-26",\n                    1.8973999999999998\n                ],\n                [\n                    "2018-10-29",\n                    1.8785\n                ],\n                [\n                    "2018-10-30",\n                    1.8596\n                ],\n                [\n                    "2018-10-31",\n                    1.8443999999999998\n                ],\n                [\n                    "2018-11-01",\n                    1.8361999999999998\n                ],\n                [\n                    "2018-11-02",\n                    1.8308\n                ],\n                [\n                    "2018-11-05",\n                    1.8151\n                ],\n                [\n                    "2018-11-06",\n                    1.8061\n                ],\n                [\n                    "2018-11-07",\n                    1.8000000000000003\n                ],\n                [\n                    "2018-11-08",\n                    1.7966000000000002\n                ],\n                [\n                    "2018-11-09",\n                    1.7938000000000003\n                ],\n                [\n                    "2018-11-12",\n                    1.8027000000000002\n                ],\n                [\n                    "2018-11-13",\n                    1.816\n                ],\n                [\n                    "2018-11-14",\n                    1.8229\n                ],\n                [\n                    "2018-11-15",\n                    1.8277\n                ],\n                [\n                    "2018-11-16",\n                    1.8247\n                ],\n                [\n                    "2018-11-19",\n                    1.8256000000000001\n                ],\n                [\n                    "2018-11-20",\n                    1.8250999999999997\n                ],\n                [\n                    "2018-11-21",\n                    1.8255\n                ],\n                [\n                    "2018-11-22",\n                    1.8262\n                ],\n                [\n                    "2018-11-23",\n                    1.8254000000000001\n                ],\n                [\n                    "2018-11-26",\n                    1.8230999999999997\n                ],\n                [\n                    "2018-11-27",\n                    1.8165999999999998\n                ],\n                [\n                    "2018-11-28",\n                    1.8146\n                ],\n                [\n                    "2018-11-29",\n                    1.8111000000000002\n                ],\n                [\n                    "2018-11-30",\n                    1.8093\n                ],\n                [\n                    "2018-12-03",\n                    1.8128999999999997\n                ],\n                [\n                    "2018-12-04",\n                    1.8198\n                ],\n                [\n                    "2018-12-05",\n                    1.8262\n                ],\n                [\n                    "2018-12-06",\n                    1.8280999999999998\n                ],\n                [\n                    "2018-12-07",\n                    1.8325\n                ],\n                [\n                    "2018-12-10",\n                    1.8350000000000002\n                ],\n                [\n                    "2018-12-11",\n                    1.8391000000000002\n                ],\n                [\n                    "2018-12-12",\n                    1.8425999999999998\n                ],\n                [\n                    "2018-12-13",\n                    1.8516\n                ],\n                [\n                    "2018-12-14",\n                    1.8558\n                ],\n                [\n                    "2018-12-17",\n                    1.8519999999999999\n                ],\n                [\n                    "2018-12-18",\n                    1.8470000000000002\n                ],\n                [\n                    "2018-12-19",\n                    1.8393000000000002\n                ],\n                [\n                    "2018-12-20",\n                    1.8353000000000002\n                ],\n                [\n                    "2018-12-21",\n                    1.8297999999999999\n                ],\n                [\n                    "2018-12-24",\n                    1.8279999999999998\n                ],\n                [\n                    "2018-12-25",\n                    1.8248000000000002\n                ],\n                [\n                    "2018-12-26",\n                    1.8186\n                ],\n                [\n                    "2018-12-27",\n                    1.8069000000000002\n                ],\n                [\n                    "2018-12-28",\n                    1.7993000000000001\n                ],\n                [\n                    "2018-12-31",\n                    1.7928000000000002\n                ],\n                [\n                    "2019-01-02",\n                    1.7857999999999996\n                ],\n                [\n                    "2019-01-03",\n                    1.7782999999999998\n                ],\n                [\n                    "2019-01-04",\n                    1.7747\n                ],\n                [\n                    "2019-01-07",\n                    1.7741999999999998\n                ],\n                [\n                    "2019-01-08",\n                    1.7721\n                ],\n                [\n                    "2019-01-09",\n                    1.7745000000000002\n                ],\n                [\n                    "2019-01-10",\n                    1.7783000000000002\n                ],\n                [\n                    "2019-01-11",\n                    1.7850000000000001\n                ],\n                [\n                    "2019-01-14",\n                    1.7881\n                ],\n                [\n                    "2019-01-15",\n                    1.7983999999999998\n                ],\n                [\n                    "2019-01-16",\n                    1.8102999999999998\n                ],\n                [\n                    "2019-01-17",\n                    1.8241\n                ],\n                [\n                    "2019-01-18",\n                    1.839\n                ],\n                [\n                    "2019-01-21",\n                    1.8548000000000002\n                ],\n                [\n                    "2019-01-22",\n                    1.8683\n                ],\n                [\n                    "2019-01-23",\n                    1.8786999999999998\n                ],\n                [\n                    "2019-01-24",\n                    1.8905999999999998\n                ],\n                [\n                    "2019-01-25",\n                    1.9015999999999997\n                ],\n                [\n                    "2019-01-28",\n                    1.9161000000000001\n                ],\n                [\n                    "2019-01-29",\n                    1.9254000000000002\n                ],\n                [\n                    "2019-01-30",\n                    1.932\n                ],\n                [\n                    "2019-01-31",\n                    1.9423\n                ],\n                [\n                    "2019-02-01",\n                    1.9501000000000002\n                ],\n                [\n                    "2019-02-11",\n                    1.9634\n                ],\n                [\n                    "2019-02-12",\n                    1.9802\n                ],\n                [\n                    "2019-02-13",\n                    1.9981000000000002\n                ],\n                [\n                    "2019-02-14",\n                    2.0175\n                ],\n                [\n                    "2019-02-15",\n                    2.0316\n                ],\n                [\n                    "2019-02-18",\n                    2.0509\n                ],\n                [\n                    "2019-02-19",\n                    2.0677\n                ],\n                [\n                    "2019-02-20",\n                    2.0875\n                ],\n                [\n                    "2019-02-21",\n                    2.1033999999999997\n                ],\n                [\n                    "2019-02-22",\n                    2.1182\n                ],\n                [\n                    "2019-02-25",\n                    2.1328\n                ],\n                [\n                    "2019-02-26",\n                    2.1425\n                ],\n                [\n                    "2019-02-27",\n                    2.1513\n                ],\n                [\n                    "2019-02-28",\n                    2.1581\n                ],\n                [\n                    "2019-03-01",\n                    2.1753\n                ],\n                [\n                    "2019-03-04",\n                    2.1885\n                ],\n                [\n                    "2019-03-05",\n                    2.2038\n                ],\n                [\n                    "2019-03-06",\n                    2.2175000000000002\n                ],\n                [\n                    "2019-03-07",\n                    2.2263\n                ],\n                [\n                    "2019-03-08",\n                    2.2294\n                ],\n                [\n                    "2019-03-11",\n                    2.231\n                ],\n                [\n                    "2019-03-12",\n                    2.2355\n                ],\n                [\n                    "2019-03-13",\n                    2.2392\n                ],\n                [\n                    "2019-03-14",\n                    2.2436\n                ],\n                [\n                    "2019-03-15",\n                    2.2481\n                ],\n                [\n                    "2019-03-18",\n                    2.2622\n                ],\n                [\n                    "2019-03-19",\n                    2.2735\n                ],\n                [\n                    "2019-03-20",\n                    2.2856\n                ],\n                [\n                    "2019-03-21",\n                    2.3016\n                ],\n                [\n                    "2019-03-22",\n                    2.3249\n                ],\n                [\n                    "2019-03-25",\n                    2.3369\n                ],\n                [\n                    "2019-03-26",\n                    2.3514\n                ],\n                [\n                    "2019-03-27",\n                    2.3705000000000003\n                ],\n                [\n                    "2019-03-28",\n                    2.3904\n                ],\n                [\n                    "2019-03-29",\n                    2.4129\n                ],\n                [\n                    "2019-04-01",\n                    2.4291\n                ],\n                [\n                    "2019-04-02",\n                    2.4436\n                ],\n                [\n                    "2019-04-03",\n                    2.4591000000000003\n                ],\n                [\n                    "2019-04-04",\n                    2.4825\n                ],\n                [\n                    "2019-04-08",\n                    2.5040000000000004\n                ],\n                [\n                    "2019-04-09",\n                    2.5366999999999997\n                ],\n                [\n                    "2019-04-10",\n                    2.5733\n                ],\n                [\n                    "2019-04-11",\n                    2.5949999999999998\n                ],\n                [\n                    "2019-04-12",\n                    2.6132999999999997\n                ],\n                [\n                    "2019-04-15",\n                    2.622\n                ],\n                [\n                    "2019-04-16",\n                    2.6292\n                ],\n                [\n                    "2019-04-17",\n                    2.6412\n                ],\n                [\n                    "2019-04-18",\n                    2.6559999999999997\n                ],\n                [\n                    "2019-04-19",\n                    2.6689\n                ],\n                [\n                    "2019-04-22",\n                    2.6761\n                ],\n                [\n                    "2019-04-23",\n                    2.6797\n                ],\n                [\n                    "2019-04-24",\n                    2.6767\n                ],\n                [\n                    "2019-04-25",\n                    2.6784\n                ],\n                [\n                    "2019-04-26",\n                    2.6812\n                ],\n                [\n                    "2019-04-29",\n                    2.6866\n                ],\n                [\n                    "2019-04-30",\n                    2.6895\n                ],\n                [\n                    "2019-05-06",\n                    2.6742\n                ],\n                [\n                    "2019-05-07",\n                    2.661\n                ],\n                [\n                    "2019-05-08",\n                    2.6429\n                ],\n                [\n                    "2019-05-09",\n                    2.6233999999999997\n                ],\n                [\n                    "2019-05-10",\n                    2.6122\n                ],\n                [\n                    "2019-05-13",\n                    2.6016\n                ],\n                [\n                    "2019-05-14",\n                    2.5944000000000003\n                ],\n                [\n                    "2019-05-15",\n                    2.5974999999999997\n                ],\n                [\n                    "2019-05-16",\n                    2.6018\n                ],\n                [\n                    "2019-05-17",\n                    2.598\n                ],\n                [\n                    "2019-05-20",\n                    2.6053\n                ],\n                [\n                    "2019-05-21",\n                    2.6101\n                ],\n                [\n                    "2019-05-22",\n                    2.6147\n                ],\n                [\n                    "2019-05-23",\n                    2.6187\n                ],\n                [\n                    "2019-05-24",\n                    2.6148\n                ],\n                [\n                    "2019-05-27",\n                    2.6126\n                ],\n                [\n                    "2019-05-28",\n                    2.6153\n                ],\n                [\n                    "2019-05-29",\n                    2.6074\n                ],\n                [\n                    "2019-05-30",\n                    2.5941\n                ],\n                [\n                    "2019-05-31",\n                    2.5853\n                ],\n                [\n                    "2019-06-03",\n                    2.5818\n                ],\n                [\n                    "2019-06-04",\n                    2.5718\n                ],\n                [\n                    "2019-06-05",\n                    2.5627\n                ],\n                [\n                    "2019-06-06",\n                    2.559\n                ],\n                [\n                    "2019-06-10",\n                    2.5565\n                ],\n                [\n                    "2019-06-11",\n                    2.5634\n                ],\n                [\n                    "2019-06-12",\n                    2.5652\n                ],\n                [\n                    "2019-06-13",\n                    2.5654\n                ],\n                [\n                    "2019-06-14",\n                    2.5661\n                ],\n                [\n                    "2019-06-17",\n                    2.5667999999999997\n                ],\n                [\n                    "2019-06-18",\n                    2.5679\n                ],\n                [\n                    "2019-06-19",\n                    2.5765000000000002\n                ],\n                [\n                    "2019-06-20",\n                    2.5949999999999998\n                ],\n                [\n                    "2019-06-21",\n                    2.6151\n                ],\n                [\n                    "2019-06-24",\n                    2.6347\n                ],\n                [\n                    "2019-06-25",\n                    2.6431999999999998\n                ],\n                [\n                    "2019-06-26",\n                    2.6534\n                ],\n                [\n                    "2019-06-27",\n                    2.6713999999999998\n                ],\n                [\n                    "2019-06-28",\n                    2.6917999999999997\n                ],\n                [\n                    "2019-06-30",\n                    2.7137000000000002\n                ],\n                [\n                    "2019-07-01",\n                    2.7466\n                ],\n                [\n                    "2019-07-02",\n                    2.7771\n                ],\n                [\n                    "2019-07-03",\n                    2.7923999999999998\n                ],\n                [\n                    "2019-07-04",\n                    2.8058\n                ],\n                [\n                    "2019-07-05",\n                    2.8219\n                ],\n                [\n                    "2019-07-08",\n                    2.8337000000000003\n                ],\n                [\n                    "2019-07-09",\n                    2.8454\n                ],\n                [\n                    "2019-07-10",\n                    2.8524000000000003\n                ],\n                [\n                    "2019-07-11",\n                    2.8579\n                ],\n                [\n                    "2019-07-12",\n                    2.866\n                ],\n                [\n                    "2019-07-15",\n                    2.8608\n                ],\n                [\n                    "2019-07-16",\n                    2.8505\n                ],\n                [\n                    "2019-07-17",\n                    2.8448\n                ],\n                [\n                    "2019-07-18",\n                    2.8379000000000003\n                ],\n                [\n                    "2019-07-19",\n                    2.8268\n                ],\n                [\n                    "2019-07-22",\n                    2.8203\n                ],\n                [\n                    "2019-07-23",\n                    2.8125999999999998\n                ],\n                [\n                    "2019-07-24",\n                    2.804\n                ],\n                [\n                    "2019-07-25",\n                    2.7983000000000002\n                ],\n                [\n                    "2019-07-26",\n                    2.79\n                ],\n                [\n                    "2019-07-29",\n                    2.7851000000000004\n                ],\n                [\n                    "2019-07-30",\n                    2.7845\n                ],\n                [\n                    "2019-07-31",\n                    2.7818\n                ],\n                [\n                    "2019-08-01",\n                    2.779\n                ],\n                [\n                    "2019-08-02",\n                    2.7734\n                ],\n                [\n                    "2019-08-05",\n                    2.7641\n                ],\n                [\n                    "2019-08-06",\n                    2.7575\n                ],\n                [\n                    "2019-08-07",\n                    2.7483\n                ],\n                [\n                    "2019-08-08",\n                    2.7411\n                ],\n                [\n                    "2019-08-09",\n                    2.7314\n                ],\n                [\n                    "2019-08-12",\n                    2.7247\n                ],\n                [\n                    "2019-08-13",\n                    2.7173000000000003\n                ],\n                [\n                    "2019-08-14",\n                    2.7172\n                ],\n                [\n                    "2019-08-15",\n                    2.7198\n                ],\n                [\n                    "2019-08-16",\n                    2.7256\n                ],\n                [\n                    "2019-08-19",\n                    2.7391\n                ],\n                [\n                    "2019-08-20",\n                    2.7544\n                ],\n                [\n                    "2019-08-21",\n                    2.7716000000000003\n                ],\n                [\n                    "2019-08-22",\n                    2.7887\n                ],\n                [\n                    "2019-08-23",\n                    2.8096\n                ],\n                [\n                    "2019-08-26",\n                    2.8218\n                ],\n                [\n                    "2019-08-27",\n                    2.8401\n                ],\n                [\n                    "2019-08-28",\n                    2.8543\n                ],\n                [\n                    "2019-08-29",\n                    2.8706\n                ],\n                [\n                    "2019-08-30",\n                    2.8905000000000003\n                ],\n                [\n                    "2019-09-02",\n                    2.9097999999999997\n                ],\n                [\n                    "2019-09-03",\n                    2.9252\n                ],\n                [\n                    "2019-09-04",\n                    2.9389000000000003\n                ],\n                [\n                    "2019-09-05",\n                    2.9487\n                ],\n                [\n                    "2019-09-06",\n                    2.9567\n                ],\n                [\n                    "2019-09-09",\n                    2.9687\n                ],\n                [\n                    "2019-09-10",\n                    2.9736000000000002\n                ],\n                [\n                    "2019-09-11",\n                    2.9697000000000005\n                ],\n                [\n                    "2019-09-12",\n                    2.9690000000000003\n                ],\n                [\n                    "2019-09-16",\n                    2.9615\n                ],\n                [\n                    "2019-09-17",\n                    2.9499000000000004\n                ],\n                [\n                    "2019-09-18",\n                    2.9450000000000003\n                ],\n                [\n                    "2019-09-19",\n                    2.9421000000000004\n                ],\n                [\n                    "2019-09-20",\n                    2.9392\n                ],\n                [\n                    "2019-09-23",\n                    2.9339000000000004\n                ],\n                [\n                    "2019-09-24",\n                    2.9325\n                ],\n                [\n                    "2019-09-25",\n                    2.9306\n                ],\n                [\n                    "2019-09-26",\n                    2.9346000000000005\n                ],\n                [\n                    "2019-09-27",\n                    2.9335999999999998\n                ],\n                [\n                    "2019-09-30",\n                    2.9312\n                ],\n                [\n                    "2019-10-08",\n                    2.933\n                ],\n                [\n                    "2019-10-09",\n                    2.9271\n                ],\n                [\n                    "2019-10-10",\n                    2.9221\n                ],\n                [\n                    "2019-10-11",\n                    2.9191\n                ],\n                [\n                    "2019-10-14",\n                    2.9197999999999995\n                ],\n                [\n                    "2019-10-15",\n                    2.9201\n                ],\n                [\n                    "2019-10-16",\n                    2.9194\n                ],\n                [\n                    "2019-10-17",\n                    2.9203\n                ],\n                [\n                    "2019-10-18",\n                    2.9182\n                ],\n                [\n                    "2019-10-21",\n                    2.9204\n                ],\n                [\n                    "2019-10-22",\n                    2.9201\n                ],\n                [\n                    "2019-10-23",\n                    2.9183\n                ],\n                [\n                    "2019-10-24",\n                    2.9114999999999998\n                ],\n                [\n                    "2019-10-25",\n                    2.9053\n                ],\n                [\n                    "2019-10-28",\n                    2.9018\n                ],\n                [\n                    "2019-10-29",\n                    2.8973\n                ],\n                [\n                    "2019-10-30",\n                    2.8931\n                ],\n                [\n                    "2019-10-31",\n                    2.8926\n                ],\n                [\n                    "2019-11-01",\n                    2.9025\n                ],\n                [\n                    "2019-11-04",\n                    2.9124000000000003\n                ],\n                [\n                    "2019-11-05",\n                    2.9222\n                ],\n                [\n                    "2019-11-06",\n                    2.9332000000000003\n                ],\n                [\n                    "2019-11-07",\n                    2.9490000000000003\n                ],\n                [\n                    "2019-11-08",\n                    2.9621000000000004\n                ],\n                [\n                    "2019-11-11",\n                    2.9672\n                ],\n                [\n                    "2019-11-12",\n                    2.9692\n                ],\n                [\n                    "2019-11-13",\n                    2.9762999999999997\n                ],\n                [\n                    "2019-11-14",\n                    2.9834\n                ],\n                [\n                    "2019-11-15",\n                    2.983\n                ],\n                [\n                    "2019-11-18",\n                    2.9805\n                ],\n                [\n                    "2019-11-19",\n                    2.9805\n                ],\n                [\n                    "2019-11-20",\n                    2.9828\n                ],\n                [\n                    "2019-11-21",\n                    2.9828\n                ],\n                [\n                    "2019-11-22",\n                    2.9772\n                ],\n                [\n                    "2019-11-25",\n                    2.9758000000000004\n                ],\n                [\n                    "2019-11-26",\n                    2.9777\n                ],\n                [\n                    "2019-11-27",\n                    2.9752\n                ],\n                [\n                    "2019-11-28",\n                    2.9694000000000003\n                ],\n                [\n                    "2019-11-29",\n                    2.9579999999999997\n                ],\n                [\n                    "2019-12-02",\n                    2.9471\n                ],\n                [\n                    "2019-12-03",\n                    2.9345\n                ],\n                [\n                    "2019-12-04",\n                    2.9240000000000004\n                ],\n                [\n                    "2019-12-05",\n                    2.9153\n                ],\n                [\n                    "2019-12-06",\n                    2.9173\n                ],\n                [\n                    "2019-12-09",\n                    2.9181999999999997\n                ],\n                [\n                    "2019-12-10",\n                    2.9168\n                ],\n                [\n                    "2019-12-11",\n                    2.9149000000000003\n                ],\n                [\n                    "2019-12-12",\n                    2.9122999999999997\n                ],\n                [\n                    "2019-12-13",\n                    2.9207\n                ],\n                [\n                    "2019-12-16",\n                    2.9274999999999998\n                ],\n                [\n                    "2019-12-17",\n                    2.9353000000000002\n                ],\n                [\n                    "2019-12-18",\n                    2.941\n                ],\n                [\n                    "2019-12-19",\n                    2.9453000000000005\n                ],\n                [\n                    "2019-12-20",\n                    2.9436999999999998\n                ],\n                [\n                    "2019-12-23",\n                    2.9425\n                ],\n                [\n                    "2019-12-24",\n                    2.9423000000000004\n                ],\n                [\n                    "2019-12-25",\n                    2.9419999999999997\n                ],\n                [\n                    "2019-12-26",\n                    2.9462\n                ],\n                [\n                    "2019-12-27",\n                    2.9473\n                ],\n                [\n                    "2019-12-30",\n                    2.9579999999999997\n                ],\n                [\n                    "2019-12-31",\n                    2.9673\n                ],\n                [\n                    "2020-01-02",\n                    2.9768999999999997\n                ],\n                [\n                    "2020-01-03",\n                    2.9834000000000005\n                ],\n                [\n                    "2020-01-06",\n                    2.9885\n                ],\n                [\n                    "2020-01-07",\n                    2.9976\n                ],\n                [\n                    "2020-01-08",\n                    3.0061999999999998\n                ],\n                [\n                    "2020-01-09",\n                    3.0229\n                ],\n                [\n                    "2020-01-10",\n                    3.0415\n                ],\n                [\n                    "2020-01-13",\n                    3.0593000000000004\n                ],\n                [\n                    "2020-01-14",\n                    3.0657\n                ],\n                [\n                    "2020-01-15",\n                    3.0727\n                ],\n                [\n                    "2020-01-16",\n                    3.0802\n                ],\n                [\n                    "2020-01-17",\n                    3.0936999999999997\n                ],\n                [\n                    "2020-01-20",\n                    3.1078\n                ],\n                [\n                    "2020-01-21",\n                    3.1126\n                ],\n                [\n                    "2020-01-22",\n                    3.1167000000000002\n                ],\n                [\n                    "2020-01-23",\n                    3.1048999999999998\n                ],\n                [\n                    "2020-02-03",\n                    3.0644\n                ],\n                [\n                    "2020-02-04",\n                    3.0265999999999997\n                ],\n                [\n                    "2020-02-05",\n                    2.9951999999999996\n                ],\n                [\n                    "2020-02-06",\n                    2.9657\n                ],\n                [\n                    "2020-02-07",\n                    2.9362000000000004\n                ],\n                [\n                    "2020-02-10",\n                    2.9061\n                ],\n                [\n                    "2020-02-11",\n                    2.8838\n                ],\n                [\n                    "2020-02-12",\n                    2.8682\n                ],\n                [\n                    "2020-02-13",\n                    2.8499\n                ],\n                [\n                    "2020-02-14",\n                    2.8413999999999997\n                ],\n                [\n                    "2020-02-17",\n                    2.8592\n                ],\n                [\n                    "2020-02-18",\n                    2.8718\n                ],\n                [\n                    "2020-02-19",\n                    2.8845\n                ],\n                [\n                    "2020-02-20",\n                    2.9031\n                ],\n                [\n                    "2020-02-21",\n                    2.9202\n                ],\n                [\n                    "2020-02-24",\n                    2.9325\n                ],\n                [\n                    "2020-02-25",\n                    2.9371\n                ],\n                [\n                    "2020-02-26",\n                    2.9381\n                ],\n                [\n                    "2020-02-27",\n                    2.9455999999999998\n                ],\n                [\n                    "2020-02-28",\n                    2.9433999999999996\n                ],\n                [\n                    "2020-03-02",\n                    2.9455999999999998\n                ],\n                [\n                    "2020-03-03",\n                    2.9513\n                ],\n                [\n                    "2020-03-04",\n                    2.9558\n                ],\n                [\n                    "2020-03-05",\n                    2.9655\n                ],\n                [\n                    "2020-03-06",\n                    2.9694000000000003\n                ],\n                [\n                    "2020-03-09",\n                    2.9666\n                ],\n                [\n                    "2020-03-10",\n                    2.9732\n                ],\n                [\n                    "2020-03-11",\n                    2.9812\n                ],\n                [\n                    "2020-03-12",\n                    2.9786\n                ],\n                [\n                    "2020-03-13",\n                    2.9813\n                ],\n                [\n                    "2020-03-16",\n                    2.9671000000000003\n                ],\n                [\n                    "2020-03-17",\n                    2.9457\n                ],\n                [\n                    "2020-03-18",\n                    2.9175000000000004\n                ],\n                [\n                    "2020-03-19",\n                    2.8667000000000002\n                ],\n                [\n                    "2020-03-20",\n                    2.8289\n                ],\n                [\n                    "2020-03-23",\n                    2.7932\n                ],\n                [\n                    "2020-03-24",\n                    2.7586000000000004\n                ],\n                [\n                    "2020-03-25",\n                    2.7336\n                ],\n                [\n                    "2020-03-26",\n                    2.7155\n                ],\n                [\n                    "2020-03-27",\n                    2.7056\n                ],\n                [\n                    "2020-03-30",\n                    2.7018\n                ],\n                [\n                    "2020-03-31",\n                    2.7075\n                ],\n                [\n                    "2020-04-01",\n                    2.7168\n                ],\n                [\n                    "2020-04-02",\n                    2.7367999999999997\n                ],\n                [\n                    "2020-04-03",\n                    2.7496\n                ],\n                [\n                    "2020-04-07",\n                    2.7761\n                ],\n                [\n                    "2020-04-08",\n                    2.7923\n                ],\n                [\n                    "2020-04-09",\n                    2.8026\n                ],\n                [\n                    "2020-04-10",\n                    2.8151\n                ],\n                [\n                    "2020-04-13",\n                    2.8256\n                ],\n                [\n                    "2020-04-14",\n                    2.8435\n                ],\n                [\n                    "2020-04-15",\n                    2.8562000000000003\n                ],\n                [\n                    "2020-04-16",\n                    2.8686\n                ],\n                [\n                    "2020-04-17",\n                    2.8808\n                ],\n                [\n                    "2020-04-20",\n                    2.8952\n                ],\n                [\n                    "2020-04-21",\n                    2.8994\n                ],\n                [\n                    "2020-04-22",\n                    2.9108\n                ],\n                [\n                    "2020-04-23",\n                    2.9225000000000003\n                ],\n                [\n                    "2020-04-24",\n                    2.9326999999999996\n                ],\n                [\n                    "2020-04-27",\n                    2.9395\n                ],\n                [\n                    "2020-04-28",\n                    2.9493\n                ],\n                [\n                    "2020-04-29",\n                    2.9547\n                ],\n                [\n                    "2020-04-30",\n                    2.9638999999999998\n                ],\n                [\n                    "2020-05-06",\n                    2.9712\n                ],\n                [\n                    "2020-05-07",\n                    2.9794\n                ],\n                [\n                    "2020-05-08",\n                    2.9973\n                ],\n                [\n                    "2020-05-11",\n                    3.0111\n                ],\n                [\n                    "2020-05-12",\n                    3.0256\n                ],\n                [\n                    "2020-05-13",\n                    3.043\n                ],\n                [\n                    "2020-05-14",\n                    3.0616\n                ],\n                [\n                    "2020-05-15",\n                    3.0704000000000002\n                ],\n                [\n                    "2020-05-18",\n                    3.0898\n                ],\n                [\n                    "2020-05-19",\n                    3.1086\n                ],\n                [\n                    "2020-05-20",\n                    3.1255\n                ],\n                [\n                    "2020-05-21",\n                    3.1423\n                ],\n                [\n                    "2020-05-22",\n                    3.146\n                ],\n                [\n                    "2020-05-25",\n                    3.1513999999999998\n                ],\n                [\n                    "2020-05-26",\n                    3.1571\n                ],\n                [\n                    "2020-05-27",\n                    3.157\n                ],\n                [\n                    "2020-05-28",\n                    3.1588000000000003\n                ],\n                [\n                    "2020-05-29",\n                    3.1673999999999998\n                ],\n                [\n                    "2020-06-01",\n                    3.1779\n                ],\n                [\n                    "2020-06-02",\n                    3.184\n                ],\n                [\n                    "2020-06-03",\n                    3.1902999999999997\n                ],\n                [\n                    "2020-06-04",\n                    3.1992\n                ],\n                [\n                    "2020-06-05",\n                    3.2197000000000005\n                ],\n                [\n                    "2020-06-08",\n                    3.2386000000000004\n                ],\n                [\n                    "2020-06-09",\n                    3.2558\n                ],\n                [\n                    "2020-06-10",\n                    3.2749\n                ],\n                [\n                    "2020-06-11",\n                    3.2882\n                ],\n                [\n                    "2020-06-12",\n                    3.2982\n                ],\n                [\n                    "2020-06-15",\n                    3.2935000000000003\n                ],\n                [\n                    "2020-06-16",\n                    3.2956000000000003\n                ],\n                [\n                    "2020-06-17",\n                    3.2970999999999995\n                ],\n                [\n                    "2020-06-18",\n                    3.2950000000000004\n                ],\n                [\n                    "2020-06-19",\n                    3.2975000000000003\n                ],\n                [\n                    "2020-06-22",\n                    3.2948999999999997\n                ],\n                [\n                    "2020-06-23",\n                    3.2959000000000005\n                ],\n                [\n                    "2020-06-24",\n                    3.2977999999999996\n                ],\n                [\n                    "2020-06-29",\n                    3.3039\n                ],\n                [\n                    "2020-06-30",\n                    3.3131\n                ],\n                [\n                    "2020-07-01",\n                    3.343\n                ],\n                [\n                    "2020-07-02",\n                    3.3769\n                ],\n                [\n                    "2020-07-03",\n                    3.41\n                ],\n                [\n                    "2020-07-06",\n                    3.4493\n                ],\n                [\n                    "2020-07-07",\n                    3.4875999999999996\n                ],\n                [\n                    "2020-07-08",\n                    3.5283\n                ],\n                [\n                    "2020-07-09",\n                    3.568\n                ],\n                [\n                    "2020-07-10",\n                    3.6105000000000005\n                ],\n                [\n                    "2020-07-13",\n                    3.6689999999999996\n                ],\n                [\n                    "2020-07-14",\n                    3.7234000000000003\n                ],\n                [\n                    "2020-07-15",\n                    3.7732\n                ],\n                [\n                    "2020-07-16",\n                    3.7867000000000006\n                ],\n                [\n                    "2020-07-17",\n                    3.8084\n                ],\n                [\n                    "2020-07-20",\n                    3.8234000000000004\n                ],\n                [\n                    "2020-07-21",\n                    3.8376999999999994\n                ],\n                [\n                    "2020-07-22",\n                    3.8569000000000004\n                ],\n                [\n                    "2020-07-23",\n                    3.8752000000000004\n                ],\n                [\n                    "2020-07-24",\n                    3.8725\n                ],\n                [\n                    "2020-07-27",\n                    3.8561\n                ],\n                [\n                    "2020-07-28",\n                    3.8496\n                ],\n                [\n                    "2020-07-29",\n                    3.8421999999999996\n                ],\n                [\n                    "2020-07-30",\n                    3.8659\n                ],\n                [\n                    "2020-07-31",\n                    3.8847\n                ],\n                [\n                    "2020-08-03",\n                    3.9040999999999997\n                ],\n                [\n                    "2020-08-04",\n                    3.9158\n                ],\n                [\n                    "2020-08-05",\n                    3.9244999999999997\n                ],\n                [\n                    "2020-08-06",\n                    3.9224000000000006\n                ],\n                [\n                    "2020-08-07",\n                    3.9337000000000004\n                ],\n                [\n                    "2020-08-10",\n                    3.9450000000000003\n                ],\n                [\n                    "2020-08-11",\n                    3.9476999999999998\n                ],\n                [\n                    "2020-08-12",\n                    3.9375\n                ],\n                [\n                    "2020-08-13",\n                    3.9267000000000003\n                ],\n                [\n                    "2020-08-14",\n                    3.9257000000000004\n                ],\n                [\n                    "2020-08-17",\n                    3.9299\n                ],\n                [\n                    "2020-08-18",\n                    3.9388000000000005\n                ],\n                [\n                    "2020-08-19",\n                    3.9444000000000004\n                ],\n                [\n                    "2020-08-20",\n                    3.9492999999999996\n                ],\n                [\n                    "2020-08-21",\n                    3.964399999999999\n                ],\n                [\n                    "2020-08-24",\n                    3.9850000000000003\n                ],\n                [\n                    "2020-08-25",\n                    4.0143\n                ],\n                [\n                    "2020-08-26",\n                    4.048\n                ],\n                [\n                    "2020-08-27",\n                    4.0859\n                ],\n                [\n                    "2020-08-28",\n                    4.1267\n                ],\n                [\n                    "2020-08-31",\n                    4.1584\n                ],\n                [\n                    "2020-09-01",\n                    4.1848\n                ],\n                [\n                    "2020-09-02",\n                    4.2111\n                ],\n                [\n                    "2020-09-03",\n                    4.2489\n                ],\n                [\n                    "2020-09-04",\n                    4.2721\n                ],\n                [\n                    "2020-09-07",\n                    4.280499999999999\n                ],\n                [\n                    "2020-09-08",\n                    4.2735\n                ],\n                [\n                    "2020-09-09",\n                    4.2597\n                ],\n                [\n                    "2020-09-10",\n                    4.2458\n                ],\n                [\n                    "2020-09-11",\n                    4.2269\n                ],\n                [\n                    "2020-09-14",\n                    4.215\n                ],\n                [\n                    "2020-09-15",\n                    4.206200000000001\n                ],\n                [\n                    "2020-09-16",\n                    4.1943\n                ],\n                [\n                    "2020-09-17",\n                    4.1733\n                ],\n                [\n                    "2020-09-18",\n                    4.1639\n                ],\n                [\n                    "2020-09-21",\n                    4.157400000000001\n                ],\n                [\n                    "2020-09-22",\n                    4.1539\n                ],\n                [\n                    "2020-09-23",\n                    4.1589\n                ],\n                [\n                    "2020-09-24",\n                    4.1521\n                ],\n                [\n                    "2020-09-25",\n                    4.137\n                ],\n                [\n                    "2020-09-28",\n                    4.1189\n                ],\n                [\n                    "2020-09-29",\n                    4.0998\n                ],\n                [\n                    "2020-09-30",\n                    4.0887\n                ],\n                [\n                    "2020-10-09",\n                    4.0875\n                ],\n                [\n                    "2020-10-12",\n                    4.096100000000001\n                ],\n                [\n                    "2020-10-13",\n                    4.1128\n                ],\n                [\n                    "2020-10-14",\n                    4.1301000000000005\n                ],\n                [\n                    "2020-10-15",\n                    4.1451\n                ],\n                [\n                    "2020-10-16",\n                    4.1592\n                ],\n                [\n                    "2020-10-19",\n                    4.1688\n                ],\n                [\n                    "2020-10-20",\n                    4.185599999999999\n                ],\n                [\n                    "2020-10-21",\n                    4.203200000000001\n                ],\n                [\n                    "2020-10-22",\n                    4.219900000000001\n                ],\n                [\n                    "2020-10-23",\n                    4.225499999999999\n                ],\n                [\n                    "2020-10-26",\n                    4.2141\n                ],\n                [\n                    "2020-10-27",\n                    4.1996\n                ],\n                [\n                    "2020-10-28",\n                    4.2006\n                ],\n                [\n                    "2020-10-29",\n                    4.2156\n                ],\n                [\n                    "2020-10-30",\n                    4.2228\n                ],\n                [\n                    "2020-11-02",\n                    4.24\n                ],\n                [\n                    "2020-11-03",\n                    4.250100000000001\n                ],\n                [\n                    "2020-11-04",\n                    4.2650999999999994\n                ],\n                [\n                    "2020-11-05",\n                    4.286199999999999\n                ],\n                [\n                    "2020-11-06",\n                    4.317\n                ],\n                [\n                    "2020-11-09",\n                    4.3563\n                ],\n                [\n                    "2020-11-10",\n                    4.3988\n                ],\n                [\n                    "2020-11-11",\n                    4.426399999999999\n                ],\n                [\n                    "2020-11-12",\n                    4.449199999999999\n                ],\n                [\n                    "2020-11-13",\n                    4.4774\n                ],\n                [\n                    "2020-11-16",\n                    4.5103\n                ],\n                [\n                    "2020-11-17",\n                    4.5382\n                ],\n                [\n                    "2020-11-18",\n                    4.5537\n                ],\n                [\n                    "2020-11-19",\n                    4.568299999999999\n                ],\n                [\n                    "2020-11-20",\n                    4.585\n                ],\n                [\n                    "2020-11-23",\n                    4.6013\n                ],\n                [\n                    "2020-11-24",\n                    4.6125\n                ],\n                [\n                    "2020-11-25",\n                    4.6141\n                ],\n                [\n                    "2020-11-26",\n                    4.6086\n                ],\n                [\n                    "2020-11-27",\n                    4.6153\n                ],\n                [\n                    "2020-11-30",\n                    4.6028\n                ],\n                [\n                    "2020-12-01",\n                    4.5981000000000005\n                ],\n                [\n                    "2020-12-02",\n                    4.6013\n                ],\n                [\n                    "2020-12-03",\n                    4.601000000000001\n                ],\n                [\n                    "2020-12-04",\n                    4.602600000000001\n                ],\n                [\n                    "2020-12-07",\n                    4.6015999999999995\n                ],\n                [\n                    "2020-12-08",\n                    4.6036\n                ],\n                [\n                    "2020-12-09",\n                    4.6137\n                ],\n                [\n                    "2020-12-10",\n                    4.6256\n                ],\n                [\n                    "2020-12-11",\n                    4.6363\n                ],\n                [\n                    "2020-12-14",\n                    4.6674\n                ],\n                [\n                    "2020-12-15",\n                    4.6935\n                ],\n                [\n                    "2020-12-16",\n                    4.7242999999999995\n                ],\n                [\n                    "2020-12-17",\n                    4.760299999999999\n                ],\n                [\n                    "2020-12-18",\n                    4.7886999999999995\n                ],\n                [\n                    "2020-12-21",\n                    4.8186\n                ],\n                [\n                    "2020-12-22",\n                    4.85\n                ],\n                [\n                    "2020-12-23",\n                    4.886\n                ],\n                [\n                    "2020-12-24",\n                    4.916\n                ],\n                [\n                    "2020-12-25",\n                    4.944799999999999\n                ],\n                [\n                    "2020-12-28",\n                    4.9774\n                ],\n                [\n                    "2020-12-29",\n                    5.0068\n                ],\n                [\n                    "2020-12-30",\n                    5.038200000000001\n                ],\n                [\n                    "2020-12-31",\n                    5.0692\n                ],\n                [\n                    "2021-01-04",\n                    5.113300000000001\n                ],\n                [\n                    "2021-01-05",\n                    5.172\n                ],\n                [\n                    "2021-01-06",\n                    5.2295\n                ],\n                [\n                    "2021-01-07",\n                    5.2958\n                ],\n                [\n                    "2021-01-08",\n                    5.3523\n                ],\n                [\n                    "2021-01-11",\n                    5.3962\n                ],\n                [\n                    "2021-01-12",\n                    5.4372\n                ],\n                [\n                    "2021-01-13",\n                    5.4764\n                ],\n                [\n                    "2021-01-14",\n                    5.4929\n                ],\n                [\n                    "2021-01-15",\n                    5.4908\n                ],\n                [\n                    "2021-01-18",\n                    5.4754\n                ],\n                [\n                    "2021-01-19",\n                    5.4331000000000005\n                ],\n                [\n                    "2021-01-20",\n                    5.3948\n                ],\n                [\n                    "2021-01-21",\n                    5.3591999999999995\n                ],\n                [\n                    "2021-01-22",\n                    5.3381\n                ],\n                [\n                    "2021-01-25",\n                    5.3497\n                ],\n                [\n                    "2021-01-26",\n                    5.3376\n                ],\n                [\n                    "2021-01-27",\n                    5.3273\n                ],\n                [\n                    "2021-01-28",\n                    5.3225999999999996\n                ],\n                [\n                    "2021-01-29",\n                    5.3322\n                ],\n                [\n                    "2021-02-01",\n                    5.3485\n                ],\n                [\n                    "2021-02-02",\n                    5.3939\n                ],\n                [\n                    "2021-02-03",\n                    5.4392000000000005\n                ],\n                [\n                    "2021-02-04",\n                    5.4703\n                ],\n                [\n                    "2021-02-05",\n                    5.506600000000001\n                ],\n                [\n                    "2021-02-08",\n                    5.5266\n                ],\n                [\n                    "2021-02-09",\n                    5.5697\n                ],\n                [\n                    "2021-02-10",\n                    5.6425\n                ],\n                [\n                    "2021-02-18",\n                    5.7041\n                ],\n                [\n                    "2021-02-19",\n                    5.7598\n                ],\n                [\n                    "2021-02-22",\n                    5.771800000000001\n                ],\n                [\n                    "2021-02-23",\n                    5.7627\n                ],\n                [\n                    "2021-02-24",\n                    5.727099999999999\n                ],\n                [\n                    "2021-02-25",\n                    5.6888\n                ],\n                [\n                    "2021-02-26",\n                    5.6281\n                ],\n                [\n                    "2021-03-01",\n                    5.5689\n                ],\n                [\n                    "2021-03-02",\n                    5.4894\n                ],\n                [\n                    "2021-03-03",\n                    5.3923000000000005\n                ],\n                [\n                    "2021-03-04",\n                    5.2951\n                ],\n                [\n                    "2021-03-05",\n                    5.2001\n                ],\n                [\n                    "2021-03-08",\n                    5.114199999999999\n                ],\n                [\n                    "2021-03-09",\n                    5.0175\n                ],\n                [\n                    "2021-03-10",\n                    4.9549\n                ],\n                [\n                    "2021-03-11",\n                    4.910200000000001\n                ],\n                [\n                    "2021-03-12",\n                    4.8837\n                ],\n                [\n                    "2021-03-15",\n                    4.8311\n                ],\n                [\n                    "2021-03-16",\n                    4.7926\n                ],\n                [\n                    "2021-03-17",\n                    4.7576\n                ],\n                [\n                    "2021-03-18",\n                    4.7546\n                ],\n                [\n                    "2021-03-19",\n                    4.7384\n                ],\n                [\n                    "2021-03-22",\n                    4.752599999999999\n                ],\n                [\n                    "2021-03-23",\n                    4.7772\n                ],\n                [\n                    "2021-03-24",\n                    4.785299999999999\n                ],\n                [\n                    "2021-03-25",\n                    4.7768\n                ],\n                [\n                    "2021-03-26",\n                    4.7781\n                ],\n                [\n                    "2021-03-29",\n                    4.8058\n                ],\n                [\n                    "2021-03-30",\n                    4.832800000000001\n                ],\n                [\n                    "2021-03-31",\n                    4.8423\n                ],\n                [\n                    "2021-04-01",\n                    4.8534999999999995\n                ],\n                [\n                    "2021-04-02",\n                    4.8941\n                ],\n                [\n                    "2021-04-06",\n                    4.9276\n                ],\n                [\n                    "2021-04-07",\n                    4.9475\n                ],\n                [\n                    "2021-04-08",\n                    4.9762\n                ],\n                [\n                    "2021-04-09",\n                    4.9963\n                ],\n                [\n                    "2021-04-12",\n                    4.9994\n                ],\n                [\n                    "2021-04-13",\n                    4.9955\n                ],\n                [\n                    "2021-04-14",\n                    4.9940999999999995\n                ],\n                [\n                    "2021-04-15",\n                    4.9969\n                ],\n                [\n                    "2021-04-16",\n                    4.9904\n                ],\n                [\n                    "2021-04-19",\n                    4.9783\n                ],\n                [\n                    "2021-04-20",\n                    4.9762\n                ],\n                [\n                    "2021-04-21",\n                    4.9955\n                ],\n                [\n                    "2021-04-22",\n                    5.0079\n                ],\n                [\n                    "2021-04-23",\n                    5.0388\n                ],\n                [\n                    "2021-04-26",\n                    5.068099999999999\n                ],\n                [\n                    "2021-04-27",\n                    5.1028\n                ],\n                [\n                    "2021-04-28",\n                    5.1386\n                ],\n                [\n                    "2021-04-29",\n                    5.1789000000000005\n                ],\n                [\n                    "2021-04-30",\n                    5.2072\n                ],\n                [\n                    "2021-05-06",\n                    5.2059\n                ],\n                [\n                    "2021-05-07",\n                    5.194100000000001\n                ],\n                [\n                    "2021-05-10",\n                    5.1698\n                ],\n                [\n                    "2021-05-11",\n                    5.1561\n                ],\n                [\n                    "2021-05-12",\n                    5.1415999999999995\n                ],\n                [\n                    "2021-05-13",\n                    5.1308\n                ],\n                [\n                    "2021-05-14",\n                    5.1241\n                ],\n                [\n                    "2021-05-17",\n                    5.1204\n                ],\n                [\n                    "2021-05-18",\n                    5.1128\n                ],\n                [\n                    "2021-05-19",\n                    5.112299999999999\n                ],\n                [\n                    "2021-05-20",\n                    5.136100000000001\n                ],\n                [\n                    "2021-05-21",\n                    5.1622\n                ],\n                [\n                    "2021-05-24",\n                    5.1995000000000005\n                ],\n                [\n                    "2021-05-25",\n                    5.242500000000001\n                ],\n                [\n                    "2021-05-26",\n                    5.2747\n                ],\n                [\n                    "2021-05-27",\n                    5.3106\n                ],\n                [\n                    "2021-05-28",\n                    5.334999999999999\n                ],\n                [\n                    "2021-05-31",\n                    5.3467\n                ],\n                [\n                    "2021-06-01",\n                    5.3604\n                ],\n                [\n                    "2021-06-02",\n                    5.3732999999999995\n                ],\n                [\n                    "2021-06-03",\n                    5.383799999999999\n                ],\n                [\n                    "2021-06-04",\n                    5.4049\n                ],\n                [\n                    "2021-06-07",\n                    5.4235999999999995\n                ],\n                [\n                    "2021-06-08",\n                    5.4075\n                ],\n                [\n                    "2021-06-09",\n                    5.3971\n                ],\n                [\n                    "2021-06-10",\n                    5.3895\n                ],\n                [\n                    "2021-06-11",\n                    5.3752\n                ],\n                [\n                    "2021-06-15",\n                    5.360799999999999\n                ],\n                [\n                    "2021-06-16",\n                    5.3374\n                ],\n                [\n                    "2021-06-17",\n                    5.319100000000001\n                ],\n                [\n                    "2021-06-18",\n                    5.2926\n                ],\n                [\n                    "2021-06-21",\n                    5.2552\n                ],\n                [\n                    "2021-06-22",\n                    5.2172\n                ],\n                [\n                    "2021-06-23",\n                    5.1925\n                ],\n                [\n                    "2021-06-24",\n                    5.1677\n                ],\n                [\n                    "2021-06-25",\n                    5.1452\n                ],\n                [\n                    "2021-06-28",\n                    5.1384\n                ],\n                [\n                    "2021-06-29",\n                    5.125500000000001\n                ],\n                [\n                    "2021-06-30",\n                    5.1246\n                ],\n                [\n                    "2021-07-01",\n                    5.1217\n                ],\n                [\n                    "2021-07-02",\n                    5.1064\n                ],\n                [\n                    "2021-07-05",\n                    5.0938\n                ],\n                [\n                    "2021-07-06",\n                    5.0771999999999995\n                ],\n                [\n                    "2021-07-07",\n                    5.0726\n                ],\n                [\n                    "2021-07-08",\n                    5.0586\n                ],\n                [\n                    "2021-07-09",\n                    5.0299000000000005\n                ],\n                [\n                    "2021-07-12",\n                    5.0012\n                ],\n                [\n                    "2021-07-13",\n                    4.9884\n                ],\n                [\n                    "2021-07-14",\n                    4.9689\n                ],\n                [\n                    "2021-07-15",\n                    4.9554\n                ],\n                [\n                    "2021-07-16",\n                    4.9506\n                ],\n                [\n                    "2021-07-19",\n                    4.949599999999999\n                ],\n                [\n                    "2021-07-20",\n                    4.9510000000000005\n                ],\n                [\n                    "2021-07-21",\n                    4.9458\n                ],\n                [\n                    "2021-07-22",\n                    4.9417\n                ],\n                [\n                    "2021-07-23",\n                    4.9357999999999995\n                ],\n                [\n                    "2021-07-26",\n                    4.8995\n                ],\n                [\n                    "2021-07-27",\n                    4.8381\n                ],\n                [\n                    "2021-07-28",\n                    4.7833\n                ],\n                [\n                    "2021-07-29",\n                    4.7218\n                ],\n                [\n                    "2021-07-30",\n                    4.6543\n                ],\n                [\n                    "2021-08-02",\n                    4.5999\n                ],\n                [\n                    "2021-08-03",\n                    4.552\n                ],\n                [\n                    "2021-08-04",\n                    4.5027\n                ],\n                [\n                    "2021-08-05",\n                    4.4567\n                ],\n                [\n                    "2021-08-06",\n                    4.4196\n                ],\n                [\n                    "2021-08-09",\n                    4.4189\n                ],\n                [\n                    "2021-08-10",\n                    4.4494\n                ],\n                [\n                    "2021-08-11",\n                    4.4699\n                ],\n                [\n                    "2021-08-12",\n                    4.4826\n                ],\n                [\n                    "2021-08-13",\n                    4.5120000000000005\n                ],\n                [\n                    "2021-08-16",\n                    4.5312\n                ],\n                [\n                    "2021-08-17",\n                    4.5265\n                ],\n                [\n                    "2021-08-18",\n                    4.5252\n                ],\n                [\n                    "2021-08-19",\n                    4.5231\n                ],\n                [\n                    "2021-08-20",\n                    4.506400000000001\n                ],\n                [\n                    "2021-08-23",\n                    4.4815000000000005\n                ],\n                [\n                    "2021-08-24",\n                    4.4488\n                ],\n                [\n                    "2021-08-25",\n                    4.4267\n                ],\n                [\n                    "2021-08-26",\n                    4.4007000000000005\n                ],\n                [\n                    "2021-08-27",\n                    4.370900000000001\n                ],\n                [\n                    "2021-08-30",\n                    4.3384\n                ],\n                [\n                    "2021-08-31",\n                    4.3205\n                ],\n                [\n                    "2021-09-01",\n                    4.3123000000000005\n                ],\n                [\n                    "2021-09-02",\n                    4.301699999999999\n                ],\n                [\n                    "2021-09-03",\n                    4.3124\n                ],\n                [\n                    "2021-09-06",\n                    4.3278\n                ],\n                [\n                    "2021-09-07",\n                    4.3371\n                ],\n                [\n                    "2021-09-08",\n                    4.3363\n                ],\n                [\n                    "2021-09-09",\n                    4.3445\n                ],\n                [\n                    "2021-09-10",\n                    4.3591999999999995\n                ],\n                [\n                    "2021-09-13",\n                    4.365799999999999\n                ],\n                [\n                    "2021-09-14",\n                    4.3726\n                ],\n                [\n                    "2021-09-15",\n                    4.3597\n                ],\n                [\n                    "2021-09-16",\n                    4.3543\n                ],\n                [\n                    "2021-09-17",\n                    4.3524\n                ],\n                [\n                    "2021-09-22",\n                    4.3286999999999995\n                ],\n                [\n                    "2021-09-23",\n                    4.3081\n                ],\n                [\n                    "2021-09-24",\n                    4.3029\n                ],\n                [\n                    "2021-09-27",\n                    4.3209\n                ],\n                [\n                    "2021-09-28",\n                    4.3324\n                ],\n                [\n                    "2021-09-29",\n                    4.348000000000001\n                ],\n                [\n                    "2021-09-30",\n                    4.370400000000001\n                ],\n                [\n                    "2021-10-08",\n                    4.4117\n                ],\n                [\n                    "2021-10-11",\n                    4.4523\n                ],\n                [\n                    "2021-10-12",\n                    4.484\n                ],\n                [\n                    "2021-10-13",\n                    4.5402000000000005\n                ],\n                [\n                    "2021-10-14",\n                    4.5895\n                ],\n                [\n                    "2021-10-15",\n                    4.627999999999999\n                ],\n                [\n                    "2021-10-18",\n                    4.629099999999999\n                ],\n                [\n                    "2021-10-19",\n                    4.642\n                ],\n                [\n                    "2021-10-20",\n                    4.6539\n                ],\n                [\n                    "2021-10-21",\n                    4.662\n                ],\n                [\n                    "2021-10-22",\n                    4.6666\n                ],\n                [\n                    "2021-10-25",\n                    4.6684\n                ],\n                [\n                    "2021-10-26",\n                    4.6686\n                ],\n                [\n                    "2021-10-27",\n                    4.647499999999999\n                ],\n                [\n                    "2021-10-28",\n                    4.6295\n                ],\n                [\n                    "2021-10-29",\n                    4.617100000000001\n                ],\n                [\n                    "2021-11-01",\n                    4.6167\n                ],\n                [\n                    "2021-11-02",\n                    4.604\n                ],\n                [\n                    "2021-11-03",\n                    4.5906\n                ],\n                [\n                    "2021-11-04",\n                    4.5891\n                ],\n                [\n                    "2021-11-05",\n                    4.581200000000001\n                ],\n                [\n                    "2021-11-08",\n                    4.575200000000001\n                ],\n                [\n                    "2021-11-09",\n                    4.566000000000001\n                ],\n                [\n                    "2021-11-10",\n                    4.5594\n                ],\n                [\n                    "2021-11-11",\n                    4.5557\n                ],\n                [\n                    "2021-11-12",\n                    4.546799999999999\n                ],\n                [\n                    "2021-11-15",\n                    4.5424\n                ],\n                [\n                    "2021-11-16",\n                    4.5516000000000005\n                ],\n                [\n                    "2021-11-17",\n                    4.5619\n                ],\n                [\n                    "2021-11-18",\n                    4.5585\n                ],\n                [\n                    "2021-11-19",\n                    4.557499999999999\n                ],\n                [\n                    "2021-11-22",\n                    4.5601\n                ],\n                [\n                    "2021-11-23",\n                    4.5679\n                ],\n                [\n                    "2021-11-24",\n                    4.5872\n                ],\n                [\n                    "2021-11-25",\n                    4.6015\n                ],\n                [\n                    "2021-11-26",\n                    4.612299999999999\n                ],\n                [\n                    "2021-11-29",\n                    4.622400000000001\n                ],\n                [\n                    "2021-11-30",\n                    4.615499999999999\n                ],\n                [\n                    "2021-12-01",\n                    4.609999999999999\n                ],\n                [\n                    "2021-12-02",\n                    4.609\n                ],\n                [\n                    "2021-12-03",\n                    4.6158\n                ],\n                [\n                    "2021-12-06",\n                    4.62\n                ],\n                [\n                    "2021-12-07",\n                    4.6242\n                ],\n                [\n                    "2021-12-08",\n                    4.6339\n                ],\n                [\n                    "2021-12-09",\n                    4.6551\n                ],\n                [\n                    "2021-12-10",\n                    4.6782\n                ],\n                [\n                    "2021-12-13",\n                    4.7021\n                ],\n                [\n                    "2021-12-14",\n                    4.731800000000001\n                ],\n                [\n                    "2021-12-15",\n                    4.7568\n                ],\n                [\n                    "2021-12-16",\n                    4.774500000000001\n                ],\n                [\n                    "2021-12-17",\n                    4.7722\n                ],\n                [\n                    "2021-12-20",\n                    4.7688999999999995\n                ],\n                [\n                    "2021-12-21",\n                    4.7665999999999995\n                ],\n                [\n                    "2021-12-22",\n                    4.7567\n                ],\n                [\n                    "2021-12-23",\n                    4.7458\n                ],\n                [\n                    "2021-12-24",\n                    4.7411\n                ],\n                [\n                    "2021-12-27",\n                    4.7346\n                ],\n                [\n                    "2021-12-28",\n                    4.7333\n                ],\n                [\n                    "2021-12-29",\n                    4.7212\n                ],\n                [\n                    "2021-12-30",\n                    4.7167\n                ],\n                [\n                    "2021-12-31",\n                    4.7198\n                ],\n                [\n                    "2022-01-04",\n                    4.723699999999999\n                ],\n                [\n                    "2022-01-05",\n                    4.7241\n                ],\n                [\n                    "2022-01-06",\n                    4.7157\n                ],\n                [\n                    "2022-01-07",\n                    4.696\n                ],\n                [\n                    "2022-01-10",\n                    4.673399999999999\n                ],\n                [\n                    "2022-01-11",\n                    4.6439\n                ],\n                [\n                    "2022-01-12",\n                    4.6113\n                ],\n                [\n                    "2022-01-13",\n                    4.5814\n                ],\n                [\n                    "2022-01-14",\n                    4.5462\n                ],\n                [\n                    "2022-01-17",\n                    4.5157\n                ],\n                [\n                    "2022-01-18",\n                    4.4897\n                ],\n                [\n                    "2022-01-19",\n                    4.462300000000001\n                ],\n                [\n                    "2022-01-20",\n                    4.4487\n                ],\n                [\n                    "2022-01-21",\n                    4.4382\n                ],\n                [\n                    "2022-01-24",\n                    4.4233\n                ],\n                [\n                    "2022-01-25",\n                    4.4083\n                ],\n                [\n                    "2022-01-26",\n                    4.3968\n                ],\n                [\n                    "2022-01-27",\n                    4.3918\n                ],\n                [\n                    "2022-01-28",\n                    4.3786000000000005\n                ],\n                [\n                    "2022-02-07",\n                    4.3655\n                ],\n                [\n                    "2022-02-08",\n                    4.341500000000001\n                ],\n                [\n                    "2022-02-09",\n                    4.3339\n                ],\n                [\n                    "2022-02-10",\n                    4.315300000000001\n                ],\n                [\n                    "2022-02-11",\n                    4.297\n                ],\n                [\n                    "2022-02-14",\n                    4.2827\n                ],\n                [\n                    "2022-02-15",\n                    4.2797\n                ],\n                [\n                    "2022-02-16",\n                    4.2732\n                ],\n                [\n                    "2022-02-17",\n                    4.2715000000000005\n                ],\n                [\n                    "2022-02-18",\n                    4.2811\n                ],\n                [\n                    "2022-02-21",\n                    4.2863\n                ],\n                [\n                    "2022-02-22",\n                    4.2891\n                ],\n                [\n                    "2022-02-23",\n                    4.2828\n                ],\n                [\n                    "2022-02-24",\n                    4.2671\n                ],\n                [\n                    "2022-02-25",\n                    4.2544\n                ],\n                [\n                    "2022-02-28",\n                    4.24\n                ],\n                [\n                    "2022-03-01",\n                    4.2297\n                ],\n                [\n                    "2022-03-02",\n                    4.2126\n                ],\n                [\n                    "2022-03-03",\n                    4.1879\n                ],\n                [\n                    "2022-03-04",\n                    4.1567\n                ],\n                [\n                    "2022-03-07",\n                    4.1116\n                ],\n                [\n                    "2022-03-08",\n                    4.0709\n                ],\n                [\n                    "2022-03-09",\n                    4.026199999999999\n                ],\n                [\n                    "2022-03-10",\n                    4.0043999999999995\n                ],\n                [\n                    "2022-03-11",\n                    3.9759\n                ],\n                [\n                    "2022-03-14",\n                    3.9325\n                ],\n                [\n                    "2022-03-15",\n                    3.8655999999999997\n                ],\n                [\n                    "2022-03-16",\n                    3.8134\n                ],\n                [\n                    "2022-03-17",\n                    3.7834000000000003\n                ],\n                [\n                    "2022-03-18",\n                    3.757\n                ],\n                [\n                    "2022-03-21",\n                    3.7459000000000002\n                ],\n                [\n                    "2022-03-22",\n                    3.7388000000000003\n                ],\n                [\n                    "2022-03-23",\n                    3.7345000000000006\n                ],\n                [\n                    "2022-03-24",\n                    3.7139\n                ],\n                [\n                    "2022-03-25",\n                    3.6882999999999995\n                ],\n                [\n                    "2022-03-28",\n                    3.6705999999999994\n                ],\n                [\n                    "2022-03-29",\n                    3.6671\n                ],\n                [\n                    "2022-03-30",\n                    3.6662999999999997\n                ],\n                [\n                    "2022-03-31",\n                    3.6513\n                ],\n                [\n                    "2022-04-01",\n                    3.6443\n                ],\n                [\n                    "2022-04-06",\n                    3.6339999999999995\n                ],\n                [\n                    "2022-04-07",\n                    3.6223\n                ],\n                [\n                    "2022-04-08",\n                    3.6071999999999997\n                ],\n                [\n                    "2022-04-11",\n                    3.5857\n                ],\n                [\n                    "2022-04-12",\n                    3.5868\n                ],\n                [\n                    "2022-04-13",\n                    3.5947000000000005\n                ],\n                [\n                    "2022-04-14",\n                    3.6192\n                ],\n                [\n                    "2022-04-15",\n                    3.6323\n                ],\n                [\n                    "2022-04-18",\n                    3.6459\n                ],\n                [\n                    "2022-04-19",\n                    3.6499\n                ],\n                [\n                    "2022-04-20",\n                    3.6599000000000004\n                ],\n                [\n                    "2022-04-21",\n                    3.6664000000000003\n                ],\n                [\n                    "2022-04-22",\n                    3.6758\n                ],\n                [\n                    "2022-04-25",\n                    3.6831000000000005\n                ],\n                [\n                    "2022-04-26",\n                    3.6770000000000005\n                ],\n                [\n                    "2022-04-27",\n                    3.6807000000000003\n                ],\n                [\n                    "2022-04-28",\n                    3.6761000000000004\n                ],\n                [\n                    "2022-04-29",\n                    3.6770000000000005\n                ],\n                [\n                    "2022-05-05",\n                    3.6821999999999995\n                ],\n                [\n                    "2022-05-06",\n                    3.6799\n                ],\n                [\n                    "2022-05-09",\n                    3.6681\n                ],\n                [\n                    "2022-05-10",\n                    3.6658999999999997\n                ],\n                [\n                    "2022-05-11",\n                    3.6676\n                ],\n                [\n                    "2022-05-12",\n                    3.6864\n                ],\n                [\n                    "2022-05-13",\n                    3.7065999999999995\n                ],\n                [\n                    "2022-05-16",\n                    3.7167000000000003\n                ],\n                [\n                    "2022-05-17",\n                    3.725\n                ],\n                [\n                    "2022-05-18",\n                    3.7243000000000004\n                ],\n                [\n                    "2022-05-19",\n                    3.7175000000000002\n                ],\n                [\n                    "2022-05-20",\n                    3.7316000000000003\n                ],\n                [\n                    "2022-05-23",\n                    3.7476\n                ],\n                [\n                    "2022-05-24",\n                    3.7558\n                ],\n                [\n                    "2022-05-25",\n                    3.758\n                ],\n                [\n                    "2022-05-26",\n                    3.7573\n                ],\n                [\n                    "2022-05-27",\n                    3.7543000000000006\n                ],\n                [\n                    "2022-05-30",\n                    3.7639000000000005\n                ],\n                [\n                    "2022-05-31",\n                    3.7782000000000004\n                ],\n                [\n                    "2022-06-01",\n                    3.7943\n                ],\n                [\n                    "2022-06-02",\n                    3.8131999999999997\n                ],\n                [\n                    "2022-06-06",\n                    3.8263\n                ],\n                [\n                    "2022-06-07",\n                    3.8465000000000003\n                ],\n                [\n                    "2022-06-08",\n                    3.8756999999999997\n                ],\n                [\n                    "2022-06-09",\n                    3.8978\n                ],\n                [\n                    "2022-06-10",\n                    3.9278\n                ],\n                [\n                    "2022-06-13",\n                    3.9522999999999997\n                ],\n                [\n                    "2022-06-14",\n                    3.9694000000000003\n                ],\n                [\n                    "2022-06-15",\n                    3.9818999999999996\n                ],\n                [\n                    "2022-06-16",\n                    3.9944\n                ],\n                [\n                    "2022-06-17",\n                    4.013199999999999\n                ],\n                [\n                    "2022-06-20",\n                    4.0357\n                ],\n                [\n                    "2022-06-21",\n                    4.0553\n                ],\n                [\n                    "2022-06-22",\n                    4.0651\n                ],\n                [\n                    "2022-06-23",\n                    4.0875\n                ],\n                [\n                    "2022-06-24",\n                    4.1084000000000005\n                ],\n                [\n                    "2022-06-27",\n                    4.1431\n                ],\n                [\n                    "2022-06-28",\n                    4.176399999999999\n                ],\n                [\n                    "2022-06-29",\n                    4.201700000000001\n                ],\n                [\n                    "2022-06-30",\n                    4.2383999999999995\n                ],\n                [\n                    "2022-07-01",\n                    4.2648\n                ],\n                [\n                    "2022-07-04",\n                    4.2837\n                ],\n                [\n                    "2022-07-05",\n                    4.3\n                ],\n                [\n                    "2022-07-06",\n                    4.3142\n                ],\n                [\n                    "2022-07-07",\n                    4.324\n                ],\n                [\n                    "2022-07-08",\n                    4.3285\n                ],\n                [\n                    "2022-07-11",\n                    4.3185\n                ],\n                [\n                    "2022-07-12",\n                    4.3051\n                ],\n                [\n                    "2022-07-13",\n                    4.2948\n                ],\n                [\n                    "2022-07-14",\n                    4.270300000000001\n                ],\n                [\n                    "2022-07-15",\n                    4.2505\n                ],\n                [\n                    "2022-07-18",\n                    4.2285\n                ],\n                [\n                    "2022-07-19",\n                    4.2109000000000005\n                ],\n                [\n                    "2022-07-20",\n                    4.2016\n                ],\n                [\n                    "2022-07-21",\n                    4.1878\n                ],\n                [\n                    "2022-07-22",\n                    4.1737\n                ],\n                [\n                    "2022-07-25",\n                    4.1678\n                ],\n                [\n                    "2022-07-26",\n                    4.167\n                ],\n                [\n                    "2022-07-27",\n                    4.1617\n                ],\n                [\n                    "2022-07-28",\n                    4.1586\n                ],\n                [\n                    "2022-07-29",\n                    4.1444\n                ],\n                [\n                    "2022-08-01",\n                    4.1358\n                ],\n                [\n                    "2022-08-02",\n                    4.1226\n                ],\n                [\n                    "2022-08-03",\n                    4.1048\n                ],\n                [\n                    "2022-08-04",\n                    4.0958\n                ],\n                [\n                    "2022-08-05",\n                    4.0877\n                ],\n                [\n                    "2022-08-08",\n                    4.075200000000001\n                ],\n                [\n                    "2022-08-09",\n                    4.0583\n                ],\n                [\n                    "2022-08-10",\n                    4.0409\n                ],\n                [\n                    "2022-08-11",\n                    4.0308\n                ],\n                [\n                    "2022-08-12",\n                    4.0344\n                ],\n                [\n                    "2022-08-15",\n                    4.0302\n                ],\n                [\n                    "2022-08-16",\n                    4.0279\n                ],\n                [\n                    "2022-08-17",\n                    4.0332\n                ],\n                [\n                    "2022-08-18",\n                    4.027299999999999\n                ],\n                [\n                    "2022-08-19",\n                    4.0197\n                ],\n                [\n                    "2022-08-22",\n                    4.0174\n                ],\n                [\n                    "2022-08-23",\n                    4.0103\n                ],\n                [\n                    "2022-08-24",\n                    4.005599999999999\n                ],\n                [\n                    "2022-08-25",\n                    4.0019\n                ],\n                [\n                    "2022-08-26",\n                    3.9991\n                ],\n                [\n                    "2022-08-29",\n                    3.9966999999999997\n                ],\n                [\n                    "2022-08-30",\n                    3.9968999999999992\n                ],\n                [\n                    "2022-08-31",\n                    3.9999000000000002\n                ],\n                [\n                    "2022-09-01",\n                    4.005599999999999\n                ],\n                [\n                    "2022-09-02",\n                    4.0054\n                ],\n                [\n                    "2022-09-05",\n                    3.9958\n                ],\n                [\n                    "2022-09-06",\n                    3.9949999999999997\n                ],\n                [\n                    "2022-09-07",\n                    3.9944\n                ],\n                [\n                    "2022-09-08",\n                    3.9876000000000005\n                ],\n                [\n                    "2022-09-09",\n                    3.9823\n                ],\n                [\n                    "2022-09-13",\n                    3.9861000000000004\n                ],\n                [\n                    "2022-09-14",\n                    3.9859999999999998\n                ],\n                [\n                    "2022-09-15",\n                    3.9812\n                ],\n                [\n                    "2022-09-16",\n                    3.9719\n                ],\n                [\n                    "2022-09-19",\n                    3.972\n                ],\n                [\n                    "2022-09-20",\n                    3.9812\n                ],\n                [\n                    "2022-09-21",\n                    3.9822\n                ],\n                [\n                    "2022-09-22",\n                    3.9807\n                ],\n                [\n                    "2022-09-23",\n                    3.9784999999999995\n                ],\n                [\n                    "2022-09-26",\n                    3.9766\n                ],\n                [\n                    "2022-09-27",\n                    3.9789000000000003\n                ],\n                [\n                    "2022-09-28",\n                    3.9809000000000005\n                ],\n                [\n                    "2022-09-29",\n                    3.9786\n                ],\n                [\n                    "2022-09-30",\n                    3.982\n                ],\n                [\n                    "2022-10-10",\n                    3.9691\n                ],\n                [\n                    "2022-10-11",\n                    3.9538\n                ],\n                [\n                    "2022-10-12",\n                    3.9424\n                ],\n                [\n                    "2022-10-13",\n                    3.931400000000001\n                ],\n                [\n                    "2022-10-14",\n                    3.9269\n                ],\n                [\n                    "2022-10-17",\n                    3.9109000000000003\n                ],\n                [\n                    "2022-10-18",\n                    3.8835\n                ],\n                [\n                    "2022-10-19",\n                    3.8489999999999993\n                ],\n                [\n                    "2022-10-20",\n                    3.8172999999999995\n                ],\n                [\n                    "2022-10-21",\n                    3.7832999999999997\n                ],\n                [\n                    "2022-10-24",\n                    3.7460999999999998\n                ],\n                [\n                    "2022-10-25",\n                    3.7078\n                ],\n                [\n                    "2022-10-26",\n                    3.6696999999999997\n                ],\n                [\n                    "2022-10-27",\n                    3.6262\n                ],\n                [\n                    "2022-10-28",\n                    3.5711\n                ],\n                [\n                    "2022-10-31",\n                    3.5187\n                ],\n                [\n                    "2022-11-01",\n                    3.4862\n                ],\n                [\n                    "2022-11-02",\n                    3.4720999999999997\n                ],\n                [\n                    "2022-11-03",\n                    3.4527\n                ],\n                [\n                    "2022-11-04",\n                    3.4536000000000002\n                ],\n                [\n                    "2022-11-07",\n                    3.4726\n                ],\n                [\n                    "2022-11-08",\n                    3.4881\n                ],\n                [\n                    "2022-11-09",\n                    3.4997999999999996\n                ],\n                [\n                    "2022-11-10",\n                    3.5241\n                ],\n                [\n                    "2022-11-11",\n                    3.564\n                ],\n                [\n                    "2022-11-14",\n                    3.6057\n                ],\n                [\n                    "2022-11-15",\n                    3.6355999999999993\n                ],\n                [\n                    "2022-11-16",\n                    3.6586000000000007\n                ],\n                [\n                    "2022-11-17",\n                    3.6817\n                ],\n                [\n                    "2022-11-18",\n                    3.6895\n                ],\n                [\n                    "2022-11-21",\n                    3.6884\n                ],\n                [\n                    "2022-11-22",\n                    3.6921\n                ],\n                [\n                    "2022-11-23",\n                    3.6986000000000003\n                ],\n                [\n                    "2022-11-24",\n                    3.7002\n                ],\n                [\n                    "2022-11-25",\n                    3.6914000000000002\n                ],\n                [\n                    "2022-11-28",\n                    3.6844\n                ],\n                [\n                    "2022-11-29",\n                    3.685\n                ],\n                [\n                    "2022-11-30",\n                    3.6846999999999994\n                ],\n                [\n                    "2022-12-01",\n                    3.6966\n                ],\n                [\n                    "2022-12-02",\n                    3.7066000000000003\n                ],\n                [\n                    "2022-12-05",\n                    3.7304000000000004\n                ],\n                [\n                    "2022-12-06",\n                    3.7617\n                ],\n                [\n                    "2022-12-07",\n                    3.7946\n                ],\n                [\n                    "2022-12-08",\n                    3.8305\n                ],\n                [\n                    "2022-12-09",\n                    3.8757999999999995\n                ],\n                [\n                    "2022-12-12",\n                    3.9149000000000003\n                ],\n                [\n                    "2022-12-13",\n                    3.9432\n                ],\n                [\n                    "2022-12-14",\n                    3.9777\n                ],\n                [\n                    "2022-12-15",\n                    4.0016\n                ],\n                [\n                    "2022-12-16",\n                    4.0291\n                ],\n                [\n                    "2022-12-19",\n                    4.0461\n                ],\n                [\n                    "2022-12-20",\n                    4.0424\n                ],\n                [\n                    "2022-12-21",\n                    4.0424999999999995\n                ],\n                [\n                    "2022-12-22",\n                    4.0476\n                ],\n                [\n                    "2022-12-23",\n                    4.0443\n                ],\n                [\n                    "2022-12-26",\n                    4.0432\n                ],\n                [\n                    "2022-12-27",\n                    4.0448\n                ],\n                [\n                    "2022-12-28",\n                    4.038600000000001\n                ],\n                [\n                    "2022-12-29",\n                    4.0328\n                ],\n                [\n                    "2022-12-30",\n                    4.0265\n                ],\n                [\n                    "2022-12-31",\n                    4.0241999999999996\n                ],\n                [\n                    "2023-01-03",\n                    4.0295000000000005\n                ],\n                [\n                    "2023-01-04",\n                    4.032500000000001\n                ],\n                [\n                    "2023-01-05",\n                    4.045599999999999\n                ],\n                [\n                    "2023-01-06",\n                    4.057\n                ],\n                [\n                    "2023-01-09",\n                    4.076\n                ],\n                [\n                    "2023-01-10",\n                    4.0912999999999995\n                ],\n                [\n                    "2023-01-11",\n                    4.108099999999999\n                ],\n                [\n                    "2023-01-12",\n                    4.1258\n                ],\n                [\n                    "2023-01-13",\n                    4.1511\n                ],\n                [\n                    "2023-01-16",\n                    4.1838\n                ],\n                [\n                    "2023-01-17",\n                    4.2181\n                ],\n                [\n                    "2023-01-18",\n                    4.2468\n                ],\n                [\n                    "2023-01-19",\n                    4.2588\n                ],\n                [\n                    "2023-01-20",\n                    4.2701\n                ],\n                [\n                    "2023-01-30",\n                    4.2801\n                ],\n                [\n                    "2023-01-31",\n                    4.2783\n                ],\n                [\n                    "2023-02-01",\n                    4.2799\n                ],\n                [\n                    "2023-02-02",\n                    4.2843\n                ],\n                [\n                    "2023-02-03",\n                    4.2761000000000005\n                ],\n                [\n                    "2023-02-06",\n                    4.2536000000000005\n                ],\n                [\n                    "2023-02-07",\n                    4.235\n                ],\n                [\n                    "2023-02-08",\n                    4.2175\n                ],\n                [\n                    "2023-02-09",\n                    4.2092\n                ],\n                [\n                    "2023-02-10",\n                    4.201700000000001\n                ],\n                [\n                    "2023-02-13",\n                    4.2015\n                ],\n                [\n                    "2023-02-14",\n                    4.2082999999999995\n                ],\n                [\n                    "2023-02-15",\n                    4.2098\n                ],\n                [\n                    "2023-02-16",\n                    4.2113\n                ],\n                [\n                    "2023-02-17",\n                    4.2119\n                ],\n                [\n                    "2023-02-20",\n                    4.228800000000001\n                ],\n                [\n                    "2023-02-21",\n                    4.242700000000001\n                ],\n                [\n                    "2023-02-22",\n                    4.2583\n                ],\n                [\n                    "2023-02-23",\n                    4.2629\n                ],\n                [\n                    "2023-02-24",\n                    4.2614\n                ],\n                [\n                    "2023-02-27",\n                    4.2527\n                ],\n                [\n                    "2023-02-28",\n                    4.2465\n                ],\n                [\n                    "2023-03-01",\n                    4.2467999999999995\n                ],\n                [\n                    "2023-03-02",\n                    4.244300000000001\n                ],\n                [\n                    "2023-03-03",\n                    4.2441\n                ],\n                [\n                    "2023-03-06",\n                    4.232799999999999\n                ],\n                [\n                    "2023-03-07",\n                    4.2173\n                ],\n                [\n                    "2023-03-08",\n                    4.1998\n                ],\n                [\n                    "2023-03-09",\n                    4.1842\n                ],\n                [\n                    "2023-03-10",\n                    4.169099999999999\n                ],\n                [\n                    "2023-03-13",\n                    4.1578\n                ],\n                [\n                    "2023-03-14",\n                    4.1432\n                ],\n                [\n                    "2023-03-15",\n                    4.1205\n                ],\n                [\n                    "2023-03-16",\n                    4.0994\n                ],\n                [\n                    "2023-03-17",\n                    4.0743\n                ],\n                [\n                    "2023-03-20",\n                    4.047700000000001\n                ],\n                [\n                    "2023-03-21",\n                    4.037100000000001\n                ],\n                [\n                    "2023-03-22",\n                    4.0283\n                ],\n                [\n                    "2023-03-23",\n                    4.023899999999999\n                ],\n                [\n                    "2023-03-24",\n                    4.0261\n                ],\n                [\n                    "2023-03-27",\n                    4.0189\n                ],\n                [\n                    "2023-03-28",\n                    4.0215000000000005\n                ],\n                [\n                    "2023-03-29",\n                    4.031000000000001\n                ],\n                [\n                    "2023-03-30",\n                    4.0458\n                ],\n                [\n                    "2023-03-31",\n                    4.066599999999999\n                ],\n                [\n                    "2023-04-03",\n                    4.0905\n                ],\n                [\n                    "2023-04-04",\n                    4.1086\n                ],\n                [\n                    "2023-04-06",\n                    4.1227\n                ],\n                [\n                    "2023-04-07",\n                    4.1322\n                ],\n                [\n                    "2023-04-10",\n                    4.1378\n                ],\n                [\n                    "2023-04-11",\n                    4.1409\n                ],\n                [\n                    "2023-04-12",\n                    4.13\n                ],\n                [\n                    "2023-04-13",\n                    4.117299999999999\n                ],\n                [\n                    "2023-04-14",\n                    4.095599999999999\n                ],\n                [\n                    "2023-04-17",\n                    4.078799999999999\n                ],\n                [\n                    "2023-04-18",\n                    4.0638000000000005\n                ],\n                [\n                    "2023-04-19",\n                    4.0416\n                ],\n                [\n                    "2023-04-20",\n                    4.0208\n                ],\n                [\n                    "2023-04-21",\n                    3.9993000000000003\n                ],\n                [\n                    "2023-04-24",\n                    3.9754000000000005\n                ],\n                [\n                    "2023-04-25",\n                    3.9594\n                ],\n                [\n                    "2023-04-26",\n                    3.9518\n                ],\n                [\n                    "2023-04-27",\n                    3.9464000000000006\n                ],\n                [\n                    "2023-04-28",\n                    3.9464000000000006\n                ],\n                [\n                    "2023-05-04",\n                    3.9412\n                ],\n                [\n                    "2023-05-05",\n                    3.935\n                ],\n                [\n                    "2023-05-08",\n                    3.9276000000000004\n                ],\n                [\n                    "2023-05-09",\n                    3.9238\n                ],\n                [\n                    "2023-05-10",\n                    3.9219999999999997\n                ],\n                [\n                    "2023-05-11",\n                    3.9238999999999997\n                ],\n                [\n                    "2023-05-12",\n                    3.9196999999999997\n                ],\n                [\n                    "2023-05-15",\n                    3.9183999999999997\n                ],\n                [\n                    "2023-05-16",\n                    3.9093999999999993\n                ],\n                [\n                    "2023-05-17",\n                    3.8943999999999996\n                ],\n                [\n                    "2023-05-18",\n                    3.878\n                ],\n                [\n                    "2023-05-19",\n                    3.8660000000000005\n                ],\n                [\n                    "2023-05-22",\n                    3.8663\n                ],\n                [\n                    "2023-05-23",\n                    3.8609999999999998\n                ],\n                [\n                    "2023-05-24",\n                    3.8496\n                ],\n                [\n                    "2023-05-25",\n                    3.8365\n                ],\n                [\n                    "2023-05-26",\n                    3.8253\n                ],\n                [\n                    "2023-05-29",\n                    3.8072000000000004\n                ],\n                [\n                    "2023-05-30",\n                    3.7898000000000005\n                ],\n                [\n                    "2023-05-31",\n                    3.7701000000000002\n                ],\n                [\n                    "2023-06-01",\n                    3.7545\n                ],\n                [\n                    "2023-06-02",\n                    3.743\n                ],\n                [\n                    "2023-06-05",\n                    3.7201\n                ],\n                [\n                    "2023-06-06",\n                    3.7031\n                ],\n                [\n                    "2023-06-07",\n                    3.6887\n                ],\n                [\n                    "2023-06-08",\n                    3.6809\n                ],\n                [\n                    "2023-06-09",\n                    3.6734999999999998\n                ],\n                [\n                    "2023-06-12",\n                    3.6770000000000005\n                ],\n                [\n                    "2023-06-13",\n                    3.6862000000000004\n                ],\n                [\n                    "2023-06-14",\n                    3.7082\n                ],\n                [\n                    "2023-06-15",\n                    3.7344999999999997\n                ],\n                [\n                    "2023-06-16",\n                    3.7543999999999995\n                ],\n                [\n                    "2023-06-19",\n                    3.7713\n                ],\n                [\n                    "2023-06-20",\n                    3.7848999999999995\n                ],\n                [\n                    "2023-06-21",\n                    3.7988\n                ],\n                [\n                    "2023-06-26",\n                    3.804\n                ],\n                [\n                    "2023-06-27",\n                    3.8147000000000006\n                ],\n                [\n                    "2023-06-28",\n                    3.8181999999999996\n                ],\n                [\n                    "2023-06-29",\n                    3.8167\n                ],\n                [\n                    "2023-06-30",\n                    3.8089\n                ],\n                [\n                    "2023-07-03",\n                    3.8008\n                ],\n                [\n                    "2023-07-04",\n                    3.7918\n                ],\n                [\n                    "2023-07-05",\n                    3.7840000000000003\n                ],\n                [\n                    "2023-07-06",\n                    3.7771\n                ],\n                [\n                    "2023-07-07",\n                    3.772\n                ],\n                [\n                    "2023-07-10",\n                    3.7729\n                ],\n                [\n                    "2023-07-11",\n                    3.7715999999999994\n                ],\n                [\n                    "2023-07-12",\n                    3.7687000000000004\n                ],\n                [\n                    "2023-07-13",\n                    3.7763999999999998\n                ],\n                [\n                    "2023-07-14",\n                    3.7819000000000003\n                ],\n                [\n                    "2023-07-17",\n                    3.7763\n                ],\n                [\n                    "2023-07-18",\n                    3.7684000000000006\n                ],\n                [\n                    "2023-07-19",\n                    3.7657999999999996\n                ],\n                [\n                    "2023-07-20",\n                    3.7647\n                ],\n                [\n                    "2023-07-21",\n                    3.7686\n                ],\n                [\n                    "2023-07-24",\n                    3.7685000000000004\n                ],\n                [\n                    "2023-07-25",\n                    3.7808\n                ],\n                [\n                    "2023-07-26",\n                    3.7927\n                ],\n                [\n                    "2023-07-27",\n                    3.8004000000000007\n                ],\n                [\n                    "2023-07-28",\n                    3.8185000000000002\n                ],\n                [\n                    "2023-07-31",\n                    3.8413000000000004\n                ],\n                [\n                    "2023-08-01",\n                    3.8608\n                ],\n                [\n                    "2023-08-02",\n                    3.8803000000000005\n                ],\n                [\n                    "2023-08-03",\n                    3.9016000000000006\n                ],\n                [\n                    "2023-08-04",\n                    3.9218\n                ],\n                [\n                    "2023-08-07",\n                    3.9427999999999996\n                ],\n                [\n                    "2023-08-08",\n                    3.9483000000000006\n                ],\n                [\n                    "2023-08-09",\n                    3.9549999999999996\n                ],\n                [\n                    "2023-08-10",\n                    3.9559999999999995\n                ],\n                [\n                    "2023-08-11",\n                    3.9416999999999995\n                ],\n                [\n                    "2023-08-14",\n                    3.9229\n                ],\n                [\n                    "2023-08-15",\n                    3.9066\n                ],\n                [\n                    "2023-08-16",\n                    3.8903999999999996\n                ],\n                [\n                    "2023-08-17",\n                    3.8785\n                ],\n                [\n                    "2023-08-18",\n                    3.8577\n                ],\n                [\n                    "2023-08-21",\n                    3.8375999999999997\n                ],\n                [\n                    "2023-08-22",\n                    3.8195\n                ],\n                [\n                    "2023-08-23",\n                    3.7957\n                ],\n                [\n                    "2023-08-24",\n                    3.7823\n                ],\n                [\n                    "2023-08-25",\n                    3.774\n                ],\n                [\n                    "2023-08-28",\n                    3.7708\n                ],\n                [\n                    "2023-08-29",\n                    3.7745999999999995\n                ],\n                [\n                    "2023-08-30",\n                    3.7805\n                ],\n                [\n                    "2023-08-31",\n                    3.7807000000000004\n                ],\n                [\n                    "2023-09-01",\n                    3.7924999999999995\n                ],\n                [\n                    "2023-09-04",\n                    3.8134\n                ],\n                [\n                    "2023-09-05",\n                    3.8299999999999996\n                ],\n                [\n                    "2023-09-06",\n                    3.8509\n                ],\n                [\n                    "2023-09-07",\n                    3.8592\n                ],\n                [\n                    "2023-09-08",\n                    3.8671999999999995\n                ],\n                [\n                    "2023-09-11",\n                    3.8774\n                ],\n                [\n                    "2023-09-12",\n                    3.8823999999999996\n                ],\n                [\n                    "2023-09-13",\n                    3.8845000000000005\n                ],\n                [\n                    "2023-09-14",\n                    3.8848\n                ],\n                [\n                    "2023-09-15",\n                    3.8761\n                ],\n                [\n                    "2023-09-18",\n                    3.8649999999999998\n                ],\n                [\n                    "2023-09-19",\n                    3.8548\n                ],\n                [\n                    "2023-09-20",\n                    3.8445\n                ],\n                [\n                    "2023-09-21",\n                    3.8331000000000004\n                ],\n                [\n                    "2023-09-22",\n                    3.8298\n                ],\n                [\n                    "2023-09-25",\n                    3.8213999999999997\n                ],\n                [\n                    "2023-09-26",\n                    3.8095\n                ],\n                [\n                    "2023-09-27",\n                    3.7983\n                ],\n                [\n                    "2023-09-28",\n                    3.7869\n                ],\n                [\n                    "2023-10-09",\n                    3.7796\n                ],\n                [\n                    "2023-10-10",\n                    3.7636000000000003\n                ],\n                [\n                    "2023-10-11",\n                    3.7496\n                ],\n                [\n                    "2023-10-12",\n                    3.7396000000000003\n                ],\n                [\n                    "2023-10-13",\n                    3.7310000000000003\n                ],\n                [\n                    "2023-10-16",\n                    3.714\n                ],\n                [\n                    "2023-10-17",\n                    3.7003\n                ],\n                [\n                    "2023-10-18",\n                    3.6902999999999997\n                ],\n                [\n                    "2023-10-19",\n                    3.6709000000000005\n                ],\n                [\n                    "2023-10-20",\n                    3.652\n                ],\n                [\n                    "2023-10-23",\n                    3.6326\n                ],\n                [\n                    "2023-10-24",\n                    3.6181999999999994\n                ],\n                [\n                    "2023-10-25",\n                    3.6098999999999997\n                ],\n                [\n                    "2023-10-26",\n                    3.6016\n                ],\n                [\n                    "2023-10-27",\n                    3.6012\n                ],\n                [\n                    "2023-10-30",\n                    3.6062\n                ],\n                [\n                    "2023-10-31",\n                    3.6093\n                ],\n                [\n                    "2023-11-01",\n                    3.6161000000000003\n                ],\n                [\n                    "2023-11-02",\n                    3.6302000000000008\n                ],\n                [\n                    "2023-11-03",\n                    3.6486999999999994\n                ],\n                [\n                    "2023-11-06",\n                    3.6676\n                ],\n                [\n                    "2023-11-07",\n                    3.6835999999999998\n                ],\n                [\n                    "2023-11-08",\n                    3.6927\n                ],\n                [\n                    "2023-11-09",\n                    3.6984000000000004\n                ],\n                [\n                    "2023-11-10",\n                    3.6968999999999994\n                ],\n                [\n                    "2023-11-13",\n                    3.6886\n                ],\n                [\n                    "2023-11-14",\n                    3.6826\n                ],\n                [\n                    "2023-11-15",\n                    3.6756\n                ],\n                [\n                    "2023-11-16",\n                    3.6690999999999994\n                ],\n                [\n                    "2023-11-17",\n                    3.6601\n                ],\n                [\n                    "2023-11-20",\n                    3.6519999999999997\n                ],\n                [\n                    "2023-11-21",\n                    3.6484\n                ],\n                [\n                    "2023-11-22",\n                    3.6436\n                ],\n                [\n                    "2023-11-23",\n                    3.6412999999999998\n                ],\n                [\n                    "2023-11-24",\n                    3.6402\n                ],\n                [\n                    "2023-11-27",\n                    3.6389000000000005\n                ],\n                [\n                    "2023-11-28",\n                    3.6362\n                ],\n                [\n                    "2023-11-29",\n                    3.6292999999999997\n                ],\n                [\n                    "2023-11-30",\n                    3.6253\n                ],\n                [\n                    "2023-12-01",\n                    3.6169999999999995\n                ],\n                [\n                    "2023-12-04",\n                    3.6034000000000006\n                ],\n                [\n                    "2023-12-05",\n                    3.5807\n                ],\n                [\n                    "2023-12-06",\n                    3.5609\n                ],\n                [\n                    "2023-12-07",\n                    3.539\n                ],\n                [\n                    "2023-12-08",\n                    3.5204999999999997\n                ],\n                [\n                    "2023-12-11",\n                    3.5049\n                ],\n                [\n                    "2023-12-12",\n                    3.4915\n                ],\n                [\n                    "2023-12-13",\n                    3.4705\n                ],\n                [\n                    "2023-12-14",\n                    3.4447\n                ],\n                [\n                    "2023-12-15",\n                    3.4228\n                ],\n                [\n                    "2023-12-18",\n                    3.4052999999999995\n                ],\n                [\n                    "2023-12-19",\n                    3.3939999999999997\n                ],\n                [\n                    "2023-12-20",\n                    3.3787\n                ],\n                [\n                    "2023-12-21",\n                    3.3683\n                ],\n                [\n                    "2023-12-22",\n                    3.3571\n                ],\n                [\n                    "2023-12-25",\n                    3.3495000000000004\n                ],\n                [\n                    "2023-12-26",\n                    3.3376999999999994\n                ],\n                [\n                    "2023-12-27",\n                    3.3355999999999995\n                ],\n                [\n                    "2023-12-28",\n                    3.3457999999999997\n                ],\n                [\n                    "2023-12-29",\n                    3.3573999999999997\n                ],\n                [\n                    "2023-12-31",\n                    3.3689999999999998\n                ],\n                [\n                    "2024-01-02",\n                    3.3733000000000004\n                ],\n                [\n                    "2024-01-03",\n                    3.3793999999999995\n                ],\n                [\n                    "2024-01-04",\n                    3.3766\n                ],\n                [\n                    "2024-01-05",\n                    3.3726\n                ],\n                [\n                    "2024-01-08",\n                    3.3625\n                ],\n                [\n                    "2024-01-09",\n                    3.3539000000000003\n                ],\n                [\n                    "2024-01-10",\n                    3.3451999999999997\n                ],\n                [\n                    "2024-01-11",\n                    3.3303\n                ],\n                [\n                    "2024-01-12",\n                    3.3137999999999996\n                ],\n                [\n                    "2024-01-15",\n                    3.2958\n                ],\n                [\n                    "2024-01-16",\n                    3.2868000000000004\n                ],\n                [\n                    "2024-01-17",\n                    3.2713\n                ],\n                [\n                    "2024-01-18",\n                    3.2647999999999997\n                ],\n                [\n                    "2024-01-19",\n                    3.2598999999999996\n                ],\n                [\n                    "2024-01-22",\n                    3.2527\n                ],\n                [\n                    "2024-01-23",\n                    3.2453000000000003\n                ],\n                [\n                    "2024-01-24",\n                    3.2375\n                ],\n                [\n                    "2024-01-25",\n                    3.2316000000000003\n                ],\n                [\n                    "2024-01-26",\n                    3.2273000000000005\n                ],\n                [\n                    "2024-01-29",\n                    3.2259\n                ],\n                [\n                    "2024-01-30",\n                    3.2154\n                ],\n                [\n                    "2024-01-31",\n                    3.2089\n                ],\n                [\n                    "2024-02-01",\n                    3.2002\n                ],\n                [\n                    "2024-02-02",\n                    3.1904000000000003\n                ],\n                [\n                    "2024-02-05",\n                    3.1910999999999996\n                ],\n                [\n                    "2024-02-06",\n                    3.2039999999999997\n                ],\n                [\n                    "2024-02-07",\n                    3.2217\n                ],\n                [\n                    "2024-02-08",\n                    3.2346000000000004\n                ],\n                [\n                    "2024-02-19",\n                    3.2466\n                ],\n                [\n                    "2024-02-20",\n                    3.2558\n                ],\n                [\n                    "2024-02-21",\n                    3.2811\n                ],\n                [\n                    "2024-02-22",\n                    3.3112000000000004\n                ],\n                [\n                    "2024-02-23",\n                    3.3395\n                ],\n                [\n                    "2024-02-26",\n                    3.3673\n                ],\n                [\n                    "2024-02-27",\n                    3.3924\n                ],\n                [\n                    "2024-02-28",\n                    3.4024\n                ],\n                [\n                    "2024-02-29",\n                    3.4131\n                ],\n                [\n                    "2024-03-01",\n                    3.4273\n                ],\n                [\n                    "2024-03-04",\n                    3.4405\n                ],\n                [\n                    "2024-03-05",\n                    3.4603\n                ],\n                [\n                    "2024-03-06",\n                    3.4689\n                ],\n                [\n                    "2024-03-07",\n                    3.4767\n                ],\n                [\n                    "2024-03-08",\n                    3.4821\n                ],\n                [\n                    "2024-03-11",\n                    3.4935\n                ],\n                [\n                    "2024-03-12",\n                    3.5119999999999996\n                ],\n                [\n                    "2024-03-13",\n                    3.5335\n                ],\n                [\n                    "2024-03-14",\n                    3.5481000000000003\n                ],\n                [\n                    "2024-03-15",\n                    3.5616\n                ],\n                [\n                    "2024-03-18",\n                    3.5763\n                ],\n                [\n                    "2024-03-19",\n                    3.5886000000000005\n                ],\n                [\n                    "2024-03-20",\n                    3.6021\n                ],\n                [\n                    "2024-03-21",\n                    3.6155999999999997\n                ],\n                [\n                    "2024-03-22",\n                    3.6270000000000002\n                ],\n                [\n                    "2024-03-25",\n                    3.6315\n                ],\n                [\n                    "2024-03-26",\n                    3.6332\n                ],\n                [\n                    "2024-03-27",\n                    3.6323999999999996\n                ],\n                [\n                    "2024-03-28",\n                    3.6346000000000003\n                ],\n                [\n                    "2024-03-29",\n                    3.6353999999999997\n                ],\n                [\n                    "2024-04-01",\n                    3.6448\n                ],\n                [\n                    "2024-04-02",\n                    3.6498\n                ],\n                [\n                    "2024-04-03",\n                    3.6571999999999996\n                ],\n                [\n                    "2024-04-08",\n                    3.6571999999999996\n                ],\n                [\n                    "2024-04-09",\n                    3.66\n                ],\n                [\n                    "2024-04-10",\n                    3.6624000000000003\n                ],\n                [\n                    "2024-04-11",\n                    3.6598999999999995\n                ],\n                [\n                    "2024-04-12",\n                    3.6569000000000003\n                ],\n                [\n                    "2024-04-15",\n                    3.6611999999999996\n                ],\n                [\n                    "2024-04-16",\n                    3.6622999999999997\n                ],\n                [\n                    "2024-04-17",\n                    3.6555999999999997\n                ],\n                [\n                    "2024-04-18",\n                    3.6529\n                ],\n                [\n                    "2024-04-19",\n                    3.6454\n                ],\n                [\n                    "2024-04-22",\n                    3.6474\n                ],\n                [\n                    "2024-04-23",\n                    3.6515\n                ],\n                [\n                    "2024-04-24",\n                    3.658\n                ],\n                [\n                    "2024-04-25",\n                    3.6634\n                ],\n                [\n                    "2024-04-26",\n                    3.679\n                ],\n                [\n                    "2024-04-29",\n                    3.6879\n                ],\n                [\n                    "2024-04-30",\n                    3.7038\n                ],\n                [\n                    "2024-05-06",\n                    3.7276000000000002\n                ],\n                [\n                    "2024-05-07",\n                    3.7496\n                ],\n                [\n                    "2024-05-08",\n                    3.7729\n                ],\n                [\n                    "2024-05-09",\n                    3.7952\n                ],\n                [\n                    "2024-05-10",\n                    3.8154999999999992\n                ],\n                [\n                    "2024-05-13",\n                    3.8335\n                ],\n                [\n                    "2024-05-14",\n                    3.8511\n                ],\n                [\n                    "2024-05-15",\n                    3.8617\n                ],\n                [\n                    "2024-05-16",\n                    3.8701\n                ],\n                [\n                    "2024-05-17",\n                    3.8754\n                ],\n                [\n                    "2024-05-20",\n                    3.8708\n                ],\n                [\n                    "2024-05-21",\n                    3.8644\n                ],\n                [\n                    "2024-05-22",\n                    3.8567\n                ],\n                [\n                    "2024-05-23",\n                    3.8457\n                ],\n                [\n                    "2024-05-24",\n                    3.8314\n                ],\n                [\n                    "2024-05-27",\n                    3.8216\n                ],\n                [\n                    "2024-05-28",\n                    3.8088\n                ],\n                [\n                    "2024-05-29",\n                    3.7951\n                ],\n                [\n                    "2024-05-30",\n                    3.7769000000000004\n                ],\n                [\n                    "2024-05-31",\n                    3.757\n                ],\n                [\n                    "2024-06-03",\n                    3.7398\n                ],\n                [\n                    "2024-06-04",\n                    3.725\n                ],\n                [\n                    "2024-06-05",\n                    3.7116999999999996\n                ],\n                [\n                    "2024-06-06",\n                    3.7010999999999994\n                ],\n                [\n                    "2024-06-07",\n                    3.6911\n                ],\n                [\n                    "2024-06-11",\n                    3.6741\n                ],\n                [\n                    "2024-06-12",\n                    3.6596999999999995\n                ],\n                [\n                    "2024-06-13",\n                    3.6426000000000003\n                ],\n                [\n                    "2024-06-14",\n                    3.6312000000000006\n                ],\n                [\n                    "2024-06-17",\n                    3.6197000000000004\n                ],\n                [\n                    "2024-06-18",\n                    3.6041000000000003\n                ],\n                [\n                    "2024-06-19",\n                    3.5855000000000006\n                ],\n                [\n                    "2024-06-20",\n                    3.5667\n                ],\n                [\n                    "2024-06-21",\n                    3.5444000000000004\n                ],\n                [\n                    "2024-06-24",\n                    3.527\n                ],\n                [\n                    "2024-06-25",\n                    3.5150999999999994\n                ],\n                [\n                    "2024-06-26",\n                    3.5042999999999997\n                ],\n                [\n                    "2024-06-27",\n                    3.4934\n                ],\n                [\n                    "2024-06-28",\n                    3.4778\n                ],\n                [\n                    "2024-06-30",\n                    3.4631999999999996\n                ],\n                [\n                    "2024-07-01",\n                    3.4499000000000004\n                ],\n                [\n                    "2024-07-02",\n                    3.4382000000000006\n                ],\n                [\n                    "2024-07-03",\n                    3.4254\n                ],\n                [\n                    "2024-07-04",\n                    3.4149000000000003\n                ],\n                [\n                    "2024-07-05",\n                    3.4011000000000005\n                ],\n                [\n                    "2024-07-08",\n                    3.3826\n                ],\n                [\n                    "2024-07-09",\n                    3.3662\n                ],\n                [\n                    "2024-07-10",\n                    3.3547\n                ],\n                [\n                    "2024-07-11",\n                    3.3507\n                ],\n                [\n                    "2024-07-12",\n                    3.3494\n                ],\n                [\n                    "2024-07-15",\n                    3.3486\n                ],\n                [\n                    "2024-07-16",\n                    3.3469\n                ],\n                [\n                    "2024-07-17",\n                    3.3518999999999997\n                ],\n                [\n                    "2024-07-18",\n                    3.3592\n                ],\n                [\n                    "2024-07-19",\n                    3.3716999999999997\n                ],\n                [\n                    "2024-07-22",\n                    3.3835\n                ],\n                [\n                    "2024-07-23",\n                    3.3813000000000004\n                ],\n                [\n                    "2024-07-24",\n                    3.3729999999999998\n                ],\n                [\n                    "2024-07-25",\n                    3.3586\n                ],\n                [\n                    "2024-07-26",\n                    3.3455999999999997\n                ],\n                [\n                    "2024-07-29",\n                    3.3277\n                ],\n                [\n                    "2024-07-30",\n                    3.3083\n                ],\n                [\n                    "2024-07-31",\n                    3.2943\n                ],\n                [\n                    "2024-08-01",\n                    3.2721000000000005\n                ],\n                [\n                    "2024-08-02",\n                    3.2446000000000006\n                ],\n                [\n                    "2024-08-05",\n                    3.2222\n                ],\n                [\n                    "2024-08-06",\n                    3.2106000000000003\n                ],\n                [\n                    "2024-08-07",\n                    3.2079999999999997\n                ],\n                [\n                    "2024-08-08",\n                    3.2095\n                ],\n                [\n                    "2024-08-09",\n                    3.2063\n                ],\n                [\n                    "2024-08-12",\n                    3.2084\n                ],\n                [\n                    "2024-08-13",\n                    3.2107\n                ],\n                [\n                    "2024-08-14",\n                    3.2016999999999998\n                ],\n                [\n                    "2024-08-15",\n                    3.2008\n                ],\n                [\n                    "2024-08-16",\n                    3.2027\n                ],\n                [\n                    "2024-08-19",\n                    3.2027\n                ],\n                [\n                    "2024-08-20",\n                    3.2018999999999997\n                ],\n                [\n                    "2024-08-21",\n                    3.1969000000000003\n                ],\n                [\n                    "2024-08-22",\n                    3.1879\n                ],\n                [\n                    "2024-08-23",\n                    3.1817\n                ],\n                [\n                    "2024-08-26",\n                    3.1746000000000003\n                ],\n                [\n                    "2024-08-27",\n                    3.168\n                ],\n                [\n                    "2024-08-28",\n                    3.1587\n                ],\n                [\n                    "2024-08-29",\n                    3.1516\n                ],\n                [\n                    "2024-08-30",\n                    3.1515999999999997\n                ],\n                [\n                    "2024-09-02",\n                    3.1454999999999997\n                ],\n                [\n                    "2024-09-03",\n                    3.1445\n                ],\n                [\n                    "2024-09-04",\n                    3.1433\n                ],\n                [\n                    "2024-09-05",\n                    3.1437999999999997\n                ],\n                [\n                    "2024-09-06",\n                    3.1390000000000002\n                ],\n                [\n                    "2024-09-09",\n                    3.1305\n                ],\n                [\n                    "2024-09-10",\n                    3.1237000000000004\n                ],\n                [\n                    "2024-09-11",\n                    3.124\n                ],\n                [\n                    "2024-09-12",\n                    3.1162\n                ],\n                [\n                    "2024-09-13",\n                    3.0988\n                ],\n                [\n                    "2024-09-18",\n                    3.0911\n                ],\n                [\n                    "2024-09-19",\n                    3.0835\n                ],\n                [\n                    "2024-09-20",\n                    3.0778000000000003\n                ],\n                [\n                    "2024-09-23",\n                    3.0728\n                ],\n                [\n                    "2024-09-24",\n                    3.0794\n                ],\n                [\n                    "2024-09-25",\n                    3.0953\n                ],\n                [\n                    "2024-09-26",\n                    3.1296\n                ],\n                [\n                    "2024-09-27",\n                    3.1799\n                ],\n                [\n                    "2024-09-30",\n                    3.261\n                ],\n                [\n                    "2024-10-08",\n                    3.3557\n                ],\n                [\n                    "2024-10-09",\n                    3.4209000000000005\n                ],\n                [\n                    "2024-10-10",\n                    3.4902\n                ],\n                [\n                    "2024-10-11",\n                    3.5488999999999997\n                ],\n                [\n                    "2024-10-14",\n                    3.6117\n                ],\n                [\n                    "2024-10-15",\n                    3.6549\n                ],\n                [\n                    "2024-10-16",\n                    3.6883000000000004\n                ],\n                [\n                    "2024-10-17",\n                    3.6985\n                ],\n                [\n                    "2024-10-18",\n                    3.6999000000000004\n                ],\n                [\n                    "2024-10-21",\n                    3.6756\n                ],\n                [\n                    "2024-10-22",\n                    3.6453\n                ],\n                [\n                    "2024-10-23",\n                    3.6459\n                ],\n                [\n                    "2024-10-24",\n                    3.6327999999999996\n                ],\n                [\n                    "2024-10-25",\n                    3.6308\n                ],\n                [\n                    "2024-10-28",\n                    3.6263000000000005\n                ],\n                [\n                    "2024-10-29",\n                    3.6295\n                ],\n                [\n                    "2024-10-30",\n                    3.633\n                ],\n                [\n                    "2024-10-31",\n                    3.6388\n                ],\n                [\n                    "2024-11-01",\n                    3.6380000000000003\n                ],\n                [\n                    "2024-11-04",\n                    3.6412\n                ],\n                [\n                    "2024-11-05",\n                    3.6439999999999997\n                ],\n                [\n                    "2024-11-06",\n                    3.638699999999999\n                ],\n                [\n                    "2024-11-07",\n                    3.6536999999999997\n                ],\n                [\n                    "2024-11-08",\n                    3.6621\n                ],\n                [\n                    "2024-11-11",\n                    3.6662999999999997\n                ],\n                [\n                    "2024-11-12",\n                    3.6734999999999998\n                ],\n                [\n                    "2024-11-13",\n                    3.6869\n                ],\n                [\n                    "2024-11-14",\n                    3.6994\n                ],\n                [\n                    "2024-11-15",\n                    3.7067\n                ],\n                [\n                    "2024-11-18",\n                    3.7053000000000003\n                ],\n                [\n                    "2024-11-19",\n                    3.6986\n                ],\n                [\n                    "2024-11-20",\n                    3.6963\n                ],\n                [\n                    "2024-11-21",\n                    3.6783\n                ],\n                [\n                    "2024-11-22",\n                    3.6564\n                ],\n                [\n                    "2024-11-25",\n                    3.6345\n                ],\n                [\n                    "2024-11-26",\n                    3.6149\n                ],\n                [\n                    "2024-11-27",\n                    3.5985\n                ],\n                [\n                    "2024-11-28",\n                    3.5818999999999996\n                ],\n                [\n                    "2024-11-29",\n                    3.5712999999999995\n                ],\n                [\n                    "2024-12-02",\n                    3.5669999999999993\n                ],\n                [\n                    "2024-12-03",\n                    3.5632000000000006\n                ],\n                [\n                    "2024-12-04",\n                    3.5584000000000002\n                ],\n                [\n                    "2024-12-05",\n                    3.5519999999999996\n                ],\n                [\n                    "2024-12-06",\n                    3.5576999999999996\n                ],\n                [\n                    "2024-12-09",\n                    3.5656\n                ],\n                [\n                    "2024-12-10",\n                    3.5760999999999994\n                ],\n                [\n                    "2024-12-11",\n                    3.5854999999999997\n                ],\n                [\n                    "2024-12-12",\n                    3.6048999999999998\n                ],\n                [\n                    "2024-12-13",\n                    3.6130000000000004\n                ],\n                [\n                    "2024-12-16",\n                    3.6144000000000007\n                ],\n                [\n                    "2024-12-17",\n                    3.6181000000000005\n                ],\n                [\n                    "2024-12-18",\n                    3.6225\n                ],\n                [\n                    "2024-12-19",\n                    3.6278000000000006\n                ],\n                [\n                    "2024-12-20",\n                    3.6287\n                ],\n                [\n                    "2024-12-23",\n                    3.6277999999999997\n                ],\n                [\n                    "2024-12-24",\n                    3.6257000000000006\n                ],\n                [\n                    "2024-12-25",\n                    3.6199000000000003\n                ],\n                [\n                    "2024-12-26",\n                    3.607\n                ],\n                [\n                    "2024-12-27",\n                    3.6031\n                ],\n                [\n                    "2024-12-30",\n                    3.6028000000000007\n                ],\n                [\n                    "2024-12-31",\n                    3.5997999999999997\n                ],\n                [\n                    "2025-01-02",\n                    3.5903\n                ],\n                [\n                    "2025-01-03",\n                    3.5797999999999996\n                ],\n                [\n                    "2025-01-06",\n                    3.5674\n                ],\n                [\n                    "2025-01-07",\n                    3.5580000000000007\n                ],\n                [\n                    "2025-01-08",\n                    3.5472\n                ],\n                [\n                    "2025-01-09",\n                    3.5383000000000004\n                ],\n                [\n                    "2025-01-10",\n                    3.5256\n                ],\n                [\n                    "2025-01-13",\n                    3.5107999999999997\n                ],\n                [\n                    "2025-01-14",\n                    3.5032000000000005\n                ],\n                [\n                    "2025-01-15",\n                    3.4926000000000004\n                ],\n                [\n                    "2025-01-16",\n                    3.4874\n                ],\n                [\n                    "2025-01-17",\n                    3.4880000000000004\n                ],\n                [\n                    "2025-01-20",\n                    3.4936999999999996\n                ],\n                [\n                    "2025-01-21",\n                    3.496\n                ],\n                [\n                    "2025-01-22",\n                    3.4909\n                ],\n                [\n                    "2025-01-23",\n                    3.4841\n                ],\n                [\n                    "2025-01-24",\n                    3.4827\n                ],\n                [\n                    "2025-01-27",\n                    3.4837000000000002\n                ],\n                [\n                    "2025-02-05",\n                    3.4720999999999997\n                ],\n                [\n                    "2025-02-06",\n                    3.4655\n                ],\n                [\n                    "2025-02-07",\n                    3.4641999999999995\n                ],\n                [\n                    "2025-02-10",\n                    3.4599\n                ],\n                [\n                    "2025-02-11",\n                    3.4514000000000005\n                ],\n                [\n                    "2025-02-12",\n                    3.4473\n                ],\n                [\n                    "2025-02-13",\n                    3.4522\n                ],\n                [\n                    "2025-02-14",\n                    3.4590000000000005\n                ],\n                [\n                    "2025-02-17",\n                    3.4638999999999998\n                ],\n                [\n                    "2025-02-18",\n                    3.4659\n                ],\n                [\n                    "2025-02-19",\n                    3.4745\n                ],\n                [\n                    "2025-02-20",\n                    3.4806\n                ],\n                [\n                    "2025-02-21",\n                    3.4840000000000004\n                ],\n                [\n                    "2025-02-24",\n                    3.4884\n                ],\n                [\n                    "2025-02-25",\n                    3.4893\n                ],\n                [\n                    "2025-02-26",\n                    3.4898000000000002\n                ],\n                [\n                    "2025-02-27",\n                    3.4924\n                ],\n                [\n                    "2025-02-28",\n                    3.4923\n                ],\n                [\n                    "2025-03-03",\n                    3.4911000000000003\n                ],\n                [\n                    "2025-03-04",\n                    3.4893\n                ],\n                [\n                    "2025-03-05",\n                    3.4878\n                ],\n                [\n                    "2025-03-06",\n                    3.4905\n                ],\n                [\n                    "2025-03-07",\n                    3.4943\n                ],\n                [\n                    "2025-03-10",\n                    3.4975\n                ],\n                [\n                    "2025-03-11",\n                    3.5117000000000003\n                ],\n                [\n                    "2025-03-12",\n                    3.5233999999999996\n                ],\n                [\n                    "2025-03-13",\n                    3.5286999999999997\n                ],\n                [\n                    "2025-03-14",\n                    3.5482\n                ],\n                [\n                    "2025-03-17",\n                    3.5704000000000002\n                ],\n                [\n                    "2025-03-18",\n                    3.5947000000000005\n                ],\n                [\n                    "2025-03-19",\n                    3.6174999999999997\n                ],\n                [\n                    "2025-03-20",\n                    3.6335\n                ],\n                [\n                    "2025-03-21",\n                    3.6414\n                ],\n                [\n                    "2025-03-24",\n                    3.6509\n                ],\n                [\n                    "2025-03-25",\n                    3.6535\n                ],\n                [\n                    "2025-03-26",\n                    3.6567\n                ],\n                [\n                    "2025-03-27",\n                    3.6641999999999997\n                ],\n                [\n                    "2025-03-28",\n                    3.6559000000000004\n                ],\n                [\n                    "2025-03-31",\n                    3.6459\n                ],\n                [\n                    "2025-04-01",\n                    3.6348\n                ],\n                [\n                    "2025-04-02",\n                    3.623500000000001\n                ],\n                [\n                    "2025-04-03",\n                    3.6134\n                ],\n                [\n                    "2025-04-07",\n                    3.5896999999999997\n                ],\n                [\n                    "2025-04-08",\n                    3.5713\n                ],\n                [\n                    "2025-04-09",\n                    3.5581000000000005\n                ],\n                [\n                    "2025-04-10",\n                    3.5480000000000005\n                ],\n                [\n                    "2025-04-11",\n                    3.5332\n                ],\n                [\n                    "2025-04-14",\n                    3.5189999999999997\n                ],\n                [\n                    "2025-04-15",\n                    3.5073\n                ],\n                [\n                    "2025-04-16",\n                    3.4981\n                ],\n                [\n                    "2025-04-17",\n                    3.4913000000000003\n                ],\n                [\n                    "2025-04-18",\n                    3.4838\n                ],\n                [\n                    "2025-04-21",\n                    3.4955\n                ],\n                [\n                    "2025-04-22",\n                    3.5011\n                ],\n                [\n                    "2025-04-23",\n                    3.5039000000000002\n                ],\n                [\n                    "2025-04-24",\n                    3.5016\n                ],\n                [\n                    "2025-04-25",\n                    3.5005\n                ],\n                [\n                    "2025-04-28",\n                    3.5004999999999997\n                ],\n                [\n                    "2025-04-29",\n                    3.4972000000000003\n                ],\n                [\n                    "2025-04-30",\n                    3.4924999999999997\n                ],\n                [\n                    "2025-05-06",\n                    3.4885000000000006\n                ],\n                [\n                    "2025-05-07",\n                    3.4881\n                ],\n                [\n                    "2025-05-08",\n                    3.4898000000000002\n                ],\n                [\n                    "2025-05-09",\n                    3.4902\n                ],\n                [\n                    "2025-05-12",\n                    3.4928\n                ],\n                [\n                    "2025-05-13",\n                    3.496\n                ],\n                [\n                    "2025-05-14",\n                    3.5027\n                ],\n                [\n                    "2025-05-15",\n                    3.5085\n                ],\n                [\n                    "2025-05-16",\n                    3.5152\n                ],\n                [\n                    "2025-05-19",\n                    3.5193999999999996\n                ],\n                [\n                    "2025-05-20",\n                    3.5237000000000003\n                ],\n                [\n                    "2025-05-21",\n                    3.5271\n                ],\n                [\n                    "2025-05-22",\n                    3.5283\n                ],\n                [\n                    "2025-05-23",\n                    3.5288999999999993\n                ],\n                [\n                    "2025-05-26",\n                    3.5217\n                ],\n                [\n                    "2025-05-27",\n                    3.5141\n                ],\n                [\n                    "2025-05-28",\n                    3.5051\n                ],\n                [\n                    "2025-05-29",\n                    3.4988\n                ],\n                [\n                    "2025-05-30",\n                    3.4905999999999997\n                ],\n                [\n                    "2025-06-03",\n                    3.4827\n                ],\n                [\n                    "2025-06-04",\n                    3.4733000000000005\n                ],\n                [\n                    "2025-06-05",\n                    3.4648000000000003\n                ],\n                [\n                    "2025-06-06",\n                    3.4560000000000004\n                ],\n                [\n                    "2025-06-09",\n                    3.4467\n                ],\n                [\n                    "2025-06-10",\n                    3.4408000000000003\n                ],\n                [\n                    "2025-06-11",\n                    3.4391\n                ],\n                [\n                    "2025-06-12",\n                    3.4318000000000004\n                ],\n                [\n                    "2025-06-13",\n                    3.4185000000000003\n                ],\n                [\n                    "2025-06-16",\n                    3.4066\n                ],\n                [\n                    "2025-06-17",\n                    3.3969\n                ],\n                [\n                    "2025-06-18",\n                    3.3891\n                ],\n                [\n                    "2025-06-19",\n                    3.3777999999999997\n                ],\n                [\n                    "2025-06-20",\n                    3.3702999999999994\n                ],\n                [\n                    "2025-06-23",\n                    3.3606000000000003\n                ],\n                [\n                    "2025-06-24",\n                    3.3558\n                ],\n                [\n                    "2025-06-25",\n                    3.3496\n                ],\n                [\n                    "2025-06-26",\n                    3.3448\n                ],\n                [\n                    "2025-06-27",\n                    3.3445\n                ],\n                [\n                    "2025-06-30",\n                    3.3465000000000003\n                ],\n                [\n                    "2025-07-01",\n                    3.3489000000000004\n                ],\n                [\n                    "2025-07-02",\n                    3.3497999999999997\n                ],\n                [\n                    "2025-07-03",\n                    3.3549999999999995\n                ],\n                [\n                    "2025-07-04",\n                    3.3579\n                ],\n                [\n                    "2025-07-07",\n                    3.3634999999999997\n                ],\n                [\n                    "2025-07-08",\n                    3.3658\n                ],\n                [\n                    "2025-07-09",\n                    3.3671999999999995\n                ],\n                [\n                    "2025-07-10",\n                    3.3688000000000002\n                ],\n                [\n                    "2025-07-11",\n                    3.3724000000000003\n                ],\n                [\n                    "2025-07-14",\n                    3.3764000000000003\n                ],\n                [\n                    "2025-07-15",\n                    3.3798000000000004\n                ],\n                [\n                    "2025-07-16",\n                    3.3821\n                ],\n                [\n                    "2025-07-17",\n                    3.3841\n                ],\n                [\n                    "2025-07-18",\n                    3.3866\n                ],\n                [\n                    "2025-07-21",\n                    3.3900999999999994\n                ],\n                [\n                    "2025-07-22",\n                    3.3980999999999995\n                ],\n                [\n                    "2025-07-23",\n                    3.4055\n                ],\n                [\n                    "2025-07-24",\n                    3.4158999999999997\n                ],\n                [\n                    "2025-07-25",\n                    3.4224000000000006\n                ],\n                [\n                    "2025-07-28",\n                    3.425\n                ],\n                [\n                    "2025-07-29",\n                    3.4265\n                ],\n                [\n                    "2025-07-30",\n                    3.4303\n                ],\n                [\n                    "2025-07-31",\n                    3.4248000000000003\n                ],\n                [\n                    "2025-08-01",\n                    3.4183999999999997\n                ],\n                [\n                    "2025-08-04",\n                    3.4137999999999997\n                ],\n                [\n                    "2025-08-05",\n                    3.4082999999999997\n                ],\n                [\n                    "2025-08-06",\n                    3.4036\n                ],\n                [\n                    "2025-08-07",\n                    3.3978\n                ],\n                [\n                    "2025-08-08",\n                    3.3941000000000003\n                ],\n                [\n                    "2025-08-11",\n                    3.3972\n                ],\n                [\n                    "2025-08-12",\n                    3.4041000000000006\n                ],\n                [\n                    "2025-08-13",\n                    3.409\n                ],\n                [\n                    "2025-08-14",\n                    3.4206000000000003\n                ],\n                [\n                    "2025-08-15",\n                    3.4337000000000004\n                ],\n                [\n                    "2025-08-18",\n                    3.4469000000000003\n                ],\n                [\n                    "2025-08-19",\n                    3.4589\n                ],\n                [\n                    "2025-08-20",\n                    3.4762\n                ],\n                [\n                    "2025-08-21",\n                    3.4953000000000003\n                ],\n                [\n                    "2025-08-22",\n                    3.5167\n                ],\n                [\n                    "2025-08-25",\n                    3.5416000000000003\n                ],\n                [\n                    "2025-08-26",\n                    3.5666\n                ],\n                [\n                    "2025-08-27",\n                    3.5825000000000005\n                ],\n                [\n                    "2025-08-28",\n                    3.5991\n                ],\n                [\n                    "2025-08-29",\n                    3.6209000000000002\n                ],\n                [\n                    "2025-09-01",\n                    3.6408\n                ],\n                [\n                    "2025-09-02",\n                    3.6596\n                ],\n                [\n                    "2025-09-03",\n                    3.6690999999999994\n                ],\n                [\n                    "2025-09-04",\n                    3.6732\n                ],\n                [\n                    "2025-09-05",\n                    3.6804\n                ],\n                [\n                    "2025-09-08",\n                    3.6852000000000005\n                ],\n                [\n                    "2025-09-09",\n                    3.6902999999999997\n                ],\n                [\n                    "2025-09-10",\n                    3.7037999999999998\n                ],\n                [\n                    "2025-09-11",\n                    3.7198\n                ],\n                [\n                    "2025-09-12",\n                    3.7253\n                ],\n                [\n                    "2025-09-15",\n                    3.7302\n                ],\n                [\n                    "2025-09-16",\n                    3.7332\n                ],\n                [\n                    "2025-09-17",\n                    3.7398000000000002\n                ],\n                [\n                    "2025-09-18",\n                    3.7449\n                ],\n                [\n                    "2025-09-19",\n                    3.7445999999999997\n                ],\n                [\n                    "2025-09-22",\n                    3.7351\n                ],\n                [\n                    "2025-09-23",\n                    3.7223999999999995\n                ],\n                [\n                    "2025-09-24",\n                    3.7106000000000003\n                ],\n                [\n                    "2025-09-25",\n                    3.6938000000000004\n                ],\n                [\n                    "2025-09-26",\n                    3.6794\n                ],\n                [\n                    "2025-09-29",\n                    3.6689999999999996\n                ],\n                [\n                    "2025-09-30",\n                    3.6592999999999996\n                ],\n                [\n                    "2025-10-09",\n                    3.6464\n                ],\n                [\n                    "2025-10-10",\n                    3.6378999999999997\n                ],\n                [\n                    "2025-10-13",\n                    3.6239\n                ],\n                [\n                    "2025-10-14",\n                    3.6153\n                ],\n                [\n                    "2025-10-15",\n                    3.6100000000000003\n                ],\n                [\n                    "2025-10-16",\n                    3.6071\n                ],\n                [\n                    "2025-10-17",\n                    3.6001999999999996\n                ],\n                [\n                    "2025-10-20",\n                    3.5941\n                ],\n                [\n                    "2025-10-21",\n                    3.5856000000000003\n                ],\n                [\n                    "2025-10-22",\n                    3.575\n                ],\n                [\n                    "2025-10-23",\n                    3.5706\n                ],\n                [\n                    "2025-10-24",\n                    3.5643000000000002\n                ],\n                [\n                    "2025-10-27",\n                    3.5641999999999996\n                ],\n                [\n                    "2025-10-28",\n                    3.5629999999999997\n                ],\n                [\n                    "2025-10-29",\n                    3.5591\n                ],\n                [\n                    "2025-10-30",\n                    3.5527\n                ],\n                [\n                    "2025-10-31",\n                    3.5572000000000004\n                ],\n                [\n                    "2025-11-03",\n                    3.5606999999999998\n                ],\n                [\n                    "2025-11-04",\n                    3.5598000000000005\n                ],\n                [\n                    "2025-11-05",\n                    3.5599\n                ],\n                [\n                    "2025-11-06",\n                    3.5585999999999998\n                ],\n                [\n                    "2025-11-07",\n                    3.5591999999999997\n                ],\n                [\n                    "2025-11-10",\n                    3.5681\n                ],\n                [\n                    "2025-11-11",\n                    3.5766\n                ],\n                [\n                    "2025-11-12",\n                    3.5853\n                ],\n                [\n                    "2025-11-13",\n                    3.5948\n                ],\n                [\n                    "2025-11-14",\n                    3.5955999999999997\n                ],\n                [\n                    "2025-11-17",\n                    3.5949999999999998\n                ],\n                [\n                    "2025-11-18",\n                    3.595999999999999\n                ],\n                [\n                    "2025-11-19",\n                    3.5991\n                ],\n                [\n                    "2025-11-20",\n                    3.5993000000000004\n                ],\n                [\n                    "2025-11-21",\n                    3.5993000000000004\n                ],\n                [\n                    "2025-11-24",\n                    3.5898000000000003\n                ],\n                [\n                    "2025-11-25",\n                    3.5811\n                ],\n                [\n                    "2025-11-26",\n                    3.5743\n                ],\n                [\n                    "2025-11-27",\n                    3.5666\n                ],\n                [\n                    "2025-11-28",\n                    3.5654000000000003\n                ],\n                [\n                    "2025-12-01",\n                    3.5677\n                ],\n                [\n                    "2025-12-02",\n                    3.5701\n                ],\n                [\n                    "2025-12-03",\n                    3.5694000000000004\n                ],\n                [\n                    "2025-12-04",\n                    3.567\n                ],\n                [\n                    "2025-12-05",\n                    3.5669999999999993\n                ],\n                [\n                    "2025-12-08",\n                    3.5646999999999998\n                ],\n                [\n                    "2025-12-09",\n                    3.5582000000000003\n                ],\n                [\n                    "2025-12-10",\n                    3.5525999999999995\n                ],\n                [\n                    "2025-12-11",\n                    3.5454999999999997\n                ],\n                [\n                    "2025-12-12",\n                    3.5384\n                ],\n                [\n                    "2025-12-15",\n                    3.5302\n                ],\n                [\n                    "2025-12-16",\n                    3.522\n                ],\n                [\n                    "2025-12-17",\n                    3.5174999999999996\n                ],\n                [\n                    "2025-12-18",\n                    3.5137\n                ],\n                [\n                    "2025-12-19",\n                    3.5092999999999996\n                ],\n                [\n                    "2025-12-22",\n                    3.5077\n                ],\n                [\n                    "2025-12-23",\n                    3.5078000000000005\n                ],\n                [\n                    "2025-12-24",\n                    3.5031\n                ],\n                [\n                    "2025-12-25",\n                    3.5021\n                ],\n                [\n                    "2025-12-26",\n                    3.499\n                ],\n                [\n                    "2025-12-29",\n                    3.4927\n                ],\n                [\n                    "2025-12-30",\n                    3.4892000000000003\n                ],\n                [\n                    "2025-12-31",\n                    3.4814\n                ],\n                [\n                    "2026-01-05",\n                    3.4798999999999998\n                ],\n                [\n                    "2026-01-06",\n                    3.4781\n                ],\n                [\n                    "2026-01-07",\n                    3.4753\n                ],\n                [\n                    "2026-01-08",\n                    3.4722\n                ],\n                [\n                    "2026-01-09",\n                    3.4719\n                ],\n                [\n                    "2026-01-12",\n                    3.4692999999999996\n                ],\n                [\n                    "2026-01-13",\n                    3.4625\n                ],\n                [\n                    "2026-01-14",\n                    3.4563\n                ],\n                [\n                    "2026-01-15",\n                    3.4491\n                ],\n                [\n                    "2026-01-16",\n                    3.4435000000000002\n                ],\n                [\n                    "2026-01-19",\n                    3.4332000000000003\n                ],\n                [\n                    "2026-01-20",\n                    3.4233000000000002\n                ],\n                [\n                    "2026-01-21",\n                    3.4108000000000005\n                ],\n                [\n                    "2026-01-22",\n                    3.3991\n                ],\n                [\n                    "2026-01-23",\n                    3.3850000000000002\n                ],\n                [\n                    "2026-01-26",\n                    3.3693\n                ],\n                [\n                    "2026-01-27",\n                    3.3567\n                ],\n                [\n                    "2026-01-28",\n                    3.3468000000000004\n                ],\n                [\n                    "2026-01-29",\n                    3.3494\n                ],\n                [\n                    "2026-01-30",\n                    3.3455\n                ],\n                [\n                    "2026-02-02",\n                    3.342\n                ],\n                [\n                    "2026-02-03",\n                    3.3407000000000004\n                ],\n                [\n                    "2026-02-04",\n                    3.3525\n                ],\n                [\n                    "2026-02-05",\n                    3.3683\n                ],\n                [\n                    "2026-02-06",\n                    3.3805\n                ],\n                [\n                    "2026-02-09",\n                    3.3935000000000004\n                ],\n                [\n                    "2026-02-10",\n                    3.405\n                ],\n                [\n                    "2026-02-11",\n                    3.4162999999999997\n                ],\n                [\n                    "2026-02-12",\n                    3.4114999999999993\n                ],\n                [\n                    "2026-02-13",\n                    3.4128\n                ],\n                [\n                    "2026-02-24",\n                    3.4130000000000003\n                ],\n                [\n                    "2026-02-25",\n                    3.4108000000000005\n                ],\n                [\n                    "2026-02-26",\n                    3.3947000000000003\n                ],\n                [\n                    "2026-02-27",\n                    3.3745000000000003\n                ],\n                [\n                    "2026-03-02",\n                    3.3563\n                ],\n                [\n                    "2026-03-03",\n                    3.3354\n                ],\n                [\n                    "2026-03-04",\n                    3.3124000000000002\n                ],\n                [\n                    "2026-03-05",\n                    3.2912\n                ],\n                [\n                    "2026-03-06",\n                    3.2773000000000003\n                ],\n                [\n                    "2026-03-09",\n                    3.2609000000000004\n                ],\n                [\n                    "2026-03-10",\n                    3.248\n                ],\n                [\n                    "2026-03-11",\n                    3.2362\n                ],\n                [\n                    "2026-03-12",\n                    3.229\n                ],\n                [\n                    "2026-03-13",\n                    3.2241\n                ],\n                [\n                    "2026-03-16",\n                    3.2261\n                ],\n                [\n                    "2026-03-17",\n                    3.2313\n                ],\n                [\n                    "2026-03-18",\n                    3.2388\n                ],\n                [\n                    "2026-03-19",\n                    3.2397\n                ],\n                [\n                    "2026-03-20",\n                    3.2352000000000003\n                ],\n                [\n                    "2026-03-23",\n                    3.2257\n                ],\n                [\n                    "2026-03-24",\n                    3.2154000000000003\n                ],\n                [\n                    "2026-03-25",\n                    3.2058999999999997\n                ],\n                [\n                    "2026-03-26",\n                    3.1921000000000004\n                ],\n                [\n                    "2026-03-27",\n                    3.1814\n                ],\n                [\n                    "2026-03-30",\n                    3.1649000000000003\n                ],\n                [\n                    "2026-03-31",\n                    3.148\n                ],\n                [\n                    "2026-04-01",\n                    3.1383\n                ],\n                [\n                    "2026-04-02",\n                    3.1351\n                ],\n                [\n                    "2026-04-03",\n                    3.1292999999999997\n                ],\n                [\n                    "2026-04-07",\n                    3.1298\n                ],\n                [\n                    "2026-04-08",\n                    3.1338999999999997\n                ],\n                [\n                    "2026-04-09",\n                    3.1315\n                ],\n                [\n                    "2026-04-10",\n                    3.1342\n                ],\n                [\n                    "2026-04-13",\n                    3.1314\n                ],\n                [\n                    "2026-04-14",\n                    3.1332\n                ],\n                [\n                    "2026-04-15",\n                    3.1374\n                ],\n                [\n                    "2026-04-16",\n                    3.1399999999999997\n                ]\n            ],\n            "hoverAnimation": true,\n            "label": {\n                "show": false,\n                "margin": 8,\n                "richInheritPlainLabel": true,\n                "valueAnimation": false\n            },\n            "logBase": 10,\n            "seriesLayoutBy": "column",\n            "lineStyle": {\n                "show": false,\n                "width": 1.2\n            },\n            "areaStyle": {\n                "opacity": 0\n            },\n            "zlevel": 0,\n            "z": 0\n        },\n        {\n            "type": "line",\n            "name": "MA20",\n            "connectNulls": false,\n            "xAxisIndex": 0,\n            "symbolSize": 4,\n            "showSymbol": false,\n            "smooth": true,\n            "clip": true,\n            "step": false,\n            "stackStrategy": "samesign",\n            "data": [\n                [\n                    "2010-08-20",\n                    null\n                ],\n                [\n                    "2010-08-27",\n                    null\n                ],\n                [\n                    "2010-09-03",\n                    null\n                ],\n                [\n                    "2010-09-10",\n                    null\n                ],\n                [\n                    "2010-09-17",\n                    null\n                ],\n                [\n                    "2010-09-21",\n                    null\n                ],\n                [\n                    "2010-09-30",\n                    null\n                ],\n                [\n                    "2010-10-08",\n                    null\n                ],\n                [\n                    "2010-10-15",\n                    null\n                ],\n                [\n                    "2010-10-22",\n                    null\n                ],\n                [\n                    "2010-10-26",\n                    null\n                ],\n                [\n                    "2010-10-27",\n                    null\n                ],\n                [\n                    "2010-10-28",\n                    null\n                ],\n                [\n                    "2010-10-29",\n                    null\n                ],\n                [\n                    "2010-11-01",\n                    null\n                ],\n                [\n                    "2010-11-02",\n                    null\n                ],\n                [\n                    "2010-11-03",\n                    null\n                ],\n                [\n                    "2010-11-04",\n                    null\n                ],\n                [\n                    "2010-11-05",\n                    null\n                ],\n                [\n                    "2010-11-08",\n                    1.0142\n                ],\n                [\n                    "2010-11-09",\n                    1.01645\n                ],\n                [\n                    "2010-11-10",\n                    1.0192999999999999\n                ],\n                [\n                    "2010-11-11",\n                    1.02155\n                ],\n                [\n                    "2010-11-12",\n                    1.0222499999999999\n                ],\n                [\n                    "2010-11-15",\n                    1.0241500000000001\n                ],\n                [\n                    "2010-11-16",\n                    1.0252500000000002\n                ],\n                [\n                    "2010-11-17",\n                    1.025\n                ],\n                [\n                    "2010-11-18",\n                    1.02485\n                ],\n                [\n                    "2010-11-19",\n                    1.02645\n                ],\n                [\n                    "2010-11-22",\n                    1.0275\n                ],\n                [\n                    "2010-11-23",\n                    1.02765\n                ],\n                [\n                    "2010-11-24",\n                    1.02875\n                ],\n                [\n                    "2010-11-25",\n                    1.0303\n                ],\n                [\n                    "2010-11-26",\n                    1.03155\n                ],\n                [\n                    "2010-11-29",\n                    1.03245\n                ],\n                [\n                    "2010-11-30",\n                    1.0326499999999998\n                ],\n                [\n                    "2010-12-01",\n                    1.0326499999999998\n                ],\n                [\n                    "2010-12-02",\n                    1.03215\n                ],\n                [\n                    "2010-12-03",\n                    1.0312000000000001\n                ],\n                [\n                    "2010-12-06",\n                    1.0294\n                ],\n                [\n                    "2010-12-07",\n                    1.0276\n                ],\n                [\n                    "2010-12-08",\n                    1.0251\n                ],\n                [\n                    "2010-12-09",\n                    1.0222\n                ],\n                [\n                    "2010-12-10",\n                    1.02115\n                ],\n                [\n                    "2010-12-13",\n                    1.0199500000000001\n                ],\n                [\n                    "2010-12-14",\n                    1.01965\n                ],\n                [\n                    "2010-12-15",\n                    1.02035\n                ],\n                [\n                    "2010-12-16",\n                    1.0205\n                ],\n                [\n                    "2010-12-17",\n                    1.0197\n                ],\n                [\n                    "2010-12-20",\n                    1.0182499999999999\n                ],\n                [\n                    "2010-12-21",\n                    1.01735\n                ],\n                [\n                    "2010-12-22",\n                    1.0153\n                ],\n                [\n                    "2010-12-23",\n                    1.01235\n                ],\n                [\n                    "2010-12-24",\n                    1.009\n                ],\n                [\n                    "2010-12-27",\n                    1.0047000000000001\n                ],\n                [\n                    "2010-12-28",\n                    1.0009000000000001\n                ],\n                [\n                    "2010-12-29",\n                    0.99785\n                ],\n                [\n                    "2010-12-30",\n                    0.9951500000000001\n                ],\n                [\n                    "2010-12-31",\n                    0.9935999999999998\n                ],\n                [\n                    "2011-01-04",\n                    0.9927999999999999\n                ],\n                [\n                    "2011-01-05",\n                    0.99135\n                ],\n                [\n                    "2011-01-06",\n                    0.9897\n                ],\n                [\n                    "2011-01-07",\n                    0.9886000000000001\n                ],\n                [\n                    "2011-01-10",\n                    0.9862499999999998\n                ],\n                [\n                    "2011-01-11",\n                    0.9828499999999998\n                ],\n                [\n                    "2011-01-12",\n                    0.9793499999999999\n                ],\n                [\n                    "2011-01-13",\n                    0.9763999999999999\n                ],\n                [\n                    "2011-01-14",\n                    0.9731500000000001\n                ],\n                [\n                    "2011-01-17",\n                    0.9685499999999999\n                ],\n                [\n                    "2011-01-18",\n                    0.9648\n                ],\n                [\n                    "2011-01-19",\n                    0.9616\n                ],\n                [\n                    "2011-01-20",\n                    0.9576499999999999\n                ],\n                [\n                    "2011-01-21",\n                    0.9539499999999999\n                ],\n                [\n                    "2011-01-24",\n                    0.9499000000000001\n                ],\n                [\n                    "2011-01-25",\n                    0.94635\n                ],\n                [\n                    "2011-01-26",\n                    0.9436\n                ],\n                [\n                    "2011-01-27",\n                    0.9407\n                ],\n                [\n                    "2011-01-28",\n                    0.9381499999999999\n                ],\n                [\n                    "2011-01-31",\n                    0.9351500000000001\n                ],\n                [\n                    "2011-02-01",\n                    0.9319000000000001\n                ],\n                [\n                    "2011-02-09",\n                    0.9288000000000001\n                ],\n                [\n                    "2011-02-10",\n                    0.92705\n                ],\n                [\n                    "2011-02-11",\n                    0.9259499999999999\n                ],\n                [\n                    "2011-02-14",\n                    0.92645\n                ],\n                [\n                    "2011-02-15",\n                    0.9268000000000001\n                ],\n                [\n                    "2011-02-16",\n                    0.92735\n                ],\n                [\n                    "2011-02-17",\n                    0.9273\n                ],\n                [\n                    "2011-02-18",\n                    0.9275\n                ],\n                [\n                    "2011-02-21",\n                    0.92995\n                ],\n                [\n                    "2011-02-22",\n                    0.9310500000000002\n                ],\n                [\n                    "2011-02-23",\n                    0.93165\n                ],\n                [\n                    "2011-02-24",\n                    0.9334\n                ],\n                [\n                    "2011-02-25",\n                    0.9355500000000001\n                ],\n                [\n                    "2011-02-28",\n                    0.9391999999999999\n                ],\n                [\n                    "2011-03-01",\n                    0.9436\n                ],\n                [\n                    "2011-03-02",\n                    0.9476000000000001\n                ],\n                [\n                    "2011-03-03",\n                    0.95055\n                ],\n                [\n                    "2011-03-04",\n                    0.9534\n                ],\n                [\n                    "2011-03-07",\n                    0.9562999999999999\n                ],\n                [\n                    "2011-03-08",\n                    0.9595499999999999\n                ],\n                [\n                    "2011-03-09",\n                    0.9629999999999999\n                ],\n                [\n                    "2011-03-10",\n                    0.9652499999999999\n                ],\n                [\n                    "2011-03-11",\n                    0.96675\n                ],\n                [\n                    "2011-03-14",\n                    0.968\n                ],\n                [\n                    "2011-03-15",\n                    0.96865\n                ],\n                [\n                    "2011-03-16",\n                    0.9695499999999999\n                ],\n                [\n                    "2011-03-17",\n                    0.9699500000000001\n                ],\n                [\n                    "2011-03-18",\n                    0.9705999999999999\n                ],\n                [\n                    "2011-03-21",\n                    0.9701000000000001\n                ],\n                [\n                    "2011-03-22",\n                    0.9704499999999999\n                ],\n                [\n                    "2011-03-23",\n                    0.97105\n                ],\n                [\n                    "2011-03-24",\n                    0.97155\n                ],\n                [\n                    "2011-03-25",\n                    0.97205\n                ],\n                [\n                    "2011-03-28",\n                    0.9712500000000001\n                ],\n                [\n                    "2011-03-29",\n                    0.9691999999999998\n                ],\n                [\n                    "2011-03-30",\n                    0.9668999999999999\n                ],\n                [\n                    "2011-03-31",\n                    0.9651500000000001\n                ],\n                [\n                    "2011-04-01",\n                    0.9632\n                ],\n                [\n                    "2011-04-06",\n                    0.96035\n                ],\n                [\n                    "2011-04-07",\n                    0.95755\n                ],\n                [\n                    "2011-04-08",\n                    0.9553500000000001\n                ],\n                [\n                    "2011-04-11",\n                    0.95285\n                ],\n                [\n                    "2011-04-12",\n                    0.9507\n                ],\n                [\n                    "2011-04-13",\n                    0.94885\n                ],\n                [\n                    "2011-04-14",\n                    0.9477499999999999\n                ],\n                [\n                    "2011-04-15",\n                    0.9460500000000002\n                ],\n                [\n                    "2011-04-18",\n                    0.9451\n                ],\n                [\n                    "2011-04-19",\n                    0.9442\n                ],\n                [\n                    "2011-04-20",\n                    0.9440500000000001\n                ],\n                [\n                    "2011-04-21",\n                    0.9440500000000001\n                ],\n                [\n                    "2011-04-22",\n                    0.9435\n                ],\n                [\n                    "2011-04-25",\n                    0.9435499999999999\n                ],\n                [\n                    "2011-04-26",\n                    0.94285\n                ],\n                [\n                    "2011-04-27",\n                    0.9424999999999999\n                ],\n                [\n                    "2011-04-28",\n                    0.942\n                ],\n                [\n                    "2011-04-29",\n                    0.9422\n                ],\n                [\n                    "2011-05-03",\n                    0.9431499999999999\n                ],\n                [\n                    "2011-05-04",\n                    0.9433999999999999\n                ],\n                [\n                    "2011-05-05",\n                    0.9446999999999999\n                ],\n                [\n                    "2011-05-06",\n                    0.9459500000000001\n                ],\n                [\n                    "2011-05-09",\n                    0.9466999999999999\n                ],\n                [\n                    "2011-05-10",\n                    0.9477\n                ],\n                [\n                    "2011-05-11",\n                    0.9488\n                ],\n                [\n                    "2011-05-12",\n                    0.94915\n                ],\n                [\n                    "2011-05-13",\n                    0.94955\n                ],\n                [\n                    "2011-05-16",\n                    0.9499999999999998\n                ],\n                [\n                    "2011-05-17",\n                    0.9501000000000002\n                ],\n                [\n                    "2011-05-18",\n                    0.9504999999999999\n                ],\n                [\n                    "2011-05-19",\n                    0.9506499999999999\n                ],\n                [\n                    "2011-05-20",\n                    0.9506499999999999\n                ],\n                [\n                    "2011-05-23",\n                    0.9494\n                ],\n                [\n                    "2011-05-24",\n                    0.9474499999999999\n                ],\n                [\n                    "2011-05-25",\n                    0.9455500000000001\n                ],\n                [\n                    "2011-05-26",\n                    0.9437000000000001\n                ],\n                [\n                    "2011-05-27",\n                    0.9422\n                ],\n                [\n                    "2011-05-30",\n                    0.9402999999999999\n                ],\n                [\n                    "2011-05-31",\n                    0.9381499999999999\n                ],\n                [\n                    "2011-06-01",\n                    0.9371\n                ],\n                [\n                    "2011-06-02",\n                    0.9353\n                ],\n                [\n                    "2011-06-03",\n                    0.9338999999999998\n                ],\n                [\n                    "2011-06-07",\n                    0.9325000000000001\n                ],\n                [\n                    "2011-06-08",\n                    0.9313499999999999\n                ],\n                [\n                    "2011-06-09",\n                    0.92935\n                ],\n                [\n                    "2011-06-10",\n                    0.9276500000000001\n                ],\n                [\n                    "2011-06-13",\n                    0.92545\n                ],\n                [\n                    "2011-06-14",\n                    0.9237\n                ],\n                [\n                    "2011-06-15",\n                    0.9221\n                ],\n                [\n                    "2011-06-16",\n                    0.9195500000000001\n                ],\n                [\n                    "2011-06-17",\n                    0.9166000000000001\n                ],\n                [\n                    "2011-06-20",\n                    0.9131500000000001\n                ],\n                [\n                    "2011-06-21",\n                    0.9116500000000001\n                ],\n                [\n                    "2011-06-22",\n                    0.9107000000000001\n                ],\n                [\n                    "2011-06-23",\n                    0.9107999999999998\n                ],\n                [\n                    "2011-06-24",\n                    0.9118499999999999\n                ],\n                [\n                    "2011-06-27",\n                    0.91395\n                ],\n                [\n                    "2011-06-28",\n                    0.9158500000000002\n                ],\n                [\n                    "2011-06-29",\n                    0.917\n                ],\n                [\n                    "2011-06-30",\n                    0.9180999999999999\n                ],\n                [\n                    "2011-07-01",\n                    0.9194500000000001\n                ],\n                [\n                    "2011-07-04",\n                    0.9212000000000001\n                ],\n                [\n                    "2011-07-05",\n                    0.9228999999999999\n                ],\n                [\n                    "2011-07-06",\n                    0.92445\n                ],\n                [\n                    "2011-07-07",\n                    0.9272\n                ],\n                [\n                    "2011-07-08",\n                    0.9298499999999998\n                ],\n                [\n                    "2011-07-11",\n                    0.9337\n                ],\n                [\n                    "2011-07-12",\n                    0.9369500000000001\n                ],\n                [\n                    "2011-07-13",\n                    0.9412499999999999\n                ],\n                [\n                    "2011-07-14",\n                    0.9458499999999999\n                ],\n                [\n                    "2011-07-15",\n                    0.9509000000000001\n                ],\n                [\n                    "2011-07-18",\n                    0.9568\n                ],\n                [\n                    "2011-07-19",\n                    0.9614499999999999\n                ],\n                [\n                    "2011-07-20",\n                    0.966\n                ],\n                [\n                    "2011-07-21",\n                    0.9702\n                ],\n                [\n                    "2011-07-22",\n                    0.9737500000000001\n                ],\n                [\n                    "2011-07-25",\n                    0.97545\n                ],\n                [\n                    "2011-07-26",\n                    0.9773499999999998\n                ],\n                [\n                    "2011-07-27",\n                    0.9802\n                ],\n                [\n                    "2011-07-28",\n                    0.98245\n                ],\n                [\n                    "2011-07-29",\n                    0.98425\n                ],\n                [\n                    "2011-08-01",\n                    0.98485\n                ],\n                [\n                    "2011-08-02",\n                    0.9850999999999999\n                ],\n                [\n                    "2011-08-03",\n                    0.98575\n                ],\n                [\n                    "2011-08-04",\n                    0.9862\n                ],\n                [\n                    "2011-08-05",\n                    0.9862500000000001\n                ],\n                [\n                    "2011-08-08",\n                    0.9849\n                ],\n                [\n                    "2011-08-09",\n                    0.9840500000000001\n                ],\n                [\n                    "2011-08-10",\n                    0.9831\n                ],\n                [\n                    "2011-08-11",\n                    0.9837\n                ],\n                [\n                    "2011-08-12",\n                    0.98425\n                ],\n                [\n                    "2011-08-15",\n                    0.9845499999999999\n                ],\n                [\n                    "2011-08-16",\n                    0.9850999999999999\n                ],\n                [\n                    "2011-08-17",\n                    0.9853999999999999\n                ],\n                [\n                    "2011-08-18",\n                    0.985\n                ],\n                [\n                    "2011-08-19",\n                    0.9845499999999999\n                ],\n                [\n                    "2011-08-22",\n                    0.9845\n                ],\n                [\n                    "2011-08-23",\n                    0.9846\n                ],\n                [\n                    "2011-08-24",\n                    0.984\n                ],\n                [\n                    "2011-08-25",\n                    0.98425\n                ],\n                [\n                    "2011-08-26",\n                    0.9847999999999999\n                ],\n                [\n                    "2011-08-29",\n                    0.9856999999999999\n                ],\n                [\n                    "2011-08-30",\n                    0.9866000000000001\n                ],\n                [\n                    "2011-08-31",\n                    0.9872\n                ],\n                [\n                    "2011-09-01",\n                    0.9871000000000001\n                ],\n                [\n                    "2011-09-02",\n                    0.98675\n                ],\n                [\n                    "2011-09-05",\n                    0.9866999999999999\n                ],\n                [\n                    "2011-09-06",\n                    0.98575\n                ],\n                [\n                    "2011-09-07",\n                    0.9849\n                ],\n                [\n                    "2011-09-08",\n                    0.9825000000000002\n                ],\n                [\n                    "2011-09-09",\n                    0.9795999999999999\n                ],\n                [\n                    "2011-09-13",\n                    0.9762000000000001\n                ],\n                [\n                    "2011-09-14",\n                    0.9733500000000002\n                ],\n                [\n                    "2011-09-15",\n                    0.9705999999999999\n                ],\n                [\n                    "2011-09-16",\n                    0.9685\n                ],\n                [\n                    "2011-09-19",\n                    0.9657499999999999\n                ],\n                [\n                    "2011-09-20",\n                    0.9639499999999999\n                ],\n                [\n                    "2011-09-21",\n                    0.96265\n                ],\n                [\n                    "2011-09-22",\n                    0.96065\n                ],\n                [\n                    "2011-09-23",\n                    0.9570000000000001\n                ],\n                [\n                    "2011-09-26",\n                    0.9526\n                ],\n                [\n                    "2011-09-27",\n                    0.9483499999999999\n                ],\n                [\n                    "2011-09-28",\n                    0.9440499999999998\n                ],\n                [\n                    "2011-09-29",\n                    0.9391\n                ],\n                [\n                    "2011-09-30",\n                    0.9344999999999999\n                ],\n                [\n                    "2011-10-10",\n                    0.9298\n                ],\n                [\n                    "2011-10-11",\n                    0.9252\n                ],\n                [\n                    "2011-10-12",\n                    0.9222999999999999\n                ],\n                [\n                    "2011-10-13",\n                    0.9189999999999999\n                ],\n                [\n                    "2011-10-14",\n                    0.9158\n                ],\n                [\n                    "2011-10-17",\n                    0.9135500000000001\n                ],\n                [\n                    "2011-10-18",\n                    0.9112499999999999\n                ],\n                [\n                    "2011-10-19",\n                    0.9085999999999999\n                ],\n                [\n                    "2011-10-20",\n                    0.90495\n                ],\n                [\n                    "2011-10-21",\n                    0.9009500000000001\n                ],\n                [\n                    "2011-10-24",\n                    0.8984500000000001\n                ],\n                [\n                    "2011-10-25",\n                    0.89685\n                ],\n                [\n                    "2011-10-26",\n                    0.89495\n                ],\n                [\n                    "2011-10-27",\n                    0.89395\n                ],\n                [\n                    "2011-10-28",\n                    0.8942500000000001\n                ],\n                [\n                    "2011-10-31",\n                    0.8954500000000001\n                ],\n                [\n                    "2011-11-01",\n                    0.8964500000000001\n                ],\n                [\n                    "2011-11-02",\n                    0.8984500000000001\n                ],\n                [\n                    "2011-11-03",\n                    0.9011999999999999\n                ],\n                [\n                    "2011-11-04",\n                    0.9043000000000001\n                ],\n                [\n                    "2011-11-07",\n                    0.9078999999999999\n                ],\n                [\n                    "2011-11-08",\n                    0.9116\n                ],\n                [\n                    "2011-11-09",\n                    0.9145000000000001\n                ],\n                [\n                    "2011-11-10",\n                    0.9167500000000001\n                ],\n                [\n                    "2011-11-11",\n                    0.9190999999999999\n                ],\n                [\n                    "2011-11-14",\n                    0.9214\n                ],\n                [\n                    "2011-11-15",\n                    0.924\n                ],\n                [\n                    "2011-11-16",\n                    0.9261000000000001\n                ],\n                [\n                    "2011-11-17",\n                    0.9291\n                ],\n                [\n                    "2011-11-18",\n                    0.9317499999999999\n                ],\n                [\n                    "2011-11-21",\n                    0.93355\n                ],\n                [\n                    "2011-11-22",\n                    0.9347\n                ],\n                [\n                    "2011-11-23",\n                    0.93535\n                ],\n                [\n                    "2011-11-24",\n                    0.9359999999999999\n                ],\n                [\n                    "2011-11-25",\n                    0.9359999999999999\n                ],\n                [\n                    "2011-11-28",\n                    0.9360999999999999\n                ],\n                [\n                    "2011-11-29",\n                    0.9363999999999999\n                ],\n                [\n                    "2011-11-30",\n                    0.9351499999999999\n                ],\n                [\n                    "2011-12-01",\n                    0.93415\n                ],\n                [\n                    "2011-12-02",\n                    0.9323499999999999\n                ],\n                [\n                    "2011-12-05",\n                    0.9298000000000002\n                ],\n                [\n                    "2011-12-06",\n                    0.9271499999999999\n                ],\n                [\n                    "2011-12-07",\n                    0.9243\n                ],\n                [\n                    "2011-12-08",\n                    0.92165\n                ],\n                [\n                    "2011-12-09",\n                    0.9184000000000001\n                ],\n                [\n                    "2011-12-12",\n                    0.9141499999999999\n                ],\n                [\n                    "2011-12-13",\n                    0.9093500000000001\n                ],\n                [\n                    "2011-12-14",\n                    0.905\n                ],\n                [\n                    "2011-12-15",\n                    0.90055\n                ],\n                [\n                    "2011-12-16",\n                    0.89725\n                ],\n                [\n                    "2011-12-19",\n                    0.89395\n                ],\n                [\n                    "2011-12-20",\n                    0.8904500000000001\n                ],\n                [\n                    "2011-12-21",\n                    0.88655\n                ],\n                [\n                    "2011-12-22",\n                    0.8826\n                ],\n                [\n                    "2011-12-23",\n                    0.8789999999999999\n                ],\n                [\n                    "2011-12-26",\n                    0.8747\n                ],\n                [\n                    "2011-12-27",\n                    0.8690000000000001\n                ],\n                [\n                    "2011-12-28",\n                    0.8640500000000001\n                ],\n                [\n                    "2011-12-29",\n                    0.859\n                ],\n                [\n                    "2011-12-30",\n                    0.85505\n                ],\n                [\n                    "2011-12-31",\n                    0.8519499999999999\n                ],\n                [\n                    "2012-01-04",\n                    0.8480000000000001\n                ],\n                [\n                    "2012-01-05",\n                    0.8427499999999999\n                ],\n                [\n                    "2012-01-06",\n                    0.8374499999999999\n                ],\n                [\n                    "2012-01-09",\n                    0.8334999999999999\n                ],\n                [\n                    "2012-01-10",\n                    0.83105\n                ],\n                [\n                    "2012-01-11",\n                    0.8291999999999999\n                ],\n                [\n                    "2012-01-12",\n                    0.8272\n                ],\n                [\n                    "2012-01-13",\n                    0.8242999999999998\n                ],\n                [\n                    "2012-01-16",\n                    0.8195\n                ],\n                [\n                    "2012-01-17",\n                    0.8160000000000001\n                ],\n                [\n                    "2012-01-18",\n                    0.81165\n                ],\n                [\n                    "2012-01-19",\n                    0.8082499999999999\n                ],\n                [\n                    "2012-01-20",\n                    0.80575\n                ],\n                [\n                    "2012-01-30",\n                    0.8028000000000001\n                ],\n                [\n                    "2012-01-31",\n                    0.80045\n                ],\n                [\n                    "2012-02-01",\n                    0.79905\n                ],\n                [\n                    "2012-02-02",\n                    0.79805\n                ],\n                [\n                    "2012-02-03",\n                    0.7971\n                ],\n                [\n                    "2012-02-06",\n                    0.7958999999999999\n                ],\n                [\n                    "2012-02-07",\n                    0.7942\n                ],\n                [\n                    "2012-02-08",\n                    0.7942500000000001\n                ],\n                [\n                    "2012-02-09",\n                    0.79565\n                ],\n                [\n                    "2012-02-10",\n                    0.7971\n                ],\n                [\n                    "2012-02-13",\n                    0.7983\n                ],\n                [\n                    "2012-02-14",\n                    0.79855\n                ],\n                [\n                    "2012-02-15",\n                    0.79935\n                ],\n                [\n                    "2012-02-16",\n                    0.8006499999999999\n                ],\n                [\n                    "2012-02-17",\n                    0.8029\n                ],\n                [\n                    "2012-02-20",\n                    0.80655\n                ],\n                [\n                    "2012-02-21",\n                    0.80915\n                ],\n                [\n                    "2012-02-22",\n                    0.8131\n                ],\n                [\n                    "2012-02-23",\n                    0.8168\n                ],\n                [\n                    "2012-02-24",\n                    0.82\n                ],\n                [\n                    "2012-02-27",\n                    0.8237500000000001\n                ],\n                [\n                    "2012-02-28",\n                    0.8272999999999999\n                ],\n                [\n                    "2012-02-29",\n                    0.8307499999999999\n                ],\n                [\n                    "2012-03-01",\n                    0.8341\n                ],\n                [\n                    "2012-03-02",\n                    0.83765\n                ],\n                [\n                    "2012-03-05",\n                    0.8406499999999999\n                ],\n                [\n                    "2012-03-06",\n                    0.84385\n                ],\n                [\n                    "2012-03-07",\n                    0.8466000000000001\n                ],\n                [\n                    "2012-03-08",\n                    0.8494999999999999\n                ],\n                [\n                    "2012-03-09",\n                    0.8532\n                ],\n                [\n                    "2012-03-12",\n                    0.85655\n                ],\n                [\n                    "2012-03-13",\n                    0.8603500000000001\n                ],\n                [\n                    "2012-03-14",\n                    0.86295\n                ],\n                [\n                    "2012-03-15",\n                    0.8659500000000001\n                ],\n                [\n                    "2012-03-16",\n                    0.8699499999999999\n                ],\n                [\n                    "2012-03-19",\n                    0.8738000000000001\n                ],\n                [\n                    "2012-03-20",\n                    0.8763500000000001\n                ],\n                [\n                    "2012-03-21",\n                    0.87805\n                ],\n                [\n                    "2012-03-22",\n                    0.8793000000000001\n                ],\n                [\n                    "2012-03-23",\n                    0.8795\n                ],\n                [\n                    "2012-03-26",\n                    0.8797\n                ],\n                [\n                    "2012-03-27",\n                    0.8795\n                ],\n                [\n                    "2012-03-28",\n                    0.8783\n                ],\n                [\n                    "2012-03-29",\n                    0.87665\n                ],\n                [\n                    "2012-03-30",\n                    0.8743000000000001\n                ],\n                [\n                    "2012-03-31",\n                    0.8721500000000001\n                ],\n                [\n                    "2012-04-05",\n                    0.87135\n                ],\n                [\n                    "2012-04-06",\n                    0.87065\n                ],\n                [\n                    "2012-04-09",\n                    0.86945\n                ],\n                [\n                    "2012-04-10",\n                    0.8674999999999999\n                ],\n                [\n                    "2012-04-11",\n                    0.8654999999999999\n                ],\n                [\n                    "2012-04-12",\n                    0.86355\n                ],\n                [\n                    "2012-04-13",\n                    0.8623999999999998\n                ],\n                [\n                    "2012-04-16",\n                    0.8607999999999999\n                ],\n                [\n                    "2012-04-17",\n                    0.8577\n                ],\n                [\n                    "2012-04-18",\n                    0.8554999999999999\n                ],\n                [\n                    "2012-04-19",\n                    0.8541000000000001\n                ],\n                [\n                    "2012-04-20",\n                    0.8532500000000001\n                ],\n                [\n                    "2012-04-23",\n                    0.8521999999999998\n                ],\n                [\n                    "2012-04-24",\n                    0.8515\n                ],\n                [\n                    "2012-04-25",\n                    0.8511\n                ],\n                [\n                    "2012-04-26",\n                    0.8516\n                ],\n                [\n                    "2012-04-27",\n                    0.8533000000000002\n                ],\n                [\n                    "2012-05-02",\n                    0.8555999999999999\n                ],\n                [\n                    "2012-05-03",\n                    0.8583000000000001\n                ],\n                [\n                    "2012-05-04",\n                    0.8616999999999999\n                ],\n                [\n                    "2012-05-07",\n                    0.86435\n                ],\n                [\n                    "2012-05-08",\n                    0.8667\n                ],\n                [\n                    "2012-05-09",\n                    0.8685500000000002\n                ],\n                [\n                    "2012-05-10",\n                    0.8704000000000001\n                ],\n                [\n                    "2012-05-11",\n                    0.87205\n                ],\n                [\n                    "2012-05-14",\n                    0.8727\n                ],\n                [\n                    "2012-05-15",\n                    0.8736500000000001\n                ],\n                [\n                    "2012-05-16",\n                    0.87425\n                ],\n                [\n                    "2012-05-17",\n                    0.8758000000000001\n                ],\n                [\n                    "2012-05-18",\n                    0.8757999999999999\n                ],\n                [\n                    "2012-05-21",\n                    0.8762000000000001\n                ],\n                [\n                    "2012-05-22",\n                    0.8769500000000001\n                ],\n                [\n                    "2012-05-23",\n                    0.8779999999999999\n                ],\n                [\n                    "2012-05-24",\n                    0.8785999999999999\n                ],\n                [\n                    "2012-05-25",\n                    0.8781000000000001\n                ],\n                [\n                    "2012-05-28",\n                    0.87765\n                ],\n                [\n                    "2012-05-29",\n                    0.8775999999999999\n                ],\n                [\n                    "2012-05-30",\n                    0.8769500000000001\n                ],\n                [\n                    "2012-05-31",\n                    0.8763\n                ],\n                [\n                    "2012-06-01",\n                    0.8752000000000001\n                ],\n                [\n                    "2012-06-04",\n                    0.8730499999999999\n                ],\n                [\n                    "2012-06-05",\n                    0.8711500000000001\n                ],\n                [\n                    "2012-06-06",\n                    0.8696499999999998\n                ],\n                [\n                    "2012-06-07",\n                    0.8683500000000001\n                ],\n                [\n                    "2012-06-08",\n                    0.8670500000000001\n                ],\n                [\n                    "2012-06-11",\n                    0.8665999999999998\n                ],\n                [\n                    "2012-06-12",\n                    0.8661\n                ],\n                [\n                    "2012-06-13",\n                    0.8670500000000001\n                ],\n                [\n                    "2012-06-14",\n                    0.8679\n                ],\n                [\n                    "2012-06-15",\n                    0.86905\n                ],\n                [\n                    "2012-06-18",\n                    0.8703999999999998\n                ],\n                [\n                    "2012-06-19",\n                    0.8709999999999999\n                ],\n                [\n                    "2012-06-20",\n                    0.8714000000000001\n                ],\n                [\n                    "2012-06-21",\n                    0.8722\n                ],\n                [\n                    "2012-06-25",\n                    0.87295\n                ],\n                [\n                    "2012-06-26",\n                    0.8732\n                ],\n                [\n                    "2012-06-27",\n                    0.873\n                ],\n                [\n                    "2012-06-28",\n                    0.8728499999999999\n                ],\n                [\n                    "2012-06-29",\n                    0.8730499999999999\n                ],\n                [\n                    "2012-06-30",\n                    0.873\n                ],\n                [\n                    "2012-07-02",\n                    0.8739000000000001\n                ],\n                [\n                    "2012-07-03",\n                    0.8750500000000001\n                ],\n                [\n                    "2012-07-04",\n                    0.8765000000000001\n                ],\n                [\n                    "2012-07-05",\n                    0.8773499999999999\n                ],\n                [\n                    "2012-07-06",\n                    0.87955\n                ],\n                [\n                    "2012-07-09",\n                    0.88095\n                ],\n                [\n                    "2012-07-10",\n                    0.8816499999999999\n                ],\n                [\n                    "2012-07-11",\n                    0.8815\n                ],\n                [\n                    "2012-07-12",\n                    0.88135\n                ],\n                [\n                    "2012-07-13",\n                    0.8816499999999999\n                ],\n                [\n                    "2012-07-16",\n                    0.88035\n                ],\n                [\n                    "2012-07-17",\n                    0.8790000000000001\n                ],\n                [\n                    "2012-07-18",\n                    0.8777999999999999\n                ],\n                [\n                    "2012-07-19",\n                    0.87715\n                ],\n                [\n                    "2012-07-20",\n                    0.8769500000000001\n                ],\n                [\n                    "2012-07-23",\n                    0.8765499999999999\n                ],\n                [\n                    "2012-07-24",\n                    0.8764999999999998\n                ],\n                [\n                    "2012-07-25",\n                    0.8765000000000001\n                ],\n                [\n                    "2012-07-26",\n                    0.8754\n                ],\n                [\n                    "2012-07-27",\n                    0.8741999999999999\n                ],\n                [\n                    "2012-07-30",\n                    0.8726499999999999\n                ],\n                [\n                    "2012-07-31",\n                    0.8705\n                ],\n                [\n                    "2012-08-01",\n                    0.8686\n                ],\n                [\n                    "2012-08-02",\n                    0.86675\n                ],\n                [\n                    "2012-08-03",\n                    0.8641499999999999\n                ],\n                [\n                    "2012-08-06",\n                    0.8624500000000002\n                ],\n                [\n                    "2012-08-07",\n                    0.86115\n                ],\n                [\n                    "2012-08-08",\n                    0.8593\n                ],\n                [\n                    "2012-08-09",\n                    0.8580499999999999\n                ],\n                [\n                    "2012-08-10",\n                    0.8567\n                ],\n                [\n                    "2012-08-13",\n                    0.8562000000000001\n                ],\n                [\n                    "2012-08-14",\n                    0.85595\n                ],\n                [\n                    "2012-08-15",\n                    0.8554999999999999\n                ],\n                [\n                    "2012-08-16",\n                    0.8544\n                ],\n                [\n                    "2012-08-17",\n                    0.85315\n                ],\n                [\n                    "2012-08-20",\n                    0.85235\n                ],\n                [\n                    "2012-08-21",\n                    0.8518000000000001\n                ],\n                [\n                    "2012-08-22",\n                    0.8509499999999999\n                ],\n                [\n                    "2012-08-23",\n                    0.8506\n                ],\n                [\n                    "2012-08-24",\n                    0.85015\n                ],\n                [\n                    "2012-08-27",\n                    0.8495000000000001\n                ],\n                [\n                    "2012-08-28",\n                    0.8488\n                ],\n                [\n                    "2012-08-29",\n                    0.84745\n                ],\n                [\n                    "2012-08-30",\n                    0.8458500000000001\n                ],\n                [\n                    "2012-08-31",\n                    0.84375\n                ],\n                [\n                    "2012-09-03",\n                    0.84195\n                ],\n                [\n                    "2012-09-04",\n                    0.8397499999999999\n                ],\n                [\n                    "2012-09-05",\n                    0.8378\n                ],\n                [\n                    "2012-09-06",\n                    0.8349499999999999\n                ],\n                [\n                    "2012-09-07",\n                    0.8333\n                ],\n                [\n                    "2012-09-10",\n                    0.8323499999999999\n                ],\n                [\n                    "2012-09-11",\n                    0.8313\n                ],\n                [\n                    "2012-09-12",\n                    0.8305999999999999\n                ],\n                [\n                    "2012-09-13",\n                    0.83015\n                ],\n                [\n                    "2012-09-14",\n                    0.8301999999999999\n                ],\n                [\n                    "2012-09-17",\n                    0.82935\n                ],\n                [\n                    "2012-09-18",\n                    0.8278000000000001\n                ],\n                [\n                    "2012-09-19",\n                    0.8267\n                ],\n                [\n                    "2012-09-20",\n                    0.825\n                ],\n                [\n                    "2012-09-21",\n                    0.82365\n                ],\n                [\n                    "2012-09-24",\n                    0.8227499999999999\n                ],\n                [\n                    "2012-09-25",\n                    0.8221999999999999\n                ],\n                [\n                    "2012-09-26",\n                    0.8217000000000001\n                ],\n                [\n                    "2012-09-27",\n                    0.8225\n                ],\n                [\n                    "2012-09-28",\n                    0.8240999999999999\n                ],\n                [\n                    "2012-09-30",\n                    0.8248999999999999\n                ],\n                [\n                    "2012-10-08",\n                    0.8257\n                ],\n                [\n                    "2012-10-09",\n                    0.82725\n                ],\n                [\n                    "2012-10-10",\n                    0.829\n                ],\n                [\n                    "2012-10-11",\n                    0.82925\n                ],\n                [\n                    "2012-10-12",\n                    0.8291999999999999\n                ],\n                [\n                    "2012-10-15",\n                    0.8294499999999999\n                ],\n                [\n                    "2012-10-16",\n                    0.82995\n                ],\n                [\n                    "2012-10-17",\n                    0.8305\n                ],\n                [\n                    "2012-10-18",\n                    0.8313499999999999\n                ],\n                [\n                    "2012-10-19",\n                    0.8328\n                ],\n                [\n                    "2012-10-22",\n                    0.8343499999999999\n                ],\n                [\n                    "2012-10-23",\n                    0.8351\n                ],\n                [\n                    "2012-10-24",\n                    0.8363999999999999\n                ],\n                [\n                    "2012-10-25",\n                    0.8372999999999999\n                ],\n                [\n                    "2012-10-26",\n                    0.8375499999999999\n                ],\n                [\n                    "2012-10-29",\n                    0.8376999999999999\n                ],\n                [\n                    "2012-10-30",\n                    0.8383499999999999\n                ],\n                [\n                    "2012-10-31",\n                    0.83865\n                ],\n                [\n                    "2012-11-01",\n                    0.8387\n                ],\n                [\n                    "2012-11-02",\n                    0.8388\n                ],\n                [\n                    "2012-11-05",\n                    0.8389\n                ],\n                [\n                    "2012-11-06",\n                    0.8378499999999999\n                ],\n                [\n                    "2012-11-07",\n                    0.83665\n                ],\n                [\n                    "2012-11-08",\n                    0.8355\n                ],\n                [\n                    "2012-11-09",\n                    0.83415\n                ],\n                [\n                    "2012-11-12",\n                    0.8321499999999998\n                ],\n                [\n                    "2012-11-13",\n                    0.8294\n                ],\n                [\n                    "2012-11-14",\n                    0.8270500000000001\n                ],\n                [\n                    "2012-11-15",\n                    0.8239000000000001\n                ],\n                [\n                    "2012-11-16",\n                    0.8202999999999999\n                ],\n                [\n                    "2012-11-19",\n                    0.8160499999999999\n                ],\n                [\n                    "2012-11-20",\n                    0.8125499999999999\n                ],\n                [\n                    "2012-11-21",\n                    0.8091999999999999\n                ],\n                [\n                    "2012-11-22",\n                    0.8055999999999999\n                ],\n                [\n                    "2012-11-23",\n                    0.8029999999999999\n                ],\n                [\n                    "2012-11-26",\n                    0.7998999999999999\n                ],\n                [\n                    "2012-11-27",\n                    0.7963\n                ],\n                [\n                    "2012-11-28",\n                    0.792\n                ],\n                [\n                    "2012-11-29",\n                    0.78735\n                ],\n                [\n                    "2012-11-30",\n                    0.7828999999999999\n                ],\n                [\n                    "2012-12-03",\n                    0.7777499999999999\n                ],\n                [\n                    "2012-12-04",\n                    0.77315\n                ],\n                [\n                    "2012-12-05",\n                    0.7691\n                ],\n                [\n                    "2012-12-06",\n                    0.76515\n                ],\n                [\n                    "2012-12-07",\n                    0.7617499999999999\n                ],\n                [\n                    "2012-12-10",\n                    0.75905\n                ],\n                [\n                    "2012-12-11",\n                    0.7569\n                ],\n                [\n                    "2012-12-12",\n                    0.7546999999999999\n                ],\n                [\n                    "2012-12-13",\n                    0.75245\n                ],\n                [\n                    "2012-12-14",\n                    0.7516\n                ],\n                [\n                    "2012-12-17",\n                    0.7516499999999999\n                ],\n                [\n                    "2012-12-18",\n                    0.7519\n                ],\n                [\n                    "2012-12-19",\n                    0.7524\n                ],\n                [\n                    "2012-12-20",\n                    0.7535499999999999\n                ],\n                [\n                    "2012-12-21",\n                    0.7543\n                ],\n                [\n                    "2012-12-24",\n                    0.7554000000000001\n                ],\n                [\n                    "2012-12-25",\n                    0.7575000000000001\n                ],\n                [\n                    "2012-12-26",\n                    0.7601\n                ],\n                [\n                    "2012-12-27",\n                    0.76265\n                ],\n                [\n                    "2012-12-28",\n                    0.7654500000000001\n                ],\n                [\n                    "2012-12-31",\n                    0.7698\n                ],\n                [\n                    "2013-01-04",\n                    0.7737999999999999\n                ],\n                [\n                    "2013-01-07",\n                    0.7774\n                ],\n                [\n                    "2013-01-08",\n                    0.78175\n                ],\n                [\n                    "2013-01-09",\n                    0.78615\n                ],\n                [\n                    "2013-01-10",\n                    0.7903\n                ],\n                [\n                    "2013-01-11",\n                    0.7939\n                ],\n                [\n                    "2013-01-14",\n                    0.7983\n                ],\n                [\n                    "2013-01-15",\n                    0.8032\n                ],\n                [\n                    "2013-01-16",\n                    0.8070999999999999\n                ],\n                [\n                    "2013-01-17",\n                    0.81075\n                ],\n                [\n                    "2013-01-18",\n                    0.81515\n                ],\n                [\n                    "2013-01-21",\n                    0.8188000000000001\n                ],\n                [\n                    "2013-01-22",\n                    0.82175\n                ],\n                [\n                    "2013-01-23",\n                    0.8247500000000001\n                ],\n                [\n                    "2013-01-24",\n                    0.8272999999999999\n                ],\n                [\n                    "2013-01-25",\n                    0.8291000000000001\n                ],\n                [\n                    "2013-01-28",\n                    0.83125\n                ],\n                [\n                    "2013-01-29",\n                    0.8333\n                ],\n                [\n                    "2013-01-30",\n                    0.8350499999999998\n                ],\n                [\n                    "2013-01-31",\n                    0.8361000000000001\n                ],\n                [\n                    "2013-02-01",\n                    0.8378\n                ],\n                [\n                    "2013-02-04",\n                    0.83905\n                ],\n                [\n                    "2013-02-05",\n                    0.8407\n                ],\n                [\n                    "2013-02-06",\n                    0.8417999999999999\n                ],\n                [\n                    "2013-02-07",\n                    0.8435\n                ],\n                [\n                    "2013-02-08",\n                    0.8465\n                ],\n                [\n                    "2013-02-18",\n                    0.8479000000000001\n                ],\n                [\n                    "2013-02-19",\n                    0.8483499999999999\n                ],\n                [\n                    "2013-02-20",\n                    0.8497999999999999\n                ],\n                [\n                    "2013-02-21",\n                    0.8507999999999999\n                ],\n                [\n                    "2013-02-22",\n                    0.851\n                ],\n                [\n                    "2013-02-25",\n                    0.8516999999999999\n                ],\n                [\n                    "2013-02-26",\n                    0.8524\n                ],\n                [\n                    "2013-02-27",\n                    0.8529\n                ],\n                [\n                    "2013-02-28",\n                    0.85465\n                ],\n                [\n                    "2013-03-01",\n                    0.8568\n                ],\n                [\n                    "2013-03-04",\n                    0.8577999999999999\n                ],\n                [\n                    "2013-03-05",\n                    0.8593999999999999\n                ],\n                [\n                    "2013-03-06",\n                    0.8612\n                ],\n                [\n                    "2013-03-07",\n                    0.8630000000000001\n                ],\n                [\n                    "2013-03-08",\n                    0.8641\n                ],\n                [\n                    "2013-03-11",\n                    0.86535\n                ],\n                [\n                    "2013-03-12",\n                    0.86525\n                ],\n                [\n                    "2013-03-13",\n                    0.8649000000000001\n                ],\n                [\n                    "2013-03-14",\n                    0.8642499999999999\n                ],\n                [\n                    "2013-03-15",\n                    0.8629\n                ],\n                [\n                    "2013-03-18",\n                    0.86175\n                ],\n                [\n                    "2013-03-19",\n                    0.8614\n                ],\n                [\n                    "2013-03-20",\n                    0.8612\n                ],\n                [\n                    "2013-03-21",\n                    0.8618\n                ],\n                [\n                    "2013-03-22",\n                    0.8623\n                ],\n                [\n                    "2013-03-25",\n                    0.8623\n                ],\n                [\n                    "2013-03-26",\n                    0.8629\n                ],\n                [\n                    "2013-03-27",\n                    0.86355\n                ],\n                [\n                    "2013-03-28",\n                    0.8630000000000001\n                ],\n                [\n                    "2013-03-29",\n                    0.86175\n                ],\n                [\n                    "2013-04-01",\n                    0.86105\n                ],\n                [\n                    "2013-04-02",\n                    0.8593500000000001\n                ],\n                [\n                    "2013-04-03",\n                    0.85695\n                ],\n                [\n                    "2013-04-08",\n                    0.8553999999999998\n                ],\n                [\n                    "2013-04-09",\n                    0.8542\n                ],\n                [\n                    "2013-04-10",\n                    0.85305\n                ],\n                [\n                    "2013-04-11",\n                    0.85225\n                ],\n                [\n                    "2013-04-12",\n                    0.852\n                ],\n                [\n                    "2013-04-15",\n                    0.85115\n                ],\n                [\n                    "2013-04-16",\n                    0.8503000000000001\n                ],\n                [\n                    "2013-04-17",\n                    0.8504499999999998\n                ],\n                [\n                    "2013-04-18",\n                    0.8507\n                ],\n                [\n                    "2013-04-19",\n                    0.8506\n                ],\n                [\n                    "2013-04-22",\n                    0.8501\n                ],\n                [\n                    "2013-04-23",\n                    0.8488\n                ],\n                [\n                    "2013-04-24",\n                    0.84845\n                ],\n                [\n                    "2013-04-25",\n                    0.8477499999999999\n                ],\n                [\n                    "2013-04-26",\n                    0.8467499999999999\n                ],\n                [\n                    "2013-05-02",\n                    0.8464499999999999\n                ],\n                [\n                    "2013-05-03",\n                    0.8472500000000001\n                ],\n                [\n                    "2013-05-06",\n                    0.8485999999999999\n                ],\n                [\n                    "2013-05-07",\n                    0.8505499999999999\n                ],\n                [\n                    "2013-05-08",\n                    0.8532\n                ],\n                [\n                    "2013-05-09",\n                    0.8551500000000001\n                ],\n                [\n                    "2013-05-10",\n                    0.8571\n                ],\n                [\n                    "2013-05-13",\n                    0.8587999999999999\n                ],\n                [\n                    "2013-05-14",\n                    0.85945\n                ],\n                [\n                    "2013-05-15",\n                    0.8604499999999999\n                ],\n                [\n                    "2013-05-16",\n                    0.86255\n                ],\n                [\n                    "2013-05-17",\n                    0.86495\n                ],\n                [\n                    "2013-05-20",\n                    0.8669500000000001\n                ],\n                [\n                    "2013-05-21",\n                    0.8688499999999999\n                ],\n                [\n                    "2013-05-22",\n                    0.87005\n                ],\n                [\n                    "2013-05-23",\n                    0.87095\n                ],\n                [\n                    "2013-05-24",\n                    0.8727\n                ],\n                [\n                    "2013-05-27",\n                    0.8741999999999999\n                ],\n                [\n                    "2013-05-28",\n                    0.8762500000000001\n                ],\n                [\n                    "2013-05-29",\n                    0.8787499999999999\n                ],\n                [\n                    "2013-05-30",\n                    0.8807500000000001\n                ],\n                [\n                    "2013-05-31",\n                    0.8817\n                ],\n                [\n                    "2013-06-03",\n                    0.8820500000000001\n                ],\n                [\n                    "2013-06-04",\n                    0.8816\n                ],\n                [\n                    "2013-06-05",\n                    0.881\n                ],\n                [\n                    "2013-06-06",\n                    0.88045\n                ],\n                [\n                    "2013-06-07",\n                    0.8794000000000001\n                ],\n                [\n                    "2013-06-13",\n                    0.87795\n                ],\n                [\n                    "2013-06-14",\n                    0.87805\n                ],\n                [\n                    "2013-06-17",\n                    0.87745\n                ],\n                [\n                    "2013-06-18",\n                    0.8768\n                ],\n                [\n                    "2013-06-19",\n                    0.8758000000000001\n                ],\n                [\n                    "2013-06-20",\n                    0.8735999999999999\n                ],\n                [\n                    "2013-06-21",\n                    0.8714500000000001\n                ],\n                [\n                    "2013-06-24",\n                    0.8678000000000001\n                ],\n                [\n                    "2013-06-25",\n                    0.8651\n                ],\n                [\n                    "2013-06-26",\n                    0.8629\n                ],\n                [\n                    "2013-06-27",\n                    0.86015\n                ],\n                [\n                    "2013-06-28",\n                    0.8573999999999999\n                ],\n                [\n                    "2013-06-30",\n                    0.85455\n                ],\n                [\n                    "2013-07-01",\n                    0.8528499999999999\n                ],\n                [\n                    "2013-07-02",\n                    0.8521000000000001\n                ],\n                [\n                    "2013-07-03",\n                    0.8519499999999999\n                ],\n                [\n                    "2013-07-04",\n                    0.8524999999999998\n                ],\n                [\n                    "2013-07-05",\n                    0.8525499999999999\n                ],\n                [\n                    "2013-07-08",\n                    0.8522000000000001\n                ],\n                [\n                    "2013-07-09",\n                    0.85235\n                ],\n                [\n                    "2013-07-10",\n                    0.8536999999999999\n                ],\n                [\n                    "2013-07-11",\n                    0.8552500000000001\n                ],\n                [\n                    "2013-07-12",\n                    0.8568999999999999\n                ],\n                [\n                    "2013-07-15",\n                    0.8584999999999999\n                ],\n                [\n                    "2013-07-16",\n                    0.86015\n                ],\n                [\n                    "2013-07-17",\n                    0.86195\n                ],\n                [\n                    "2013-07-18",\n                    0.8632499999999999\n                ],\n                [\n                    "2013-07-19",\n                    0.8651499999999999\n                ],\n                [\n                    "2013-07-22",\n                    0.8671\n                ],\n                [\n                    "2013-07-23",\n                    0.8695\n                ],\n                [\n                    "2013-07-24",\n                    0.87225\n                ],\n                [\n                    "2013-07-25",\n                    0.87435\n                ],\n                [\n                    "2013-07-26",\n                    0.87625\n                ],\n                [\n                    "2013-07-29",\n                    0.8765499999999999\n                ],\n                [\n                    "2013-07-30",\n                    0.87615\n                ],\n                [\n                    "2013-07-31",\n                    0.8754500000000001\n                ],\n                [\n                    "2013-08-01",\n                    0.8754500000000001\n                ],\n                [\n                    "2013-08-02",\n                    0.8759\n                ],\n                [\n                    "2013-08-05",\n                    0.8775999999999999\n                ],\n                [\n                    "2013-08-06",\n                    0.8798\n                ],\n                [\n                    "2013-08-07",\n                    0.8815999999999999\n                ],\n                [\n                    "2013-08-08",\n                    0.88275\n                ],\n                [\n                    "2013-08-09",\n                    0.8842500000000001\n                ],\n                [\n                    "2013-08-12",\n                    0.8853500000000001\n                ],\n                [\n                    "2013-08-13",\n                    0.88595\n                ],\n                [\n                    "2013-08-14",\n                    0.8872\n                ],\n                [\n                    "2013-08-15",\n                    0.8884000000000001\n                ],\n                [\n                    "2013-08-16",\n                    0.88975\n                ],\n                [\n                    "2013-08-19",\n                    0.8914500000000001\n                ],\n                [\n                    "2013-08-20",\n                    0.8922000000000001\n                ],\n                [\n                    "2013-08-21",\n                    0.89255\n                ],\n                [\n                    "2013-08-22",\n                    0.8933\n                ],\n                [\n                    "2013-08-23",\n                    0.89405\n                ],\n                [\n                    "2013-08-26",\n                    0.89625\n                ],\n                [\n                    "2013-08-27",\n                    0.8985\n                ],\n                [\n                    "2013-08-28",\n                    0.90015\n                ],\n                [\n                    "2013-08-29",\n                    0.9008\n                ],\n                [\n                    "2013-08-30",\n                    0.901\n                ],\n                [\n                    "2013-09-02",\n                    0.9006000000000001\n                ],\n                [\n                    "2013-09-03",\n                    0.9003\n                ],\n                [\n                    "2013-09-04",\n                    0.8999500000000001\n                ],\n                [\n                    "2013-09-05",\n                    0.9000999999999999\n                ],\n                [\n                    "2013-09-06",\n                    0.8999499999999999\n                ],\n                [\n                    "2013-09-09",\n                    0.8997999999999999\n                ],\n                [\n                    "2013-09-10",\n                    0.90015\n                ],\n                [\n                    "2013-09-11",\n                    0.90045\n                ],\n                [\n                    "2013-09-12",\n                    0.9012500000000001\n                ],\n                [\n                    "2013-09-13",\n                    0.9035500000000001\n                ],\n                [\n                    "2013-09-16",\n                    0.9051500000000001\n                ],\n                [\n                    "2013-09-17",\n                    0.90635\n                ],\n                [\n                    "2013-09-18",\n                    0.9079\n                ],\n                [\n                    "2013-09-23",\n                    0.9105500000000001\n                ],\n                [\n                    "2013-09-24",\n                    0.9140500000000001\n                ],\n                [\n                    "2013-09-25",\n                    0.9168499999999999\n                ],\n                [\n                    "2013-09-26",\n                    0.9192500000000001\n                ],\n                [\n                    "2013-09-27",\n                    0.9225000000000001\n                ],\n                [\n                    "2013-09-30",\n                    0.92635\n                ],\n                [\n                    "2013-10-08",\n                    0.9309\n                ],\n                [\n                    "2013-10-09",\n                    0.9358500000000001\n                ],\n                [\n                    "2013-10-10",\n                    0.94025\n                ],\n                [\n                    "2013-10-11",\n                    0.9452\n                ],\n                [\n                    "2013-10-14",\n                    0.94985\n                ],\n                [\n                    "2013-10-15",\n                    0.95475\n                ],\n                [\n                    "2013-10-16",\n                    0.9585500000000001\n                ],\n                [\n                    "2013-10-17",\n                    0.9616999999999999\n                ],\n                [\n                    "2013-10-18",\n                    0.9656500000000001\n                ],\n                [\n                    "2013-10-21",\n                    0.9713499999999999\n                ],\n                [\n                    "2013-10-22",\n                    0.97585\n                ],\n                [\n                    "2013-10-23",\n                    0.9785999999999999\n                ],\n                [\n                    "2013-10-24",\n                    0.9816499999999999\n                ],\n                [\n                    "2013-10-25",\n                    0.98375\n                ],\n                [\n                    "2013-10-28",\n                    0.9845499999999999\n                ],\n                [\n                    "2013-10-29",\n                    0.9843999999999999\n                ],\n                [\n                    "2013-10-30",\n                    0.9852500000000001\n                ],\n                [\n                    "2013-10-31",\n                    0.9850999999999999\n                ],\n                [\n                    "2013-11-01",\n                    0.9844499999999998\n                ],\n                [\n                    "2013-11-04",\n                    0.9834499999999998\n                ],\n                [\n                    "2013-11-05",\n                    0.98225\n                ],\n                [\n                    "2013-11-06",\n                    0.9797499999999999\n                ],\n                [\n                    "2013-11-07",\n                    0.97645\n                ],\n                [\n                    "2013-11-08",\n                    0.97205\n                ],\n                [\n                    "2013-11-11",\n                    0.9678000000000001\n                ],\n                [\n                    "2013-11-12",\n                    0.9637499999999999\n                ],\n                [\n                    "2013-11-13",\n                    0.9597999999999999\n                ],\n                [\n                    "2013-11-14",\n                    0.9571500000000001\n                ],\n                [\n                    "2013-11-15",\n                    0.9546499999999998\n                ],\n                [\n                    "2013-11-18",\n                    0.95085\n                ],\n                [\n                    "2013-11-19",\n                    0.94705\n                ],\n                [\n                    "2013-11-20",\n                    0.9449499999999998\n                ],\n                [\n                    "2013-11-21",\n                    0.9425000000000001\n                ],\n                [\n                    "2013-11-22",\n                    0.94095\n                ],\n                [\n                    "2013-11-25",\n                    0.9394\n                ],\n                [\n                    "2013-11-26",\n                    0.9380000000000001\n                ],\n                [\n                    "2013-11-27",\n                    0.93585\n                ],\n                [\n                    "2013-11-28",\n                    0.9359\n                ],\n                [\n                    "2013-11-29",\n                    0.9361500000000001\n                ],\n                [\n                    "2013-12-02",\n                    0.93485\n                ],\n                [\n                    "2013-12-03",\n                    0.9339999999999999\n                ],\n                [\n                    "2013-12-04",\n                    0.93455\n                ],\n                [\n                    "2013-12-05",\n                    0.9356\n                ],\n                [\n                    "2013-12-06",\n                    0.9372\n                ],\n                [\n                    "2013-12-09",\n                    0.93895\n                ],\n                [\n                    "2013-12-10",\n                    0.9404\n                ],\n                [\n                    "2013-12-11",\n                    0.9423999999999999\n                ],\n                [\n                    "2013-12-12",\n                    0.94385\n                ],\n                [\n                    "2013-12-13",\n                    0.9448000000000001\n                ],\n                [\n                    "2013-12-16",\n                    0.9445499999999999\n                ],\n                [\n                    "2013-12-17",\n                    0.94435\n                ],\n                [\n                    "2013-12-18",\n                    0.9440000000000002\n                ],\n                [\n                    "2013-12-19",\n                    0.9437\n                ],\n                [\n                    "2013-12-20",\n                    0.9431499999999999\n                ],\n                [\n                    "2013-12-23",\n                    0.943\n                ],\n                [\n                    "2013-12-24",\n                    0.9433\n                ],\n                [\n                    "2013-12-25",\n                    0.9439\n                ],\n                [\n                    "2013-12-26",\n                    0.94335\n                ],\n                [\n                    "2013-12-27",\n                    0.9432499999999999\n                ],\n                [\n                    "2013-12-30",\n                    0.9448500000000001\n                ],\n                [\n                    "2013-12-31",\n                    0.9459499999999998\n                ],\n                [\n                    "2014-01-02",\n                    0.9461499999999999\n                ],\n                [\n                    "2014-01-03",\n                    0.9465\n                ],\n                [\n                    "2014-01-06",\n                    0.9458499999999999\n                ],\n                [\n                    "2014-01-07",\n                    0.9446999999999999\n                ],\n                [\n                    "2014-01-08",\n                    0.9442\n                ],\n                [\n                    "2014-01-09",\n                    0.9432\n                ],\n                [\n                    "2014-01-10",\n                    0.9417\n                ],\n                [\n                    "2014-01-13",\n                    0.9397500000000001\n                ],\n                [\n                    "2014-01-14",\n                    0.9393500000000001\n                ],\n                [\n                    "2014-01-15",\n                    0.9395999999999999\n                ],\n                [\n                    "2014-01-16",\n                    0.9395999999999999\n                ],\n                [\n                    "2014-01-17",\n                    0.9390000000000001\n                ],\n                [\n                    "2014-01-20",\n                    0.93815\n                ],\n                [\n                    "2014-01-21",\n                    0.9374499999999999\n                ],\n                [\n                    "2014-01-22",\n                    0.9375\n                ],\n                [\n                    "2014-01-23",\n                    0.9375\n                ],\n                [\n                    "2014-01-24",\n                    0.9379500000000001\n                ],\n                [\n                    "2014-01-27",\n                    0.93685\n                ],\n                [\n                    "2014-01-28",\n                    0.9353999999999999\n                ],\n                [\n                    "2014-01-29",\n                    0.9337\n                ],\n                [\n                    "2014-01-30",\n                    0.9317500000000001\n                ],\n                [\n                    "2014-02-07",\n                    0.9304\n                ],\n                [\n                    "2014-02-10",\n                    0.9312000000000001\n                ],\n                [\n                    "2014-02-11",\n                    0.9318500000000001\n                ],\n                [\n                    "2014-02-12",\n                    0.9317\n                ],\n                [\n                    "2014-02-13",\n                    0.9319000000000001\n                ],\n                [\n                    "2014-02-14",\n                    0.93265\n                ],\n                [\n                    "2014-02-17",\n                    0.9338999999999998\n                ],\n                [\n                    "2014-02-18",\n                    0.9337499999999999\n                ],\n                [\n                    "2014-02-19",\n                    0.9334\n                ],\n                [\n                    "2014-02-20",\n                    0.93295\n                ],\n                [\n                    "2014-02-21",\n                    0.9330499999999999\n                ],\n                [\n                    "2014-02-24",\n                    0.9328\n                ],\n                [\n                    "2014-02-25",\n                    0.9307000000000001\n                ],\n                [\n                    "2014-02-26",\n                    0.9273999999999999\n                ],\n                [\n                    "2014-02-27",\n                    0.92275\n                ],\n                [\n                    "2014-02-28",\n                    0.9189999999999999\n                ],\n                [\n                    "2014-03-03",\n                    0.9172500000000001\n                ],\n                [\n                    "2014-03-04",\n                    0.91525\n                ],\n                [\n                    "2014-03-05",\n                    0.91285\n                ],\n                [\n                    "2014-03-06",\n                    0.91075\n                ],\n                [\n                    "2014-03-07",\n                    0.9084999999999999\n                ],\n                [\n                    "2014-03-10",\n                    0.9040999999999999\n                ],\n                [\n                    "2014-03-11",\n                    0.90015\n                ],\n                [\n                    "2014-03-12",\n                    0.8963000000000001\n                ],\n                [\n                    "2014-03-13",\n                    0.8933\n                ],\n                [\n                    "2014-03-14",\n                    0.8896500000000002\n                ],\n                [\n                    "2014-03-17",\n                    0.8862\n                ],\n                [\n                    "2014-03-18",\n                    0.8835000000000001\n                ],\n                [\n                    "2014-03-19",\n                    0.87995\n                ],\n                [\n                    "2014-03-20",\n                    0.8754\n                ],\n                [\n                    "2014-03-21",\n                    0.87195\n                ],\n                [\n                    "2014-03-24",\n                    0.8692\n                ],\n                [\n                    "2014-03-25",\n                    0.86815\n                ],\n                [\n                    "2014-03-26",\n                    0.86745\n                ],\n                [\n                    "2014-03-27",\n                    0.8670500000000001\n                ],\n                [\n                    "2014-03-28",\n                    0.86555\n                ],\n                [\n                    "2014-03-31",\n                    0.8632500000000001\n                ],\n                [\n                    "2014-04-01",\n                    0.8619\n                ],\n                [\n                    "2014-04-02",\n                    0.8609\n                ],\n                [\n                    "2014-04-03",\n                    0.8599\n                ],\n                [\n                    "2014-04-04",\n                    0.859\n                ],\n                [\n                    "2014-04-08",\n                    0.8599500000000001\n                ],\n                [\n                    "2014-04-09",\n                    0.86075\n                ],\n                [\n                    "2014-04-10",\n                    0.8619\n                ],\n                [\n                    "2014-04-11",\n                    0.86295\n                ],\n                [\n                    "2014-04-14",\n                    0.8645999999999999\n                ],\n                [\n                    "2014-04-15",\n                    0.8651500000000001\n                ],\n                [\n                    "2014-04-16",\n                    0.86545\n                ],\n                [\n                    "2014-04-17",\n                    0.8666500000000001\n                ],\n                [\n                    "2014-04-18",\n                    0.8690999999999999\n                ],\n                [\n                    "2014-04-21",\n                    0.87035\n                ],\n                [\n                    "2014-04-22",\n                    0.8715999999999999\n                ],\n                [\n                    "2014-04-23",\n                    0.8727500000000001\n                ],\n                [\n                    "2014-04-24",\n                    0.87355\n                ],\n                [\n                    "2014-04-25",\n                    0.8740499999999999\n                ],\n                [\n                    "2014-04-28",\n                    0.87385\n                ],\n                [\n                    "2014-04-29",\n                    0.8742999999999999\n                ],\n                [\n                    "2014-04-30",\n                    0.8745499999999999\n                ],\n                [\n                    "2014-05-05",\n                    0.87525\n                ],\n                [\n                    "2014-05-06",\n                    0.87625\n                ],\n                [\n                    "2014-05-07",\n                    0.87605\n                ],\n                [\n                    "2014-05-08",\n                    0.8749\n                ],\n                [\n                    "2014-05-09",\n                    0.87335\n                ],\n                [\n                    "2014-05-12",\n                    0.87195\n                ],\n                [\n                    "2014-05-13",\n                    0.8701500000000001\n                ],\n                [\n                    "2014-05-14",\n                    0.8678000000000001\n                ],\n                [\n                    "2014-05-15",\n                    0.8656\n                ],\n                [\n                    "2014-05-16",\n                    0.8632499999999999\n                ],\n                [\n                    "2014-05-19",\n                    0.8603500000000001\n                ],\n                [\n                    "2014-05-20",\n                    0.8575000000000002\n                ],\n                [\n                    "2014-05-21",\n                    0.8554999999999999\n                ],\n                [\n                    "2014-05-22",\n                    0.8537000000000001\n                ],\n                [\n                    "2014-05-23",\n                    0.8520999999999999\n                ],\n                [\n                    "2014-05-26",\n                    0.8511\n                ],\n                [\n                    "2014-05-27",\n                    0.8509\n                ],\n                [\n                    "2014-05-28",\n                    0.8519499999999999\n                ],\n                [\n                    "2014-05-29",\n                    0.8518500000000001\n                ],\n                [\n                    "2014-05-30",\n                    0.8515499999999999\n                ],\n                [\n                    "2014-06-03",\n                    0.85075\n                ],\n                [\n                    "2014-06-04",\n                    0.84955\n                ],\n                [\n                    "2014-06-05",\n                    0.84955\n                ],\n                [\n                    "2014-06-06",\n                    0.8494499999999998\n                ],\n                [\n                    "2014-06-09",\n                    0.8493999999999999\n                ],\n                [\n                    "2014-06-10",\n                    0.8493\n                ],\n                [\n                    "2014-06-11",\n                    0.8493499999999999\n                ],\n                [\n                    "2014-06-12",\n                    0.8497499999999999\n                ],\n                [\n                    "2014-06-13",\n                    0.8511\n                ],\n                [\n                    "2014-06-16",\n                    0.8528500000000001\n                ],\n                [\n                    "2014-06-17",\n                    0.8544999999999998\n                ],\n                [\n                    "2014-06-18",\n                    0.85595\n                ],\n                [\n                    "2014-06-19",\n                    0.8565000000000002\n                ],\n                [\n                    "2014-06-20",\n                    0.8571499999999999\n                ],\n                [\n                    "2014-06-23",\n                    0.858\n                ],\n                [\n                    "2014-06-24",\n                    0.85885\n                ],\n                [\n                    "2014-06-25",\n                    0.8596\n                ],\n                [\n                    "2014-06-26",\n                    0.8605\n                ],\n                [\n                    "2014-06-27",\n                    0.8619\n                ],\n                [\n                    "2014-06-30",\n                    0.8632\n                ],\n                [\n                    "2014-07-01",\n                    0.8644000000000001\n                ],\n                [\n                    "2014-07-02",\n                    0.8657999999999999\n                ],\n                [\n                    "2014-07-03",\n                    0.8667999999999999\n                ],\n                [\n                    "2014-07-04",\n                    0.86805\n                ],\n                [\n                    "2014-07-07",\n                    0.8692\n                ],\n                [\n                    "2014-07-08",\n                    0.8702\n                ],\n                [\n                    "2014-07-09",\n                    0.8705999999999999\n                ],\n                [\n                    "2014-07-10",\n                    0.8705\n                ],\n                [\n                    "2014-07-11",\n                    0.8703\n                ],\n                [\n                    "2014-07-14",\n                    0.8709499999999999\n                ],\n                [\n                    "2014-07-15",\n                    0.8724500000000001\n                ],\n                [\n                    "2014-07-16",\n                    0.8737999999999999\n                ],\n                [\n                    "2014-07-17",\n                    0.8754\n                ],\n                [\n                    "2014-07-18",\n                    0.8774500000000002\n                ],\n                [\n                    "2014-07-21",\n                    0.8791499999999999\n                ],\n                [\n                    "2014-07-22",\n                    0.8810500000000001\n                ],\n                [\n                    "2014-07-23",\n                    0.88285\n                ],\n                [\n                    "2014-07-24",\n                    0.88455\n                ],\n                [\n                    "2014-07-25",\n                    0.88645\n                ],\n                [\n                    "2014-07-28",\n                    0.889\n                ],\n                [\n                    "2014-07-29",\n                    0.8919\n                ],\n                [\n                    "2014-07-30",\n                    0.8950500000000001\n                ],\n                [\n                    "2014-07-31",\n                    0.8986500000000002\n                ],\n                [\n                    "2014-08-01",\n                    0.90205\n                ],\n                [\n                    "2014-08-04",\n                    0.9065\n                ],\n                [\n                    "2014-08-05",\n                    0.91075\n                ],\n                [\n                    "2014-08-06",\n                    0.9153\n                ],\n                [\n                    "2014-08-07",\n                    0.91945\n                ],\n                [\n                    "2014-08-08",\n                    0.9234500000000001\n                ],\n                [\n                    "2014-08-11",\n                    0.9270999999999999\n                ],\n                [\n                    "2014-08-12",\n                    0.9304\n                ],\n                [\n                    "2014-08-13",\n                    0.9340999999999999\n                ],\n                [\n                    "2014-08-14",\n                    0.9378499999999999\n                ],\n                [\n                    "2014-08-15",\n                    0.9414\n                ],\n                [\n                    "2014-08-18",\n                    0.9449500000000001\n                ],\n                [\n                    "2014-08-19",\n                    0.9479999999999998\n                ],\n                [\n                    "2014-08-20",\n                    0.9512499999999999\n                ],\n                [\n                    "2014-08-21",\n                    0.9540000000000001\n                ],\n                [\n                    "2014-08-22",\n                    0.9567\n                ],\n                [\n                    "2014-08-25",\n                    0.9579999999999999\n                ],\n                [\n                    "2014-08-26",\n                    0.9587499999999999\n                ],\n                [\n                    "2014-08-27",\n                    0.9594499999999998\n                ],\n                [\n                    "2014-08-28",\n                    0.9593499999999999\n                ],\n                [\n                    "2014-08-29",\n                    0.9600500000000001\n                ],\n                [\n                    "2014-09-01",\n                    0.9608000000000001\n                ],\n                [\n                    "2014-09-02",\n                    0.9618499999999999\n                ],\n                [\n                    "2014-09-03",\n                    0.9634499999999999\n                ],\n                [\n                    "2014-09-04",\n                    0.9659500000000001\n                ],\n                [\n                    "2014-09-05",\n                    0.9686499999999999\n                ],\n                [\n                    "2014-09-09",\n                    0.9705999999999999\n                ],\n                [\n                    "2014-09-10",\n                    0.9724\n                ],\n                [\n                    "2014-09-11",\n                    0.9737\n                ],\n                [\n                    "2014-09-12",\n                    0.97535\n                ],\n                [\n                    "2014-09-15",\n                    0.9765499999999999\n                ],\n                [\n                    "2014-09-16",\n                    0.97615\n                ],\n                [\n                    "2014-09-17",\n                    0.976\n                ],\n                [\n                    "2014-09-18",\n                    0.9762500000000001\n                ],\n                [\n                    "2014-09-19",\n                    0.9768999999999999\n                ],\n                [\n                    "2014-09-22",\n                    0.9763\n                ],\n                [\n                    "2014-09-23",\n                    0.97665\n                ],\n                [\n                    "2014-09-24",\n                    0.97805\n                ],\n                [\n                    "2014-09-25",\n                    0.9792500000000001\n                ],\n                [\n                    "2014-09-26",\n                    0.9807500000000001\n                ],\n                [\n                    "2014-09-29",\n                    0.98195\n                ],\n                [\n                    "2014-09-30",\n                    0.9823000000000001\n                ],\n                [\n                    "2014-10-08",\n                    0.9826499999999999\n                ],\n                [\n                    "2014-10-09",\n                    0.98285\n                ],\n                [\n                    "2014-10-10",\n                    0.9827999999999999\n                ],\n                [\n                    "2014-10-13",\n                    0.9818\n                ],\n                [\n                    "2014-10-14",\n                    0.9806000000000001\n                ],\n                [\n                    "2014-10-15",\n                    0.9796499999999998\n                ],\n                [\n                    "2014-10-16",\n                    0.97835\n                ],\n                [\n                    "2014-10-17",\n                    0.9773\n                ],\n                [\n                    "2014-10-20",\n                    0.97675\n                ],\n                [\n                    "2014-10-21",\n                    0.97725\n                ],\n                [\n                    "2014-10-22",\n                    0.9768000000000001\n                ],\n                [\n                    "2014-10-23",\n                    0.9755499999999999\n                ],\n                [\n                    "2014-10-24",\n                    0.974\n                ],\n                [\n                    "2014-10-27",\n                    0.9734499999999999\n                ],\n                [\n                    "2014-10-28",\n                    0.97305\n                ],\n                [\n                    "2014-10-29",\n                    0.9724999999999999\n                ],\n                [\n                    "2014-10-30",\n                    0.9719\n                ],\n                [\n                    "2014-10-31",\n                    0.9713999999999998\n                ],\n                [\n                    "2014-11-03",\n                    0.9704499999999999\n                ],\n                [\n                    "2014-11-04",\n                    0.969\n                ],\n                [\n                    "2014-11-05",\n                    0.9669000000000001\n                ],\n                [\n                    "2014-11-06",\n                    0.9647500000000001\n                ],\n                [\n                    "2014-11-07",\n                    0.9625499999999999\n                ],\n                [\n                    "2014-11-10",\n                    0.9618499999999999\n                ],\n                [\n                    "2014-11-11",\n                    0.9604999999999999\n                ],\n                [\n                    "2014-11-12",\n                    0.9596500000000001\n                ],\n                [\n                    "2014-11-13",\n                    0.9594999999999999\n                ],\n                [\n                    "2014-11-14",\n                    0.9592499999999999\n                ],\n                [\n                    "2014-11-17",\n                    0.9587\n                ],\n                [\n                    "2014-11-18",\n                    0.9582499999999999\n                ],\n                [\n                    "2014-11-19",\n                    0.9581500000000001\n                ],\n                [\n                    "2014-11-20",\n                    0.9582499999999999\n                ],\n                [\n                    "2014-11-21",\n                    0.95875\n                ],\n                [\n                    "2014-11-24",\n                    0.9594999999999999\n                ],\n                [\n                    "2014-11-25",\n                    0.96045\n                ],\n                [\n                    "2014-11-26",\n                    0.961\n                ],\n                [\n                    "2014-11-27",\n                    0.9619\n                ],\n                [\n                    "2014-11-28",\n                    0.96275\n                ],\n                [\n                    "2014-12-01",\n                    0.9641\n                ],\n                [\n                    "2014-12-02",\n                    0.96695\n                ],\n                [\n                    "2014-12-03",\n                    0.97075\n                ],\n                [\n                    "2014-12-04",\n                    0.9752999999999998\n                ],\n                [\n                    "2014-12-05",\n                    0.9792500000000001\n                ],\n                [\n                    "2014-12-08",\n                    0.9827\n                ],\n                [\n                    "2014-12-09",\n                    0.9855499999999999\n                ],\n                [\n                    "2014-12-10",\n                    0.9896499999999999\n                ],\n                [\n                    "2014-12-11",\n                    0.99365\n                ],\n                [\n                    "2014-12-12",\n                    0.9976499999999999\n                ],\n                [\n                    "2014-12-15",\n                    1.0023\n                ],\n                [\n                    "2014-12-16",\n                    1.0069000000000001\n                ],\n                [\n                    "2014-12-17",\n                    1.011\n                ],\n                [\n                    "2014-12-18",\n                    1.0158\n                ],\n                [\n                    "2014-12-19",\n                    1.01975\n                ],\n                [\n                    "2014-12-22",\n                    1.0232\n                ],\n                [\n                    "2014-12-23",\n                    1.02595\n                ],\n                [\n                    "2014-12-24",\n                    1.02825\n                ],\n                [\n                    "2014-12-25",\n                    1.03085\n                ],\n                [\n                    "2014-12-26",\n                    1.03375\n                ],\n                [\n                    "2014-12-29",\n                    1.03615\n                ],\n                [\n                    "2014-12-30",\n                    1.0368499999999998\n                ],\n                [\n                    "2014-12-31",\n                    1.0375\n                ],\n                [\n                    "2015-01-05",\n                    1.0399\n                ],\n                [\n                    "2015-01-06",\n                    1.04395\n                ],\n                [\n                    "2015-01-07",\n                    1.04705\n                ],\n                [\n                    "2015-01-08",\n                    1.05165\n                ],\n                [\n                    "2015-01-09",\n                    1.05385\n                ],\n                [\n                    "2015-01-12",\n                    1.0566499999999999\n                ],\n                [\n                    "2015-01-13",\n                    1.0599\n                ],\n                [\n                    "2015-01-14",\n                    1.0613\n                ],\n                [\n                    "2015-01-15",\n                    1.06345\n                ],\n                [\n                    "2015-01-16",\n                    1.0665499999999999\n                ],\n                [\n                    "2015-01-19",\n                    1.06635\n                ],\n                [\n                    "2015-01-20",\n                    1.06815\n                ],\n                [\n                    "2015-01-21",\n                    1.0715\n                ],\n                [\n                    "2015-01-22",\n                    1.07515\n                ],\n                [\n                    "2015-01-23",\n                    1.07865\n                ],\n                [\n                    "2015-01-26",\n                    1.08235\n                ],\n                [\n                    "2015-01-27",\n                    1.08595\n                ],\n                [\n                    "2015-01-28",\n                    1.08915\n                ],\n                [\n                    "2015-01-29",\n                    1.0928\n                ],\n                [\n                    "2015-01-30",\n                    1.0958\n                ],\n                [\n                    "2015-02-02",\n                    1.09565\n                ],\n                [\n                    "2015-02-03",\n                    1.0956000000000001\n                ],\n                [\n                    "2015-02-04",\n                    1.09585\n                ],\n                [\n                    "2015-02-05",\n                    1.0957000000000001\n                ],\n                [\n                    "2015-02-06",\n                    1.09595\n                ],\n                [\n                    "2015-02-09",\n                    1.0961500000000002\n                ],\n                [\n                    "2015-02-10",\n                    1.09645\n                ],\n                [\n                    "2015-02-11",\n                    1.09805\n                ],\n                [\n                    "2015-02-12",\n                    1.09925\n                ],\n                [\n                    "2015-02-13",\n                    1.10055\n                ],\n                [\n                    "2015-02-16",\n                    1.1054\n                ],\n                [\n                    "2015-02-17",\n                    1.10945\n                ],\n                [\n                    "2015-02-25",\n                    1.1118000000000001\n                ],\n                [\n                    "2015-02-26",\n                    1.1142\n                ],\n                [\n                    "2015-02-27",\n                    1.1172\n                ],\n                [\n                    "2015-03-02",\n                    1.12\n                ],\n                [\n                    "2015-03-03",\n                    1.1215\n                ],\n                [\n                    "2015-03-04",\n                    1.12425\n                ],\n                [\n                    "2015-03-05",\n                    1.1266500000000002\n                ],\n                [\n                    "2015-03-06",\n                    1.1289\n                ],\n                [\n                    "2015-03-09",\n                    1.13265\n                ],\n                [\n                    "2015-03-10",\n                    1.13585\n                ],\n                [\n                    "2015-03-11",\n                    1.1396\n                ],\n                [\n                    "2015-03-12",\n                    1.144\n                ],\n                [\n                    "2015-03-13",\n                    1.1491\n                ],\n                [\n                    "2015-03-16",\n                    1.1552499999999999\n                ],\n                [\n                    "2015-03-17",\n                    1.1611\n                ],\n                [\n                    "2015-03-18",\n                    1.1674000000000002\n                ],\n                [\n                    "2015-03-19",\n                    1.1736499999999999\n                ],\n                [\n                    "2015-03-20",\n                    1.1797\n                ],\n                [\n                    "2015-03-23",\n                    1.1864500000000002\n                ],\n                [\n                    "2015-03-24",\n                    1.19305\n                ],\n                [\n                    "2015-03-25",\n                    1.1999\n                ],\n                [\n                    "2015-03-26",\n                    1.20635\n                ],\n                [\n                    "2015-03-27",\n                    1.21295\n                ],\n                [\n                    "2015-03-30",\n                    1.2199499999999999\n                ],\n                [\n                    "2015-03-31",\n                    1.22755\n                ],\n                [\n                    "2015-04-01",\n                    1.2356\n                ],\n                [\n                    "2015-04-02",\n                    1.24475\n                ],\n                [\n                    "2015-04-03",\n                    1.2542\n                ],\n                [\n                    "2015-04-07",\n                    1.2637\n                ],\n                [\n                    "2015-04-08",\n                    1.2729\n                ],\n                [\n                    "2015-04-09",\n                    1.28075\n                ],\n                [\n                    "2015-04-10",\n                    1.28975\n                ],\n                [\n                    "2015-04-13",\n                    1.2988000000000002\n                ],\n                [\n                    "2015-04-14",\n                    1.3063\n                ],\n                [\n                    "2015-04-15",\n                    1.3117\n                ],\n                [\n                    "2015-04-16",\n                    1.3192\n                ],\n                [\n                    "2015-04-17",\n                    1.3276\n                ],\n                [\n                    "2015-04-20",\n                    1.33475\n                ],\n                [\n                    "2015-04-21",\n                    1.3440999999999999\n                ],\n                [\n                    "2015-04-22",\n                    1.3537\n                ],\n                [\n                    "2015-04-23",\n                    1.3630999999999998\n                ],\n                [\n                    "2015-04-24",\n                    1.3725\n                ],\n                [\n                    "2015-04-27",\n                    1.3822\n                ],\n                [\n                    "2015-04-28",\n                    1.38985\n                ],\n                [\n                    "2015-04-29",\n                    1.3987500000000002\n                ],\n                [\n                    "2015-04-30",\n                    1.4062\n                ],\n                [\n                    "2015-05-04",\n                    1.4133499999999999\n                ],\n                [\n                    "2015-05-05",\n                    1.4172\n                ],\n                [\n                    "2015-05-06",\n                    1.4193\n                ],\n                [\n                    "2015-05-07",\n                    1.4211500000000001\n                ],\n                [\n                    "2015-05-08",\n                    1.42535\n                ],\n                [\n                    "2015-05-11",\n                    1.4298\n                ],\n                [\n                    "2015-05-12",\n                    1.4339499999999998\n                ],\n                [\n                    "2015-05-13",\n                    1.4387\n                ],\n                [\n                    "2015-05-14",\n                    1.4443000000000001\n                ],\n                [\n                    "2015-05-15",\n                    1.4461499999999998\n                ],\n                [\n                    "2015-05-18",\n                    1.4463\n                ],\n                [\n                    "2015-05-19",\n                    1.4494\n                ],\n                [\n                    "2015-05-20",\n                    1.45055\n                ],\n                [\n                    "2015-05-21",\n                    1.4532500000000002\n                ],\n                [\n                    "2015-05-22",\n                    1.4576500000000001\n                ],\n                [\n                    "2015-05-25",\n                    1.46455\n                ],\n                [\n                    "2015-05-26",\n                    1.4722\n                ],\n                [\n                    "2015-05-27",\n                    1.48\n                ],\n                [\n                    "2015-05-28",\n                    1.48265\n                ],\n                [\n                    "2015-05-29",\n                    1.4853\n                ],\n                [\n                    "2015-06-01",\n                    1.49095\n                ],\n                [\n                    "2015-06-02",\n                    1.5012\n                ],\n                [\n                    "2015-06-03",\n                    1.51265\n                ],\n                [\n                    "2015-06-04",\n                    1.52345\n                ],\n                [\n                    "2015-06-05",\n                    1.53305\n                ],\n                [\n                    "2015-06-08",\n                    1.542\n                ],\n                [\n                    "2015-06-09",\n                    1.55065\n                ],\n                [\n                    "2015-06-10",\n                    1.56\n                ],\n                [\n                    "2015-06-11",\n                    1.56995\n                ],\n                [\n                    "2015-06-12",\n                    1.58275\n                ],\n                [\n                    "2015-06-15",\n                    1.59555\n                ],\n                [\n                    "2015-06-16",\n                    1.6035499999999998\n                ],\n                [\n                    "2015-06-17",\n                    1.6107500000000001\n                ],\n                [\n                    "2015-06-18",\n                    1.6127500000000001\n                ],\n                [\n                    "2015-06-19",\n                    1.609\n                ],\n                [\n                    "2015-06-23",\n                    1.6065\n                ],\n                [\n                    "2015-06-24",\n                    1.6050999999999997\n                ],\n                [\n                    "2015-06-25",\n                    1.6018999999999999\n                ],\n                [\n                    "2015-06-26",\n                    1.598\n                ],\n                [\n                    "2015-06-29",\n                    1.59325\n                ],\n                [\n                    "2015-06-30",\n                    1.58965\n                ],\n                [\n                    "2015-07-01",\n                    1.5813\n                ],\n                [\n                    "2015-07-02",\n                    1.5691000000000002\n                ],\n                [\n                    "2015-07-03",\n                    1.5542\n                ],\n                [\n                    "2015-07-06",\n                    1.5398\n                ],\n                [\n                    "2015-07-07",\n                    1.5214\n                ],\n                [\n                    "2015-07-08",\n                    1.4988499999999998\n                ],\n                [\n                    "2015-07-09",\n                    1.47995\n                ],\n                [\n                    "2015-07-10",\n                    1.4661000000000002\n                ],\n                [\n                    "2015-07-13",\n                    1.4530999999999998\n                ],\n                [\n                    "2015-07-14",\n                    1.4392\n                ],\n                [\n                    "2015-07-15",\n                    1.42515\n                ],\n                [\n                    "2015-07-16",\n                    1.41115\n                ],\n                [\n                    "2015-07-17",\n                    1.4022999999999999\n                ],\n                [\n                    "2015-07-20",\n                    1.3974499999999999\n                ],\n                [\n                    "2015-07-21",\n                    1.38915\n                ],\n                [\n                    "2015-07-22",\n                    1.3782\n                ],\n                [\n                    "2015-07-23",\n                    1.3712499999999999\n                ],\n                [\n                    "2015-07-24",\n                    1.3683999999999998\n                ],\n                [\n                    "2015-07-27",\n                    1.3611999999999997\n                ],\n                [\n                    "2015-07-28",\n                    1.35005\n                ],\n                [\n                    "2015-07-29",\n                    1.3435000000000001\n                ],\n                [\n                    "2015-07-30",\n                    1.3389\n                ],\n                [\n                    "2015-07-31",\n                    1.33795\n                ],\n                [\n                    "2015-08-03",\n                    1.3367499999999999\n                ],\n                [\n                    "2015-08-04",\n                    1.34025\n                ],\n                [\n                    "2015-08-05",\n                    1.3469000000000002\n                ],\n                [\n                    "2015-08-06",\n                    1.3484500000000001\n                ],\n                [\n                    "2015-08-07",\n                    1.346\n                ],\n                [\n                    "2015-08-10",\n                    1.34295\n                ],\n                [\n                    "2015-08-11",\n                    1.34185\n                ],\n                [\n                    "2015-08-12",\n                    1.34255\n                ],\n                [\n                    "2015-08-13",\n                    1.3430000000000002\n                ],\n                [\n                    "2015-08-14",\n                    1.34095\n                ],\n                [\n                    "2015-08-17",\n                    1.3395\n                ],\n                [\n                    "2015-08-18",\n                    1.33375\n                ],\n                [\n                    "2015-08-19",\n                    1.32935\n                ],\n                [\n                    "2015-08-20",\n                    1.3217\n                ],\n                [\n                    "2015-08-21",\n                    1.312\n                ],\n                [\n                    "2015-08-24",\n                    1.3030500000000003\n                ],\n                [\n                    "2015-08-25",\n                    1.29195\n                ],\n                [\n                    "2015-08-26",\n                    1.281\n                ],\n                [\n                    "2015-08-27",\n                    1.2741\n                ],\n                [\n                    "2015-08-28",\n                    1.2687\n                ],\n                [\n                    "2015-08-31",\n                    1.2621\n                ],\n                [\n                    "2015-09-01",\n                    1.25255\n                ],\n                [\n                    "2015-09-02",\n                    1.2445\n                ],\n                [\n                    "2015-09-07",\n                    1.2352\n                ],\n                [\n                    "2015-09-08",\n                    1.22635\n                ],\n                [\n                    "2015-09-09",\n                    1.2165\n                ],\n                [\n                    "2015-09-10",\n                    1.2059000000000002\n                ],\n                [\n                    "2015-09-11",\n                    1.1966\n                ],\n                [\n                    "2015-09-14",\n                    1.18505\n                ],\n                [\n                    "2015-09-15",\n                    1.1719\n                ],\n                [\n                    "2015-09-16",\n                    1.1614\n                ],\n                [\n                    "2015-09-17",\n                    1.1535499999999999\n                ],\n                [\n                    "2015-09-18",\n                    1.1449500000000001\n                ],\n                [\n                    "2015-09-21",\n                    1.1396000000000002\n                ],\n                [\n                    "2015-09-22",\n                    1.1374\n                ],\n                [\n                    "2015-09-23",\n                    1.1386999999999998\n                ],\n                [\n                    "2015-09-24",\n                    1.1422500000000002\n                ],\n                [\n                    "2015-09-25",\n                    1.1431499999999999\n                ],\n                [\n                    "2015-09-28",\n                    1.1418000000000001\n                ],\n                [\n                    "2015-09-29",\n                    1.1382999999999999\n                ],\n                [\n                    "2015-09-30",\n                    1.13625\n                ],\n                [\n                    "2015-10-08",\n                    1.13735\n                ],\n                [\n                    "2015-10-09",\n                    1.13835\n                ],\n                [\n                    "2015-10-12",\n                    1.1425500000000002\n                ],\n                [\n                    "2015-10-13",\n                    1.1456\n                ],\n                [\n                    "2015-10-14",\n                    1.14665\n                ],\n                [\n                    "2015-10-15",\n                    1.1493499999999999\n                ],\n                [\n                    "2015-10-16",\n                    1.1525\n                ],\n                [\n                    "2015-10-19",\n                    1.1577499999999998\n                ],\n                [\n                    "2015-10-20",\n                    1.1649\n                ],\n                [\n                    "2015-10-21",\n                    1.16635\n                ],\n                [\n                    "2015-10-22",\n                    1.17065\n                ],\n                [\n                    "2015-10-23",\n                    1.176\n                ],\n                [\n                    "2015-10-26",\n                    1.1808999999999998\n                ],\n                [\n                    "2015-10-27",\n                    1.1856000000000002\n                ],\n                [\n                    "2015-10-28",\n                    1.1904000000000001\n                ],\n                [\n                    "2015-10-29",\n                    1.19555\n                ],\n                [\n                    "2015-10-30",\n                    1.2018499999999999\n                ],\n                [\n                    "2015-11-02",\n                    1.20715\n                ],\n                [\n                    "2015-11-03",\n                    1.21285\n                ],\n                [\n                    "2015-11-04",\n                    1.22025\n                ],\n                [\n                    "2015-11-05",\n                    1.2261\n                ],\n                [\n                    "2015-11-06",\n                    1.2324\n                ],\n                [\n                    "2015-11-09",\n                    1.23755\n                ],\n                [\n                    "2015-11-10",\n                    1.2423\n                ],\n                [\n                    "2015-11-11",\n                    1.2478000000000002\n                ],\n                [\n                    "2015-11-12",\n                    1.2522\n                ],\n                [\n                    "2015-11-13",\n                    1.25505\n                ],\n                [\n                    "2015-11-16",\n                    1.25755\n                ],\n                [\n                    "2015-11-17",\n                    1.25995\n                ],\n                [\n                    "2015-11-18",\n                    1.2645499999999998\n                ],\n                [\n                    "2015-11-19",\n                    1.26855\n                ],\n                [\n                    "2015-11-20",\n                    1.27095\n                ],\n                [\n                    "2015-11-23",\n                    1.272\n                ],\n                [\n                    "2015-11-24",\n                    1.2732999999999999\n                ],\n                [\n                    "2015-11-25",\n                    1.2764\n                ],\n                [\n                    "2015-11-26",\n                    1.2786\n                ],\n                [\n                    "2015-11-27",\n                    1.2779500000000001\n                ],\n                [\n                    "2015-11-30",\n                    1.27815\n                ],\n                [\n                    "2015-12-01",\n                    1.27915\n                ],\n                [\n                    "2015-12-02",\n                    1.27935\n                ],\n                [\n                    "2015-12-03",\n                    1.2794\n                ],\n                [\n                    "2015-12-04",\n                    1.2783\n                ],\n                [\n                    "2015-12-07",\n                    1.2771000000000001\n                ],\n                [\n                    "2015-12-08",\n                    1.2745000000000002\n                ],\n                [\n                    "2015-12-09",\n                    1.2723499999999999\n                ],\n                [\n                    "2015-12-10",\n                    1.27\n                ],\n                [\n                    "2015-12-11",\n                    1.26875\n                ],\n                [\n                    "2015-12-14",\n                    1.2684000000000002\n                ],\n                [\n                    "2015-12-15",\n                    1.2682\n                ],\n                [\n                    "2015-12-16",\n                    1.2682499999999999\n                ],\n                [\n                    "2015-12-17",\n                    1.2686499999999998\n                ],\n                [\n                    "2015-12-18",\n                    1.2697999999999998\n                ],\n                [\n                    "2015-12-21",\n                    1.2738\n                ],\n                [\n                    "2015-12-22",\n                    1.27805\n                ],\n                [\n                    "2015-12-23",\n                    1.28145\n                ],\n                [\n                    "2015-12-24",\n                    1.28435\n                ],\n                [\n                    "2015-12-25",\n                    1.2901\n                ],\n                [\n                    "2015-12-28",\n                    1.2940999999999998\n                ],\n                [\n                    "2015-12-29",\n                    1.2982999999999998\n                ],\n                [\n                    "2015-12-30",\n                    1.3008000000000002\n                ],\n                [\n                    "2015-12-31",\n                    1.3025499999999999\n                ],\n                [\n                    "2016-01-04",\n                    1.30045\n                ],\n                [\n                    "2016-01-05",\n                    1.29835\n                ],\n                [\n                    "2016-01-06",\n                    1.2986\n                ],\n                [\n                    "2016-01-07",\n                    1.2946\n                ],\n                [\n                    "2016-01-08",\n                    1.29175\n                ],\n                [\n                    "2016-01-11",\n                    1.2859500000000001\n                ],\n                [\n                    "2016-01-12",\n                    1.27955\n                ],\n                [\n                    "2016-01-13",\n                    1.27205\n                ],\n                [\n                    "2016-01-14",\n                    1.26615\n                ],\n                [\n                    "2016-01-15",\n                    1.2576500000000002\n                ],\n                [\n                    "2016-01-18",\n                    1.249\n                ],\n                [\n                    "2016-01-19",\n                    1.2398500000000001\n                ],\n                [\n                    "2016-01-20",\n                    1.22905\n                ],\n                [\n                    "2016-01-21",\n                    1.2167000000000001\n                ],\n                [\n                    "2016-01-22",\n                    1.2055500000000001\n                ],\n                [\n                    "2016-01-25",\n                    1.19485\n                ],\n                [\n                    "2016-01-26",\n                    1.18315\n                ],\n                [\n                    "2016-01-27",\n                    1.17015\n                ],\n                [\n                    "2016-01-28",\n                    1.1561\n                ],\n                [\n                    "2016-01-29",\n                    1.1441000000000001\n                ],\n                [\n                    "2016-02-01",\n                    1.1364\n                ],\n                [\n                    "2016-02-02",\n                    1.1295\n                ],\n                [\n                    "2016-02-03",\n                    1.12185\n                ],\n                [\n                    "2016-02-04",\n                    1.1186500000000001\n                ],\n                [\n                    "2016-02-05",\n                    1.1141\n                ],\n                [\n                    "2016-02-15",\n                    1.1119999999999999\n                ],\n                [\n                    "2016-02-16",\n                    1.1108500000000001\n                ],\n                [\n                    "2016-02-17",\n                    1.1108\n                ],\n                [\n                    "2016-02-18",\n                    1.10915\n                ],\n                [\n                    "2016-02-19",\n                    1.1089499999999999\n                ],\n                [\n                    "2016-02-22",\n                    1.10955\n                ],\n                [\n                    "2016-02-23",\n                    1.1083500000000002\n                ],\n                [\n                    "2016-02-24",\n                    1.1083\n                ],\n                [\n                    "2016-02-25",\n                    1.1065999999999998\n                ],\n                [\n                    "2016-02-26",\n                    1.10475\n                ],\n                [\n                    "2016-02-29",\n                    1.1006\n                ],\n                [\n                    "2016-03-01",\n                    1.0999500000000002\n                ],\n                [\n                    "2016-03-02",\n                    1.1019999999999999\n                ],\n                [\n                    "2016-03-03",\n                    1.1054\n                ],\n                [\n                    "2016-03-04",\n                    1.10725\n                ],\n                [\n                    "2016-03-07",\n                    1.1095\n                ],\n                [\n                    "2016-03-08",\n                    1.1105\n                ],\n                [\n                    "2016-03-09",\n                    1.1109\n                ],\n                [\n                    "2016-03-10",\n                    1.11055\n                ],\n                [\n                    "2016-03-11",\n                    1.1105\n                ],\n                [\n                    "2016-03-14",\n                    1.11165\n                ],\n                [\n                    "2016-03-15",\n                    1.11145\n                ],\n                [\n                    "2016-03-16",\n                    1.11045\n                ],\n                [\n                    "2016-03-17",\n                    1.11085\n                ],\n                [\n                    "2016-03-18",\n                    1.1123\n                ],\n                [\n                    "2016-03-21",\n                    1.1134\n                ],\n                [\n                    "2016-03-22",\n                    1.11455\n                ],\n                [\n                    "2016-03-23",\n                    1.11575\n                ],\n                [\n                    "2016-03-24",\n                    1.1202\n                ],\n                [\n                    "2016-03-25",\n                    1.1246\n                ],\n                [\n                    "2016-03-28",\n                    1.1313\n                ],\n                [\n                    "2016-03-29",\n                    1.1360999999999999\n                ],\n                [\n                    "2016-03-30",\n                    1.13985\n                ],\n                [\n                    "2016-03-31",\n                    1.1437\n                ],\n                [\n                    "2016-04-01",\n                    1.1473\n                ],\n                [\n                    "2016-04-05",\n                    1.15135\n                ],\n                [\n                    "2016-04-06",\n                    1.15615\n                ],\n                [\n                    "2016-04-07",\n                    1.16065\n                ],\n                [\n                    "2016-04-08",\n                    1.165\n                ],\n                [\n                    "2016-04-11",\n                    1.1702\n                ],\n                [\n                    "2016-04-12",\n                    1.1745\n                ],\n                [\n                    "2016-04-13",\n                    1.17905\n                ],\n                [\n                    "2016-04-14",\n                    1.18465\n                ],\n                [\n                    "2016-04-15",\n                    1.1889\n                ],\n                [\n                    "2016-04-18",\n                    1.1917\n                ],\n                [\n                    "2016-04-19",\n                    1.1939499999999998\n                ],\n                [\n                    "2016-04-20",\n                    1.1944500000000002\n                ],\n                [\n                    "2016-04-21",\n                    1.19475\n                ],\n                [\n                    "2016-04-22",\n                    1.1962\n                ],\n                [\n                    "2016-04-25",\n                    1.1971\n                ],\n                [\n                    "2016-04-26",\n                    1.1981\n                ],\n                [\n                    "2016-04-27",\n                    1.2002000000000002\n                ],\n                [\n                    "2016-04-28",\n                    1.201\n                ],\n                [\n                    "2016-04-29",\n                    1.20195\n                ],\n                [\n                    "2016-05-03",\n                    1.20555\n                ],\n                [\n                    "2016-05-04",\n                    1.2078\n                ],\n                [\n                    "2016-05-05",\n                    1.20945\n                ],\n                [\n                    "2016-05-06",\n                    1.21\n                ],\n                [\n                    "2016-05-09",\n                    1.2104\n                ],\n                [\n                    "2016-05-10",\n                    1.21085\n                ],\n                [\n                    "2016-05-11",\n                    1.21235\n                ],\n                [\n                    "2016-05-12",\n                    1.2135\n                ],\n                [\n                    "2016-05-13",\n                    1.21355\n                ],\n                [\n                    "2016-05-16",\n                    1.2147\n                ],\n                [\n                    "2016-05-17",\n                    1.21565\n                ],\n                [\n                    "2016-05-18",\n                    1.2151\n                ],\n                [\n                    "2016-05-19",\n                    1.21625\n                ],\n                [\n                    "2016-05-20",\n                    1.2181000000000002\n                ],\n                [\n                    "2016-05-23",\n                    1.2196000000000002\n                ],\n                [\n                    "2016-05-24",\n                    1.22055\n                ],\n                [\n                    "2016-05-25",\n                    1.2205\n                ],\n                [\n                    "2016-05-26",\n                    1.2206\n                ],\n                [\n                    "2016-05-27",\n                    1.22075\n                ],\n                [\n                    "2016-05-30",\n                    1.2202499999999998\n                ],\n                [\n                    "2016-05-31",\n                    1.2194500000000001\n                ],\n                [\n                    "2016-06-01",\n                    1.2192500000000002\n                ],\n                [\n                    "2016-06-02",\n                    1.21925\n                ],\n                [\n                    "2016-06-03",\n                    1.2226\n                ],\n                [\n                    "2016-06-06",\n                    1.2267000000000001\n                ],\n                [\n                    "2016-06-07",\n                    1.2302000000000002\n                ],\n                [\n                    "2016-06-08",\n                    1.2321499999999999\n                ],\n                [\n                    "2016-06-13",\n                    1.23245\n                ],\n                [\n                    "2016-06-14",\n                    1.2345000000000002\n                ],\n                [\n                    "2016-06-15",\n                    1.23715\n                ],\n                [\n                    "2016-06-16",\n                    1.2401\n                ],\n                [\n                    "2016-06-17",\n                    1.2454\n                ],\n                [\n                    "2016-06-20",\n                    1.2505\n                ],\n                [\n                    "2016-06-21",\n                    1.25435\n                ],\n                [\n                    "2016-06-22",\n                    1.25805\n                ],\n                [\n                    "2016-06-23",\n                    1.2620999999999998\n                ],\n                [\n                    "2016-06-24",\n                    1.26605\n                ],\n                [\n                    "2016-06-27",\n                    1.27125\n                ],\n                [\n                    "2016-06-28",\n                    1.27645\n                ],\n                [\n                    "2016-06-29",\n                    1.28185\n                ],\n                [\n                    "2016-06-30",\n                    1.2855\n                ],\n                [\n                    "2016-07-01",\n                    1.2890000000000001\n                ],\n                [\n                    "2016-07-04",\n                    1.2931000000000001\n                ],\n                [\n                    "2016-07-05",\n                    1.2962000000000002\n                ],\n                [\n                    "2016-07-06",\n                    1.3006\n                ],\n                [\n                    "2016-07-07",\n                    1.3044\n                ],\n                [\n                    "2016-07-08",\n                    1.3088000000000002\n                ],\n                [\n                    "2016-07-11",\n                    1.3159500000000002\n                ],\n                [\n                    "2016-07-12",\n                    1.32415\n                ],\n                [\n                    "2016-07-13",\n                    1.3302\n                ],\n                [\n                    "2016-07-14",\n                    1.3364500000000001\n                ],\n                [\n                    "2016-07-15",\n                    1.34225\n                ],\n                [\n                    "2016-07-18",\n                    1.3481\n                ],\n                [\n                    "2016-07-19",\n                    1.35345\n                ],\n                [\n                    "2016-07-20",\n                    1.3580999999999999\n                ],\n                [\n                    "2016-07-21",\n                    1.3636000000000001\n                ],\n                [\n                    "2016-07-22",\n                    1.36835\n                ],\n                [\n                    "2016-07-25",\n                    1.3715\n                ],\n                [\n                    "2016-07-26",\n                    1.3766500000000002\n                ],\n                [\n                    "2016-07-27",\n                    1.3804500000000002\n                ],\n                [\n                    "2016-07-28",\n                    1.3851499999999999\n                ],\n                [\n                    "2016-07-29",\n                    1.3897499999999998\n                ],\n                [\n                    "2016-08-01",\n                    1.39215\n                ],\n                [\n                    "2016-08-02",\n                    1.39415\n                ],\n                [\n                    "2016-08-03",\n                    1.3947999999999998\n                ],\n                [\n                    "2016-08-04",\n                    1.3958\n                ],\n                [\n                    "2016-08-05",\n                    1.39655\n                ],\n                [\n                    "2016-08-08",\n                    1.39685\n                ],\n                [\n                    "2016-08-09",\n                    1.3958499999999998\n                ],\n                [\n                    "2016-08-10",\n                    1.3951\n                ],\n                [\n                    "2016-08-11",\n                    1.3944499999999997\n                ],\n                [\n                    "2016-08-12",\n                    1.3935\n                ],\n                [\n                    "2016-08-15",\n                    1.3941999999999999\n                ],\n                [\n                    "2016-08-16",\n                    1.3961000000000001\n                ],\n                [\n                    "2016-08-17",\n                    1.3983999999999999\n                ],\n                [\n                    "2016-08-18",\n                    1.3996\n                ],\n                [\n                    "2016-08-19",\n                    1.40175\n                ],\n                [\n                    "2016-08-22",\n                    1.40365\n                ],\n                [\n                    "2016-08-23",\n                    1.4035499999999999\n                ],\n                [\n                    "2016-08-24",\n                    1.40435\n                ],\n                [\n                    "2016-08-25",\n                    1.4034499999999999\n                ],\n                [\n                    "2016-08-26",\n                    1.4025\n                ],\n                [\n                    "2016-08-29",\n                    1.40245\n                ],\n                [\n                    "2016-08-30",\n                    1.4024999999999999\n                ],\n                [\n                    "2016-08-31",\n                    1.4025500000000002\n                ],\n                [\n                    "2016-09-01",\n                    1.4022999999999999\n                ],\n                [\n                    "2016-09-02",\n                    1.402\n                ],\n                [\n                    "2016-09-05",\n                    1.4014\n                ],\n                [\n                    "2016-09-06",\n                    1.4005\n                ],\n                [\n                    "2016-09-07",\n                    1.3996499999999998\n                ],\n                [\n                    "2016-09-08",\n                    1.3987\n                ],\n                [\n                    "2016-09-09",\n                    1.3969\n                ],\n                [\n                    "2016-09-12",\n                    1.39215\n                ],\n                [\n                    "2016-09-13",\n                    1.3876499999999998\n                ],\n                [\n                    "2016-09-14",\n                    1.3822\n                ],\n                [\n                    "2016-09-19",\n                    1.3782\n                ],\n                [\n                    "2016-09-20",\n                    1.37445\n                ],\n                [\n                    "2016-09-21",\n                    1.3709500000000001\n                ],\n                [\n                    "2016-09-22",\n                    1.36805\n                ],\n                [\n                    "2016-09-23",\n                    1.3654499999999998\n                ],\n                [\n                    "2016-09-26",\n                    1.36245\n                ],\n                [\n                    "2016-09-27",\n                    1.36005\n                ],\n                [\n                    "2016-09-28",\n                    1.3580999999999999\n                ],\n                [\n                    "2016-09-29",\n                    1.3564\n                ],\n                [\n                    "2016-09-30",\n                    1.35535\n                ],\n                [\n                    "2016-10-10",\n                    1.35525\n                ],\n                [\n                    "2016-10-11",\n                    1.3555499999999998\n                ],\n                [\n                    "2016-10-12",\n                    1.3555\n                ],\n                [\n                    "2016-10-13",\n                    1.3545500000000001\n                ],\n                [\n                    "2016-10-14",\n                    1.35395\n                ],\n                [\n                    "2016-10-17",\n                    1.35305\n                ],\n                [\n                    "2016-10-18",\n                    1.35345\n                ],\n                [\n                    "2016-10-19",\n                    1.3551\n                ],\n                [\n                    "2016-10-20",\n                    1.3565\n                ],\n                [\n                    "2016-10-21",\n                    1.35855\n                ],\n                [\n                    "2016-10-24",\n                    1.3601500000000002\n                ],\n                [\n                    "2016-10-25",\n                    1.3629\n                ],\n                [\n                    "2016-10-26",\n                    1.36595\n                ],\n                [\n                    "2016-10-27",\n                    1.3683\n                ],\n                [\n                    "2016-10-28",\n                    1.3707\n                ],\n                [\n                    "2016-10-31",\n                    1.3743\n                ],\n                [\n                    "2016-11-01",\n                    1.378\n                ],\n                [\n                    "2016-11-02",\n                    1.38105\n                ],\n                [\n                    "2016-11-03",\n                    1.3839000000000001\n                ],\n                [\n                    "2016-11-04",\n                    1.38535\n                ],\n                [\n                    "2016-11-07",\n                    1.3861\n                ],\n                [\n                    "2016-11-08",\n                    1.38755\n                ],\n                [\n                    "2016-11-09",\n                    1.3886500000000002\n                ],\n                [\n                    "2016-11-10",\n                    1.3907\n                ],\n                [\n                    "2016-11-11",\n                    1.3924999999999998\n                ],\n                [\n                    "2016-11-14",\n                    1.39425\n                ],\n                [\n                    "2016-11-15",\n                    1.3957000000000002\n                ],\n                [\n                    "2016-11-16",\n                    1.3972\n                ],\n                [\n                    "2016-11-17",\n                    1.3988999999999998\n                ],\n                [\n                    "2016-11-18",\n                    1.40045\n                ],\n                [\n                    "2016-11-21",\n                    1.4017499999999998\n                ],\n                [\n                    "2016-11-22",\n                    1.40225\n                ],\n                [\n                    "2016-11-23",\n                    1.4034\n                ],\n                [\n                    "2016-11-24",\n                    1.40565\n                ],\n                [\n                    "2016-11-25",\n                    1.4084499999999998\n                ],\n                [\n                    "2016-11-28",\n                    1.4115499999999999\n                ],\n                [\n                    "2016-11-29",\n                    1.4156\n                ],\n                [\n                    "2016-11-30",\n                    1.4191999999999998\n                ],\n                [\n                    "2016-12-01",\n                    1.4237\n                ],\n                [\n                    "2016-12-02",\n                    1.4274499999999999\n                ],\n                [\n                    "2016-12-05",\n                    1.4297499999999999\n                ],\n                [\n                    "2016-12-06",\n                    1.4320499999999998\n                ],\n                [\n                    "2016-12-07",\n                    1.4349500000000002\n                ],\n                [\n                    "2016-12-08",\n                    1.4379000000000002\n                ],\n                [\n                    "2016-12-09",\n                    1.4414500000000001\n                ],\n                [\n                    "2016-12-12",\n                    1.4435\n                ],\n                [\n                    "2016-12-13",\n                    1.4456\n                ],\n                [\n                    "2016-12-14",\n                    1.4471\n                ],\n                [\n                    "2016-12-15",\n                    1.4473500000000001\n                ],\n                [\n                    "2016-12-16",\n                    1.44835\n                ],\n                [\n                    "2016-12-19",\n                    1.44915\n                ],\n                [\n                    "2016-12-20",\n                    1.4493500000000001\n                ],\n                [\n                    "2016-12-21",\n                    1.44885\n                ],\n                [\n                    "2016-12-22",\n                    1.4474500000000001\n                ],\n                [\n                    "2016-12-23",\n                    1.4446999999999999\n                ],\n                [\n                    "2016-12-26",\n                    1.4416\n                ],\n                [\n                    "2016-12-27",\n                    1.43715\n                ],\n                [\n                    "2016-12-28",\n                    1.4334500000000001\n                ],\n                [\n                    "2016-12-29",\n                    1.42875\n                ],\n                [\n                    "2016-12-30",\n                    1.4259499999999998\n                ],\n                [\n                    "2016-12-31",\n                    1.4247\n                ],\n                [\n                    "2017-01-03",\n                    1.4234\n                ],\n                [\n                    "2017-01-04",\n                    1.4234\n                ],\n                [\n                    "2017-01-05",\n                    1.42245\n                ],\n                [\n                    "2017-01-06",\n                    1.421\n                ],\n                [\n                    "2017-01-09",\n                    1.4217\n                ],\n                [\n                    "2017-01-10",\n                    1.42205\n                ],\n                [\n                    "2017-01-11",\n                    1.4224\n                ],\n                [\n                    "2017-01-12",\n                    1.4232\n                ],\n                [\n                    "2017-01-13",\n                    1.4233\n                ],\n                [\n                    "2017-01-16",\n                    1.42345\n                ],\n                [\n                    "2017-01-17",\n                    1.42465\n                ],\n                [\n                    "2017-01-18",\n                    1.42625\n                ],\n                [\n                    "2017-01-19",\n                    1.4278499999999998\n                ],\n                [\n                    "2017-01-20",\n                    1.4309\n                ],\n                [\n                    "2017-01-23",\n                    1.43365\n                ],\n                [\n                    "2017-01-24",\n                    1.4363\n                ],\n                [\n                    "2017-01-25",\n                    1.4394500000000001\n                ],\n                [\n                    "2017-01-26",\n                    1.4426999999999999\n                ],\n                [\n                    "2017-02-03",\n                    1.4448500000000002\n                ],\n                [\n                    "2017-02-06",\n                    1.4472\n                ],\n                [\n                    "2017-02-07",\n                    1.44875\n                ],\n                [\n                    "2017-02-08",\n                    1.4491\n                ],\n                [\n                    "2017-02-09",\n                    1.4501000000000002\n                ],\n                [\n                    "2017-02-10",\n                    1.45145\n                ],\n                [\n                    "2017-02-13",\n                    1.45395\n                ],\n                [\n                    "2017-02-14",\n                    1.4561000000000002\n                ],\n                [\n                    "2017-02-15",\n                    1.4588\n                ],\n                [\n                    "2017-02-16",\n                    1.46265\n                ],\n                [\n                    "2017-02-17",\n                    1.46705\n                ],\n                [\n                    "2017-02-20",\n                    1.4737500000000001\n                ],\n                [\n                    "2017-02-21",\n                    1.47965\n                ],\n                [\n                    "2017-02-22",\n                    1.48555\n                ],\n                [\n                    "2017-02-23",\n                    1.49115\n                ],\n                [\n                    "2017-02-24",\n                    1.4958500000000001\n                ],\n                [\n                    "2017-02-27",\n                    1.49955\n                ],\n                [\n                    "2017-02-28",\n                    1.5034500000000002\n                ],\n                [\n                    "2017-03-01",\n                    1.5074\n                ],\n                [\n                    "2017-03-02",\n                    1.51095\n                ],\n                [\n                    "2017-03-03",\n                    1.51525\n                ],\n                [\n                    "2017-03-06",\n                    1.52045\n                ],\n                [\n                    "2017-03-07",\n                    1.5266\n                ],\n                [\n                    "2017-03-08",\n                    1.5323\n                ],\n                [\n                    "2017-03-09",\n                    1.53725\n                ],\n                [\n                    "2017-03-10",\n                    1.5429499999999998\n                ],\n                [\n                    "2017-03-13",\n                    1.54785\n                ],\n                [\n                    "2017-03-14",\n                    1.5528\n                ],\n                [\n                    "2017-03-15",\n                    1.5586499999999999\n                ],\n                [\n                    "2017-03-16",\n                    1.56355\n                ],\n                [\n                    "2017-03-17",\n                    1.5675999999999999\n                ],\n                [\n                    "2017-03-20",\n                    1.5696499999999998\n                ],\n                [\n                    "2017-03-21",\n                    1.57375\n                ],\n                [\n                    "2017-03-22",\n                    1.57795\n                ],\n                [\n                    "2017-03-23",\n                    1.5823\n                ],\n                [\n                    "2017-03-24",\n                    1.58705\n                ],\n                [\n                    "2017-03-27",\n                    1.5917\n                ],\n                [\n                    "2017-03-28",\n                    1.59605\n                ],\n                [\n                    "2017-03-29",\n                    1.60045\n                ],\n                [\n                    "2017-03-30",\n                    1.6046500000000001\n                ],\n                [\n                    "2017-03-31",\n                    1.6094000000000002\n                ],\n                [\n                    "2017-04-05",\n                    1.6130499999999999\n                ],\n                [\n                    "2017-04-06",\n                    1.6161\n                ],\n                [\n                    "2017-04-07",\n                    1.6192\n                ],\n                [\n                    "2017-04-10",\n                    1.6215499999999998\n                ],\n                [\n                    "2017-04-11",\n                    1.62245\n                ],\n                [\n                    "2017-04-12",\n                    1.6233\n                ],\n                [\n                    "2017-04-13",\n                    1.6251000000000002\n                ],\n                [\n                    "2017-04-14",\n                    1.62555\n                ],\n                [\n                    "2017-04-17",\n                    1.6271999999999998\n                ],\n                [\n                    "2017-04-18",\n                    1.6309\n                ],\n                [\n                    "2017-04-19",\n                    1.63475\n                ],\n                [\n                    "2017-04-20",\n                    1.63815\n                ],\n                [\n                    "2017-04-21",\n                    1.6401499999999998\n                ],\n                [\n                    "2017-04-24",\n                    1.6415\n                ],\n                [\n                    "2017-04-25",\n                    1.6446999999999998\n                ],\n                [\n                    "2017-04-26",\n                    1.6484999999999999\n                ],\n                [\n                    "2017-04-27",\n                    1.6524999999999999\n                ],\n                [\n                    "2017-04-28",\n                    1.655\n                ],\n                [\n                    "2017-05-02",\n                    1.6582000000000001\n                ],\n                [\n                    "2017-05-03",\n                    1.661\n                ],\n                [\n                    "2017-05-04",\n                    1.6635000000000002\n                ],\n                [\n                    "2017-05-05",\n                    1.6659000000000002\n                ],\n                [\n                    "2017-05-08",\n                    1.6670500000000001\n                ],\n                [\n                    "2017-05-09",\n                    1.6691500000000001\n                ],\n                [\n                    "2017-05-10",\n                    1.67195\n                ],\n                [\n                    "2017-05-11",\n                    1.6756499999999999\n                ],\n                [\n                    "2017-05-12",\n                    1.67895\n                ],\n                [\n                    "2017-05-15",\n                    1.6833000000000002\n                ],\n                [\n                    "2017-05-16",\n                    1.68845\n                ],\n                [\n                    "2017-05-17",\n                    1.69085\n                ],\n                [\n                    "2017-05-18",\n                    1.69265\n                ],\n                [\n                    "2017-05-19",\n                    1.69375\n                ],\n                [\n                    "2017-05-22",\n                    1.6957499999999999\n                ],\n                [\n                    "2017-05-23",\n                    1.6995999999999998\n                ],\n                [\n                    "2017-05-24",\n                    1.7012\n                ],\n                [\n                    "2017-05-25",\n                    1.7031500000000002\n                ],\n                [\n                    "2017-05-26",\n                    1.7053\n                ],\n                [\n                    "2017-05-31",\n                    1.7087499999999998\n                ],\n                [\n                    "2017-06-01",\n                    1.7124000000000001\n                ],\n                [\n                    "2017-06-02",\n                    1.7152999999999998\n                ],\n                [\n                    "2017-06-05",\n                    1.7179000000000002\n                ],\n                [\n                    "2017-06-06",\n                    1.7221\n                ],\n                [\n                    "2017-06-07",\n                    1.7291\n                ],\n                [\n                    "2017-06-08",\n                    1.73795\n                ],\n                [\n                    "2017-06-09",\n                    1.7468999999999997\n                ],\n                [\n                    "2017-06-12",\n                    1.7557500000000001\n                ],\n                [\n                    "2017-06-13",\n                    1.7643499999999999\n                ],\n                [\n                    "2017-06-14",\n                    1.7713999999999999\n                ],\n                [\n                    "2017-06-15",\n                    1.7763000000000002\n                ],\n                [\n                    "2017-06-16",\n                    1.7816500000000002\n                ],\n                [\n                    "2017-06-19",\n                    1.7882499999999997\n                ],\n                [\n                    "2017-06-20",\n                    1.7938500000000002\n                ],\n                [\n                    "2017-06-21",\n                    1.80125\n                ],\n                [\n                    "2017-06-22",\n                    1.8072\n                ],\n                [\n                    "2017-06-23",\n                    1.8148\n                ],\n                [\n                    "2017-06-26",\n                    1.8241\n                ],\n                [\n                    "2017-06-27",\n                    1.8331\n                ],\n                [\n                    "2017-06-28",\n                    1.84025\n                ],\n                [\n                    "2017-06-29",\n                    1.8470499999999999\n                ],\n                [\n                    "2017-06-30",\n                    1.8547\n                ],\n                [\n                    "2017-07-03",\n                    1.86145\n                ],\n                [\n                    "2017-07-04",\n                    1.8654\n                ],\n                [\n                    "2017-07-05",\n                    1.86935\n                ],\n                [\n                    "2017-07-06",\n                    1.87165\n                ],\n                [\n                    "2017-07-07",\n                    1.87255\n                ],\n                [\n                    "2017-07-10",\n                    1.8723500000000002\n                ],\n                [\n                    "2017-07-11",\n                    1.87365\n                ],\n                [\n                    "2017-07-12",\n                    1.8748999999999998\n                ],\n                [\n                    "2017-07-13",\n                    1.8764499999999997\n                ],\n                [\n                    "2017-07-14",\n                    1.8793\n                ],\n                [\n                    "2017-07-17",\n                    1.88015\n                ],\n                [\n                    "2017-07-18",\n                    1.88105\n                ],\n                [\n                    "2017-07-19",\n                    1.8804500000000002\n                ],\n                [\n                    "2017-07-20",\n                    1.8816000000000002\n                ],\n                [\n                    "2017-07-21",\n                    1.8814\n                ],\n                [\n                    "2017-07-24",\n                    1.8811\n                ],\n                [\n                    "2017-07-25",\n                    1.8805\n                ],\n                [\n                    "2017-07-26",\n                    1.8798000000000001\n                ],\n                [\n                    "2017-07-27",\n                    1.8787000000000003\n                ],\n                [\n                    "2017-07-28",\n                    1.8786999999999998\n                ],\n                [\n                    "2017-07-31",\n                    1.8799999999999997\n                ],\n                [\n                    "2017-08-01",\n                    1.88265\n                ],\n                [\n                    "2017-08-02",\n                    1.8834\n                ],\n                [\n                    "2017-08-03",\n                    1.8826\n                ],\n                [\n                    "2017-08-04",\n                    1.8822500000000002\n                ],\n                [\n                    "2017-08-07",\n                    1.8837\n                ],\n                [\n                    "2017-08-08",\n                    1.8835000000000002\n                ],\n                [\n                    "2017-08-09",\n                    1.8865500000000002\n                ],\n                [\n                    "2017-08-10",\n                    1.88975\n                ],\n                [\n                    "2017-08-11",\n                    1.8909499999999997\n                ],\n                [\n                    "2017-08-14",\n                    1.8945\n                ],\n                [\n                    "2017-08-15",\n                    1.8979499999999998\n                ],\n                [\n                    "2017-08-16",\n                    1.90015\n                ],\n                [\n                    "2017-08-17",\n                    1.9005499999999997\n                ],\n                [\n                    "2017-08-18",\n                    1.9009999999999998\n                ],\n                [\n                    "2017-08-21",\n                    1.9004999999999999\n                ],\n                [\n                    "2017-08-22",\n                    1.90015\n                ],\n                [\n                    "2017-08-23",\n                    1.9020499999999998\n                ],\n                [\n                    "2017-08-24",\n                    1.9042\n                ],\n                [\n                    "2017-08-25",\n                    1.90525\n                ],\n                [\n                    "2017-08-28",\n                    1.9073\n                ],\n                [\n                    "2017-08-29",\n                    1.90835\n                ],\n                [\n                    "2017-08-30",\n                    1.9108\n                ],\n                [\n                    "2017-08-31",\n                    1.9144999999999999\n                ],\n                [\n                    "2017-09-01",\n                    1.9187999999999998\n                ],\n                [\n                    "2017-09-04",\n                    1.9203499999999998\n                ],\n                [\n                    "2017-09-05",\n                    1.92205\n                ],\n                [\n                    "2017-09-06",\n                    1.9212\n                ],\n                [\n                    "2017-09-07",\n                    1.9198499999999998\n                ],\n                [\n                    "2017-09-08",\n                    1.9192500000000003\n                ],\n                [\n                    "2017-09-11",\n                    1.9175499999999999\n                ],\n                [\n                    "2017-09-12",\n                    1.91645\n                ],\n                [\n                    "2017-09-13",\n                    1.9174\n                ],\n                [\n                    "2017-09-14",\n                    1.9186500000000002\n                ],\n                [\n                    "2017-09-15",\n                    1.9207\n                ],\n                [\n                    "2017-09-18",\n                    1.92345\n                ],\n                [\n                    "2017-09-19",\n                    1.9255000000000002\n                ],\n                [\n                    "2017-09-20",\n                    1.9279\n                ],\n                [\n                    "2017-09-21",\n                    1.9302500000000002\n                ],\n                [\n                    "2017-09-22",\n                    1.9329\n                ],\n                [\n                    "2017-09-25",\n                    1.9355\n                ],\n                [\n                    "2017-09-26",\n                    1.93825\n                ],\n                [\n                    "2017-09-27",\n                    1.9400499999999998\n                ],\n                [\n                    "2017-09-28",\n                    1.9426499999999998\n                ],\n                [\n                    "2017-09-29",\n                    1.9460000000000002\n                ],\n                [\n                    "2017-10-09",\n                    1.9520500000000003\n                ],\n                [\n                    "2017-10-10",\n                    1.9584999999999997\n                ],\n                [\n                    "2017-10-11",\n                    1.9674\n                ],\n                [\n                    "2017-10-12",\n                    1.9769999999999999\n                ],\n                [\n                    "2017-10-13",\n                    1.98725\n                ],\n                [\n                    "2017-10-16",\n                    1.99645\n                ],\n                [\n                    "2017-10-17",\n                    2.00575\n                ],\n                [\n                    "2017-10-18",\n                    2.0151\n                ],\n                [\n                    "2017-10-19",\n                    2.0256\n                ],\n                [\n                    "2017-10-20",\n                    2.03415\n                ],\n                [\n                    "2017-10-23",\n                    2.0421\n                ],\n                [\n                    "2017-10-24",\n                    2.05145\n                ],\n                [\n                    "2017-10-25",\n                    2.0610500000000003\n                ],\n                [\n                    "2017-10-26",\n                    2.07155\n                ],\n                [\n                    "2017-10-27",\n                    2.0832500000000005\n                ],\n                [\n                    "2017-10-30",\n                    2.09385\n                ],\n                [\n                    "2017-10-31",\n                    2.10425\n                ],\n                [\n                    "2017-11-01",\n                    2.11415\n                ],\n                [\n                    "2017-11-02",\n                    2.1243000000000003\n                ],\n                [\n                    "2017-11-03",\n                    2.13395\n                ],\n                [\n                    "2017-11-06",\n                    2.1447499999999997\n                ],\n                [\n                    "2017-11-07",\n                    2.15485\n                ],\n                [\n                    "2017-11-08",\n                    2.1622\n                ],\n                [\n                    "2017-11-09",\n                    2.1702000000000004\n                ],\n                [\n                    "2017-11-10",\n                    2.1808\n                ],\n                [\n                    "2017-11-13",\n                    2.1917\n                ],\n                [\n                    "2017-11-14",\n                    2.20045\n                ],\n                [\n                    "2017-11-15",\n                    2.2084\n                ],\n                [\n                    "2017-11-16",\n                    2.2172500000000004\n                ],\n                [\n                    "2017-11-17",\n                    2.22695\n                ],\n                [\n                    "2017-11-20",\n                    2.2358000000000002\n                ],\n                [\n                    "2017-11-21",\n                    2.24635\n                ],\n                [\n                    "2017-11-22",\n                    2.25405\n                ],\n                [\n                    "2017-11-23",\n                    2.2564\n                ],\n                [\n                    "2017-11-24",\n                    2.25685\n                ],\n                [\n                    "2017-11-27",\n                    2.25615\n                ],\n                [\n                    "2017-11-28",\n                    2.25715\n                ],\n                [\n                    "2017-11-29",\n                    2.2563500000000003\n                ],\n                [\n                    "2017-11-30",\n                    2.2535499999999997\n                ],\n                [\n                    "2017-12-01",\n                    2.2505499999999996\n                ],\n                [\n                    "2017-12-04",\n                    2.24665\n                ],\n                [\n                    "2017-12-05",\n                    2.24355\n                ],\n                [\n                    "2017-12-06",\n                    2.2402\n                ],\n                [\n                    "2017-12-07",\n                    2.234\n                ],\n                [\n                    "2017-12-08",\n                    2.2271\n                ],\n                [\n                    "2017-12-11",\n                    2.2246499999999996\n                ],\n                [\n                    "2017-12-12",\n                    2.2230999999999996\n                ],\n                [\n                    "2017-12-13",\n                    2.2235500000000004\n                ],\n                [\n                    "2017-12-14",\n                    2.22185\n                ],\n                [\n                    "2017-12-15",\n                    2.21935\n                ],\n                [\n                    "2017-12-18",\n                    2.2189500000000004\n                ],\n                [\n                    "2017-12-19",\n                    2.21725\n                ],\n                [\n                    "2017-12-20",\n                    2.2189\n                ],\n                [\n                    "2017-12-21",\n                    2.22575\n                ],\n                [\n                    "2017-12-22",\n                    2.23175\n                ],\n                [\n                    "2017-12-25",\n                    2.23965\n                ],\n                [\n                    "2017-12-26",\n                    2.2455\n                ],\n                [\n                    "2017-12-27",\n                    2.2514\n                ],\n                [\n                    "2017-12-28",\n                    2.2612\n                ],\n                [\n                    "2017-12-29",\n                    2.2709\n                ],\n                [\n                    "2017-12-31",\n                    2.2784500000000003\n                ],\n                [\n                    "2018-01-02",\n                    2.28585\n                ],\n                [\n                    "2018-01-03",\n                    2.2946\n                ],\n                [\n                    "2018-01-04",\n                    2.30735\n                ],\n                [\n                    "2018-01-05",\n                    2.31845\n                ],\n                [\n                    "2018-01-08",\n                    2.3266\n                ],\n                [\n                    "2018-01-09",\n                    2.3385000000000002\n                ],\n                [\n                    "2018-01-10",\n                    2.3495\n                ],\n                [\n                    "2018-01-11",\n                    2.3597\n                ],\n                [\n                    "2018-01-12",\n                    2.3731\n                ],\n                [\n                    "2018-01-15",\n                    2.3852\n                ],\n                [\n                    "2018-01-16",\n                    2.3965000000000005\n                ],\n                [\n                    "2018-01-17",\n                    2.4035\n                ],\n                [\n                    "2018-01-18",\n                    2.41005\n                ],\n                [\n                    "2018-01-19",\n                    2.41585\n                ],\n                [\n                    "2018-01-22",\n                    2.4261000000000004\n                ],\n                [\n                    "2018-01-23",\n                    2.43795\n                ],\n                [\n                    "2018-01-24",\n                    2.4505000000000003\n                ],\n                [\n                    "2018-01-25",\n                    2.4600999999999997\n                ],\n                [\n                    "2018-01-26",\n                    2.4708\n                ],\n                [\n                    "2018-01-29",\n                    2.4773\n                ],\n                [\n                    "2018-01-30",\n                    2.48245\n                ],\n                [\n                    "2018-01-31",\n                    2.48935\n                ],\n                [\n                    "2018-02-01",\n                    2.49315\n                ],\n                [\n                    "2018-02-02",\n                    2.4962\n                ],\n                [\n                    "2018-02-05",\n                    2.4945999999999997\n                ],\n                [\n                    "2018-02-06",\n                    2.4884999999999997\n                ],\n                [\n                    "2018-02-07",\n                    2.4764999999999997\n                ],\n                [\n                    "2018-02-08",\n                    2.46665\n                ],\n                [\n                    "2018-02-09",\n                    2.4524\n                ],\n                [\n                    "2018-02-12",\n                    2.4412000000000003\n                ],\n                [\n                    "2018-02-13",\n                    2.43085\n                ],\n                [\n                    "2018-02-14",\n                    2.425\n                ],\n                [\n                    "2018-02-22",\n                    2.42205\n                ],\n                [\n                    "2018-02-23",\n                    2.42\n                ],\n                [\n                    "2018-02-26",\n                    2.41345\n                ],\n                [\n                    "2018-02-27",\n                    2.40395\n                ],\n                [\n                    "2018-02-28",\n                    2.39445\n                ],\n                [\n                    "2018-03-01",\n                    2.38585\n                ],\n                [\n                    "2018-03-02",\n                    2.3765\n                ],\n                [\n                    "2018-03-05",\n                    2.3701499999999998\n                ],\n                [\n                    "2018-03-06",\n                    2.3648499999999997\n                ],\n                [\n                    "2018-03-07",\n                    2.35745\n                ],\n                [\n                    "2018-03-08",\n                    2.3539000000000003\n                ],\n                [\n                    "2018-03-09",\n                    2.3514\n                ],\n                [\n                    "2018-03-12",\n                    2.35255\n                ],\n                [\n                    "2018-03-13",\n                    2.3544\n                ],\n                [\n                    "2018-03-14",\n                    2.3608000000000002\n                ],\n                [\n                    "2018-03-15",\n                    2.36795\n                ],\n                [\n                    "2018-03-16",\n                    2.3759\n                ],\n                [\n                    "2018-03-19",\n                    2.3805\n                ],\n                [\n                    "2018-03-20",\n                    2.3830999999999998\n                ],\n                [\n                    "2018-03-21",\n                    2.3829000000000002\n                ],\n                [\n                    "2018-03-22",\n                    2.3769\n                ],\n                [\n                    "2018-03-23",\n                    2.36985\n                ],\n                [\n                    "2018-03-26",\n                    2.3613\n                ],\n                [\n                    "2018-03-27",\n                    2.35445\n                ],\n                [\n                    "2018-03-28",\n                    2.3451999999999997\n                ],\n                [\n                    "2018-03-29",\n                    2.33845\n                ],\n                [\n                    "2018-03-30",\n                    2.33125\n                ],\n                [\n                    "2018-04-02",\n                    2.3244\n                ],\n                [\n                    "2018-04-03",\n                    2.3176\n                ],\n                [\n                    "2018-04-04",\n                    2.31295\n                ],\n                [\n                    "2018-04-09",\n                    2.30455\n                ],\n                [\n                    "2018-04-10",\n                    2.29695\n                ],\n                [\n                    "2018-04-11",\n                    2.2897\n                ],\n                [\n                    "2018-04-12",\n                    2.2825\n                ],\n                [\n                    "2018-04-13",\n                    2.27375\n                ],\n                [\n                    "2018-04-16",\n                    2.2619999999999996\n                ],\n                [\n                    "2018-04-17",\n                    2.2504\n                ],\n                [\n                    "2018-04-18",\n                    2.2375999999999996\n                ],\n                [\n                    "2018-04-19",\n                    2.22885\n                ],\n                [\n                    "2018-04-20",\n                    2.2203500000000003\n                ],\n                [\n                    "2018-04-23",\n                    2.2148\n                ],\n                [\n                    "2018-04-24",\n                    2.21375\n                ],\n                [\n                    "2018-04-25",\n                    2.2143\n                ],\n                [\n                    "2018-04-26",\n                    2.21245\n                ],\n                [\n                    "2018-04-27",\n                    2.2134500000000004\n                ],\n                [\n                    "2018-05-02",\n                    2.21265\n                ],\n                [\n                    "2018-05-03",\n                    2.21375\n                ],\n                [\n                    "2018-05-04",\n                    2.2156\n                ],\n                [\n                    "2018-05-07",\n                    2.2204\n                ],\n                [\n                    "2018-05-08",\n                    2.22425\n                ],\n                [\n                    "2018-05-09",\n                    2.2292\n                ],\n                [\n                    "2018-05-10",\n                    2.2340500000000003\n                ],\n                [\n                    "2018-05-11",\n                    2.2375000000000003\n                ],\n                [\n                    "2018-05-14",\n                    2.2443\n                ],\n                [\n                    "2018-05-15",\n                    2.2526\n                ],\n                [\n                    "2018-05-16",\n                    2.26185\n                ],\n                [\n                    "2018-05-17",\n                    2.2702999999999998\n                ],\n                [\n                    "2018-05-18",\n                    2.28085\n                ],\n                [\n                    "2018-05-21",\n                    2.2880000000000003\n                ],\n                [\n                    "2018-05-22",\n                    2.2962\n                ],\n                [\n                    "2018-05-23",\n                    2.30225\n                ],\n                [\n                    "2018-05-24",\n                    2.30445\n                ],\n                [\n                    "2018-05-25",\n                    2.30675\n                ],\n                [\n                    "2018-05-28",\n                    2.31565\n                ],\n                [\n                    "2018-05-29",\n                    2.32455\n                ],\n                [\n                    "2018-05-30",\n                    2.3325500000000003\n                ],\n                [\n                    "2018-05-31",\n                    2.3427\n                ],\n                [\n                    "2018-06-01",\n                    2.3514500000000003\n                ],\n                [\n                    "2018-06-04",\n                    2.36015\n                ],\n                [\n                    "2018-06-05",\n                    2.3691\n                ],\n                [\n                    "2018-06-06",\n                    2.37775\n                ],\n                [\n                    "2018-06-07",\n                    2.38415\n                ],\n                [\n                    "2018-06-08",\n                    2.3912\n                ],\n                [\n                    "2018-06-11",\n                    2.3961\n                ],\n                [\n                    "2018-06-12",\n                    2.40465\n                ],\n                [\n                    "2018-06-13",\n                    2.41235\n                ],\n                [\n                    "2018-06-14",\n                    2.42035\n                ],\n                [\n                    "2018-06-15",\n                    2.42695\n                ],\n                [\n                    "2018-06-19",\n                    2.42955\n                ],\n                [\n                    "2018-06-20",\n                    2.4345499999999998\n                ],\n                [\n                    "2018-06-21",\n                    2.44075\n                ],\n                [\n                    "2018-06-22",\n                    2.4478999999999997\n                ],\n                [\n                    "2018-06-25",\n                    2.4546\n                ],\n                [\n                    "2018-06-26",\n                    2.45655\n                ],\n                [\n                    "2018-06-27",\n                    2.4558\n                ],\n                [\n                    "2018-06-28",\n                    2.45185\n                ],\n                [\n                    "2018-06-29",\n                    2.4475000000000002\n                ],\n                [\n                    "2018-06-30",\n                    2.44465\n                ],\n                [\n                    "2018-07-02",\n                    2.4356999999999998\n                ],\n                [\n                    "2018-07-03",\n                    2.4231000000000003\n                ],\n                [\n                    "2018-07-04",\n                    2.40915\n                ],\n                [\n                    "2018-07-05",\n                    2.39575\n                ],\n                [\n                    "2018-07-06",\n                    2.38355\n                ],\n                [\n                    "2018-07-09",\n                    2.37455\n                ],\n                [\n                    "2018-07-10",\n                    2.36145\n                ],\n                [\n                    "2018-07-11",\n                    2.3479\n                ],\n                [\n                    "2018-07-12",\n                    2.3387\n                ],\n                [\n                    "2018-07-13",\n                    2.3320499999999997\n                ],\n                [\n                    "2018-07-16",\n                    2.3296\n                ],\n                [\n                    "2018-07-17",\n                    2.32285\n                ],\n                [\n                    "2018-07-18",\n                    2.31565\n                ],\n                [\n                    "2018-07-19",\n                    2.30815\n                ],\n                [\n                    "2018-07-20",\n                    2.30065\n                ],\n                [\n                    "2018-07-23",\n                    2.2937\n                ],\n                [\n                    "2018-07-24",\n                    2.29375\n                ],\n                [\n                    "2018-07-25",\n                    2.29595\n                ],\n                [\n                    "2018-07-26",\n                    2.29345\n                ],\n                [\n                    "2018-07-27",\n                    2.2906500000000003\n                ],\n                [\n                    "2018-07-30",\n                    2.2895000000000003\n                ],\n                [\n                    "2018-07-31",\n                    2.29145\n                ],\n                [\n                    "2018-08-01",\n                    2.2923999999999998\n                ],\n                [\n                    "2018-08-02",\n                    2.2903\n                ],\n                [\n                    "2018-08-03",\n                    2.28425\n                ],\n                [\n                    "2018-08-06",\n                    2.2732\n                ],\n                [\n                    "2018-08-07",\n                    2.2648\n                ],\n                [\n                    "2018-08-08",\n                    2.2547500000000005\n                ],\n                [\n                    "2018-08-09",\n                    2.2451\n                ],\n                [\n                    "2018-08-10",\n                    2.2338999999999998\n                ],\n                [\n                    "2018-08-13",\n                    2.22195\n                ],\n                [\n                    "2018-08-14",\n                    2.2112000000000003\n                ],\n                [\n                    "2018-08-15",\n                    2.19875\n                ],\n                [\n                    "2018-08-16",\n                    2.18485\n                ],\n                [\n                    "2018-08-17",\n                    2.1691499999999997\n                ],\n                [\n                    "2018-08-20",\n                    2.1549500000000004\n                ],\n                [\n                    "2018-08-21",\n                    2.1408\n                ],\n                [\n                    "2018-08-22",\n                    2.12615\n                ],\n                [\n                    "2018-08-23",\n                    2.1129\n                ],\n                [\n                    "2018-08-24",\n                    2.0993\n                ],\n                [\n                    "2018-08-27",\n                    2.0906000000000002\n                ],\n                [\n                    "2018-08-28",\n                    2.0805999999999996\n                ],\n                [\n                    "2018-08-29",\n                    2.0725000000000002\n                ],\n                [\n                    "2018-08-30",\n                    2.06725\n                ],\n                [\n                    "2018-08-31",\n                    2.0629\n                ],\n                [\n                    "2018-09-03",\n                    2.05975\n                ],\n                [\n                    "2018-09-04",\n                    2.0547\n                ],\n                [\n                    "2018-09-05",\n                    2.0503\n                ],\n                [\n                    "2018-09-06",\n                    2.0415\n                ],\n                [\n                    "2018-09-07",\n                    2.0332\n                ],\n                [\n                    "2018-09-10",\n                    2.02505\n                ],\n                [\n                    "2018-09-11",\n                    2.0175\n                ],\n                [\n                    "2018-09-12",\n                    2.01125\n                ],\n                [\n                    "2018-09-13",\n                    2.00715\n                ],\n                [\n                    "2018-09-14",\n                    2.0059\n                ],\n                [\n                    "2018-09-17",\n                    2.00325\n                ],\n                [\n                    "2018-09-18",\n                    1.99955\n                ],\n                [\n                    "2018-09-19",\n                    1.9992\n                ],\n                [\n                    "2018-09-20",\n                    1.9989000000000001\n                ],\n                [\n                    "2018-09-21",\n                    2.0017\n                ],\n                [\n                    "2018-09-25",\n                    2.0002\n                ],\n                [\n                    "2018-09-26",\n                    2.0010000000000003\n                ],\n                [\n                    "2018-09-27",\n                    2.00265\n                ],\n                [\n                    "2018-09-28",\n                    2.0057\n                ],\n                [\n                    "2018-10-08",\n                    2.00585\n                ],\n                [\n                    "2018-10-09",\n                    2.0067\n                ],\n                [\n                    "2018-10-10",\n                    2.0046\n                ],\n                [\n                    "2018-10-11",\n                    2.00185\n                ],\n                [\n                    "2018-10-12",\n                    2.0025\n                ],\n                [\n                    "2018-10-15",\n                    1.9997\n                ],\n                [\n                    "2018-10-16",\n                    1.9971\n                ],\n                [\n                    "2018-10-17",\n                    1.9945\n                ],\n                [\n                    "2018-10-18",\n                    1.99145\n                ],\n                [\n                    "2018-10-19",\n                    1.9909\n                ],\n                [\n                    "2018-10-22",\n                    1.99315\n                ],\n                [\n                    "2018-10-23",\n                    1.99165\n                ],\n                [\n                    "2018-10-24",\n                    1.9865499999999998\n                ],\n                [\n                    "2018-10-25",\n                    1.9777999999999998\n                ],\n                [\n                    "2018-10-26",\n                    1.96775\n                ],\n                [\n                    "2018-10-29",\n                    1.9499000000000002\n                ],\n                [\n                    "2018-10-30",\n                    1.9322000000000004\n                ],\n                [\n                    "2018-10-31",\n                    1.91465\n                ],\n                [\n                    "2018-11-01",\n                    1.8984499999999997\n                ],\n                [\n                    "2018-11-02",\n                    1.8857499999999998\n                ],\n                [\n                    "2018-11-05",\n                    1.8769500000000001\n                ],\n                [\n                    "2018-11-06",\n                    1.8665500000000002\n                ],\n                [\n                    "2018-11-07",\n                    1.8584500000000002\n                ],\n                [\n                    "2018-11-08",\n                    1.8534\n                ],\n                [\n                    "2018-11-09",\n                    1.8456\n                ],\n                [\n                    "2018-11-12",\n                    1.8406000000000002\n                ],\n                [\n                    "2018-11-13",\n                    1.8378\n                ],\n                [\n                    "2018-11-14",\n                    1.8336499999999998\n                ],\n                [\n                    "2018-11-15",\n                    1.8319499999999997\n                ],\n                [\n                    "2018-11-16",\n                    1.82775\n                ],\n                [\n                    "2018-11-19",\n                    1.8203500000000001\n                ],\n                [\n                    "2018-11-20",\n                    1.8155999999999999\n                ],\n                [\n                    "2018-11-21",\n                    1.81275\n                ],\n                [\n                    "2018-11-22",\n                    1.8114000000000001\n                ],\n                [\n                    "2018-11-23",\n                    1.8096\n                ],\n                [\n                    "2018-11-26",\n                    1.8128999999999997\n                ],\n                [\n                    "2018-11-27",\n                    1.8162999999999996\n                ],\n                [\n                    "2018-11-28",\n                    1.81875\n                ],\n                [\n                    "2018-11-29",\n                    1.8194000000000004\n                ],\n                [\n                    "2018-11-30",\n                    1.8170000000000002\n                ],\n                [\n                    "2018-12-03",\n                    1.8192499999999998\n                ],\n                [\n                    "2018-12-04",\n                    1.82245\n                ],\n                [\n                    "2018-12-05",\n                    1.8258499999999998\n                ],\n                [\n                    "2018-12-06",\n                    1.82715\n                ],\n                [\n                    "2018-12-07",\n                    1.82895\n                ],\n                [\n                    "2018-12-10",\n                    1.8290499999999998\n                ],\n                [\n                    "2018-12-11",\n                    1.8278500000000002\n                ],\n                [\n                    "2018-12-12",\n                    1.8286000000000002\n                ],\n                [\n                    "2018-12-13",\n                    1.83135\n                ],\n                [\n                    "2018-12-14",\n                    1.8325500000000001\n                ],\n                [\n                    "2018-12-17",\n                    1.8324499999999997\n                ],\n                [\n                    "2018-12-18",\n                    1.8334\n                ],\n                [\n                    "2018-12-19",\n                    1.83275\n                ],\n                [\n                    "2018-12-20",\n                    1.8317\n                ],\n                [\n                    "2018-12-21",\n                    1.8311499999999998\n                ],\n                [\n                    "2018-12-24",\n                    1.8315000000000001\n                ],\n                [\n                    "2018-12-25",\n                    1.8319500000000002\n                ],\n                [\n                    "2018-12-26",\n                    1.8306\n                ],\n                [\n                    "2018-12-27",\n                    1.82925\n                ],\n                [\n                    "2018-12-28",\n                    1.82755\n                ],\n                [\n                    "2018-12-31",\n                    1.8224\n                ],\n                [\n                    "2019-01-02",\n                    1.8163999999999998\n                ],\n                [\n                    "2019-01-03",\n                    1.8088000000000002\n                ],\n                [\n                    "2019-01-04",\n                    1.8050000000000002\n                ],\n                [\n                    "2019-01-07",\n                    1.802\n                ],\n                [\n                    "2019-01-08",\n                    1.80005\n                ],\n                [\n                    "2019-01-09",\n                    1.7996499999999997\n                ],\n                [\n                    "2019-01-10",\n                    1.79845\n                ],\n                [\n                    "2019-01-11",\n                    1.79595\n                ],\n                [\n                    "2019-01-14",\n                    1.7937\n                ],\n                [\n                    "2019-01-15",\n                    1.7956000000000003\n                ],\n                [\n                    "2019-01-16",\n                    1.79805\n                ],\n                [\n                    "2019-01-17",\n                    1.8012000000000001\n                ],\n                [\n                    "2019-01-18",\n                    1.80685\n                ],\n                [\n                    "2019-01-21",\n                    1.8145\n                ],\n                [\n                    "2019-01-22",\n                    1.8201999999999998\n                ],\n                [\n                    "2019-01-23",\n                    1.8266000000000002\n                ],\n                [\n                    "2019-01-24",\n                    1.83445\n                ],\n                [\n                    "2019-01-25",\n                    1.8433\n                ],\n                [\n                    "2019-01-28",\n                    1.8520999999999996\n                ],\n                [\n                    "2019-01-29",\n                    1.8618999999999999\n                ],\n                [\n                    "2019-01-30",\n                    1.87115\n                ],\n                [\n                    "2019-01-31",\n                    1.8832\n                ],\n                [\n                    "2019-02-01",\n                    1.89455\n                ],\n                [\n                    "2019-02-11",\n                    1.9091\n                ],\n                [\n                    "2019-02-12",\n                    1.92425\n                ],\n                [\n                    "2019-02-13",\n                    1.9384000000000001\n                ],\n                [\n                    "2019-02-14",\n                    1.9540499999999998\n                ],\n                [\n                    "2019-02-15",\n                    1.9666000000000001\n                ],\n                [\n                    "2019-02-18",\n                    1.9834999999999998\n                ],\n                [\n                    "2019-02-19",\n                    1.9965499999999998\n                ],\n                [\n                    "2019-02-20",\n                    2.00975\n                ],\n                [\n                    "2019-02-21",\n                    2.02285\n                ],\n                [\n                    "2019-02-22",\n                    2.03415\n                ],\n                [\n                    "2019-02-25",\n                    2.0481000000000003\n                ],\n                [\n                    "2019-02-26",\n                    2.06135\n                ],\n                [\n                    "2019-02-27",\n                    2.0747\n                ],\n                [\n                    "2019-02-28",\n                    2.0878\n                ],\n                [\n                    "2019-03-01",\n                    2.1034499999999996\n                ],\n                [\n                    "2019-03-04",\n                    2.1197000000000004\n                ],\n                [\n                    "2019-03-05",\n                    2.13575\n                ],\n                [\n                    "2019-03-06",\n                    2.1525000000000003\n                ],\n                [\n                    "2019-03-07",\n                    2.16485\n                ],\n                [\n                    "2019-03-08",\n                    2.1738\n                ],\n                [\n                    "2019-03-11",\n                    2.1818999999999997\n                ],\n                [\n                    "2019-03-12",\n                    2.189\n                ],\n                [\n                    "2019-03-13",\n                    2.19525\n                ],\n                [\n                    "2019-03-14",\n                    2.20085\n                ],\n                [\n                    "2019-03-15",\n                    2.2117\n                ],\n                [\n                    "2019-03-18",\n                    2.22535\n                ],\n                [\n                    "2019-03-19",\n                    2.2386500000000003\n                ],\n                [\n                    "2019-03-20",\n                    2.25155\n                ],\n                [\n                    "2019-03-21",\n                    2.26395\n                ],\n                [\n                    "2019-03-22",\n                    2.27715\n                ],\n                [\n                    "2019-03-25",\n                    2.28395\n                ],\n                [\n                    "2019-03-26",\n                    2.29345\n                ],\n                [\n                    "2019-03-27",\n                    2.3048499999999996\n                ],\n                [\n                    "2019-03-28",\n                    2.3169999999999997\n                ],\n                [\n                    "2019-03-29",\n                    2.3305\n                ],\n                [\n                    "2019-04-01",\n                    2.34565\n                ],\n                [\n                    "2019-04-02",\n                    2.35855\n                ],\n                [\n                    "2019-04-03",\n                    2.37235\n                ],\n                [\n                    "2019-04-04",\n                    2.3920500000000002\n                ],\n                [\n                    "2019-04-08",\n                    2.41445\n                ],\n                [\n                    "2019-04-09",\n                    2.4368000000000003\n                ],\n                [\n                    "2019-04-10",\n                    2.46235\n                ],\n                [\n                    "2019-04-11",\n                    2.4827500000000002\n                ],\n                [\n                    "2019-04-12",\n                    2.50185\n                ],\n                [\n                    "2019-04-15",\n                    2.51745\n                ],\n                [\n                    "2019-04-16",\n                    2.52915\n                ],\n                [\n                    "2019-04-17",\n                    2.5423999999999998\n                ],\n                [\n                    "2019-04-18",\n                    2.55755\n                ],\n                [\n                    "2019-04-19",\n                    2.5757000000000003\n                ],\n                [\n                    "2019-04-22",\n                    2.59005\n                ],\n                [\n                    "2019-04-23",\n                    2.6082\n                ],\n                [\n                    "2019-04-24",\n                    2.625\n                ],\n                [\n                    "2019-04-25",\n                    2.6367000000000003\n                ],\n                [\n                    "2019-04-26",\n                    2.64725\n                ],\n                [\n                    "2019-04-29",\n                    2.6543\n                ],\n                [\n                    "2019-04-30",\n                    2.65935\n                ],\n                [\n                    "2019-05-06",\n                    2.6576999999999997\n                ],\n                [\n                    "2019-05-07",\n                    2.6585\n                ],\n                [\n                    "2019-05-08",\n                    2.6559\n                ],\n                [\n                    "2019-05-09",\n                    2.64975\n                ],\n                [\n                    "2019-05-10",\n                    2.64595\n                ],\n                [\n                    "2019-05-13",\n                    2.63915\n                ],\n                [\n                    "2019-05-14",\n                    2.6364\n                ],\n                [\n                    "2019-05-15",\n                    2.63935\n                ],\n                [\n                    "2019-05-16",\n                    2.6442\n                ],\n                [\n                    "2019-05-17",\n                    2.64375\n                ],\n                [\n                    "2019-05-20",\n                    2.63975\n                ],\n                [\n                    "2019-05-21",\n                    2.63555\n                ],\n                [\n                    "2019-05-22",\n                    2.6288\n                ],\n                [\n                    "2019-05-23",\n                    2.62105\n                ],\n                [\n                    "2019-05-24",\n                    2.6135\n                ],\n                [\n                    "2019-05-27",\n                    2.6071\n                ],\n                [\n                    "2019-05-28",\n                    2.60485\n                ],\n                [\n                    "2019-05-29",\n                    2.60245\n                ],\n                [\n                    "2019-05-30",\n                    2.59795\n                ],\n                [\n                    "2019-05-31",\n                    2.59165\n                ],\n                [\n                    "2019-06-03",\n                    2.59355\n                ],\n                [\n                    "2019-06-04",\n                    2.5909500000000003\n                ],\n                [\n                    "2019-06-05",\n                    2.5887000000000002\n                ],\n                [\n                    "2019-06-06",\n                    2.58885\n                ],\n                [\n                    "2019-06-10",\n                    2.5856500000000002\n                ],\n                [\n                    "2019-06-11",\n                    2.588\n                ],\n                [\n                    "2019-06-12",\n                    2.59025\n                ],\n                [\n                    "2019-06-13",\n                    2.5864000000000003\n                ],\n                [\n                    "2019-06-14",\n                    2.5801000000000003\n                ],\n                [\n                    "2019-06-17",\n                    2.57605\n                ],\n                [\n                    "2019-06-18",\n                    2.57485\n                ],\n                [\n                    "2019-06-19",\n                    2.5741500000000004\n                ],\n                [\n                    "2019-06-20",\n                    2.57885\n                ],\n                [\n                    "2019-06-21",\n                    2.58705\n                ],\n                [\n                    "2019-06-24",\n                    2.5956\n                ],\n                [\n                    "2019-06-25",\n                    2.6033\n                ],\n                [\n                    "2019-06-26",\n                    2.6093\n                ],\n                [\n                    "2019-06-27",\n                    2.6184000000000003\n                ],\n                [\n                    "2019-06-28",\n                    2.62895\n                ],\n                [\n                    "2019-06-30",\n                    2.64025\n                ],\n                [\n                    "2019-07-01",\n                    2.65725\n                ],\n                [\n                    "2019-07-02",\n                    2.6767999999999996\n                ],\n                [\n                    "2019-07-03",\n                    2.6937\n                ],\n                [\n                    "2019-07-04",\n                    2.71045\n                ],\n                [\n                    "2019-07-05",\n                    2.7283\n                ],\n                [\n                    "2019-07-08",\n                    2.7384500000000003\n                ],\n                [\n                    "2019-07-09",\n                    2.7494\n                ],\n                [\n                    "2019-07-10",\n                    2.7619\n                ],\n                [\n                    "2019-07-11",\n                    2.77485\n                ],\n                [\n                    "2019-07-12",\n                    2.78985\n                ],\n                [\n                    "2019-07-15",\n                    2.8037\n                ],\n                [\n                    "2019-07-16",\n                    2.8137999999999996\n                ],\n                [\n                    "2019-07-17",\n                    2.8186\n                ],\n                [\n                    "2019-07-18",\n                    2.82185\n                ],\n                [\n                    "2019-07-19",\n                    2.82435\n                ],\n                [\n                    "2019-07-22",\n                    2.827\n                ],\n                [\n                    "2019-07-23",\n                    2.8289999999999997\n                ],\n                [\n                    "2019-07-24",\n                    2.8282\n                ],\n                [\n                    "2019-07-25",\n                    2.8281\n                ],\n                [\n                    "2019-07-26",\n                    2.828\n                ],\n                [\n                    "2019-07-29",\n                    2.82295\n                ],\n                [\n                    "2019-07-30",\n                    2.8175\n                ],\n                [\n                    "2019-07-31",\n                    2.8133\n                ],\n                [\n                    "2019-08-01",\n                    2.8084499999999997\n                ],\n                [\n                    "2019-08-02",\n                    2.8000999999999996\n                ],\n                [\n                    "2019-08-05",\n                    2.7922000000000002\n                ],\n                [\n                    "2019-08-06",\n                    2.78505\n                ],\n                [\n                    "2019-08-07",\n                    2.7761500000000003\n                ],\n                [\n                    "2019-08-08",\n                    2.7697\n                ],\n                [\n                    "2019-08-09",\n                    2.7607\n                ],\n                [\n                    "2019-08-12",\n                    2.7549\n                ],\n                [\n                    "2019-08-13",\n                    2.7509\n                ],\n                [\n                    "2019-08-14",\n                    2.7495000000000003\n                ],\n                [\n                    "2019-08-15",\n                    2.7494\n                ],\n                [\n                    "2019-08-16",\n                    2.7495\n                ],\n                [\n                    "2019-08-19",\n                    2.7516000000000003\n                ],\n                [\n                    "2019-08-20",\n                    2.75595\n                ],\n                [\n                    "2019-08-21",\n                    2.7599500000000003\n                ],\n                [\n                    "2019-08-22",\n                    2.7649\n                ],\n                [\n                    "2019-08-23",\n                    2.7705\n                ],\n                [\n                    "2019-08-26",\n                    2.77325\n                ],\n                [\n                    "2019-08-27",\n                    2.7787\n                ],\n                [\n                    "2019-08-28",\n                    2.78575\n                ],\n                [\n                    "2019-08-29",\n                    2.7952000000000004\n                ],\n                [\n                    "2019-08-30",\n                    2.80805\n                ],\n                [\n                    "2019-09-02",\n                    2.8244499999999997\n                ],\n                [\n                    "2019-09-03",\n                    2.8398\n                ],\n                [\n                    "2019-09-04",\n                    2.85525\n                ],\n                [\n                    "2019-09-05",\n                    2.8687\n                ],\n                [\n                    "2019-09-06",\n                    2.88315\n                ],\n                [\n                    "2019-09-09",\n                    2.89525\n                ],\n                [\n                    "2019-09-10",\n                    2.90685\n                ],\n                [\n                    "2019-09-11",\n                    2.912\n                ],\n                [\n                    "2019-09-12",\n                    2.9198\n                ],\n                [\n                    "2019-09-16",\n                    2.926\n                ],\n                [\n                    "2019-09-17",\n                    2.92985\n                ],\n                [\n                    "2019-09-18",\n                    2.9351000000000003\n                ],\n                [\n                    "2019-09-19",\n                    2.9404999999999997\n                ],\n                [\n                    "2019-09-20",\n                    2.94395\n                ],\n                [\n                    "2019-09-23",\n                    2.9453\n                ],\n                [\n                    "2019-09-24",\n                    2.9506000000000006\n                ],\n                [\n                    "2019-09-25",\n                    2.9521\n                ],\n                [\n                    "2019-09-26",\n                    2.95215\n                ],\n                [\n                    "2019-09-27",\n                    2.9513000000000003\n                ],\n                [\n                    "2019-09-30",\n                    2.94635\n                ],\n                [\n                    "2019-10-08",\n                    2.94145\n                ],\n                [\n                    "2019-10-09",\n                    2.9360500000000003\n                ],\n                [\n                    "2019-10-10",\n                    2.9321\n                ],\n                [\n                    "2019-10-11",\n                    2.92915\n                ],\n                [\n                    "2019-10-14",\n                    2.92685\n                ],\n                [\n                    "2019-10-15",\n                    2.9263\n                ],\n                [\n                    "2019-10-16",\n                    2.925\n                ],\n                [\n                    "2019-10-17",\n                    2.92745\n                ],\n                [\n                    "2019-10-18",\n                    2.9259\n                ],\n                [\n                    "2019-10-21",\n                    2.9257999999999997\n                ],\n                [\n                    "2019-10-22",\n                    2.9265499999999998\n                ],\n                [\n                    "2019-10-23",\n                    2.9227\n                ],\n                [\n                    "2019-10-24",\n                    2.9168\n                ],\n                [\n                    "2019-10-25",\n                    2.9122\n                ],\n                [\n                    "2019-10-28",\n                    2.9108\n                ],\n                [\n                    "2019-10-29",\n                    2.9087\n                ],\n                [\n                    "2019-10-30",\n                    2.9062499999999996\n                ],\n                [\n                    "2019-10-31",\n                    2.9064500000000004\n                ],\n                [\n                    "2019-11-01",\n                    2.91035\n                ],\n                [\n                    "2019-11-04",\n                    2.9164000000000003\n                ],\n                [\n                    "2019-11-05",\n                    2.92115\n                ],\n                [\n                    "2019-11-06",\n                    2.92575\n                ],\n                [\n                    "2019-11-07",\n                    2.93025\n                ],\n                [\n                    "2019-11-08",\n                    2.9337\n                ],\n                [\n                    "2019-11-11",\n                    2.9345000000000003\n                ],\n                [\n                    "2019-11-12",\n                    2.93325\n                ],\n                [\n                    "2019-11-13",\n                    2.9347000000000003\n                ],\n                [\n                    "2019-11-14",\n                    2.9379999999999997\n                ],\n                [\n                    "2019-11-15",\n                    2.94275\n                ],\n                [\n                    "2019-11-18",\n                    2.94645\n                ],\n                [\n                    "2019-11-19",\n                    2.95135\n                ],\n                [\n                    "2019-11-20",\n                    2.9579999999999997\n                ],\n                [\n                    "2019-11-21",\n                    2.9659000000000004\n                ],\n                [\n                    "2019-11-22",\n                    2.96965\n                ],\n                [\n                    "2019-11-25",\n                    2.9715\n                ],\n                [\n                    "2019-11-26",\n                    2.9734499999999997\n                ],\n                [\n                    "2019-11-27",\n                    2.97575\n                ],\n                [\n                    "2019-11-28",\n                    2.9764\n                ],\n                [\n                    "2019-11-29",\n                    2.9705\n                ],\n                [\n                    "2019-12-02",\n                    2.9638\n                ],\n                [\n                    "2019-12-03",\n                    2.9575\n                ],\n                [\n                    "2019-12-04",\n                    2.9534\n                ],\n                [\n                    "2019-12-05",\n                    2.94905\n                ],\n                [\n                    "2019-12-06",\n                    2.94725\n                ],\n                [\n                    "2019-12-09",\n                    2.947\n                ],\n                [\n                    "2019-12-10",\n                    2.94725\n                ],\n                [\n                    "2019-12-11",\n                    2.9450499999999997\n                ],\n                [\n                    "2019-12-12",\n                    2.94085\n                ],\n                [\n                    "2019-12-13",\n                    2.93935\n                ],\n                [\n                    "2019-12-16",\n                    2.9373\n                ],\n                [\n                    "2019-12-17",\n                    2.9349\n                ],\n                [\n                    "2019-12-18",\n                    2.9325\n                ],\n                [\n                    "2019-12-19",\n                    2.9303\n                ],\n                [\n                    "2019-12-20",\n                    2.9305\n                ],\n                [\n                    "2019-12-23",\n                    2.93035\n                ],\n                [\n                    "2019-12-24",\n                    2.92955\n                ],\n                [\n                    "2019-12-25",\n                    2.92845\n                ],\n                [\n                    "2019-12-26",\n                    2.92925\n                ],\n                [\n                    "2019-12-27",\n                    2.934\n                ],\n                [\n                    "2019-12-30",\n                    2.9427499999999998\n                ],\n                [\n                    "2019-12-31",\n                    2.9513000000000003\n                ],\n                [\n                    "2020-01-02",\n                    2.95895\n                ],\n                [\n                    "2020-01-03",\n                    2.96435\n                ],\n                [\n                    "2020-01-06",\n                    2.9661\n                ],\n                [\n                    "2020-01-07",\n                    2.9700499999999996\n                ],\n                [\n                    "2020-01-08",\n                    2.97425\n                ],\n                [\n                    "2020-01-09",\n                    2.98245\n                ],\n                [\n                    "2020-01-10",\n                    2.99385\n                ],\n                [\n                    "2020-01-13",\n                    3.0033000000000003\n                ],\n                [\n                    "2020-01-14",\n                    3.01185\n                ],\n                [\n                    "2020-01-15",\n                    3.02\n                ],\n                [\n                    "2020-01-16",\n                    3.02855\n                ],\n                [\n                    "2020-01-17",\n                    3.03855\n                ],\n                [\n                    "2020-01-20",\n                    3.04815\n                ],\n                [\n                    "2020-01-21",\n                    3.0551000000000004\n                ],\n                [\n                    "2020-01-22",\n                    3.06145\n                ],\n                [\n                    "2020-01-23",\n                    3.0639\n                ],\n                [\n                    "2020-02-03",\n                    3.05295\n                ],\n                [\n                    "2020-02-04",\n                    3.0429500000000003\n                ],\n                [\n                    "2020-02-05",\n                    3.03045\n                ],\n                [\n                    "2020-02-06",\n                    3.0192\n                ],\n                [\n                    "2020-02-07",\n                    3.0081999999999995\n                ],\n                [\n                    "2020-02-10",\n                    2.9999000000000002\n                ],\n                [\n                    "2020-02-11",\n                    2.9958\n                ],\n                [\n                    "2020-02-12",\n                    2.9904\n                ],\n                [\n                    "2020-02-13",\n                    2.9833\n                ],\n                [\n                    "2020-02-14",\n                    2.97315\n                ],\n                [\n                    "2020-02-17",\n                    2.9617999999999998\n                ],\n                [\n                    "2020-02-18",\n                    2.9492\n                ],\n                [\n                    "2020-02-19",\n                    2.9398500000000003\n                ],\n                [\n                    "2020-02-20",\n                    2.9344\n                ],\n                [\n                    "2020-02-21",\n                    2.9282\n                ],\n                [\n                    "2020-02-24",\n                    2.9193\n                ],\n                [\n                    "2020-02-25",\n                    2.91045\n                ],\n                [\n                    "2020-02-26",\n                    2.9031499999999997\n                ],\n                [\n                    "2020-02-27",\n                    2.89775\n                ],\n                [\n                    "2020-02-28",\n                    2.8924\n                ],\n                [\n                    "2020-03-02",\n                    2.9024\n                ],\n                [\n                    "2020-03-03",\n                    2.91155\n                ],\n                [\n                    "2020-03-04",\n                    2.92015\n                ],\n                [\n                    "2020-03-05",\n                    2.9342999999999995\n                ],\n                [\n                    "2020-03-06",\n                    2.9448\n                ],\n                [\n                    "2020-03-09",\n                    2.94955\n                ],\n                [\n                    "2020-03-10",\n                    2.95515\n                ],\n                [\n                    "2020-03-11",\n                    2.9596500000000003\n                ],\n                [\n                    "2020-03-12",\n                    2.9621\n                ],\n                [\n                    "2020-03-13",\n                    2.96235\n                ],\n                [\n                    "2020-03-16",\n                    2.95635\n                ],\n                [\n                    "2020-03-17",\n                    2.9485\n                ],\n                [\n                    "2020-03-18",\n                    2.9366499999999998\n                ],\n                [\n                    "2020-03-19",\n                    2.9160999999999997\n                ],\n                [\n                    "2020-03-20",\n                    2.8991499999999997\n                ],\n                [\n                    "2020-03-23",\n                    2.8799\n                ],\n                [\n                    "2020-03-24",\n                    2.8659\n                ],\n                [\n                    "2020-03-25",\n                    2.8574\n                ],\n                [\n                    "2020-03-26",\n                    2.84705\n                ],\n                [\n                    "2020-03-27",\n                    2.84345\n                ],\n                [\n                    "2020-03-30",\n                    2.83445\n                ],\n                [\n                    "2020-03-31",\n                    2.8266\n                ],\n                [\n                    "2020-04-01",\n                    2.81715\n                ],\n                [\n                    "2020-04-02",\n                    2.8017499999999997\n                ],\n                [\n                    "2020-04-03",\n                    2.78925\n                ],\n                [\n                    "2020-04-07",\n                    2.78465\n                ],\n                [\n                    "2020-04-08",\n                    2.77545\n                ],\n                [\n                    "2020-04-09",\n                    2.7681\n                ],\n                [\n                    "2020-04-10",\n                    2.7653000000000003\n                ],\n                [\n                    "2020-04-13",\n                    2.7656\n                ],\n                [\n                    "2020-04-14",\n                    2.77265\n                ],\n                [\n                    "2020-04-15",\n                    2.78185\n                ],\n                [\n                    "2020-04-16",\n                    2.7927\n                ],\n                [\n                    "2020-04-17",\n                    2.8088\n                ],\n                [\n                    "2020-04-20",\n                    2.8224\n                ],\n                [\n                    "2020-04-21",\n                    2.83775\n                ],\n                [\n                    "2020-04-22",\n                    2.8515500000000005\n                ],\n                [\n                    "2020-04-23",\n                    2.8625499999999997\n                ],\n                [\n                    "2020-04-24",\n                    2.8739\n                ],\n                [\n                    "2020-04-27",\n                    2.88255\n                ],\n                [\n                    "2020-04-28",\n                    2.8964\n                ],\n                [\n                    "2020-04-29",\n                    2.90545\n                ],\n                [\n                    "2020-04-30",\n                    2.9162500000000002\n                ],\n                [\n                    "2020-05-06",\n                    2.926\n                ],\n                [\n                    "2020-05-07",\n                    2.9372999999999996\n                ],\n                [\n                    "2020-05-08",\n                    2.94835\n                ],\n                [\n                    "2020-05-11",\n                    2.96095\n                ],\n                [\n                    "2020-05-12",\n                    2.9740499999999996\n                ],\n                [\n                    "2020-05-13",\n                    2.98785\n                ],\n                [\n                    "2020-05-14",\n                    3.00055\n                ],\n                [\n                    "2020-05-15",\n                    3.00985\n                ],\n                [\n                    "2020-05-18",\n                    3.0222499999999997\n                ],\n                [\n                    "2020-05-19",\n                    3.03625\n                ],\n                [\n                    "2020-05-20",\n                    3.04835\n                ],\n                [\n                    "2020-05-21",\n                    3.06085\n                ],\n                [\n                    "2020-05-22",\n                    3.07165\n                ],\n                [\n                    "2020-05-25",\n                    3.0812500000000003\n                ],\n                [\n                    "2020-05-26",\n                    3.0913500000000003\n                ],\n                [\n                    "2020-05-27",\n                    3.1\n                ],\n                [\n                    "2020-05-28",\n                    3.1102\n                ],\n                [\n                    "2020-05-29",\n                    3.1189\n                ],\n                [\n                    "2020-06-01",\n                    3.13385\n                ],\n                [\n                    "2020-06-02",\n                    3.1463\n                ],\n                [\n                    "2020-06-03",\n                    3.1578999999999997\n                ],\n                [\n                    "2020-06-04",\n                    3.1707500000000004\n                ],\n                [\n                    "2020-06-05",\n                    3.18285\n                ],\n                [\n                    "2020-06-08",\n                    3.195\n                ],\n                [\n                    "2020-06-09",\n                    3.2064500000000002\n                ],\n                [\n                    "2020-06-10",\n                    3.2159500000000003\n                ],\n                [\n                    "2020-06-11",\n                    3.2235\n                ],\n                [\n                    "2020-06-12",\n                    3.2328\n                ],\n                [\n                    "2020-06-15",\n                    3.2357\n                ],\n                [\n                    "2020-06-16",\n                    3.2398000000000002\n                ],\n                [\n                    "2020-06-17",\n                    3.2436999999999996\n                ],\n                [\n                    "2020-06-18",\n                    3.2471000000000005\n                ],\n                [\n                    "2020-06-19",\n                    3.2586\n                ],\n                [\n                    "2020-06-22",\n                    3.2667499999999996\n                ],\n                [\n                    "2020-06-23",\n                    3.2758499999999997\n                ],\n                [\n                    "2020-06-24",\n                    3.28635\n                ],\n                [\n                    "2020-06-29",\n                    3.2960499999999997\n                ],\n                [\n                    "2020-06-30",\n                    3.30565\n                ],\n                [\n                    "2020-07-01",\n                    3.31825\n                ],\n                [\n                    "2020-07-02",\n                    3.3362499999999997\n                ],\n                [\n                    "2020-07-03",\n                    3.35355\n                ],\n                [\n                    "2020-07-06",\n                    3.37215\n                ],\n                [\n                    "2020-07-07",\n                    3.39255\n                ],\n                [\n                    "2020-07-08",\n                    3.4116\n                ],\n                [\n                    "2020-07-09",\n                    3.4319499999999996\n                ],\n                [\n                    "2020-07-10",\n                    3.45415\n                ],\n                [\n                    "2020-07-13",\n                    3.48645\n                ],\n                [\n                    "2020-07-14",\n                    3.5182499999999997\n                ],\n                [\n                    "2020-07-15",\n                    3.5581000000000005\n                ],\n                [\n                    "2020-07-16",\n                    3.5818\n                ],\n                [\n                    "2020-07-17",\n                    3.6092\n                ],\n                [\n                    "2020-07-20",\n                    3.6363499999999993\n                ],\n                [\n                    "2020-07-21",\n                    3.66265\n                ],\n                [\n                    "2020-07-22",\n                    3.6926\n                ],\n                [\n                    "2020-07-23",\n                    3.7215999999999996\n                ],\n                [\n                    "2020-07-24",\n                    3.7415\n                ],\n                [\n                    "2020-07-27",\n                    3.76255\n                ],\n                [\n                    "2020-07-28",\n                    3.7864999999999993\n                ],\n                [\n                    "2020-07-29",\n                    3.8076999999999996\n                ],\n                [\n                    "2020-07-30",\n                    3.8263000000000007\n                ],\n                [\n                    "2020-07-31",\n                    3.8465500000000006\n                ],\n                [\n                    "2020-08-03",\n                    3.8637500000000005\n                ],\n                [\n                    "2020-08-04",\n                    3.8767500000000004\n                ],\n                [\n                    "2020-08-05",\n                    3.8907000000000003\n                ],\n                [\n                    "2020-08-06",\n                    3.8988\n                ],\n                [\n                    "2020-08-07",\n                    3.9031\n                ],\n                [\n                    "2020-08-10",\n                    3.9005500000000004\n                ],\n                [\n                    "2020-08-11",\n                    3.89865\n                ],\n                [\n                    "2020-08-12",\n                    3.88985\n                ],\n                [\n                    "2020-08-13",\n                    3.8963\n                ],\n                [\n                    "2020-08-14",\n                    3.9052\n                ],\n                [\n                    "2020-08-17",\n                    3.9170000000000003\n                ],\n                [\n                    "2020-08-18",\n                    3.9273\n                ],\n                [\n                    "2020-08-19",\n                    3.9344499999999996\n                ],\n                [\n                    "2020-08-20",\n                    3.9358500000000007\n                ],\n                [\n                    "2020-08-21",\n                    3.9490500000000006\n                ],\n                [\n                    "2020-08-24",\n                    3.965\n                ],\n                [\n                    "2020-08-25",\n                    3.9810000000000003\n                ],\n                [\n                    "2020-08-26",\n                    3.99275\n                ],\n                [\n                    "2020-08-27",\n                    4.0062999999999995\n                ],\n                [\n                    "2020-08-28",\n                    4.026199999999999\n                ],\n                [\n                    "2020-08-31",\n                    4.04415\n                ],\n                [\n                    "2020-09-01",\n                    4.0618\n                ],\n                [\n                    "2020-09-02",\n                    4.07775\n                ],\n                [\n                    "2020-09-03",\n                    4.0991\n                ],\n                [\n                    "2020-09-04",\n                    4.11825\n                ],\n                [\n                    "2020-09-07",\n                    4.13275\n                ],\n                [\n                    "2020-09-08",\n                    4.1439\n                ],\n                [\n                    "2020-09-09",\n                    4.15385\n                ],\n                [\n                    "2020-09-10",\n                    4.16585\n                ],\n                [\n                    "2020-09-11",\n                    4.1768\n                ],\n                [\n                    "2020-09-14",\n                    4.1867\n                ],\n                [\n                    "2020-09-15",\n                    4.1955\n                ],\n                [\n                    "2020-09-16",\n                    4.2027\n                ],\n                [\n                    "2020-09-17",\n                    4.2111\n                ],\n                [\n                    "2020-09-18",\n                    4.218\n                ],\n                [\n                    "2020-09-21",\n                    4.2189499999999995\n                ],\n                [\n                    "2020-09-22",\n                    4.2137\n                ],\n                [\n                    "2020-09-23",\n                    4.2093\n                ],\n                [\n                    "2020-09-24",\n                    4.19895\n                ],\n                [\n                    "2020-09-25",\n                    4.1819500000000005\n                ],\n                [\n                    "2020-09-28",\n                    4.16695\n                ],\n                [\n                    "2020-09-29",\n                    4.1530000000000005\n                ],\n                [\n                    "2020-09-30",\n                    4.1415\n                ],\n                [\n                    "2020-10-09",\n                    4.1304\n                ],\n                [\n                    "2020-10-12",\n                    4.130000000000001\n                ],\n                [\n                    "2020-10-13",\n                    4.1350999999999996\n                ],\n                [\n                    "2020-10-14",\n                    4.142\n                ],\n                [\n                    "2020-10-15",\n                    4.152\n                ],\n                [\n                    "2020-10-16",\n                    4.15565\n                ],\n                [\n                    "2020-10-19",\n                    4.1529\n                ],\n                [\n                    "2020-10-20",\n                    4.15225\n                ],\n                [\n                    "2020-10-21",\n                    4.1515\n                ],\n                [\n                    "2020-10-22",\n                    4.1543\n                ],\n                [\n                    "2020-10-23",\n                    4.156499999999999\n                ],\n                [\n                    "2020-10-26",\n                    4.1551\n                ],\n                [\n                    "2020-10-27",\n                    4.1562\n                ],\n                [\n                    "2020-10-28",\n                    4.16535\n                ],\n                [\n                    "2020-10-29",\n                    4.18035\n                ],\n                [\n                    "2020-10-30",\n                    4.191000000000001\n                ],\n                [\n                    "2020-11-02",\n                    4.2044\n                ],\n                [\n                    "2020-11-03",\n                    4.21785\n                ],\n                [\n                    "2020-11-04",\n                    4.2341500000000005\n                ],\n                [\n                    "2020-11-05",\n                    4.25305\n                ],\n                [\n                    "2020-11-06",\n                    4.27125\n                ],\n                [\n                    "2020-11-09",\n                    4.2852\n                ],\n                [\n                    "2020-11-10",\n                    4.299200000000001\n                ],\n                [\n                    "2020-11-11",\n                    4.3134999999999994\n                ],\n                [\n                    "2020-11-12",\n                    4.3324\n                ],\n                [\n                    "2020-11-13",\n                    4.3501\n                ],\n                [\n                    "2020-11-16",\n                    4.37515\n                ],\n                [\n                    "2020-11-17",\n                    4.394150000000001\n                ],\n                [\n                    "2020-11-18",\n                    4.4094\n                ],\n                [\n                    "2020-11-19",\n                    4.42725\n                ],\n                [\n                    "2020-11-20",\n                    4.4510000000000005\n                ],\n                [\n                    "2020-11-23",\n                    4.4788\n                ],\n                [\n                    "2020-11-24",\n                    4.50565\n                ],\n                [\n                    "2020-11-25",\n                    4.52025\n                ],\n                [\n                    "2020-11-26",\n                    4.5289\n                ],\n                [\n                    "2020-11-27",\n                    4.5463499999999994\n                ],\n                [\n                    "2020-11-30",\n                    4.55655\n                ],\n                [\n                    "2020-12-01",\n                    4.56815\n                ],\n                [\n                    "2020-12-02",\n                    4.5775\n                ],\n                [\n                    "2020-12-03",\n                    4.58465\n                ],\n                [\n                    "2020-12-04",\n                    4.5938\n                ],\n                [\n                    "2020-12-07",\n                    4.601450000000001\n                ],\n                [\n                    "2020-12-08",\n                    4.60805\n                ],\n                [\n                    "2020-12-09",\n                    4.6139\n                ],\n                [\n                    "2020-12-10",\n                    4.6171\n                ],\n                [\n                    "2020-12-11",\n                    4.6258\n                ],\n                [\n                    "2020-12-14",\n                    4.6350999999999996\n                ],\n                [\n                    "2020-12-15",\n                    4.6457999999999995\n                ],\n                [\n                    "2020-12-16",\n                    4.6628\n                ],\n                [\n                    "2020-12-17",\n                    4.68065\n                ],\n                [\n                    "2020-12-18",\n                    4.6956500000000005\n                ],\n                [\n                    "2020-12-21",\n                    4.7101\n                ],\n                [\n                    "2020-12-22",\n                    4.7268\n                ],\n                [\n                    "2020-12-23",\n                    4.74985\n                ],\n                [\n                    "2020-12-24",\n                    4.7707999999999995\n                ],\n                [\n                    "2020-12-25",\n                    4.7905500000000005\n                ],\n                [\n                    "2020-12-28",\n                    4.8224\n                ],\n                [\n                    "2020-12-29",\n                    4.85015\n                ],\n                [\n                    "2020-12-30",\n                    4.88125\n                ],\n                [\n                    "2020-12-31",\n                    4.91475\n                ],\n                [\n                    "2021-01-04",\n                    4.951\n                ],\n                [\n                    "2021-01-05",\n                    4.995299999999999\n                ],\n                [\n                    "2021-01-06",\n                    5.03975\n                ],\n                [\n                    "2021-01-07",\n                    5.0908999999999995\n                ],\n                [\n                    "2021-01-08",\n                    5.13415\n                ],\n                [\n                    "2021-01-11",\n                    5.1705\n                ],\n                [\n                    "2021-01-12",\n                    5.2073\n                ],\n                [\n                    "2021-01-13",\n                    5.2416\n                ],\n                [\n                    "2021-01-14",\n                    5.26555\n                ],\n                [\n                    "2021-01-15",\n                    5.28\n                ],\n                [\n                    "2021-01-18",\n                    5.29435\n                ],\n                [\n                    "2021-01-19",\n                    5.30255\n                ],\n                [\n                    "2021-01-20",\n                    5.31215\n                ],\n                [\n                    "2021-01-21",\n                    5.3275\n                ],\n                [\n                    "2021-01-22",\n                    5.3452\n                ],\n                [\n                    "2021-01-25",\n                    5.3729499999999994\n                ],\n                [\n                    "2021-01-26",\n                    5.3873999999999995\n                ],\n                [\n                    "2021-01-27",\n                    5.40185\n                ],\n                [\n                    "2021-01-28",\n                    5.40775\n                ],\n                [\n                    "2021-01-29",\n                    5.411499999999999\n                ],\n                [\n                    "2021-02-01",\n                    5.41195\n                ],\n                [\n                    "2021-02-02",\n                    5.4135\n                ],\n                [\n                    "2021-02-03",\n                    5.417\n                ],\n                [\n                    "2021-02-04",\n                    5.41475\n                ],\n                [\n                    "2021-02-05",\n                    5.42235\n                ],\n                [\n                    "2021-02-08",\n                    5.43815\n                ],\n                [\n                    "2021-02-09",\n                    5.45365\n                ],\n                [\n                    "2021-02-10",\n                    5.4849000000000006\n                ],\n                [\n                    "2021-02-18",\n                    5.51335\n                ],\n                [\n                    "2021-02-19",\n                    5.545999999999999\n                ],\n                [\n                    "2021-02-22",\n                    5.560149999999999\n                ],\n                [\n                    "2021-02-23",\n                    5.5783000000000005\n                ],\n                [\n                    "2021-02-24",\n                    5.58315\n                ],\n                [\n                    "2021-02-25",\n                    5.579549999999999\n                ],\n                [\n                    "2021-02-26",\n                    5.567349999999999\n                ],\n                [\n                    "2021-03-01",\n                    5.547750000000001\n                ],\n                [\n                    "2021-03-02",\n                    5.52955\n                ],\n                [\n                    "2021-03-03",\n                    5.5174\n                ],\n                [\n                    "2021-03-04",\n                    5.499599999999999\n                ],\n                [\n                    "2021-03-05",\n                    5.4799500000000005\n                ],\n                [\n                    "2021-03-08",\n                    5.443\n                ],\n                [\n                    "2021-03-09",\n                    5.3901\n                ],\n                [\n                    "2021-03-10",\n                    5.341\n                ],\n                [\n                    "2021-03-11",\n                    5.2995\n                ],\n                [\n                    "2021-03-12",\n                    5.2559000000000005\n                ],\n                [\n                    "2021-03-15",\n                    5.2\n                ],\n                [\n                    "2021-03-16",\n                    5.141\n                ],\n                [\n                    "2021-03-17",\n                    5.074949999999999\n                ],\n                [\n                    "2021-03-18",\n                    5.02485\n                ],\n                [\n                    "2021-03-19",\n                    4.969250000000001\n                ],\n                [\n                    "2021-03-22",\n                    4.933400000000001\n                ],\n                [\n                    "2021-03-23",\n                    4.89735\n                ],\n                [\n                    "2021-03-24",\n                    4.8701\n                ],\n                [\n                    "2021-03-25",\n                    4.843500000000001\n                ],\n                [\n                    "2021-03-26",\n                    4.8309\n                ],\n                [\n                    "2021-03-29",\n                    4.81845\n                ],\n                [\n                    "2021-03-30",\n                    4.8126999999999995\n                ],\n                [\n                    "2021-03-31",\n                    4.79995\n                ],\n                [\n                    "2021-04-01",\n                    4.80405\n                ],\n                [\n                    "2021-04-02",\n                    4.81625\n                ],\n                [\n                    "2021-04-06",\n                    4.8401\n                ],\n                [\n                    "2021-04-07",\n                    4.86235\n                ],\n                [\n                    "2021-04-08",\n                    4.88075\n                ],\n                [\n                    "2021-04-09",\n                    4.88655\n                ],\n                [\n                    "2021-04-12",\n                    4.88875\n                ],\n                [\n                    "2021-04-13",\n                    4.900650000000001\n                ],\n                [\n                    "2021-04-14",\n                    4.913449999999999\n                ],\n                [\n                    "2021-04-15",\n                    4.9196\n                ],\n                [\n                    "2021-04-16",\n                    4.92195\n                ],\n                [\n                    "2021-04-19",\n                    4.9362\n                ],\n                [\n                    "2021-04-20",\n                    4.9519\n                ],\n                [\n                    "2021-04-21",\n                    4.9715\n                ],\n                [\n                    "2021-04-22",\n                    4.992050000000001\n                ],\n                [\n                    "2021-04-23",\n                    5.01755\n                ],\n                [\n                    "2021-04-26",\n                    5.03375\n                ],\n                [\n                    "2021-04-27",\n                    5.049149999999999\n                ],\n                [\n                    "2021-04-28",\n                    5.066350000000001\n                ],\n                [\n                    "2021-04-29",\n                    5.087899999999999\n                ],\n                [\n                    "2021-04-30",\n                    5.0988\n                ],\n                [\n                    "2021-05-06",\n                    5.0921\n                ],\n                [\n                    "2021-05-07",\n                    5.0851500000000005\n                ],\n                [\n                    "2021-05-10",\n                    5.08265\n                ],\n                [\n                    "2021-05-11",\n                    5.082\n                ],\n                [\n                    "2021-05-12",\n                    5.0902\n                ],\n                [\n                    "2021-05-13",\n                    5.09945\n                ],\n                [\n                    "2021-05-14",\n                    5.113449999999999\n                ],\n                [\n                    "2021-05-17",\n                    5.1295\n                ],\n                [\n                    "2021-05-18",\n                    5.14585\n                ],\n                [\n                    "2021-05-19",\n                    5.159750000000001\n                ],\n                [\n                    "2021-05-20",\n                    5.171\n                ],\n                [\n                    "2021-05-21",\n                    5.1781500000000005\n                ],\n                [\n                    "2021-05-24",\n                    5.1846499999999995\n                ],\n                [\n                    "2021-05-25",\n                    5.199299999999999\n                ],\n                [\n                    "2021-05-26",\n                    5.20815\n                ],\n                [\n                    "2021-05-27",\n                    5.220699999999999\n                ],\n                [\n                    "2021-05-28",\n                    5.229550000000001\n                ],\n                [\n                    "2021-05-31",\n                    5.233549999999999\n                ],\n                [\n                    "2021-06-01",\n                    5.2366\n                ],\n                [\n                    "2021-06-02",\n                    5.242800000000001\n                ],\n                [\n                    "2021-06-03",\n                    5.25995\n                ],\n                [\n                    "2021-06-04",\n                    5.28355\n                ],\n                [\n                    "2021-06-07",\n                    5.3115499999999995\n                ],\n                [\n                    "2021-06-08",\n                    5.325\n                ],\n                [\n                    "2021-06-09",\n                    5.3359000000000005\n                ],\n                [\n                    "2021-06-10",\n                    5.35005\n                ],\n                [\n                    "2021-06-11",\n                    5.3551\n                ],\n                [\n                    "2021-06-15",\n                    5.35375\n                ],\n                [\n                    "2021-06-16",\n                    5.3489\n                ],\n                [\n                    "2021-06-17",\n                    5.3462\n                ],\n                [\n                    "2021-06-18",\n                    5.3382\n                ],\n                [\n                    "2021-06-21",\n                    5.33005\n                ],\n                [\n                    "2021-06-22",\n                    5.3204\n                ],\n                [\n                    "2021-06-23",\n                    5.3\n                ],\n                [\n                    "2021-06-24",\n                    5.2824\n                ],\n                [\n                    "2021-06-25",\n                    5.26735\n                ],\n                [\n                    "2021-06-28",\n                    5.2568\n                ],\n                [\n                    "2021-06-29",\n                    5.24315\n                ],\n                [\n                    "2021-06-30",\n                    5.231\n                ],\n                [\n                    "2021-07-01",\n                    5.2204\n                ],\n                [\n                    "2021-07-02",\n                    5.1995000000000005\n                ],\n                [\n                    "2021-07-05",\n                    5.1745\n                ],\n                [\n                    "2021-07-06",\n                    5.1472\n                ],\n                [\n                    "2021-07-07",\n                    5.13255\n                ],\n                [\n                    "2021-07-08",\n                    5.11315\n                ],\n                [\n                    "2021-07-09",\n                    5.087549999999999\n                ],\n                [\n                    "2021-07-12",\n                    5.0698\n                ],\n                [\n                    "2021-07-13",\n                    5.05695\n                ],\n                [\n                    "2021-07-14",\n                    5.04675\n                ],\n                [\n                    "2021-07-15",\n                    5.03855\n                ],\n                [\n                    "2021-07-16",\n                    5.028499999999999\n                ],\n                [\n                    "2021-07-19",\n                    5.0217\n                ],\n                [\n                    "2021-07-20",\n                    5.0141\n                ],\n                [\n                    "2021-07-21",\n                    5.0092\n                ],\n                [\n                    "2021-07-22",\n                    5.00015\n                ],\n                [\n                    "2021-07-23",\n                    4.98285\n                ],\n                [\n                    "2021-07-26",\n                    4.95035\n                ],\n                [\n                    "2021-07-27",\n                    4.91325\n                ],\n                [\n                    "2021-07-28",\n                    4.876099999999999\n                ],\n                [\n                    "2021-07-29",\n                    4.8386000000000005\n                ],\n                [\n                    "2021-07-30",\n                    4.80245\n                ],\n                [\n                    "2021-08-02",\n                    4.77475\n                ],\n                [\n                    "2021-08-03",\n                    4.7515\n                ],\n                [\n                    "2021-08-04",\n                    4.72425\n                ],\n                [\n                    "2021-08-05",\n                    4.699199999999999\n                ],\n                [\n                    "2021-08-06",\n                    4.6777\n                ],\n                [\n                    "2021-08-09",\n                    4.6592\n                ],\n                [\n                    "2021-08-10",\n                    4.64375\n                ],\n                [\n                    "2021-08-11",\n                    4.626600000000001\n                ],\n                [\n                    "2021-08-12",\n                    4.602200000000001\n                ],\n                [\n                    "2021-08-13",\n                    4.583150000000001\n                ],\n                [\n                    "2021-08-16",\n                    4.56555\n                ],\n                [\n                    "2021-08-17",\n                    4.539250000000001\n                ],\n                [\n                    "2021-08-18",\n                    4.51395\n                ],\n                [\n                    "2021-08-19",\n                    4.4899000000000004\n                ],\n                [\n                    "2021-08-20",\n                    4.463\n                ],\n                [\n                    "2021-08-23",\n                    4.4502\n                ],\n                [\n                    "2021-08-24",\n                    4.4491\n                ],\n                [\n                    "2021-08-25",\n                    4.448300000000001\n                ],\n                [\n                    "2021-08-26",\n                    4.44165\n                ],\n                [\n                    "2021-08-27",\n                    4.441450000000001\n                ],\n                [\n                    "2021-08-30",\n                    4.4348\n                ],\n                [\n                    "2021-08-31",\n                    4.4235\n                ],\n                [\n                    "2021-09-01",\n                    4.41875\n                ],\n                [\n                    "2021-09-02",\n                    4.4124\n                ],\n                [\n                    "2021-09-03",\n                    4.4094\n                ],\n                [\n                    "2021-09-06",\n                    4.40465\n                ],\n                [\n                    "2021-09-07",\n                    4.39295\n                ],\n                [\n                    "2021-09-08",\n                    4.3815\n                ],\n                [\n                    "2021-09-09",\n                    4.3726\n                ],\n                [\n                    "2021-09-10",\n                    4.36505\n                ],\n                [\n                    "2021-09-13",\n                    4.3521\n                ],\n                [\n                    "2021-09-14",\n                    4.34655\n                ],\n                [\n                    "2021-09-15",\n                    4.336\n                ],\n                [\n                    "2021-09-16",\n                    4.328\n                ],\n                [\n                    "2021-09-17",\n                    4.3324\n                ],\n                [\n                    "2021-09-22",\n                    4.32825\n                ],\n                [\n                    "2021-09-23",\n                    4.3225999999999996\n                ],\n                [\n                    "2021-09-24",\n                    4.319599999999999\n                ],\n                [\n                    "2021-09-27",\n                    4.3327\n                ],\n                [\n                    "2021-09-28",\n                    4.3458\n                ],\n                [\n                    "2021-09-29",\n                    4.3568999999999996\n                ],\n                [\n                    "2021-09-30",\n                    4.371499999999999\n                ],\n                [\n                    "2021-10-08",\n                    4.3857\n                ],\n                [\n                    "2021-10-11",\n                    4.4033\n                ],\n                [\n                    "2021-10-12",\n                    4.418200000000001\n                ],\n                [\n                    "2021-10-13",\n                    4.43445\n                ],\n                [\n                    "2021-10-14",\n                    4.4488\n                ],\n                [\n                    "2021-10-15",\n                    4.46545\n                ],\n                [\n                    "2021-10-18",\n                    4.475\n                ],\n                [\n                    "2021-10-19",\n                    4.4872\n                ],\n                [\n                    "2021-10-20",\n                    4.50095\n                ],\n                [\n                    "2021-10-21",\n                    4.5161999999999995\n                ],\n                [\n                    "2021-10-22",\n                    4.53915\n                ],\n                [\n                    "2021-10-25",\n                    4.560350000000001\n                ],\n                [\n                    "2021-10-26",\n                    4.5763\n                ],\n                [\n                    "2021-10-27",\n                    4.593850000000001\n                ],\n                [\n                    "2021-10-28",\n                    4.6095\n                ],\n                [\n                    "2021-10-29",\n                    4.62255\n                ],\n                [\n                    "2021-11-01",\n                    4.6229000000000005\n                ],\n                [\n                    "2021-11-02",\n                    4.622999999999999\n                ],\n                [\n                    "2021-11-03",\n                    4.62225\n                ],\n                [\n                    "2021-11-04",\n                    4.6255500000000005\n                ],\n                [\n                    "2021-11-05",\n                    4.623900000000001\n                ],\n                [\n                    "2021-11-08",\n                    4.6218\n                ],\n                [\n                    "2021-11-09",\n                    4.6173\n                ],\n                [\n                    "2021-11-10",\n                    4.6034500000000005\n                ],\n                [\n                    "2021-11-11",\n                    4.5926\n                ],\n                [\n                    "2021-11-12",\n                    4.58195\n                ],\n                [\n                    "2021-11-15",\n                    4.579549999999999\n                ],\n                [\n                    "2021-11-16",\n                    4.5778\n                ],\n                [\n                    "2021-11-17",\n                    4.57625\n                ],\n                [\n                    "2021-11-18",\n                    4.5738\n                ],\n                [\n                    "2021-11-19",\n                    4.56935\n                ],\n                [\n                    "2021-11-22",\n                    4.5676499999999995\n                ],\n                [\n                    "2021-11-23",\n                    4.56695\n                ],\n                [\n                    "2021-11-24",\n                    4.5733\n                ],\n                [\n                    "2021-11-25",\n                    4.5786\n                ],\n                [\n                    "2021-11-26",\n                    4.579549999999999\n                ],\n                [\n                    "2021-11-29",\n                    4.5824\n                ],\n                [\n                    "2021-11-30",\n                    4.583550000000001\n                ],\n                [\n                    "2021-12-01",\n                    4.5859499999999995\n                ],\n                [\n                    "2021-12-02",\n                    4.58375\n                ],\n                [\n                    "2021-12-03",\n                    4.586650000000001\n                ],\n                [\n                    "2021-12-06",\n                    4.59005\n                ],\n                [\n                    "2021-12-07",\n                    4.59605\n                ],\n                [\n                    "2021-12-08",\n                    4.61055\n                ],\n                [\n                    "2021-12-09",\n                    4.6283\n                ],\n                [\n                    "2021-12-10",\n                    4.64525\n                ],\n                [\n                    "2021-12-13",\n                    4.66225\n                ],\n                [\n                    "2021-12-14",\n                    4.67365\n                ],\n                [\n                    "2021-12-15",\n                    4.6834\n                ],\n                [\n                    "2021-12-16",\n                    4.69175\n                ],\n                [\n                    "2021-12-17",\n                    4.694\n                ],\n                [\n                    "2021-12-20",\n                    4.69445\n                ],\n                [\n                    "2021-12-21",\n                    4.6954\n                ],\n                [\n                    "2021-12-22",\n                    4.6953000000000005\n                ],\n                [\n                    "2021-12-23",\n                    4.70045\n                ],\n                [\n                    "2021-12-24",\n                    4.70965\n                ],\n                [\n                    "2021-12-27",\n                    4.718349999999999\n                ],\n                [\n                    "2021-12-28",\n                    4.73255\n                ],\n                [\n                    "2021-12-29",\n                    4.739\n                ],\n                [\n                    "2021-12-30",\n                    4.7456\n                ],\n                [\n                    "2021-12-31",\n                    4.7459999999999996\n                ],\n                [\n                    "2022-01-04",\n                    4.7463\n                ],\n                [\n                    "2022-01-05",\n                    4.74535\n                ],\n                [\n                    "2022-01-06",\n                    4.7362\n                ],\n                [\n                    "2022-01-07",\n                    4.720899999999999\n                ],\n                [\n                    "2022-01-10",\n                    4.70725\n                ],\n                [\n                    "2022-01-11",\n                    4.6892499999999995\n                ],\n                [\n                    "2022-01-12",\n                    4.6723\n                ],\n                [\n                    "2022-01-13",\n                    4.651300000000001\n                ],\n                [\n                    "2022-01-14",\n                    4.63145\n                ],\n                [\n                    "2022-01-17",\n                    4.61775\n                ],\n                [\n                    "2022-01-18",\n                    4.6067\n                ],\n                [\n                    "2022-01-19",\n                    4.5932\n                ],\n                [\n                    "2022-01-20",\n                    4.582199999999999\n                ],\n                [\n                    "2022-01-21",\n                    4.5671\n                ],\n                [\n                    "2022-01-24",\n                    4.54835\n                ],\n                [\n                    "2022-01-25",\n                    4.5261000000000005\n                ],\n                [\n                    "2022-01-26",\n                    4.50405\n                ],\n                [\n                    "2022-01-27",\n                    4.4866\n                ],\n                [\n                    "2022-01-28",\n                    4.462400000000001\n                ],\n                [\n                    "2022-02-07",\n                    4.440600000000001\n                ],\n                [\n                    "2022-02-08",\n                    4.4155999999999995\n                ],\n                [\n                    "2022-02-09",\n                    4.3981\n                ],\n                [\n                    "2022-02-10",\n                    4.382\n                ],\n                [\n                    "2022-02-11",\n                    4.3676\n                ],\n                [\n                    "2022-02-14",\n                    4.353\n                ],\n                [\n                    "2022-02-15",\n                    4.343999999999999\n                ],\n                [\n                    "2022-02-16",\n                    4.335\n                ],\n                [\n                    "2022-02-17",\n                    4.33165\n                ],\n                [\n                    "2022-02-18",\n                    4.3298499999999995\n                ],\n                [\n                    "2022-02-21",\n                    4.3259\n                ],\n                [\n                    "2022-02-22",\n                    4.3153\n                ],\n                [\n                    "2022-02-23",\n                    4.30835\n                ],\n                [\n                    "2022-02-24",\n                    4.2912\n                ],\n                [\n                    "2022-02-25",\n                    4.2757\n                ],\n                [\n                    "2022-02-28",\n                    4.26135\n                ],\n                [\n                    "2022-03-01",\n                    4.2547\n                ],\n                [\n                    "2022-03-02",\n                    4.2429\n                ],\n                [\n                    "2022-03-03",\n                    4.2297\n                ],\n                [\n                    "2022-03-04",\n                    4.2189\n                ],\n                [\n                    "2022-03-07",\n                    4.19895\n                ],\n                [\n                    "2022-03-08",\n                    4.18\n                ],\n                [\n                    "2022-03-09",\n                    4.1545000000000005\n                ],\n                [\n                    "2022-03-10",\n                    4.13575\n                ],\n                [\n                    "2022-03-11",\n                    4.11515\n                ],\n                [\n                    "2022-03-14",\n                    4.086250000000001\n                ],\n                [\n                    "2022-03-15",\n                    4.04765\n                ],\n                [\n                    "2022-03-16",\n                    4.013\n                ],\n                [\n                    "2022-03-17",\n                    3.9856499999999997\n                ],\n                [\n                    "2022-03-18",\n                    3.95685\n                ],\n                [\n                    "2022-03-21",\n                    3.9287499999999995\n                ],\n                [\n                    "2022-03-22",\n                    3.9048500000000006\n                ],\n                [\n                    "2022-03-23",\n                    3.88035\n                ],\n                [\n                    "2022-03-24",\n                    3.8591500000000005\n                ],\n                [\n                    "2022-03-25",\n                    3.8321000000000005\n                ],\n                [\n                    "2022-03-28",\n                    3.80155\n                ],\n                [\n                    "2022-03-29",\n                    3.7663500000000005\n                ],\n                [\n                    "2022-03-30",\n                    3.7398500000000006\n                ],\n                [\n                    "2022-03-31",\n                    3.7173499999999997\n                ],\n                [\n                    "2022-04-01",\n                    3.7006500000000004\n                ],\n                [\n                    "2022-04-06",\n                    3.6899499999999996\n                ],\n                [\n                    "2022-04-07",\n                    3.68055\n                ],\n                [\n                    "2022-04-08",\n                    3.67085\n                ],\n                [\n                    "2022-04-11",\n                    3.6498\n                ],\n                [\n                    "2022-04-12",\n                    3.63755\n                ],\n                [\n                    "2022-04-13",\n                    3.6326499999999995\n                ],\n                [\n                    "2022-04-14",\n                    3.64315\n                ],\n                [\n                    "2022-04-15",\n                    3.6493\n                ],\n                [\n                    "2022-04-18",\n                    3.6486000000000005\n                ],\n                [\n                    "2022-04-19",\n                    3.6471000000000005\n                ],\n                [\n                    "2022-04-20",\n                    3.6469500000000004\n                ],\n                [\n                    "2022-04-21",\n                    3.64435\n                ],\n                [\n                    "2022-04-22",\n                    3.6414999999999997\n                ],\n                [\n                    "2022-04-25",\n                    3.6344000000000003\n                ],\n                [\n                    "2022-04-26",\n                    3.6318999999999995\n                ],\n                [\n                    "2022-04-27",\n                    3.6376999999999997\n                ],\n                [\n                    "2022-04-28",\n                    3.64765\n                ],\n                [\n                    "2022-04-29",\n                    3.6546499999999993\n                ],\n                [\n                    "2022-05-05",\n                    3.6640500000000005\n                ],\n                [\n                    "2022-05-06",\n                    3.6648999999999994\n                ],\n                [\n                    "2022-05-09",\n                    3.664\n                ],\n                [\n                    "2022-05-10",\n                    3.6661499999999996\n                ],\n                [\n                    "2022-05-11",\n                    3.6717\n                ],\n                [\n                    "2022-05-12",\n                    3.68475\n                ],\n                [\n                    "2022-05-13",\n                    3.6917999999999997\n                ],\n                [\n                    "2022-05-16",\n                    3.6987\n                ],\n                [\n                    "2022-05-17",\n                    3.70055\n                ],\n                [\n                    "2022-05-18",\n                    3.7006500000000004\n                ],\n                [\n                    "2022-05-19",\n                    3.69985\n                ],\n                [\n                    "2022-05-20",\n                    3.7057499999999997\n                ],\n                [\n                    "2022-05-23",\n                    3.7078499999999996\n                ],\n                [\n                    "2022-05-24",\n                    3.7108499999999998\n                ],\n                [\n                    "2022-05-25",\n                    3.7128\n                ],\n                [\n                    "2022-05-26",\n                    3.72185\n                ],\n                [\n                    "2022-05-27",\n                    3.7304500000000003\n                ],\n                [\n                    "2022-05-30",\n                    3.7403000000000004\n                ],\n                [\n                    "2022-05-31",\n                    3.7516\n                ],\n                [\n                    "2022-06-01",\n                    3.7593000000000005\n                ],\n                [\n                    "2022-06-02",\n                    3.76535\n                ],\n                [\n                    "2022-06-06",\n                    3.7789500000000005\n                ],\n                [\n                    "2022-06-07",\n                    3.79705\n                ],\n                [\n                    "2022-06-08",\n                    3.8157500000000004\n                ],\n                [\n                    "2022-06-09",\n                    3.8278999999999996\n                ],\n                [\n                    "2022-06-10",\n                    3.84255\n                ],\n                [\n                    "2022-06-13",\n                    3.8533\n                ],\n                [\n                    "2022-06-14",\n                    3.86665\n                ],\n                [\n                    "2022-06-15",\n                    3.8800499999999998\n                ],\n                [\n                    "2022-06-16",\n                    3.89435\n                ],\n                [\n                    "2022-06-17",\n                    3.9132\n                ],\n                [\n                    "2022-06-20",\n                    3.931\n                ],\n                [\n                    "2022-06-21",\n                    3.9509\n                ],\n                [\n                    "2022-06-22",\n                    3.9704\n                ],\n                [\n                    "2022-06-23",\n                    3.99265\n                ],\n                [\n                    "2022-06-24",\n                    4.0181\n                ],\n                [\n                    "2022-06-27",\n                    4.0477\n                ],\n                [\n                    "2022-06-28",\n                    4.0729\n                ],\n                [\n                    "2022-06-29",\n                    4.0918\n                ],\n                [\n                    "2022-06-30",\n                    4.1164000000000005\n                ],\n                [\n                    "2022-07-01",\n                    4.138999999999999\n                ],\n                [\n                    "2022-07-04",\n                    4.1597\n                ],\n                [\n                    "2022-07-05",\n                    4.17765\n                ],\n                [\n                    "2022-07-06",\n                    4.189649999999999\n                ],\n                [\n                    "2022-07-07",\n                    4.20575\n                ],\n                [\n                    "2022-07-08",\n                    4.21845\n                ],\n                [\n                    "2022-07-11",\n                    4.2308\n                ],\n                [\n                    "2022-07-12",\n                    4.24075\n                ],\n                [\n                    "2022-07-13",\n                    4.24825\n                ],\n                [\n                    "2022-07-14",\n                    4.25435\n                ],\n                [\n                    "2022-07-15",\n                    4.25765\n                ],\n                [\n                    "2022-07-18",\n                    4.2561\n                ],\n                [\n                    "2022-07-19",\n                    4.255450000000001\n                ],\n                [\n                    "2022-07-20",\n                    4.2579\n                ],\n                [\n                    "2022-07-21",\n                    4.2559000000000005\n                ],\n                [\n                    "2022-07-22",\n                    4.2511\n                ],\n                [\n                    "2022-07-25",\n                    4.24315\n                ],\n                [\n                    "2022-07-26",\n                    4.23605\n                ],\n                [\n                    "2022-07-27",\n                    4.22825\n                ],\n                [\n                    "2022-07-28",\n                    4.21445\n                ],\n                [\n                    "2022-07-29",\n                    4.197450000000001\n                ],\n                [\n                    "2022-08-01",\n                    4.18215\n                ],\n                [\n                    "2022-08-02",\n                    4.16675\n                ],\n                [\n                    "2022-08-03",\n                    4.1532\n                ],\n                [\n                    "2022-08-04",\n                    4.1418\n                ],\n                [\n                    "2022-08-05",\n                    4.130699999999999\n                ],\n                [\n                    "2022-08-08",\n                    4.1215\n                ],\n                [\n                    "2022-08-09",\n                    4.11265\n                ],\n                [\n                    "2022-08-10",\n                    4.1013\n                ],\n                [\n                    "2022-08-11",\n                    4.0947\n                ],\n                [\n                    "2022-08-12",\n                    4.0893999999999995\n                ],\n                [\n                    "2022-08-15",\n                    4.083\n                ],\n                [\n                    "2022-08-16",\n                    4.07525\n                ],\n                [\n                    "2022-08-17",\n                    4.069\n                ],\n                [\n                    "2022-08-18",\n                    4.0615499999999995\n                ],\n                [\n                    "2022-08-19",\n                    4.0537\n                ],\n                [\n                    "2022-08-22",\n                    4.0463000000000005\n                ],\n                [\n                    "2022-08-23",\n                    4.0343\n                ],\n                [\n                    "2022-08-24",\n                    4.02325\n                ],\n                [\n                    "2022-08-25",\n                    4.01635\n                ],\n                [\n                    "2022-08-26",\n                    4.01675\n                ],\n                [\n                    "2022-08-29",\n                    4.01345\n                ],\n                [\n                    "2022-08-30",\n                    4.0123999999999995\n                ],\n                [\n                    "2022-08-31",\n                    4.01655\n                ],\n                [\n                    "2022-09-01",\n                    4.01645\n                ],\n                [\n                    "2022-09-02",\n                    4.01255\n                ],\n                [\n                    "2022-09-05",\n                    4.006600000000001\n                ],\n                [\n                    "2022-09-06",\n                    4.002650000000001\n                ],\n                [\n                    "2022-09-07",\n                    4.0\n                ],\n                [\n                    "2022-09-08",\n                    3.99475\n                ],\n                [\n                    "2022-09-09",\n                    3.9906999999999995\n                ],\n                [\n                    "2022-09-13",\n                    3.9914\n                ],\n                [\n                    "2022-09-14",\n                    3.9914499999999995\n                ],\n                [\n                    "2022-09-15",\n                    3.99055\n                ],\n                [\n                    "2022-09-16",\n                    3.9887500000000005\n                ],\n                [\n                    "2022-09-19",\n                    3.9887\n                ],\n                [\n                    "2022-09-20",\n                    3.9884999999999997\n                ],\n                [\n                    "2022-09-21",\n                    3.9885999999999995\n                ],\n                [\n                    "2022-09-22",\n                    3.9875499999999997\n                ],\n                [\n                    "2022-09-23",\n                    3.98305\n                ],\n                [\n                    "2022-09-26",\n                    3.97945\n                ],\n                [\n                    "2022-09-27",\n                    3.9825000000000004\n                ],\n                [\n                    "2022-09-28",\n                    3.98345\n                ],\n                [\n                    "2022-09-29",\n                    3.9798999999999998\n                ],\n                [\n                    "2022-09-30",\n                    3.97695\n                ],\n                [\n                    "2022-10-10",\n                    3.9705500000000002\n                ],\n                [\n                    "2022-10-11",\n                    3.9675\n                ],\n                [\n                    "2022-10-12",\n                    3.9623\n                ],\n                [\n                    "2022-10-13",\n                    3.9560500000000003\n                ],\n                [\n                    "2022-10-14",\n                    3.9527\n                ],\n                [\n                    "2022-10-17",\n                    3.94375\n                ],\n                [\n                    "2022-10-18",\n                    3.9311999999999996\n                ],\n                [\n                    "2022-10-19",\n                    3.91495\n                ],\n                [\n                    "2022-10-20",\n                    3.8979500000000002\n                ],\n                [\n                    "2022-10-21",\n                    3.8826499999999995\n                ],\n                [\n                    "2022-10-24",\n                    3.8576\n                ],\n                [\n                    "2022-10-25",\n                    3.8308\n                ],\n                [\n                    "2022-10-26",\n                    3.8060500000000004\n                ],\n                [\n                    "2022-10-27",\n                    3.7788000000000004\n                ],\n                [\n                    "2022-10-28",\n                    3.7489999999999997\n                ],\n                [\n                    "2022-10-31",\n                    3.7147999999999994\n                ],\n                [\n                    "2022-11-01",\n                    3.68485\n                ],\n                [\n                    "2022-11-02",\n                    3.6605499999999997\n                ],\n                [\n                    "2022-11-03",\n                    3.6350000000000002\n                ],\n                [\n                    "2022-11-04",\n                    3.61845\n                ],\n                [\n                    "2022-11-07",\n                    3.60935\n                ],\n                [\n                    "2022-11-08",\n                    3.59795\n                ],\n                [\n                    "2022-11-09",\n                    3.5847499999999997\n                ],\n                [\n                    "2022-11-10",\n                    3.57515\n                ],\n                [\n                    "2022-11-11",\n                    3.5675499999999998\n                ],\n                [\n                    "2022-11-14",\n                    3.5622\n                ],\n                [\n                    "2022-11-15",\n                    3.5609\n                ],\n                [\n                    "2022-11-16",\n                    3.56535\n                ],\n                [\n                    "2022-11-17",\n                    3.5672000000000006\n                ],\n                [\n                    "2022-11-18",\n                    3.57155\n                ],\n                [\n                    "2022-11-21",\n                    3.5805\n                ],\n                [\n                    "2022-11-22",\n                    3.5901000000000005\n                ],\n                [\n                    "2022-11-23",\n                    3.5991999999999997\n                ],\n                [\n                    "2022-11-24",\n                    3.6121499999999997\n                ],\n                [\n                    "2022-11-25",\n                    3.6277\n                ],\n                [\n                    "2022-11-28",\n                    3.6450500000000003\n                ],\n                [\n                    "2022-11-29",\n                    3.6602999999999994\n                ],\n                [\n                    "2022-11-30",\n                    3.6716500000000005\n                ],\n                [\n                    "2022-12-01",\n                    3.68915\n                ],\n                [\n                    "2022-12-02",\n                    3.69805\n                ],\n                [\n                    "2022-12-05",\n                    3.7094\n                ],\n                [\n                    "2022-12-06",\n                    3.7268999999999997\n                ],\n                [\n                    "2022-12-07",\n                    3.7466\n                ],\n                [\n                    "2022-12-08",\n                    3.76535\n                ],\n                [\n                    "2022-12-09",\n                    3.7836\n                ],\n                [\n                    "2022-12-12",\n                    3.7996500000000006\n                ],\n                [\n                    "2022-12-13",\n                    3.8141\n                ],\n                [\n                    "2022-12-14",\n                    3.8312\n                ],\n                [\n                    "2022-12-15",\n                    3.8491\n                ],\n                [\n                    "2022-12-16",\n                    3.86785\n                ],\n                [\n                    "2022-12-19",\n                    3.88825\n                ],\n                [\n                    "2022-12-20",\n                    3.90205\n                ],\n                [\n                    "2022-12-21",\n                    3.9185499999999998\n                ],\n                [\n                    "2022-12-22",\n                    3.9390500000000004\n                ],\n                [\n                    "2022-12-23",\n                    3.96005\n                ],\n                [\n                    "2022-12-26",\n                    3.9790499999999995\n                ],\n                [\n                    "2022-12-27",\n                    3.9940000000000007\n                ],\n                [\n                    "2022-12-28",\n                    4.00815\n                ],\n                [\n                    "2022-12-29",\n                    4.0172\n                ],\n                [\n                    "2022-12-30",\n                    4.0278\n                ],\n                [\n                    "2022-12-31",\n                    4.03515\n                ],\n                [\n                    "2023-01-03",\n                    4.035950000000001\n                ],\n                [\n                    "2023-01-04",\n                    4.0375\n                ],\n                [\n                    "2023-01-05",\n                    4.0466\n                ],\n                [\n                    "2023-01-06",\n                    4.05065\n                ],\n                [\n                    "2023-01-09",\n                    4.0596\n                ],\n                [\n                    "2023-01-10",\n                    4.06805\n                ],\n                [\n                    "2023-01-11",\n                    4.07335\n                ],\n                [\n                    "2023-01-12",\n                    4.0793\n                ],\n                [\n                    "2023-01-13",\n                    4.0888\n                ],\n                [\n                    "2023-01-16",\n                    4.104\n                ],\n                [\n                    "2023-01-17",\n                    4.1238\n                ],\n                [\n                    "2023-01-18",\n                    4.1396500000000005\n                ],\n                [\n                    "2023-01-19",\n                    4.1522\n                ],\n                [\n                    "2023-01-20",\n                    4.16355\n                ],\n                [\n                    "2023-01-30",\n                    4.178050000000001\n                ],\n                [\n                    "2023-01-31",\n                    4.1848\n                ],\n                [\n                    "2023-02-01",\n                    4.194\n                ],\n                [\n                    "2023-02-02",\n                    4.20505\n                ],\n                [\n                    "2023-02-03",\n                    4.2136000000000005\n                ],\n                [\n                    "2023-02-06",\n                    4.2187\n                ],\n                [\n                    "2023-02-07",\n                    4.22655\n                ],\n                [\n                    "2023-02-08",\n                    4.23215\n                ],\n                [\n                    "2023-02-09",\n                    4.234\n                ],\n                [\n                    "2023-02-10",\n                    4.2359\n                ],\n                [\n                    "2023-02-13",\n                    4.2408\n                ],\n                [\n                    "2023-02-14",\n                    4.2433\n                ],\n                [\n                    "2023-02-15",\n                    4.2448500000000005\n                ],\n                [\n                    "2023-02-16",\n                    4.2478\n                ],\n                [\n                    "2023-02-17",\n                    4.244000000000001\n                ],\n                [\n                    "2023-02-20",\n                    4.2412\n                ],\n                [\n                    "2023-02-21",\n                    4.23885\n                ],\n                [\n                    "2023-02-22",\n                    4.2379\n                ],\n                [\n                    "2023-02-23",\n                    4.2360500000000005\n                ],\n                [\n                    "2023-02-24",\n                    4.23155\n                ],\n                [\n                    "2023-02-27",\n                    4.2271\n                ],\n                [\n                    "2023-02-28",\n                    4.2274\n                ],\n                [\n                    "2023-03-01",\n                    4.2283\n                ],\n                [\n                    "2023-03-02",\n                    4.2278\n                ],\n                [\n                    "2023-03-03",\n                    4.228\n                ],\n                [\n                    "2023-03-06",\n                    4.2308\n                ],\n                [\n                    "2023-03-07",\n                    4.23\n                ],\n                [\n                    "2023-03-08",\n                    4.22905\n                ],\n                [\n                    "2023-03-09",\n                    4.22355\n                ],\n                [\n                    "2023-03-10",\n                    4.215249999999999\n                ],\n                [\n                    "2023-03-13",\n                    4.20525\n                ],\n                [\n                    "2023-03-14",\n                    4.19485\n                ],\n                [\n                    "2023-03-15",\n                    4.183649999999999\n                ],\n                [\n                    "2023-03-16",\n                    4.17185\n                ],\n                [\n                    "2023-03-17",\n                    4.1592\n                ],\n                [\n                    "2023-03-20",\n                    4.14025\n                ],\n                [\n                    "2023-03-21",\n                    4.1272\n                ],\n                [\n                    "2023-03-22",\n                    4.114050000000001\n                ],\n                [\n                    "2023-03-23",\n                    4.104049999999999\n                ],\n                [\n                    "2023-03-24",\n                    4.0976\n                ],\n                [\n                    "2023-03-27",\n                    4.08835\n                ],\n                [\n                    "2023-03-28",\n                    4.08235\n                ],\n                [\n                    "2023-03-29",\n                    4.07575\n                ],\n                [\n                    "2023-03-30",\n                    4.0725999999999996\n                ],\n                [\n                    "2023-03-31",\n                    4.070449999999999\n                ],\n                [\n                    "2023-04-03",\n                    4.0691\n                ],\n                [\n                    "2023-04-04",\n                    4.07285\n                ],\n                [\n                    "2023-04-06",\n                    4.0755\n                ],\n                [\n                    "2023-04-07",\n                    4.078049999999999\n                ],\n                [\n                    "2023-04-10",\n                    4.08195\n                ],\n                [\n                    "2023-04-11",\n                    4.0799\n                ],\n                [\n                    "2023-04-12",\n                    4.07575\n                ],\n                [\n                    "2023-04-13",\n                    4.07415\n                ],\n                [\n                    "2023-04-14",\n                    4.0706999999999995\n                ],\n                [\n                    "2023-04-17",\n                    4.072699999999999\n                ],\n                [\n                    "2023-04-18",\n                    4.07715\n                ],\n                [\n                    "2023-04-19",\n                    4.0751\n                ],\n                [\n                    "2023-04-20",\n                    4.07175\n                ],\n                [\n                    "2023-04-21",\n                    4.0657499999999995\n                ],\n                [\n                    "2023-04-24",\n                    4.0566\n                ],\n                [\n                    "2023-04-25",\n                    4.05015\n                ],\n                [\n                    "2023-04-26",\n                    4.0409\n                ],\n                [\n                    "2023-04-27",\n                    4.03185\n                ],\n                [\n                    "2023-04-28",\n                    4.021\n                ],\n                [\n                    "2023-05-04",\n                    4.01\n                ],\n                [\n                    "2023-05-05",\n                    3.9994\n                ],\n                [\n                    "2023-05-08",\n                    3.9846000000000004\n                ],\n                [\n                    "2023-05-09",\n                    3.9723000000000006\n                ],\n                [\n                    "2023-05-10",\n                    3.96065\n                ],\n                [\n                    "2023-05-11",\n                    3.9496500000000005\n                ],\n                [\n                    "2023-05-12",\n                    3.9395499999999997\n                ],\n                [\n                    "2023-05-15",\n                    3.9351\n                ],\n                [\n                    "2023-05-16",\n                    3.9278999999999997\n                ],\n                [\n                    "2023-05-17",\n                    3.9204\n                ],\n                [\n                    "2023-05-18",\n                    3.9096\n                ],\n                [\n                    "2023-05-19",\n                    3.9005\n                ],\n                [\n                    "2023-05-22",\n                    3.8969500000000004\n                ],\n                [\n                    "2023-05-23",\n                    3.8924\n                ],\n                [\n                    "2023-05-24",\n                    3.8858000000000006\n                ],\n                [\n                    "2023-05-25",\n                    3.8802\n                ],\n                [\n                    "2023-05-26",\n                    3.8725\n                ],\n                [\n                    "2023-05-29",\n                    3.8628\n                ],\n                [\n                    "2023-05-30",\n                    3.8496\n                ],\n                [\n                    "2023-05-31",\n                    3.8322499999999997\n                ],\n                [\n                    "2023-06-01",\n                    3.81625\n                ],\n                [\n                    "2023-06-02",\n                    3.8045\n                ],\n                [\n                    "2023-06-05",\n                    3.7931999999999997\n                ],\n                [\n                    "2023-06-06",\n                    3.7820499999999995\n                ],\n                [\n                    "2023-06-07",\n                    3.7691500000000007\n                ],\n                [\n                    "2023-06-08",\n                    3.7586999999999997\n                ],\n                [\n                    "2023-06-09",\n                    3.7494\n                ],\n                [\n                    "2023-06-12",\n                    3.7421000000000006\n                ],\n                [\n                    "2023-06-13",\n                    3.7380000000000004\n                ],\n                [\n                    "2023-06-14",\n                    3.73915\n                ],\n                [\n                    "2023-06-15",\n                    3.7445\n                ],\n                [\n                    "2023-06-16",\n                    3.7486999999999995\n                ],\n                [\n                    "2023-06-19",\n                    3.7457000000000003\n                ],\n                [\n                    "2023-06-20",\n                    3.7439999999999998\n                ],\n                [\n                    "2023-06-21",\n                    3.74375\n                ],\n                [\n                    "2023-06-26",\n                    3.7424500000000003\n                ],\n                [\n                    "2023-06-27",\n                    3.7441000000000004\n                ],\n                [\n                    "2023-06-28",\n                    3.7476\n                ],\n                [\n                    "2023-06-29",\n                    3.7514499999999997\n                ],\n                [\n                    "2023-06-30",\n                    3.7585499999999996\n                ],\n                [\n                    "2023-07-03",\n                    3.7676499999999997\n                ],\n                [\n                    "2023-07-04",\n                    3.7731000000000003\n                ],\n                [\n                    "2023-07-05",\n                    3.7776500000000004\n                ],\n                [\n                    "2023-07-06",\n                    3.781\n                ],\n                [\n                    "2023-07-07",\n                    3.7854\n                ],\n                [\n                    "2023-07-10",\n                    3.78845\n                ],\n                [\n                    "2023-07-11",\n                    3.79315\n                ],\n                [\n                    "2023-07-12",\n                    3.79345\n                ],\n                [\n                    "2023-07-13",\n                    3.79655\n                ],\n                [\n                    "2023-07-14",\n                    3.7954\n                ],\n                [\n                    "2023-07-17",\n                    3.78855\n                ],\n                [\n                    "2023-07-18",\n                    3.7801\n                ],\n                [\n                    "2023-07-19",\n                    3.7748999999999997\n                ],\n                [\n                    "2023-07-20",\n                    3.7708999999999997\n                ],\n                [\n                    "2023-07-21",\n                    3.7702999999999998\n                ],\n                [\n                    "2023-07-24",\n                    3.7707\n                ],\n                [\n                    "2023-07-25",\n                    3.7762000000000002\n                ],\n                [\n                    "2023-07-26",\n                    3.7807000000000004\n                ],\n                [\n                    "2023-07-27",\n                    3.7884\n                ],\n                [\n                    "2023-07-28",\n                    3.8002000000000002\n                ],\n                [\n                    "2023-07-31",\n                    3.8088\n                ],\n                [\n                    "2023-08-01",\n                    3.8146\n                ],\n                [\n                    "2023-08-02",\n                    3.82305\n                ],\n                [\n                    "2023-08-03",\n                    3.83315\n                ],\n                [\n                    "2023-08-04",\n                    3.8451999999999997\n                ],\n                [\n                    "2023-08-07",\n                    3.85565\n                ],\n                [\n                    "2023-08-08",\n                    3.86455\n                ],\n                [\n                    "2023-08-09",\n                    3.8738499999999996\n                ],\n                [\n                    "2023-08-10",\n                    3.8782000000000005\n                ],\n                [\n                    "2023-08-11",\n                    3.8801\n                ],\n                [\n                    "2023-08-14",\n                    3.8821\n                ],\n                [\n                    "2023-08-15",\n                    3.8837\n                ],\n                [\n                    "2023-08-16",\n                    3.8853500000000003\n                ],\n                [\n                    "2023-08-17",\n                    3.89005\n                ],\n                [\n                    "2023-08-18",\n                    3.8897500000000003\n                ],\n                [\n                    "2023-08-21",\n                    3.8902\n                ],\n                [\n                    "2023-08-22",\n                    3.8839000000000006\n                ],\n                [\n                    "2023-08-23",\n                    3.87535\n                ],\n                [\n                    "2023-08-24",\n                    3.86915\n                ],\n                [\n                    "2023-08-25",\n                    3.85785\n                ],\n                [\n                    "2023-08-28",\n                    3.84685\n                ],\n                [\n                    "2023-08-29",\n                    3.8406\n                ],\n                [\n                    "2023-08-30",\n                    3.8354499999999994\n                ],\n                [\n                    "2023-08-31",\n                    3.8296\n                ],\n                [\n                    "2023-09-01",\n                    3.8251000000000004\n                ],\n                [\n                    "2023-09-04",\n                    3.8255000000000003\n                ],\n                [\n                    "2023-09-05",\n                    3.8247500000000003\n                ],\n                [\n                    "2023-09-06",\n                    3.8233000000000006\n                ],\n                [\n                    "2023-09-07",\n                    3.8207499999999994\n                ],\n                [\n                    "2023-09-08",\n                    3.8206\n                ],\n                [\n                    "2023-09-11",\n                    3.8241\n                ],\n                [\n                    "2023-09-12",\n                    3.8284999999999996\n                ],\n                [\n                    "2023-09-13",\n                    3.8325000000000005\n                ],\n                [\n                    "2023-09-14",\n                    3.83275\n                ],\n                [\n                    "2023-09-15",\n                    3.8343000000000003\n                ],\n                [\n                    "2023-09-18",\n                    3.8391999999999995\n                ],\n                [\n                    "2023-09-19",\n                    3.8424\n                ],\n                [\n                    "2023-09-20",\n                    3.8476999999999997\n                ],\n                [\n                    "2023-09-21",\n                    3.84615\n                ],\n                [\n                    "2023-09-22",\n                    3.8485\n                ],\n                [\n                    "2023-09-25",\n                    3.8494\n                ],\n                [\n                    "2023-09-26",\n                    3.8459499999999998\n                ],\n                [\n                    "2023-09-27",\n                    3.8414\n                ],\n                [\n                    "2023-09-28",\n                    3.8358499999999998\n                ],\n                [\n                    "2023-10-09",\n                    3.8278499999999993\n                ],\n                [\n                    "2023-10-10",\n                    3.8143000000000002\n                ],\n                [\n                    "2023-10-11",\n                    3.8022\n                ],\n                [\n                    "2023-10-12",\n                    3.7920499999999997\n                ],\n                [\n                    "2023-10-13",\n                    3.7820500000000004\n                ],\n                [\n                    "2023-10-16",\n                    3.7718999999999996\n                ],\n                [\n                    "2023-10-17",\n                    3.76085\n                ],\n                [\n                    "2023-10-18",\n                    3.7499000000000002\n                ],\n                [\n                    "2023-10-19",\n                    3.7345999999999995\n                ],\n                [\n                    "2023-10-20",\n                    3.7194500000000006\n                ],\n                [\n                    "2023-10-23",\n                    3.7061\n                ],\n                [\n                    "2023-10-24",\n                    3.6909\n                ],\n                [\n                    "2023-10-25",\n                    3.67975\n                ],\n                [\n                    "2023-10-26",\n                    3.6706000000000003\n                ],\n                [\n                    "2023-10-27",\n                    3.6661\n                ],\n                [\n                    "2023-10-30",\n                    3.6601\n                ],\n                [\n                    "2023-10-31",\n                    3.6548000000000003\n                ],\n                [\n                    "2023-11-01",\n                    3.6532000000000004\n                ],\n                [\n                    "2023-11-02",\n                    3.6505500000000004\n                ],\n                [\n                    "2023-11-03",\n                    3.6503500000000004\n                ],\n                [\n                    "2023-11-06",\n                    3.6501000000000006\n                ],\n                [\n                    "2023-11-07",\n                    3.650899999999999\n                ],\n                [\n                    "2023-11-08",\n                    3.6513\n                ],\n                [\n                    "2023-11-09",\n                    3.65\n                ],\n                [\n                    "2023-11-10",\n                    3.64905\n                ],\n                [\n                    "2023-11-13",\n                    3.6474\n                ],\n                [\n                    "2023-11-14",\n                    3.64595\n                ],\n                [\n                    "2023-11-15",\n                    3.6458500000000003\n                ],\n                [\n                    "2023-11-16",\n                    3.64965\n                ],\n                [\n                    "2023-11-17",\n                    3.6544\n                ],\n                [\n                    "2023-11-20",\n                    3.6597999999999997\n                ],\n                [\n                    "2023-11-21",\n                    3.6660000000000004\n                ],\n                [\n                    "2023-11-22",\n                    3.66815\n                ],\n                [\n                    "2023-11-23",\n                    3.6698499999999994\n                ],\n                [\n                    "2023-11-24",\n                    3.6685499999999998\n                ],\n                [\n                    "2023-11-27",\n                    3.6637500000000003\n                ],\n                [\n                    "2023-11-28",\n                    3.6594\n                ],\n                [\n                    "2023-11-29",\n                    3.6524499999999995\n                ],\n                [\n                    "2023-11-30",\n                    3.6471999999999993\n                ],\n                [\n                    "2023-12-01",\n                    3.63855\n                ],\n                [\n                    "2023-12-04",\n                    3.6277\n                ],\n                [\n                    "2023-12-05",\n                    3.6145500000000004\n                ],\n                [\n                    "2023-12-06",\n                    3.60225\n                ],\n                [\n                    "2023-12-07",\n                    3.59015\n                ],\n                [\n                    "2023-12-08",\n                    3.58035\n                ],\n                [\n                    "2023-12-11",\n                    3.5719000000000003\n                ],\n                [\n                    "2023-12-12",\n                    3.56385\n                ],\n                [\n                    "2023-12-13",\n                    3.5498999999999996\n                ],\n                [\n                    "2023-12-14",\n                    3.535\n                ],\n                [\n                    "2023-12-15",\n                    3.5199\n                ],\n                [\n                    "2023-12-18",\n                    3.50435\n                ],\n                [\n                    "2023-12-19",\n                    3.48735\n                ],\n                [\n                    "2023-12-20",\n                    3.4698\n                ],\n                [\n                    "2023-12-21",\n                    3.4536500000000006\n                ],\n                [\n                    "2023-12-22",\n                    3.4388000000000005\n                ],\n                [\n                    "2023-12-25",\n                    3.4272\n                ],\n                [\n                    "2023-12-26",\n                    3.4146\n                ],\n                [\n                    "2023-12-27",\n                    3.4030500000000004\n                ],\n                [\n                    "2023-12-28",\n                    3.39525\n                ],\n                [\n                    "2023-12-29",\n                    3.3900999999999994\n                ],\n                [\n                    "2023-12-31",\n                    3.3871499999999997\n                ],\n                [\n                    "2024-01-02",\n                    3.3836500000000003\n                ],\n                [\n                    "2024-01-03",\n                    3.3790500000000003\n                ],\n                [\n                    "2024-01-04",\n                    3.3724499999999997\n                ],\n                [\n                    "2024-01-05",\n                    3.3648499999999997\n                ],\n                [\n                    "2024-01-08",\n                    3.3560000000000003\n                ],\n                [\n                    "2024-01-09",\n                    3.3457999999999997\n                ],\n                [\n                    "2024-01-10",\n                    3.3404\n                ],\n                [\n                    "2024-01-11",\n                    3.33805\n                ],\n                [\n                    "2024-01-12",\n                    3.3356000000000003\n                ],\n                [\n                    "2024-01-15",\n                    3.3324\n                ],\n                [\n                    "2024-01-16",\n                    3.33005\n                ],\n                [\n                    "2024-01-17",\n                    3.3253499999999994\n                ],\n                [\n                    "2024-01-18",\n                    3.3207\n                ],\n                [\n                    "2024-01-19",\n                    3.31625\n                ],\n                [\n                    "2024-01-22",\n                    3.3076\n                ],\n                [\n                    "2024-01-23",\n                    3.2996000000000003\n                ],\n                [\n                    "2024-01-24",\n                    3.29135\n                ],\n                [\n                    "2024-01-25",\n                    3.28095\n                ],\n                [\n                    "2024-01-26",\n                    3.27055\n                ],\n                [\n                    "2024-01-29",\n                    3.26085\n                ],\n                [\n                    "2024-01-30",\n                    3.2511\n                ],\n                [\n                    "2024-01-31",\n                    3.2400999999999995\n                ],\n                [\n                    "2024-02-01",\n                    3.2325000000000004\n                ],\n                [\n                    "2024-02-02",\n                    3.22515\n                ],\n                [\n                    "2024-02-05",\n                    3.2219\n                ],\n                [\n                    "2024-02-06",\n                    3.2246499999999996\n                ],\n                [\n                    "2024-02-07",\n                    3.2296\n                ],\n                [\n                    "2024-02-08",\n                    3.2331000000000003\n                ],\n                [\n                    "2024-02-19",\n                    3.23695\n                ],\n                [\n                    "2024-02-20",\n                    3.2408499999999996\n                ],\n                [\n                    "2024-02-21",\n                    3.24825\n                ],\n                [\n                    "2024-02-22",\n                    3.2600499999999997\n                ],\n                [\n                    "2024-02-23",\n                    3.2698500000000004\n                ],\n                [\n                    "2024-02-26",\n                    3.27885\n                ],\n                [\n                    "2024-02-27",\n                    3.2917500000000004\n                ],\n                [\n                    "2024-02-28",\n                    3.3031999999999995\n                ],\n                [\n                    "2024-02-29",\n                    3.3174\n                ],\n                [\n                    "2024-03-01",\n                    3.33095\n                ],\n                [\n                    "2024-03-04",\n                    3.3435499999999996\n                ],\n                [\n                    "2024-03-05",\n                    3.35805\n                ],\n                [\n                    "2024-03-06",\n                    3.375\n                ],\n                [\n                    "2024-03-07",\n                    3.3939500000000002\n                ],\n                [\n                    "2024-03-08",\n                    3.4107999999999996\n                ],\n                [\n                    "2024-03-11",\n                    3.4303999999999997\n                ],\n                [\n                    "2024-03-12",\n                    3.4522\n                ],\n                [\n                    "2024-03-13",\n                    3.4679499999999996\n                ],\n                [\n                    "2024-03-14",\n                    3.4806\n                ],\n                [\n                    "2024-03-15",\n                    3.4944499999999996\n                ],\n                [\n                    "2024-03-18",\n                    3.5083999999999995\n                ],\n                [\n                    "2024-03-19",\n                    3.5244500000000003\n                ],\n                [\n                    "2024-03-20",\n                    3.5355\n                ],\n                [\n                    "2024-03-21",\n                    3.54615\n                ],\n                [\n                    "2024-03-22",\n                    3.5545500000000003\n                ],\n                [\n                    "2024-03-25",\n                    3.562499999999999\n                ],\n                [\n                    "2024-03-26",\n                    3.5726\n                ],\n                [\n                    "2024-03-27",\n                    3.5829499999999994\n                ],\n                [\n                    "2024-03-28",\n                    3.59135\n                ],\n                [\n                    "2024-03-29",\n                    3.5985\n                ],\n                [\n                    "2024-04-01",\n                    3.61055\n                ],\n                [\n                    "2024-04-02",\n                    3.6192\n                ],\n                [\n                    "2024-04-03",\n                    3.6296500000000003\n                ],\n                [\n                    "2024-04-08",\n                    3.6363999999999996\n                ],\n                [\n                    "2024-04-09",\n                    3.6435000000000004\n                ],\n                [\n                    "2024-04-10",\n                    3.6469500000000004\n                ],\n                [\n                    "2024-04-11",\n                    3.64655\n                ],\n                [\n                    "2024-04-12",\n                    3.64465\n                ],\n                [\n                    "2024-04-15",\n                    3.6479\n                ],\n                [\n                    "2024-04-16",\n                    3.6488500000000004\n                ],\n                [\n                    "2024-04-17",\n                    3.6502000000000003\n                ],\n                [\n                    "2024-04-18",\n                    3.65135\n                ],\n                [\n                    "2024-04-19",\n                    3.6513\n                ],\n                [\n                    "2024-04-22",\n                    3.6522999999999994\n                ],\n                [\n                    "2024-04-23",\n                    3.65575\n                ],\n                [\n                    "2024-04-24",\n                    3.6602000000000006\n                ],\n                [\n                    "2024-04-25",\n                    3.6616499999999994\n                ],\n                [\n                    "2024-04-26",\n                    3.6679500000000003\n                ],\n                [\n                    "2024-04-29",\n                    3.67455\n                ],\n                [\n                    "2024-04-30",\n                    3.68305\n                ],\n                [\n                    "2024-05-06",\n                    3.6915999999999998\n                ],\n                [\n                    "2024-05-07",\n                    3.7012499999999995\n                ],\n                [\n                    "2024-05-08",\n                    3.7091499999999997\n                ],\n                [\n                    "2024-05-09",\n                    3.7213000000000003\n                ],\n                [\n                    "2024-05-10",\n                    3.7335000000000003\n                ],\n                [\n                    "2024-05-13",\n                    3.7457499999999997\n                ],\n                [\n                    "2024-05-14",\n                    3.7572500000000004\n                ],\n                [\n                    "2024-05-15",\n                    3.7703499999999996\n                ],\n                [\n                    "2024-05-16",\n                    3.779\n                ],\n                [\n                    "2024-05-17",\n                    3.7896\n                ],\n                [\n                    "2024-05-20",\n                    3.7992\n                ],\n                [\n                    "2024-05-21",\n                    3.807\n                ],\n                [\n                    "2024-05-22",\n                    3.8148000000000004\n                ],\n                [\n                    "2024-05-23",\n                    3.82045\n                ],\n                [\n                    "2024-05-24",\n                    3.82345\n                ],\n                [\n                    "2024-05-27",\n                    3.82755\n                ],\n                [\n                    "2024-05-28",\n                    3.82995\n                ],\n                [\n                    "2024-05-29",\n                    3.8284\n                ],\n                [\n                    "2024-05-30",\n                    3.8235\n                ],\n                [\n                    "2024-05-31",\n                    3.8162\n                ],\n                [\n                    "2024-06-03",\n                    3.8053\n                ],\n                [\n                    "2024-06-04",\n                    3.7947\n                ],\n                [\n                    "2024-06-05",\n                    3.7842\n                ],\n                [\n                    "2024-06-06",\n                    3.7734\n                ],\n                [\n                    "2024-06-07",\n                    3.7612499999999995\n                ],\n                [\n                    "2024-06-11",\n                    3.7478500000000006\n                ],\n                [\n                    "2024-06-12",\n                    3.7342499999999994\n                ],\n                [\n                    "2024-06-13",\n                    3.7188500000000007\n                ],\n                [\n                    "2024-06-14",\n                    3.70405\n                ],\n                [\n                    "2024-06-17",\n                    3.68835\n                ],\n                [\n                    "2024-06-18",\n                    3.6719500000000003\n                ],\n                [\n                    "2024-06-19",\n                    3.65525\n                ],\n                [\n                    "2024-06-20",\n                    3.6391999999999998\n                ],\n                [\n                    "2024-06-21",\n                    3.62275\n                ],\n                [\n                    "2024-06-24",\n                    3.6090500000000008\n                ],\n                [\n                    "2024-06-25",\n                    3.5946\n                ],\n                [\n                    "2024-06-26",\n                    3.582\n                ],\n                [\n                    "2024-06-27",\n                    3.568\n                ],\n                [\n                    "2024-06-28",\n                    3.5545\n                ],\n                [\n                    "2024-06-30",\n                    3.54145\n                ],\n                [\n                    "2024-07-01",\n                    3.527\n                ],\n                [\n                    "2024-07-02",\n                    3.51185\n                ],\n                [\n                    "2024-07-03",\n                    3.4960500000000003\n                ],\n                [\n                    "2024-07-04",\n                    3.4796500000000004\n                ],\n                [\n                    "2024-07-05",\n                    3.4640500000000003\n                ],\n                [\n                    "2024-07-08",\n                    3.4488499999999993\n                ],\n                [\n                    "2024-07-09",\n                    3.435250000000001\n                ],\n                [\n                    "2024-07-10",\n                    3.42405\n                ],\n                [\n                    "2024-07-11",\n                    3.41425\n                ],\n                [\n                    "2024-07-12",\n                    3.4063000000000003\n                ],\n                [\n                    "2024-07-15",\n                    3.39925\n                ],\n                [\n                    "2024-07-16",\n                    3.39255\n                ],\n                [\n                    "2024-07-17",\n                    3.3886500000000006\n                ],\n                [\n                    "2024-07-18",\n                    3.38705\n                ],\n                [\n                    "2024-07-19",\n                    3.3863999999999996\n                ],\n                [\n                    "2024-07-22",\n                    3.38305\n                ],\n                [\n                    "2024-07-23",\n                    3.37375\n                ],\n                [\n                    "2024-07-24",\n                    3.3638500000000002\n                ],\n                [\n                    "2024-07-25",\n                    3.3546499999999995\n                ],\n                [\n                    "2024-07-26",\n                    3.3475\n                ],\n                [\n                    "2024-07-29",\n                    3.33815\n                ],\n                [\n                    "2024-07-30",\n                    3.3276000000000003\n                ],\n                [\n                    "2024-07-31",\n                    3.3231\n                ],\n                [\n                    "2024-08-01",\n                    3.31565\n                ],\n                [\n                    "2024-08-02",\n                    3.30815\n                ],\n                [\n                    "2024-08-05",\n                    3.3028500000000003\n                ],\n                [\n                    "2024-08-06",\n                    3.29595\n                ],\n                [\n                    "2024-08-07",\n                    3.2905\n                ],\n                [\n                    "2024-08-08",\n                    3.2840499999999997\n                ],\n                [\n                    "2024-08-09",\n                    3.2759500000000004\n                ],\n                [\n                    "2024-08-12",\n                    3.26805\n                ],\n                [\n                    "2024-08-13",\n                    3.2595\n                ],\n                [\n                    "2024-08-14",\n                    3.248\n                ],\n                [\n                    "2024-08-15",\n                    3.23645\n                ],\n                [\n                    "2024-08-16",\n                    3.22365\n                ],\n                [\n                    "2024-08-19",\n                    3.2124499999999996\n                ],\n                [\n                    "2024-08-20",\n                    3.20625\n                ],\n                [\n                    "2024-08-21",\n                    3.2024500000000002\n                ],\n                [\n                    "2024-08-22",\n                    3.1987\n                ],\n                [\n                    "2024-08-23",\n                    3.194\n                ],\n                [\n                    "2024-08-26",\n                    3.1915\n                ],\n                [\n                    "2024-08-27",\n                    3.18935\n                ],\n                [\n                    "2024-08-28",\n                    3.1802\n                ],\n                [\n                    "2024-08-29",\n                    3.1762\n                ],\n                [\n                    "2024-08-30",\n                    3.17715\n                ],\n                [\n                    "2024-09-02",\n                    3.1741\n                ],\n                [\n                    "2024-09-03",\n                    3.1732\n                ],\n                [\n                    "2024-09-04",\n                    3.1701\n                ],\n                [\n                    "2024-09-05",\n                    3.16585\n                ],\n                [\n                    "2024-09-06",\n                    3.1603499999999998\n                ],\n                [\n                    "2024-09-09",\n                    3.1525499999999997\n                ],\n                [\n                    "2024-09-10",\n                    3.14585\n                ],\n                [\n                    "2024-09-11",\n                    3.14135\n                ],\n                [\n                    "2024-09-12",\n                    3.1338999999999997\n                ],\n                [\n                    "2024-09-13",\n                    3.1252\n                ],\n                [\n                    "2024-09-18",\n                    3.1183\n                ],\n                [\n                    "2024-09-19",\n                    3.114\n                ],\n                [\n                    "2024-09-20",\n                    3.11055\n                ],\n                [\n                    "2024-09-23",\n                    3.1083\n                ],\n                [\n                    "2024-09-24",\n                    3.1092\n                ],\n                [\n                    "2024-09-25",\n                    3.1129000000000002\n                ],\n                [\n                    "2024-09-26",\n                    3.12665\n                ],\n                [\n                    "2024-09-27",\n                    3.1519500000000003\n                ],\n                [\n                    "2024-09-30",\n                    3.1886\n                ],\n                [\n                    "2024-10-08",\n                    3.22725\n                ],\n                [\n                    "2024-10-09",\n                    3.2560000000000002\n                ],\n                [\n                    "2024-10-10",\n                    3.28685\n                ],\n                [\n                    "2024-10-11",\n                    3.31335\n                ],\n                [\n                    "2024-10-14",\n                    3.34225\n                ],\n                [\n                    "2024-10-15",\n                    3.36715\n                ],\n                [\n                    "2024-10-16",\n                    3.3918\n                ],\n                [\n                    "2024-10-17",\n                    3.4140499999999996\n                ],\n                [\n                    "2024-10-18",\n                    3.4399\n                ],\n                [\n                    "2024-10-21",\n                    3.4683\n                ],\n                [\n                    "2024-10-22",\n                    3.5004999999999997\n                ],\n                [\n                    "2024-10-23",\n                    3.5334000000000003\n                ],\n                [\n                    "2024-10-24",\n                    3.5615\n                ],\n                [\n                    "2024-10-25",\n                    3.5898500000000007\n                ],\n                [\n                    "2024-10-28",\n                    3.6190000000000007\n                ],\n                [\n                    "2024-10-29",\n                    3.6422\n                ],\n                [\n                    "2024-10-30",\n                    3.6606499999999995\n                ],\n                [\n                    "2024-10-31",\n                    3.6686500000000004\n                ],\n                [\n                    "2024-11-01",\n                    3.6689499999999997\n                ],\n                [\n                    "2024-11-04",\n                    3.6584000000000003\n                ],\n                [\n                    "2024-11-05",\n                    3.6446499999999995\n                ],\n                [\n                    "2024-11-06",\n                    3.6423\n                ],\n                [\n                    "2024-11-07",\n                    3.6432500000000005\n                ],\n                [\n                    "2024-11-08",\n                    3.64645\n                ],\n                [\n                    "2024-11-11",\n                    3.6463\n                ],\n                [\n                    "2024-11-12",\n                    3.6514999999999995\n                ],\n                [\n                    "2024-11-13",\n                    3.65995\n                ],\n                [\n                    "2024-11-14",\n                    3.6691000000000003\n                ],\n                [\n                    "2024-11-15",\n                    3.6723500000000002\n                ],\n                [\n                    "2024-11-18",\n                    3.6732500000000003\n                ],\n                [\n                    "2024-11-19",\n                    3.6713\n                ],\n                [\n                    "2024-11-20",\n                    3.6674999999999995\n                ],\n                [\n                    "2024-11-21",\n                    3.6659999999999995\n                ],\n                [\n                    "2024-11-22",\n                    3.6592499999999992\n                ],\n                [\n                    "2024-11-25",\n                    3.6504\n                ],\n                [\n                    "2024-11-26",\n                    3.6442\n                ],\n                [\n                    "2024-11-27",\n                    3.6427\n                ],\n                [\n                    "2024-11-28",\n                    3.64065\n                ],\n                [\n                    "2024-11-29",\n                    3.6390000000000002\n                ],\n                [\n                    "2024-12-02",\n                    3.6361499999999998\n                ],\n                [\n                    "2024-12-03",\n                    3.6309000000000005\n                ],\n                [\n                    "2024-12-04",\n                    3.62735\n                ],\n                [\n                    "2024-12-05",\n                    3.61515\n                ],\n                [\n                    "2024-12-06",\n                    3.60705\n                ],\n                [\n                    "2024-12-09",\n                    3.6000500000000004\n                ],\n                [\n                    "2024-12-10",\n                    3.5955000000000004\n                ],\n                [\n                    "2024-12-11",\n                    3.592\n                ],\n                [\n                    "2024-12-12",\n                    3.5934\n                ],\n                [\n                    "2024-12-13",\n                    3.5921499999999993\n                ],\n                [\n                    "2024-12-16",\n                    3.5906999999999996\n                ],\n                [\n                    "2024-12-17",\n                    3.59065\n                ],\n                [\n                    "2024-12-18",\n                    3.5904499999999997\n                ],\n                [\n                    "2024-12-19",\n                    3.5899\n                ],\n                [\n                    "2024-12-20",\n                    3.5932000000000004\n                ],\n                [\n                    "2024-12-23",\n                    3.5967\n                ],\n                [\n                    "2024-12-24",\n                    3.6009\n                ],\n                [\n                    "2024-12-25",\n                    3.6027\n                ],\n                [\n                    "2024-12-26",\n                    3.60595\n                ],\n                [\n                    "2024-12-27",\n                    3.60805\n                ],\n                [\n                    "2024-12-30",\n                    3.6086\n                ],\n                [\n                    "2024-12-31",\n                    3.60895\n                ],\n                [\n                    "2025-01-02",\n                    3.6064\n                ],\n                [\n                    "2025-01-03",\n                    3.6037999999999997\n                ],\n                [\n                    "2025-01-06",\n                    3.5980499999999997\n                ],\n                [\n                    "2025-01-07",\n                    3.5928999999999993\n                ],\n                [\n                    "2025-01-08",\n                    3.58645\n                ],\n                [\n                    "2025-01-09",\n                    3.5791000000000004\n                ],\n                [\n                    "2025-01-10",\n                    3.5663000000000005\n                ],\n                [\n                    "2025-01-13",\n                    3.5569499999999996\n                ],\n                [\n                    "2025-01-14",\n                    3.553\n                ],\n                [\n                    "2025-01-15",\n                    3.5462000000000002\n                ],\n                [\n                    "2025-01-16",\n                    3.53885\n                ],\n                [\n                    "2025-01-17",\n                    3.5339000000000005\n                ],\n                [\n                    "2025-01-20",\n                    3.5305500000000003\n                ],\n                [\n                    "2025-01-21",\n                    3.527\n                ],\n                [\n                    "2025-01-22",\n                    3.51905\n                ],\n                [\n                    "2025-01-23",\n                    3.5112\n                ],\n                [\n                    "2025-01-24",\n                    3.50415\n                ],\n                [\n                    "2025-01-27",\n                    3.49725\n                ],\n                [\n                    "2025-02-05",\n                    3.48765\n                ],\n                [\n                    "2025-02-06",\n                    3.4790499999999995\n                ],\n                [\n                    "2025-02-07",\n                    3.4757999999999996\n                ],\n                [\n                    "2025-02-10",\n                    3.47395\n                ],\n                [\n                    "2025-02-11",\n                    3.4725499999999996\n                ],\n                [\n                    "2025-02-12",\n                    3.4716500000000003\n                ],\n                [\n                    "2025-02-13",\n                    3.4715499999999997\n                ],\n                [\n                    "2025-02-14",\n                    3.4715499999999997\n                ],\n                [\n                    "2025-02-17",\n                    3.4732999999999996\n                ],\n                [\n                    "2025-02-18",\n                    3.4747999999999997\n                ],\n                [\n                    "2025-02-19",\n                    3.4733000000000005\n                ],\n                [\n                    "2025-02-20",\n                    3.4730500000000006\n                ],\n                [\n                    "2025-02-21",\n                    3.4741\n                ],\n                [\n                    "2025-02-24",\n                    3.4741499999999994\n                ],\n                [\n                    "2025-02-25",\n                    3.47035\n                ],\n                [\n                    "2025-02-26",\n                    3.4685499999999996\n                ],\n                [\n                    "2025-02-27",\n                    3.4722999999999997\n                ],\n                [\n                    "2025-02-28",\n                    3.4756500000000004\n                ],\n                [\n                    "2025-03-03",\n                    3.4775\n                ],\n                [\n                    "2025-03-04",\n                    3.4776\n                ],\n                [\n                    "2025-03-05",\n                    3.4811500000000004\n                ],\n                [\n                    "2025-03-06",\n                    3.485550000000001\n                ],\n                [\n                    "2025-03-07",\n                    3.4891499999999995\n                ],\n                [\n                    "2025-03-10",\n                    3.4929500000000004\n                ],\n                [\n                    "2025-03-11",\n                    3.5005\n                ],\n                [\n                    "2025-03-12",\n                    3.5066\n                ],\n                [\n                    "2025-03-13",\n                    3.51055\n                ],\n                [\n                    "2025-03-14",\n                    3.52025\n                ],\n                [\n                    "2025-03-17",\n                    3.53075\n                ],\n                [\n                    "2025-03-18",\n                    3.5420000000000003\n                ],\n                [\n                    "2025-03-19",\n                    3.55265\n                ],\n                [\n                    "2025-03-20",\n                    3.562\n                ],\n                [\n                    "2025-03-21",\n                    3.56785\n                ],\n                [\n                    "2025-03-24",\n                    3.5742000000000003\n                ],\n                [\n                    "2025-03-25",\n                    3.5826000000000002\n                ],\n                [\n                    "2025-03-26",\n                    3.59005\n                ],\n                [\n                    "2025-03-27",\n                    3.59645\n                ],\n                [\n                    "2025-03-28",\n                    3.6020499999999998\n                ],\n                [\n                    "2025-03-31",\n                    3.6081499999999997\n                ],\n                [\n                    "2025-04-01",\n                    3.61475\n                ],\n                [\n                    "2025-04-02",\n                    3.6205\n                ],\n                [\n                    "2025-04-03",\n                    3.6234500000000005\n                ],\n                [\n                    "2025-04-07",\n                    3.6155500000000003\n                ],\n                [\n                    "2025-04-08",\n                    3.6110999999999995\n                ],\n                [\n                    "2025-04-09",\n                    3.6058\n                ],\n                [\n                    "2025-04-10",\n                    3.6023500000000004\n                ],\n                [\n                    "2025-04-11",\n                    3.5987\n                ],\n                [\n                    "2025-04-14",\n                    3.5874499999999996\n                ],\n                [\n                    "2025-04-15",\n                    3.5766000000000004\n                ],\n                [\n                    "2025-04-16",\n                    3.5664499999999997\n                ],\n                [\n                    "2025-04-17",\n                    3.5574\n                ],\n                [\n                    "2025-04-18",\n                    3.5485999999999995\n                ],\n                [\n                    "2025-04-21",\n                    3.5426\n                ],\n                [\n                    "2025-04-22",\n                    3.5361999999999996\n                ],\n                [\n                    "2025-04-23",\n                    3.531\n                ],\n                [\n                    "2025-04-24",\n                    3.5248\n                ],\n                [\n                    "2025-04-25",\n                    3.5168500000000003\n                ],\n                [\n                    "2025-04-28",\n                    3.5097499999999995\n                ],\n                [\n                    "2025-04-29",\n                    3.50225\n                ],\n                [\n                    "2025-04-30",\n                    3.4953000000000003\n                ],\n                [\n                    "2025-05-06",\n                    3.4899\n                ],\n                [\n                    "2025-05-07",\n                    3.48595\n                ],\n                [\n                    "2025-05-08",\n                    3.49265\n                ],\n                [\n                    "2025-05-09",\n                    3.49565\n                ],\n                [\n                    "2025-05-12",\n                    3.49835\n                ],\n                [\n                    "2025-05-13",\n                    3.4988\n                ],\n                [\n                    "2025-05-14",\n                    3.5016\n                ],\n                [\n                    "2025-05-15",\n                    3.5045\n                ],\n                [\n                    "2025-05-16",\n                    3.5061999999999998\n                ],\n                [\n                    "2025-05-19",\n                    3.50595\n                ],\n                [\n                    "2025-05-20",\n                    3.5061\n                ],\n                [\n                    "2025-05-21",\n                    3.5076\n                ],\n                [\n                    "2025-05-22",\n                    3.50905\n                ],\n                [\n                    "2025-05-23",\n                    3.50955\n                ],\n                [\n                    "2025-05-26",\n                    3.50725\n                ],\n                [\n                    "2025-05-27",\n                    3.5050499999999998\n                ],\n                [\n                    "2025-05-28",\n                    3.5039000000000002\n                ],\n                [\n                    "2025-05-29",\n                    3.5036500000000004\n                ],\n                [\n                    "2025-05-30",\n                    3.5029000000000003\n                ],\n                [\n                    "2025-06-03",\n                    3.50105\n                ],\n                [\n                    "2025-06-04",\n                    3.4985\n                ],\n                [\n                    "2025-06-05",\n                    3.4959500000000006\n                ],\n                [\n                    "2025-06-06",\n                    3.49215\n                ],\n                [\n                    "2025-06-09",\n                    3.4878\n                ],\n                [\n                    "2025-06-10",\n                    3.48125\n                ],\n                [\n                    "2025-06-11",\n                    3.4766\n                ],\n                [\n                    "2025-06-12",\n                    3.46845\n                ],\n                [\n                    "2025-06-13",\n                    3.45865\n                ],\n                [\n                    "2025-06-16",\n                    3.4486000000000003\n                ],\n                [\n                    "2025-06-17",\n                    3.4398000000000004\n                ],\n                [\n                    "2025-06-18",\n                    3.4311999999999996\n                ],\n                [\n                    "2025-06-19",\n                    3.4213\n                ],\n                [\n                    "2025-06-20",\n                    3.4131500000000004\n                ],\n                [\n                    "2025-06-23",\n                    3.4036500000000003\n                ],\n                [\n                    "2025-06-24",\n                    3.3983000000000003\n                ],\n                [\n                    "2025-06-25",\n                    3.39435\n                ],\n                [\n                    "2025-06-26",\n                    3.3883\n                ],\n                [\n                    "2025-06-27",\n                    3.3815\n                ],\n                [\n                    "2025-06-30",\n                    3.3765499999999995\n                ],\n                [\n                    "2025-07-01",\n                    3.3729\n                ],\n                [\n                    "2025-07-02",\n                    3.3694499999999996\n                ],\n                [\n                    "2025-07-03",\n                    3.3664\n                ],\n                [\n                    "2025-07-04",\n                    3.3640999999999996\n                ],\n                [\n                    "2025-07-07",\n                    3.36205\n                ],\n                [\n                    "2025-07-08",\n                    3.3608\n                ],\n                [\n                    "2025-07-09",\n                    3.3584000000000005\n                ],\n                [\n                    "2025-07-10",\n                    3.3568\n                ],\n                [\n                    "2025-07-11",\n                    3.35845\n                ],\n                [\n                    "2025-07-14",\n                    3.36145\n                ],\n                [\n                    "2025-07-15",\n                    3.3643500000000004\n                ],\n                [\n                    "2025-07-16",\n                    3.36595\n                ],\n                [\n                    "2025-07-17",\n                    3.3695499999999994\n                ],\n                [\n                    "2025-07-18",\n                    3.37225\n                ],\n                [\n                    "2025-07-21",\n                    3.3768000000000002\n                ],\n                [\n                    "2025-07-22",\n                    3.38195\n                ],\n                [\n                    "2025-07-23",\n                    3.38635\n                ],\n                [\n                    "2025-07-24",\n                    3.3923499999999995\n                ],\n                [\n                    "2025-07-25",\n                    3.3973999999999998\n                ],\n                [\n                    "2025-07-28",\n                    3.4006999999999996\n                ],\n                [\n                    "2025-07-29",\n                    3.40315\n                ],\n                [\n                    "2025-07-30",\n                    3.4061999999999997\n                ],\n                [\n                    "2025-07-31",\n                    3.4044499999999998\n                ],\n                [\n                    "2025-08-01",\n                    3.4025\n                ],\n                [\n                    "2025-08-04",\n                    3.4019500000000003\n                ],\n                [\n                    "2025-08-05",\n                    3.4031999999999996\n                ],\n                [\n                    "2025-08-06",\n                    3.4045500000000004\n                ],\n                [\n                    "2025-08-07",\n                    3.40685\n                ],\n                [\n                    "2025-08-08",\n                    3.40825\n                ],\n                [\n                    "2025-08-11",\n                    3.4111000000000002\n                ],\n                [\n                    "2025-08-12",\n                    3.4153\n                ],\n                [\n                    "2025-08-13",\n                    3.41965\n                ],\n                [\n                    "2025-08-14",\n                    3.4227000000000003\n                ],\n                [\n                    "2025-08-15",\n                    3.42605\n                ],\n                [\n                    "2025-08-18",\n                    3.43035\n                ],\n                [\n                    "2025-08-19",\n                    3.4335999999999998\n                ],\n                [\n                    "2025-08-20",\n                    3.4399\n                ],\n                [\n                    "2025-08-21",\n                    3.4465500000000007\n                ],\n                [\n                    "2025-08-22",\n                    3.4554\n                ],\n                [\n                    "2025-08-25",\n                    3.4694000000000003\n                ],\n                [\n                    "2025-08-26",\n                    3.4853500000000004\n                ],\n                [\n                    "2025-08-27",\n                    3.49575\n                ],\n                [\n                    "2025-08-28",\n                    3.50985\n                ],\n                [\n                    "2025-08-29",\n                    3.5273000000000003\n                ],\n                [\n                    "2025-09-01",\n                    3.54385\n                ],\n                [\n                    "2025-09-02",\n                    3.55925\n                ],\n                [\n                    "2025-09-03",\n                    3.5726499999999994\n                ],\n                [\n                    "2025-09-04",\n                    3.58425\n                ],\n                [\n                    "2025-09-05",\n                    3.5985500000000004\n                ],\n                [\n                    "2025-09-08",\n                    3.6134\n                ],\n                [\n                    "2025-09-09",\n                    3.62845\n                ],\n                [\n                    "2025-09-10",\n                    3.64315\n                ],\n                [\n                    "2025-09-11",\n                    3.6594499999999996\n                ],\n                [\n                    "2025-09-12",\n                    3.6731000000000003\n                ],\n                [\n                    "2025-09-15",\n                    3.6855\n                ],\n                [\n                    "2025-09-16",\n                    3.6964000000000006\n                ],\n                [\n                    "2025-09-17",\n                    3.70445\n                ],\n                [\n                    "2025-09-18",\n                    3.70905\n                ],\n                [\n                    "2025-09-19",\n                    3.7125\n                ],\n                [\n                    "2025-09-22",\n                    3.71015\n                ],\n                [\n                    "2025-09-23",\n                    3.7063499999999996\n                ],\n                [\n                    "2025-09-24",\n                    3.7071999999999994\n                ],\n                [\n                    "2025-09-25",\n                    3.7068\n                ],\n                [\n                    "2025-09-26",\n                    3.70235\n                ],\n                [\n                    "2025-09-29",\n                    3.6996\n                ],\n                [\n                    "2025-09-30",\n                    3.69625\n                ],\n                [\n                    "2025-10-09",\n                    3.6931000000000003\n                ],\n                [\n                    "2025-10-10",\n                    3.6913999999999993\n                ],\n                [\n                    "2025-10-13",\n                    3.68425\n                ],\n                [\n                    "2025-10-14",\n                    3.6751999999999994\n                ],\n                [\n                    "2025-10-15",\n                    3.6662\n                ],\n                [\n                    "2025-10-16",\n                    3.6588499999999997\n                ],\n                [\n                    "2025-10-17",\n                    3.647\n                ],\n                [\n                    "2025-10-20",\n                    3.63675\n                ],\n                [\n                    "2025-10-21",\n                    3.6272999999999995\n                ],\n                [\n                    "2025-10-22",\n                    3.6171499999999996\n                ],\n                [\n                    "2025-10-23",\n                    3.6085000000000003\n                ],\n                [\n                    "2025-10-24",\n                    3.6010999999999997\n                ],\n                [\n                    "2025-10-27",\n                    3.59405\n                ],\n                [\n                    "2025-10-28",\n                    3.589149999999999\n                ],\n                [\n                    "2025-10-29",\n                    3.58455\n                ],\n                [\n                    "2025-10-30",\n                    3.5799\n                ],\n                [\n                    "2025-10-31",\n                    3.5787\n                ],\n                [\n                    "2025-11-03",\n                    3.5774\n                ],\n                [\n                    "2025-11-04",\n                    3.5726999999999998\n                ],\n                [\n                    "2025-11-05",\n                    3.56745\n                ],\n                [\n                    "2025-11-06",\n                    3.5646\n                ],\n                [\n                    "2025-11-07",\n                    3.561750000000001\n                ],\n                [\n                    "2025-11-10",\n                    3.5661499999999995\n                ],\n                [\n                    "2025-11-11",\n                    3.5698\n                ],\n                [\n                    "2025-11-12",\n                    3.5722\n                ],\n                [\n                    "2025-11-13",\n                    3.5737500000000004\n                ],\n                [\n                    "2025-11-14",\n                    3.5763999999999996\n                ],\n                [\n                    "2025-11-17",\n                    3.57785\n                ],\n                [\n                    "2025-11-18",\n                    3.5779000000000005\n                ],\n                [\n                    "2025-11-19",\n                    3.5795000000000003\n                ],\n                [\n                    "2025-11-20",\n                    3.57895\n                ],\n                [\n                    "2025-11-21",\n                    3.5792500000000005\n                ],\n                [\n                    "2025-11-24",\n                    3.57895\n                ],\n                [\n                    "2025-11-25",\n                    3.57885\n                ],\n                [\n                    "2025-11-26",\n                    3.5797999999999996\n                ],\n                [\n                    "2025-11-27",\n                    3.5807\n                ],\n                [\n                    "2025-11-28",\n                    3.5805\n                ],\n                [\n                    "2025-12-01",\n                    3.5813499999999996\n                ],\n                [\n                    "2025-12-02",\n                    3.58305\n                ],\n                [\n                    "2025-12-03",\n                    3.58425\n                ],\n                [\n                    "2025-12-04",\n                    3.58315\n                ],\n                [\n                    "2025-12-05",\n                    3.58315\n                ],\n                [\n                    "2025-12-08",\n                    3.5772500000000003\n                ],\n                [\n                    "2025-12-09",\n                    3.56965\n                ],\n                [\n                    "2025-12-10",\n                    3.5634500000000005\n                ],\n                [\n                    "2025-12-11",\n                    3.55605\n                ],\n                [\n                    "2025-12-12",\n                    3.5519\n                ],\n                [\n                    "2025-12-15",\n                    3.54895\n                ],\n                [\n                    "2025-12-16",\n                    3.5460499999999997\n                ],\n                [\n                    "2025-12-17",\n                    3.54345\n                ],\n                [\n                    "2025-12-18",\n                    3.54035\n                ],\n                [\n                    "2025-12-19",\n                    3.5381499999999995\n                ],\n                [\n                    "2025-12-22",\n                    3.5362\n                ],\n                [\n                    "2025-12-23",\n                    3.533\n                ],\n                [\n                    "2025-12-24",\n                    3.52785\n                ],\n                [\n                    "2025-12-25",\n                    3.5238\n                ],\n                [\n                    "2025-12-26",\n                    3.5187000000000004\n                ],\n                [\n                    "2025-12-29",\n                    3.51145\n                ],\n                [\n                    "2025-12-30",\n                    3.5056000000000003\n                ],\n                [\n                    "2025-12-31",\n                    3.4994500000000004\n                ],\n                [\n                    "2026-01-05",\n                    3.4967999999999995\n                ],\n                [\n                    "2026-01-06",\n                    3.4936999999999996\n                ],\n                [\n                    "2026-01-07",\n                    3.4915\n                ],\n                [\n                    "2026-01-08",\n                    3.4899999999999998\n                ],\n                [\n                    "2026-01-09",\n                    3.4875\n                ],\n                [\n                    "2026-01-12",\n                    3.4857\n                ],\n                [\n                    "2026-01-13",\n                    3.4807500000000005\n                ],\n                [\n                    "2026-01-14",\n                    3.4745\n                ],\n                [\n                    "2026-01-15",\n                    3.4691500000000004\n                ],\n                [\n                    "2026-01-16",\n                    3.4624500000000005\n                ],\n                [\n                    "2026-01-19",\n                    3.45655\n                ],\n                [\n                    "2026-01-20",\n                    3.4507000000000003\n                ],\n                [\n                    "2026-01-21",\n                    3.4430500000000004\n                ],\n                [\n                    "2026-01-22",\n                    3.43565\n                ],\n                [\n                    "2026-01-23",\n                    3.42845\n                ],\n                [\n                    "2026-01-26",\n                    3.4193\n                ],\n                [\n                    "2026-01-27",\n                    3.4095999999999997\n                ],\n                [\n                    "2026-01-28",\n                    3.4015500000000003\n                ],\n                [\n                    "2026-01-29",\n                    3.39925\n                ],\n                [\n                    "2026-01-30",\n                    3.3945\n                ],\n                [\n                    "2026-02-02",\n                    3.3876000000000004\n                ],\n                [\n                    "2026-02-03",\n                    3.382\n                ],\n                [\n                    "2026-02-04",\n                    3.3816499999999996\n                ],\n                [\n                    "2026-02-05",\n                    3.3837\n                ],\n                [\n                    "2026-02-06",\n                    3.38275\n                ],\n                [\n                    "2026-02-09",\n                    3.3814\n                ],\n                [\n                    "2026-02-10",\n                    3.3808499999999997\n                ],\n                [\n                    "2026-02-11",\n                    3.38155\n                ],\n                [\n                    "2026-02-12",\n                    3.3804499999999997\n                ],\n                [\n                    "2026-02-13",\n                    3.37915\n                ],\n                [\n                    "2026-02-24",\n                    3.3775\n                ],\n                [\n                    "2026-02-25",\n                    3.37575\n                ],\n                [\n                    "2026-02-26",\n                    3.3735999999999997\n                ],\n                [\n                    "2026-02-27",\n                    3.3714000000000004\n                ],\n                [\n                    "2026-03-02",\n                    3.3684\n                ],\n                [\n                    "2026-03-03",\n                    3.36445\n                ],\n                [\n                    "2026-03-04",\n                    3.3587000000000002\n                ],\n                [\n                    "2026-03-05",\n                    3.3537500000000002\n                ],\n                [\n                    "2026-03-06",\n                    3.3444000000000003\n                ],\n                [\n                    "2026-03-09",\n                    3.3368500000000005\n                ],\n                [\n                    "2026-03-10",\n                    3.3305\n                ],\n                [\n                    "2026-03-11",\n                    3.3235\n                ],\n                [\n                    "2026-03-12",\n                    3.3118499999999997\n                ],\n                [\n                    "2026-03-13",\n                    3.2993\n                ],\n                [\n                    "2026-03-16",\n                    3.2912\n                ],\n                [\n                    "2026-03-17",\n                    3.28335\n                ],\n                [\n                    "2026-03-18",\n                    3.2756\n                ],\n                [\n                    "2026-03-19",\n                    3.26545\n                ],\n                [\n                    "2026-03-20",\n                    3.25625\n                ],\n                [\n                    "2026-03-23",\n                    3.2433\n                ],\n                [\n                    "2026-03-24",\n                    3.2317\n                ],\n                [\n                    "2026-03-25",\n                    3.2210499999999995\n                ],\n                [\n                    "2026-03-26",\n                    3.21055\n                ],\n                [\n                    "2026-03-27",\n                    3.2027500000000004\n                ],\n                [\n                    "2026-03-30",\n                    3.1955\n                ],\n                [\n                    "2026-03-31",\n                    3.1896500000000003\n                ],\n                [\n                    "2026-04-01",\n                    3.1885499999999998\n                ],\n                [\n                    "2026-04-02",\n                    3.1874\n                ],\n                [\n                    "2026-04-03",\n                    3.18225\n                ],\n                [\n                    "2026-04-07",\n                    3.17775\n                ],\n                [\n                    "2026-04-08",\n                    3.1746499999999997\n                ],\n                [\n                    "2026-04-09",\n                    3.1687000000000003\n                ],\n                [\n                    "2026-04-10",\n                    3.16315\n                ],\n                [\n                    "2026-04-13",\n                    3.1564\n                ],\n                [\n                    "2026-04-14",\n                    3.14905\n                ],\n                [\n                    "2026-04-15",\n                    3.1427\n                ],\n                [\n                    "2026-04-16",\n                    3.13915\n                ]\n            ],\n            "hoverAnimation": true,\n            "label": {\n                "show": false,\n                "margin": 8,\n                "richInheritPlainLabel": true,\n                "valueAnimation": false\n            },\n            "logBase": 10,\n            "seriesLayoutBy": "column",\n            "lineStyle": {\n                "show": false,\n                "width": 1.2\n            },\n            "areaStyle": {\n                "opacity": 0\n            },\n            "zlevel": 0,\n            "z": 0\n        },\n        {\n            "type": "line",\n            "name": "MA250",\n            "connectNulls": false,\n            "xAxisIndex": 0,\n            "symbolSize": 4,\n            "showSymbol": false,\n            "smooth": true,\n            "clip": true,\n            "step": false,\n            "stackStrategy": "samesign",\n            "data": [\n                [\n                    "2010-08-20",\n                    null\n                ],\n                [\n                    "2010-08-27",\n                    null\n                ],\n                [\n                    "2010-09-03",\n                    null\n                ],\n                [\n                    "2010-09-10",\n                    null\n                ],\n                [\n                    "2010-09-17",\n                    null\n                ],\n                [\n                    "2010-09-21",\n                    null\n                ],\n                [\n                    "2010-09-30",\n                    null\n                ],\n                [\n                    "2010-10-08",\n                    null\n                ],\n                [\n                    "2010-10-15",\n                    null\n                ],\n                [\n                    "2010-10-22",\n                    null\n                ],\n                [\n                    "2010-10-26",\n                    null\n                ],\n                [\n                    "2010-10-27",\n                    null\n                ],\n                [\n                    "2010-10-28",\n                    null\n                ],\n                [\n                    "2010-10-29",\n                    null\n                ],\n                [\n                    "2010-11-01",\n                    null\n                ],\n                [\n                    "2010-11-02",\n                    null\n                ],\n                [\n                    "2010-11-03",\n                    null\n                ],\n                [\n                    "2010-11-04",\n                    null\n                ],\n                [\n                    "2010-11-05",\n                    null\n                ],\n                [\n                    "2010-11-08",\n                    null\n                ],\n                [\n                    "2010-11-09",\n                    null\n                ],\n                [\n                    "2010-11-10",\n                    null\n                ],\n                [\n                    "2010-11-11",\n                    null\n                ],\n                [\n                    "2010-11-12",\n                    null\n                ],\n                [\n                    "2010-11-15",\n                    null\n                ],\n                [\n                    "2010-11-16",\n                    null\n                ],\n                [\n                    "2010-11-17",\n                    null\n                ],\n                [\n                    "2010-11-18",\n                    null\n                ],\n                [\n                    "2010-11-19",\n                    null\n                ],\n                [\n                    "2010-11-22",\n                    null\n                ],\n                [\n                    "2010-11-23",\n                    null\n                ],\n                [\n                    "2010-11-24",\n                    null\n                ],\n                [\n                    "2010-11-25",\n                    null\n                ],\n                [\n                    "2010-11-26",\n                    null\n                ],\n                [\n                    "2010-11-29",\n                    null\n                ],\n                [\n                    "2010-11-30",\n                    null\n                ],\n                [\n                    "2010-12-01",\n                    null\n                ],\n                [\n                    "2010-12-02",\n                    null\n                ],\n                [\n                    "2010-12-03",\n                    null\n                ],\n                [\n                    "2010-12-06",\n                    null\n                ],\n                [\n                    "2010-12-07",\n                    null\n                ],\n                [\n                    "2010-12-08",\n                    null\n                ],\n                [\n                    "2010-12-09",\n                    null\n                ],\n                [\n                    "2010-12-10",\n                    null\n                ],\n                [\n                    "2010-12-13",\n                    null\n                ],\n                [\n                    "2010-12-14",\n                    null\n                ],\n                [\n                    "2010-12-15",\n                    null\n                ],\n                [\n                    "2010-12-16",\n                    null\n                ],\n                [\n                    "2010-12-17",\n                    null\n                ],\n                [\n                    "2010-12-20",\n                    null\n                ],\n                [\n                    "2010-12-21",\n                    null\n                ],\n                [\n                    "2010-12-22",\n                    null\n                ],\n                [\n                    "2010-12-23",\n                    null\n                ],\n                [\n                    "2010-12-24",\n                    null\n                ],\n                [\n                    "2010-12-27",\n                    null\n                ],\n                [\n                    "2010-12-28",\n                    null\n                ],\n                [\n                    "2010-12-29",\n                    null\n                ],\n                [\n                    "2010-12-30",\n                    null\n                ],\n                [\n                    "2010-12-31",\n                    null\n                ],\n                [\n                    "2011-01-04",\n                    null\n                ],\n                [\n                    "2011-01-05",\n                    null\n                ],\n                [\n                    "2011-01-06",\n                    null\n                ],\n                [\n                    "2011-01-07",\n                    null\n                ],\n                [\n                    "2011-01-10",\n                    null\n                ],\n                [\n                    "2011-01-11",\n                    null\n                ],\n                [\n                    "2011-01-12",\n                    null\n                ],\n                [\n                    "2011-01-13",\n                    null\n                ],\n                [\n                    "2011-01-14",\n                    null\n                ],\n                [\n                    "2011-01-17",\n                    null\n                ],\n                [\n                    "2011-01-18",\n                    null\n                ],\n                [\n                    "2011-01-19",\n                    null\n                ],\n                [\n                    "2011-01-20",\n                    null\n                ],\n                [\n                    "2011-01-21",\n                    null\n                ],\n                [\n                    "2011-01-24",\n                    null\n                ],\n                [\n                    "2011-01-25",\n                    null\n                ],\n                [\n                    "2011-01-26",\n                    null\n                ],\n                [\n                    "2011-01-27",\n                    null\n                ],\n                [\n                    "2011-01-28",\n                    null\n                ],\n                [\n                    "2011-01-31",\n                    null\n                ],\n                [\n                    "2011-02-01",\n                    null\n                ],\n                [\n                    "2011-02-09",\n                    null\n                ],\n                [\n                    "2011-02-10",\n                    null\n                ],\n                [\n                    "2011-02-11",\n                    null\n                ],\n                [\n                    "2011-02-14",\n                    null\n                ],\n                [\n                    "2011-02-15",\n                    null\n                ],\n                [\n                    "2011-02-16",\n                    null\n                ],\n                [\n                    "2011-02-17",\n                    null\n                ],\n                [\n                    "2011-02-18",\n                    null\n                ],\n                [\n                    "2011-02-21",\n                    null\n                ],\n                [\n                    "2011-02-22",\n                    null\n                ],\n                [\n                    "2011-02-23",\n                    null\n                ],\n                [\n                    "2011-02-24",\n                    null\n                ],\n                [\n                    "2011-02-25",\n                    null\n                ],\n                [\n                    "2011-02-28",\n                    null\n                ],\n                [\n                    "2011-03-01",\n                    null\n                ],\n                [\n                    "2011-03-02",\n                    null\n                ],\n                [\n                    "2011-03-03",\n                    null\n                ],\n                [\n                    "2011-03-04",\n                    null\n                ],\n                [\n                    "2011-03-07",\n                    null\n                ],\n                [\n                    "2011-03-08",\n                    null\n                ],\n                [\n                    "2011-03-09",\n                    null\n                ],\n                [\n                    "2011-03-10",\n                    null\n                ],\n                [\n                    "2011-03-11",\n                    null\n                ],\n                [\n                    "2011-03-14",\n                    null\n                ],\n                [\n                    "2011-03-15",\n                    null\n                ],\n                [\n                    "2011-03-16",\n                    null\n                ],\n                [\n                    "2011-03-17",\n                    null\n                ],\n                [\n                    "2011-03-18",\n                    null\n                ],\n                [\n                    "2011-03-21",\n                    null\n                ],\n                [\n                    "2011-03-22",\n                    null\n                ],\n                [\n                    "2011-03-23",\n                    null\n                ],\n                [\n                    "2011-03-24",\n                    null\n                ],\n                [\n                    "2011-03-25",\n                    null\n                ],\n                [\n                    "2011-03-28",\n                    null\n                ],\n                [\n                    "2011-03-29",\n                    null\n                ],\n                [\n                    "2011-03-30",\n                    null\n                ],\n                [\n                    "2011-03-31",\n                    null\n                ],\n                [\n                    "2011-04-01",\n                    null\n                ],\n                [\n                    "2011-04-06",\n                    null\n                ],\n                [\n                    "2011-04-07",\n                    null\n                ],\n                [\n                    "2011-04-08",\n                    null\n                ],\n                [\n                    "2011-04-11",\n                    null\n                ],\n                [\n                    "2011-04-12",\n                    null\n                ],\n                [\n                    "2011-04-13",\n                    null\n                ],\n                [\n                    "2011-04-14",\n                    null\n                ],\n                [\n                    "2011-04-15",\n                    null\n                ],\n                [\n                    "2011-04-18",\n                    null\n                ],\n                [\n                    "2011-04-19",\n                    null\n                ],\n                [\n                    "2011-04-20",\n                    null\n                ],\n                [\n                    "2011-04-21",\n                    null\n                ],\n                [\n                    "2011-04-22",\n                    null\n                ],\n                [\n                    "2011-04-25",\n                    null\n                ],\n                [\n                    "2011-04-26",\n                    null\n                ],\n                [\n                    "2011-04-27",\n                    null\n                ],\n                [\n                    "2011-04-28",\n                    null\n                ],\n                [\n                    "2011-04-29",\n                    null\n                ],\n                [\n                    "2011-05-03",\n                    null\n                ],\n                [\n                    "2011-05-04",\n                    null\n                ],\n                [\n                    "2011-05-05",\n                    null\n                ],\n                [\n                    "2011-05-06",\n                    null\n                ],\n                [\n                    "2011-05-09",\n                    null\n                ],\n                [\n                    "2011-05-10",\n                    null\n                ],\n                [\n                    "2011-05-11",\n                    null\n                ],\n                [\n                    "2011-05-12",\n                    null\n                ],\n                [\n                    "2011-05-13",\n                    null\n                ],\n                [\n                    "2011-05-16",\n                    null\n                ],\n                [\n                    "2011-05-17",\n                    null\n                ],\n                [\n                    "2011-05-18",\n                    null\n                ],\n                [\n                    "2011-05-19",\n                    null\n                ],\n                [\n                    "2011-05-20",\n                    null\n                ],\n                [\n                    "2011-05-23",\n                    null\n                ],\n                [\n                    "2011-05-24",\n                    null\n                ],\n                [\n                    "2011-05-25",\n                    null\n                ],\n                [\n                    "2011-05-26",\n                    null\n                ],\n                [\n                    "2011-05-27",\n                    null\n                ],\n                [\n                    "2011-05-30",\n                    null\n                ],\n                [\n                    "2011-05-31",\n                    null\n                ],\n                [\n                    "2011-06-01",\n                    null\n                ],\n                [\n                    "2011-06-02",\n                    null\n                ],\n                [\n                    "2011-06-03",\n                    null\n                ],\n                [\n                    "2011-06-07",\n                    null\n                ],\n                [\n                    "2011-06-08",\n                    null\n                ],\n                [\n                    "2011-06-09",\n                    null\n                ],\n                [\n                    "2011-06-10",\n                    null\n                ],\n                [\n                    "2011-06-13",\n                    null\n                ],\n                [\n                    "2011-06-14",\n                    null\n                ],\n                [\n                    "2011-06-15",\n                    null\n                ],\n                [\n                    "2011-06-16",\n                    null\n                ],\n                [\n                    "2011-06-17",\n                    null\n                ],\n                [\n                    "2011-06-20",\n                    null\n                ],\n                [\n                    "2011-06-21",\n                    null\n                ],\n                [\n                    "2011-06-22",\n                    null\n                ],\n                [\n                    "2011-06-23",\n                    null\n                ],\n                [\n                    "2011-06-24",\n                    null\n                ],\n                [\n                    "2011-06-27",\n                    null\n                ],\n                [\n                    "2011-06-28",\n                    null\n                ],\n                [\n                    "2011-06-29",\n                    null\n                ],\n                [\n                    "2011-06-30",\n                    null\n                ],\n                [\n                    "2011-07-01",\n                    null\n                ],\n                [\n                    "2011-07-04",\n                    null\n                ],\n                [\n                    "2011-07-05",\n                    null\n                ],\n                [\n                    "2011-07-06",\n                    null\n                ],\n                [\n                    "2011-07-07",\n                    null\n                ],\n                [\n                    "2011-07-08",\n                    null\n                ],\n                [\n                    "2011-07-11",\n                    null\n                ],\n                [\n                    "2011-07-12",\n                    null\n                ],\n                [\n                    "2011-07-13",\n                    null\n                ],\n                [\n                    "2011-07-14",\n                    null\n                ],\n                [\n                    "2011-07-15",\n                    null\n                ],\n                [\n                    "2011-07-18",\n                    null\n                ],\n                [\n                    "2011-07-19",\n                    null\n                ],\n                [\n                    "2011-07-20",\n                    null\n                ],\n                [\n                    "2011-07-21",\n                    null\n                ],\n                [\n                    "2011-07-22",\n                    null\n                ],\n                [\n                    "2011-07-25",\n                    null\n                ],\n                [\n                    "2011-07-26",\n                    null\n                ],\n                [\n                    "2011-07-27",\n                    null\n                ],\n                [\n                    "2011-07-28",\n                    null\n                ],\n                [\n                    "2011-07-29",\n                    null\n                ],\n                [\n                    "2011-08-01",\n                    null\n                ],\n                [\n                    "2011-08-02",\n                    null\n                ],\n                [\n                    "2011-08-03",\n                    null\n                ],\n                [\n                    "2011-08-04",\n                    null\n                ],\n                [\n                    "2011-08-05",\n                    null\n                ],\n                [\n                    "2011-08-08",\n                    null\n                ],\n                [\n                    "2011-08-09",\n                    null\n                ],\n                [\n                    "2011-08-10",\n                    null\n                ],\n                [\n                    "2011-08-11",\n                    null\n                ],\n                [\n                    "2011-08-12",\n                    null\n                ],\n                [\n                    "2011-08-15",\n                    null\n                ],\n                [\n                    "2011-08-16",\n                    null\n                ],\n                [\n                    "2011-08-17",\n                    null\n                ],\n                [\n                    "2011-08-18",\n                    null\n                ],\n                [\n                    "2011-08-19",\n                    null\n                ],\n                [\n                    "2011-08-22",\n                    null\n                ],\n                [\n                    "2011-08-23",\n                    null\n                ],\n                [\n                    "2011-08-24",\n                    null\n                ],\n                [\n                    "2011-08-25",\n                    null\n                ],\n                [\n                    "2011-08-26",\n                    null\n                ],\n                [\n                    "2011-08-29",\n                    null\n                ],\n                [\n                    "2011-08-30",\n                    null\n                ],\n                [\n                    "2011-08-31",\n                    null\n                ],\n                [\n                    "2011-09-01",\n                    null\n                ],\n                [\n                    "2011-09-02",\n                    null\n                ],\n                [\n                    "2011-09-05",\n                    null\n                ],\n                [\n                    "2011-09-06",\n                    null\n                ],\n                [\n                    "2011-09-07",\n                    null\n                ],\n                [\n                    "2011-09-08",\n                    null\n                ],\n                [\n                    "2011-09-09",\n                    null\n                ],\n                [\n                    "2011-09-13",\n                    null\n                ],\n                [\n                    "2011-09-14",\n                    null\n                ],\n                [\n                    "2011-09-15",\n                    null\n                ],\n                [\n                    "2011-09-16",\n                    null\n                ],\n                [\n                    "2011-09-19",\n                    null\n                ],\n                [\n                    "2011-09-20",\n                    null\n                ],\n                [\n                    "2011-09-21",\n                    null\n                ],\n                [\n                    "2011-09-22",\n                    null\n                ],\n                [\n                    "2011-09-23",\n                    null\n                ],\n                [\n                    "2011-09-26",\n                    null\n                ],\n                [\n                    "2011-09-27",\n                    null\n                ],\n                [\n                    "2011-09-28",\n                    null\n                ],\n                [\n                    "2011-09-29",\n                    null\n                ],\n                [\n                    "2011-09-30",\n                    null\n                ],\n                [\n                    "2011-10-10",\n                    null\n                ],\n                [\n                    "2011-10-11",\n                    null\n                ],\n                [\n                    "2011-10-12",\n                    null\n                ],\n                [\n                    "2011-10-13",\n                    null\n                ],\n                [\n                    "2011-10-14",\n                    null\n                ],\n                [\n                    "2011-10-17",\n                    null\n                ],\n                [\n                    "2011-10-18",\n                    0.96408\n                ],\n                [\n                    "2011-10-19",\n                    0.9636480000000001\n                ],\n                [\n                    "2011-10-20",\n                    0.963136\n                ],\n                [\n                    "2011-10-21",\n                    0.962584\n                ],\n                [\n                    "2011-10-24",\n                    0.9621000000000001\n                ],\n                [\n                    "2011-10-25",\n                    0.961688\n                ],\n                [\n                    "2011-10-26",\n                    0.961312\n                ],\n                [\n                    "2011-10-27",\n                    0.960936\n                ],\n                [\n                    "2011-10-28",\n                    0.960572\n                ],\n                [\n                    "2011-10-31",\n                    0.960292\n                ],\n                [\n                    "2011-11-01",\n                    0.95996\n                ],\n                [\n                    "2011-11-02",\n                    0.9596480000000001\n                ],\n                [\n                    "2011-11-03",\n                    0.9593679999999999\n                ],\n                [\n                    "2011-11-04",\n                    0.959116\n                ],\n                [\n                    "2011-11-07",\n                    0.9588399999999999\n                ],\n                [\n                    "2011-11-08",\n                    0.958508\n                ],\n                [\n                    "2011-11-09",\n                    0.958208\n                ],\n                [\n                    "2011-11-10",\n                    0.9578880000000001\n                ],\n                [\n                    "2011-11-11",\n                    0.95754\n                ],\n                [\n                    "2011-11-14",\n                    0.95722\n                ],\n                [\n                    "2011-11-15",\n                    0.956864\n                ],\n                [\n                    "2011-11-16",\n                    0.9564199999999999\n                ],\n                [\n                    "2011-11-17",\n                    0.95592\n                ],\n                [\n                    "2011-11-18",\n                    0.9554000000000001\n                ],\n                [\n                    "2011-11-21",\n                    0.955004\n                ],\n                [\n                    "2011-11-22",\n                    0.954532\n                ],\n                [\n                    "2011-11-23",\n                    0.95412\n                ],\n                [\n                    "2011-11-24",\n                    0.953816\n                ],\n                [\n                    "2011-11-25",\n                    0.9534640000000001\n                ],\n                [\n                    "2011-11-28",\n                    0.9530639999999999\n                ],\n                [\n                    "2011-11-29",\n                    0.9526720000000001\n                ],\n                [\n                    "2011-11-30",\n                    0.9522480000000001\n                ],\n                [\n                    "2011-12-01",\n                    0.9518\n                ],\n                [\n                    "2011-12-02",\n                    0.95128\n                ],\n                [\n                    "2011-12-05",\n                    0.9506999999999999\n                ],\n                [\n                    "2011-12-06",\n                    0.950084\n                ],\n                [\n                    "2011-12-07",\n                    0.9495399999999999\n                ],\n                [\n                    "2011-12-08",\n                    0.949008\n                ],\n                [\n                    "2011-12-09",\n                    0.9484400000000001\n                ],\n                [\n                    "2011-12-12",\n                    0.947856\n                ],\n                [\n                    "2011-12-13",\n                    0.94726\n                ],\n                [\n                    "2011-12-14",\n                    0.946612\n                ],\n                [\n                    "2011-12-15",\n                    0.9459559999999999\n                ],\n                [\n                    "2011-12-16",\n                    0.945404\n                ],\n                [\n                    "2011-12-19",\n                    0.944828\n                ],\n                [\n                    "2011-12-20",\n                    0.944172\n                ],\n                [\n                    "2011-12-21",\n                    0.9434720000000001\n                ],\n                [\n                    "2011-12-22",\n                    0.942796\n                ],\n                [\n                    "2011-12-23",\n                    0.9421439999999999\n                ],\n                [\n                    "2011-12-26",\n                    0.941464\n                ],\n                [\n                    "2011-12-27",\n                    0.940732\n                ],\n                [\n                    "2011-12-28",\n                    0.9399839999999999\n                ],\n                [\n                    "2011-12-29",\n                    0.9392959999999999\n                ],\n                [\n                    "2011-12-30",\n                    0.938696\n                ],\n                [\n                    "2011-12-31",\n                    0.9381360000000001\n                ],\n                [\n                    "2012-01-04",\n                    0.937548\n                ],\n                [\n                    "2012-01-05",\n                    0.9368879999999999\n                ],\n                [\n                    "2012-01-06",\n                    0.9361759999999999\n                ],\n                [\n                    "2012-01-09",\n                    0.935508\n                ],\n                [\n                    "2012-01-10",\n                    0.934852\n                ],\n                [\n                    "2012-01-11",\n                    0.9341719999999999\n                ],\n                [\n                    "2012-01-12",\n                    0.93348\n                ],\n                [\n                    "2012-01-13",\n                    0.932724\n                ],\n                [\n                    "2012-01-16",\n                    0.9318759999999999\n                ],\n                [\n                    "2012-01-17",\n                    0.9312079999999999\n                ],\n                [\n                    "2012-01-18",\n                    0.930476\n                ],\n                [\n                    "2012-01-19",\n                    0.9297839999999999\n                ],\n                [\n                    "2012-01-20",\n                    0.929144\n                ],\n                [\n                    "2012-01-30",\n                    0.928516\n                ],\n                [\n                    "2012-01-31",\n                    0.928016\n                ],\n                [\n                    "2012-02-01",\n                    0.927472\n                ],\n                [\n                    "2012-02-02",\n                    0.9269\n                ],\n                [\n                    "2012-02-03",\n                    0.926452\n                ],\n                [\n                    "2012-02-06",\n                    0.926052\n                ],\n                [\n                    "2012-02-07",\n                    0.92568\n                ],\n                [\n                    "2012-02-08",\n                    0.92538\n                ],\n                [\n                    "2012-02-09",\n                    0.925052\n                ],\n                [\n                    "2012-02-10",\n                    0.924688\n                ],\n                [\n                    "2012-02-13",\n                    0.92432\n                ],\n                [\n                    "2012-02-14",\n                    0.923924\n                ],\n                [\n                    "2012-02-15",\n                    0.9235680000000001\n                ],\n                [\n                    "2012-02-16",\n                    0.923228\n                ],\n                [\n                    "2012-02-17",\n                    0.9227920000000001\n                ],\n                [\n                    "2012-02-20",\n                    0.9223239999999999\n                ],\n                [\n                    "2012-02-21",\n                    0.9218240000000001\n                ],\n                [\n                    "2012-02-22",\n                    0.9213799999999999\n                ],\n                [\n                    "2012-02-23",\n                    0.92094\n                ],\n                [\n                    "2012-02-24",\n                    0.92056\n                ],\n                [\n                    "2012-02-27",\n                    0.920216\n                ],\n                [\n                    "2012-02-28",\n                    0.919804\n                ],\n                [\n                    "2012-02-29",\n                    0.919448\n                ],\n                [\n                    "2012-03-01",\n                    0.9190959999999999\n                ],\n                [\n                    "2012-03-02",\n                    0.9187919999999999\n                ],\n                [\n                    "2012-03-05",\n                    0.91846\n                ],\n                [\n                    "2012-03-06",\n                    0.918052\n                ],\n                [\n                    "2012-03-07",\n                    0.91762\n                ],\n                [\n                    "2012-03-08",\n                    0.9172039999999999\n                ],\n                [\n                    "2012-03-09",\n                    0.9168999999999999\n                ],\n                [\n                    "2012-03-12",\n                    0.916572\n                ],\n                [\n                    "2012-03-13",\n                    0.9162480000000001\n                ],\n                [\n                    "2012-03-14",\n                    0.91584\n                ],\n                [\n                    "2012-03-15",\n                    0.9154639999999999\n                ],\n                [\n                    "2012-03-16",\n                    0.915168\n                ],\n                [\n                    "2012-03-19",\n                    0.9148879999999999\n                ],\n                [\n                    "2012-03-20",\n                    0.914492\n                ],\n                [\n                    "2012-03-21",\n                    0.914132\n                ],\n                [\n                    "2012-03-22",\n                    0.91372\n                ],\n                [\n                    "2012-03-23",\n                    0.913324\n                ],\n                [\n                    "2012-03-26",\n                    0.912944\n                ],\n                [\n                    "2012-03-27",\n                    0.912556\n                ],\n                [\n                    "2012-03-28",\n                    0.9120759999999999\n                ],\n                [\n                    "2012-03-29",\n                    0.911544\n                ],\n                [\n                    "2012-03-30",\n                    0.911012\n                ],\n                [\n                    "2012-03-31",\n                    0.910468\n                ],\n                [\n                    "2012-04-05",\n                    0.91006\n                ],\n                [\n                    "2012-04-06",\n                    0.909736\n                ],\n                [\n                    "2012-04-09",\n                    0.909408\n                ],\n                [\n                    "2012-04-10",\n                    0.909088\n                ],\n                [\n                    "2012-04-11",\n                    0.9087560000000001\n                ],\n                [\n                    "2012-04-12",\n                    0.908504\n                ],\n                [\n                    "2012-04-13",\n                    0.9082279999999999\n                ],\n                [\n                    "2012-04-16",\n                    0.9078999999999999\n                ],\n                [\n                    "2012-04-17",\n                    0.907556\n                ],\n                [\n                    "2012-04-18",\n                    0.9072720000000001\n                ],\n                [\n                    "2012-04-19",\n                    0.9069119999999999\n                ],\n                [\n                    "2012-04-20",\n                    0.906572\n                ],\n                [\n                    "2012-04-23",\n                    0.906212\n                ],\n                [\n                    "2012-04-24",\n                    0.905836\n                ],\n                [\n                    "2012-04-25",\n                    0.905496\n                ],\n                [\n                    "2012-04-26",\n                    0.9051600000000001\n                ],\n                [\n                    "2012-04-27",\n                    0.904816\n                ],\n                [\n                    "2012-05-02",\n                    0.904512\n                ],\n                [\n                    "2012-05-03",\n                    0.904192\n                ],\n                [\n                    "2012-05-04",\n                    0.903976\n                ],\n                [\n                    "2012-05-07",\n                    0.903808\n                ],\n                [\n                    "2012-05-08",\n                    0.903712\n                ],\n                [\n                    "2012-05-09",\n                    0.9035160000000001\n                ],\n                [\n                    "2012-05-10",\n                    0.9032680000000001\n                ],\n                [\n                    "2012-05-11",\n                    0.903048\n                ],\n                [\n                    "2012-05-14",\n                    0.902744\n                ],\n                [\n                    "2012-05-15",\n                    0.9024439999999999\n                ],\n                [\n                    "2012-05-16",\n                    0.9021039999999999\n                ],\n                [\n                    "2012-05-17",\n                    0.9018039999999999\n                ],\n                [\n                    "2012-05-18",\n                    0.901432\n                ],\n                [\n                    "2012-05-21",\n                    0.901076\n                ],\n                [\n                    "2012-05-22",\n                    0.900764\n                ],\n                [\n                    "2012-05-23",\n                    0.900452\n                ],\n                [\n                    "2012-05-24",\n                    0.900116\n                ],\n                [\n                    "2012-05-25",\n                    0.899704\n                ],\n                [\n                    "2012-05-28",\n                    0.89932\n                ],\n                [\n                    "2012-05-29",\n                    0.8989720000000001\n                ],\n                [\n                    "2012-05-30",\n                    0.898716\n                ],\n                [\n                    "2012-05-31",\n                    0.8985\n                ],\n                [\n                    "2012-06-01",\n                    0.898348\n                ],\n                [\n                    "2012-06-04",\n                    0.898156\n                ],\n                [\n                    "2012-06-05",\n                    0.898028\n                ],\n                [\n                    "2012-06-06",\n                    0.897864\n                ],\n                [\n                    "2012-06-07",\n                    0.8976839999999999\n                ],\n                [\n                    "2012-06-08",\n                    0.8974439999999999\n                ],\n                [\n                    "2012-06-11",\n                    0.897248\n                ],\n                [\n                    "2012-06-12",\n                    0.8970199999999999\n                ],\n                [\n                    "2012-06-13",\n                    0.896868\n                ],\n                [\n                    "2012-06-14",\n                    0.896728\n                ],\n                [\n                    "2012-06-15",\n                    0.896608\n                ],\n                [\n                    "2012-06-18",\n                    0.896496\n                ],\n                [\n                    "2012-06-19",\n                    0.896408\n                ],\n                [\n                    "2012-06-20",\n                    0.8962680000000001\n                ],\n                [\n                    "2012-06-21",\n                    0.896124\n                ],\n                [\n                    "2012-06-25",\n                    0.895976\n                ],\n                [\n                    "2012-06-26",\n                    0.8958480000000001\n                ],\n                [\n                    "2012-06-27",\n                    0.89576\n                ],\n                [\n                    "2012-06-28",\n                    0.8956120000000001\n                ],\n                [\n                    "2012-06-29",\n                    0.895488\n                ],\n                [\n                    "2012-06-30",\n                    0.895324\n                ],\n                [\n                    "2012-07-02",\n                    0.89512\n                ],\n                [\n                    "2012-07-03",\n                    0.8949159999999999\n                ],\n                [\n                    "2012-07-04",\n                    0.894716\n                ],\n                [\n                    "2012-07-05",\n                    0.894512\n                ],\n                [\n                    "2012-07-06",\n                    0.89436\n                ],\n                [\n                    "2012-07-09",\n                    0.894168\n                ],\n                [\n                    "2012-07-10",\n                    0.893856\n                ],\n                [\n                    "2012-07-11",\n                    0.8935559999999999\n                ],\n                [\n                    "2012-07-12",\n                    0.89328\n                ],\n                [\n                    "2012-07-13",\n                    0.8929640000000001\n                ],\n                [\n                    "2012-07-16",\n                    0.8925360000000001\n                ],\n                [\n                    "2012-07-17",\n                    0.892032\n                ],\n                [\n                    "2012-07-18",\n                    0.891536\n                ],\n                [\n                    "2012-07-19",\n                    0.8909960000000001\n                ],\n                [\n                    "2012-07-20",\n                    0.890464\n                ],\n                [\n                    "2012-07-23",\n                    0.8899\n                ],\n                [\n                    "2012-07-24",\n                    0.889336\n                ],\n                [\n                    "2012-07-25",\n                    0.888816\n                ],\n                [\n                    "2012-07-26",\n                    0.88824\n                ],\n                [\n                    "2012-07-27",\n                    0.887644\n                ],\n                [\n                    "2012-07-30",\n                    0.887032\n                ],\n                [\n                    "2012-07-31",\n                    0.8865200000000001\n                ],\n                [\n                    "2012-08-01",\n                    0.8860159999999999\n                ],\n                [\n                    "2012-08-02",\n                    0.885436\n                ],\n                [\n                    "2012-08-03",\n                    0.8848959999999999\n                ],\n                [\n                    "2012-08-06",\n                    0.884424\n                ],\n                [\n                    "2012-08-07",\n                    0.8839600000000001\n                ],\n                [\n                    "2012-08-08",\n                    0.8834919999999999\n                ],\n                [\n                    "2012-08-09",\n                    0.883064\n                ],\n                [\n                    "2012-08-10",\n                    0.8826039999999999\n                ],\n                [\n                    "2012-08-13",\n                    0.882132\n                ],\n                [\n                    "2012-08-14",\n                    0.881716\n                ],\n                [\n                    "2012-08-15",\n                    0.881252\n                ],\n                [\n                    "2012-08-16",\n                    0.8807\n                ],\n                [\n                    "2012-08-17",\n                    0.88002\n                ],\n                [\n                    "2012-08-20",\n                    0.879348\n                ],\n                [\n                    "2012-08-21",\n                    0.878716\n                ],\n                [\n                    "2012-08-22",\n                    0.878084\n                ],\n                [\n                    "2012-08-23",\n                    0.877456\n                ],\n                [\n                    "2012-08-24",\n                    0.876856\n                ],\n                [\n                    "2012-08-27",\n                    0.8762280000000001\n                ],\n                [\n                    "2012-08-28",\n                    0.8756640000000001\n                ],\n                [\n                    "2012-08-29",\n                    0.8750439999999999\n                ],\n                [\n                    "2012-08-30",\n                    0.874384\n                ],\n                [\n                    "2012-08-31",\n                    0.873656\n                ],\n                [\n                    "2012-09-03",\n                    0.872996\n                ],\n                [\n                    "2012-09-04",\n                    0.872284\n                ],\n                [\n                    "2012-09-05",\n                    0.8715879999999999\n                ],\n                [\n                    "2012-09-06",\n                    0.8708839999999999\n                ],\n                [\n                    "2012-09-07",\n                    0.8703\n                ],\n                [\n                    "2012-09-10",\n                    0.86978\n                ],\n                [\n                    "2012-09-11",\n                    0.869284\n                ],\n                [\n                    "2012-09-12",\n                    0.8688400000000001\n                ],\n                [\n                    "2012-09-13",\n                    0.8683200000000001\n                ],\n                [\n                    "2012-09-14",\n                    0.867836\n                ],\n                [\n                    "2012-09-17",\n                    0.867328\n                ],\n                [\n                    "2012-09-18",\n                    0.8668440000000001\n                ],\n                [\n                    "2012-09-19",\n                    0.866352\n                ],\n                [\n                    "2012-09-20",\n                    0.865808\n                ],\n                [\n                    "2012-09-21",\n                    0.865268\n                ],\n                [\n                    "2012-09-24",\n                    0.864788\n                ],\n                [\n                    "2012-09-25",\n                    0.864324\n                ],\n                [\n                    "2012-09-26",\n                    0.863768\n                ],\n                [\n                    "2012-09-27",\n                    0.863332\n                ],\n                [\n                    "2012-09-28",\n                    0.863024\n                ],\n                [\n                    "2012-09-30",\n                    0.86278\n                ],\n                [\n                    "2012-10-08",\n                    0.862472\n                ],\n                [\n                    "2012-10-09",\n                    0.8622439999999999\n                ],\n                [\n                    "2012-10-10",\n                    0.8620760000000001\n                ],\n                [\n                    "2012-10-11",\n                    0.86188\n                ],\n                [\n                    "2012-10-12",\n                    0.8617319999999999\n                ],\n                [\n                    "2012-10-15",\n                    0.8616240000000001\n                ],\n                [\n                    "2012-10-16",\n                    0.861452\n                ],\n                [\n                    "2012-10-17",\n                    0.86124\n                ],\n                [\n                    "2012-10-18",\n                    0.86108\n                ],\n                [\n                    "2012-10-19",\n                    0.8608680000000001\n                ],\n                [\n                    "2012-10-22",\n                    0.8606919999999999\n                ],\n                [\n                    "2012-10-23",\n                    0.860472\n                ],\n                [\n                    "2012-10-24",\n                    0.860324\n                ],\n                [\n                    "2012-10-25",\n                    0.860176\n                ],\n                [\n                    "2012-10-26",\n                    0.8599159999999999\n                ],\n                [\n                    "2012-10-29",\n                    0.859592\n                ],\n                [\n                    "2012-10-30",\n                    0.85924\n                ],\n                [\n                    "2012-10-31",\n                    0.858908\n                ],\n                [\n                    "2012-11-01",\n                    0.8585799999999999\n                ],\n                [\n                    "2012-11-02",\n                    0.8582479999999999\n                ],\n                [\n                    "2012-11-05",\n                    0.857868\n                ],\n                [\n                    "2012-11-06",\n                    0.8573959999999999\n                ],\n                [\n                    "2012-11-07",\n                    0.856912\n                ],\n                [\n                    "2012-11-08",\n                    0.856376\n                ],\n                [\n                    "2012-11-09",\n                    0.855832\n                ],\n                [\n                    "2012-11-12",\n                    0.855268\n                ],\n                [\n                    "2012-11-13",\n                    0.854644\n                ],\n                [\n                    "2012-11-14",\n                    0.8540639999999999\n                ],\n                [\n                    "2012-11-15",\n                    0.853464\n                ],\n                [\n                    "2012-11-16",\n                    0.8527800000000001\n                ],\n                [\n                    "2012-11-19",\n                    0.8520559999999999\n                ],\n                [\n                    "2012-11-20",\n                    0.851388\n                ],\n                [\n                    "2012-11-21",\n                    0.8507319999999999\n                ],\n                [\n                    "2012-11-22",\n                    0.850084\n                ],\n                [\n                    "2012-11-23",\n                    0.849472\n                ],\n                [\n                    "2012-11-26",\n                    0.848808\n                ],\n                [\n                    "2012-11-27",\n                    0.848116\n                ],\n                [\n                    "2012-11-28",\n                    0.8473879999999999\n                ],\n                [\n                    "2012-11-29",\n                    0.846688\n                ],\n                [\n                    "2012-11-30",\n                    0.8459920000000001\n                ],\n                [\n                    "2012-12-03",\n                    0.8451759999999999\n                ],\n                [\n                    "2012-12-04",\n                    0.844436\n                ],\n                [\n                    "2012-12-05",\n                    0.8437080000000001\n                ],\n                [\n                    "2012-12-06",\n                    0.843\n                ],\n                [\n                    "2012-12-07",\n                    0.842388\n                ],\n                [\n                    "2012-12-10",\n                    0.8418199999999999\n                ],\n                [\n                    "2012-12-11",\n                    0.841252\n                ],\n                [\n                    "2012-12-12",\n                    0.840708\n                ],\n                [\n                    "2012-12-13",\n                    0.8401879999999999\n                ],\n                [\n                    "2012-12-14",\n                    0.839776\n                ],\n                [\n                    "2012-12-17",\n                    0.8394400000000001\n                ],\n                [\n                    "2012-12-18",\n                    0.83914\n                ],\n                [\n                    "2012-12-19",\n                    0.83888\n                ],\n                [\n                    "2012-12-20",\n                    0.838588\n                ],\n                [\n                    "2012-12-21",\n                    0.8382999999999999\n                ],\n                [\n                    "2012-12-24",\n                    0.8380039999999999\n                ],\n                [\n                    "2012-12-25",\n                    0.8377919999999999\n                ],\n                [\n                    "2012-12-26",\n                    0.837588\n                ],\n                [\n                    "2012-12-27",\n                    0.83738\n                ],\n                [\n                    "2012-12-28",\n                    0.8372520000000001\n                ],\n                [\n                    "2012-12-31",\n                    0.83724\n                ],\n                [\n                    "2013-01-04",\n                    0.837216\n                ],\n                [\n                    "2013-01-07",\n                    0.83718\n                ],\n                [\n                    "2013-01-08",\n                    0.837136\n                ],\n                [\n                    "2013-01-09",\n                    0.8371239999999999\n                ],\n                [\n                    "2013-01-10",\n                    0.8372040000000001\n                ],\n                [\n                    "2013-01-11",\n                    0.8373440000000001\n                ],\n                [\n                    "2013-01-14",\n                    0.837576\n                ],\n                [\n                    "2013-01-15",\n                    0.8377640000000001\n                ],\n                [\n                    "2013-01-16",\n                    0.83786\n                ],\n                [\n                    "2013-01-17",\n                    0.837964\n                ],\n                [\n                    "2013-01-18",\n                    0.8381759999999999\n                ],\n                [\n                    "2013-01-21",\n                    0.83844\n                ],\n                [\n                    "2013-01-22",\n                    0.8387680000000001\n                ],\n                [\n                    "2013-01-23",\n                    0.839\n                ],\n                [\n                    "2013-01-24",\n                    0.839256\n                ],\n                [\n                    "2013-01-25",\n                    0.8394599999999999\n                ],\n                [\n                    "2013-01-28",\n                    0.8396279999999999\n                ],\n                [\n                    "2013-01-29",\n                    0.8398199999999999\n                ],\n                [\n                    "2013-01-30",\n                    0.84002\n                ],\n                [\n                    "2013-01-31",\n                    0.840204\n                ],\n                [\n                    "2013-02-01",\n                    0.8403959999999999\n                ],\n                [\n                    "2013-02-04",\n                    0.840536\n                ],\n                [\n                    "2013-02-05",\n                    0.8407199999999999\n                ],\n                [\n                    "2013-02-06",\n                    0.840932\n                ],\n                [\n                    "2013-02-07",\n                    0.841144\n                ],\n                [\n                    "2013-02-08",\n                    0.8414119999999999\n                ],\n                [\n                    "2013-02-18",\n                    0.8416399999999999\n                ],\n                [\n                    "2013-02-19",\n                    0.841768\n                ],\n                [\n                    "2013-02-20",\n                    0.84196\n                ],\n                [\n                    "2013-02-21",\n                    0.8420799999999999\n                ],\n                [\n                    "2013-02-22",\n                    0.842204\n                ],\n                [\n                    "2013-02-25",\n                    0.842344\n                ],\n                [\n                    "2013-02-26",\n                    0.8424360000000001\n                ],\n                [\n                    "2013-02-27",\n                    0.8425\n                ],\n                [\n                    "2013-02-28",\n                    0.84258\n                ],\n                [\n                    "2013-03-01",\n                    0.8426600000000001\n                ],\n                [\n                    "2013-03-04",\n                    0.842652\n                ],\n                [\n                    "2013-03-05",\n                    0.842672\n                ],\n                [\n                    "2013-03-06",\n                    0.8427319999999999\n                ],\n                [\n                    "2013-03-07",\n                    0.842784\n                ],\n                [\n                    "2013-03-08",\n                    0.8427960000000001\n                ],\n                [\n                    "2013-03-11",\n                    0.8427520000000001\n                ],\n                [\n                    "2013-03-12",\n                    0.842688\n                ],\n                [\n                    "2013-03-13",\n                    0.842616\n                ],\n                [\n                    "2013-03-14",\n                    0.8425560000000001\n                ],\n                [\n                    "2013-03-15",\n                    0.842484\n                ],\n                [\n                    "2013-03-18",\n                    0.8423240000000001\n                ],\n                [\n                    "2013-03-19",\n                    0.8421559999999999\n                ],\n                [\n                    "2013-03-20",\n                    0.8420279999999999\n                ],\n                [\n                    "2013-03-21",\n                    0.841988\n                ],\n                [\n                    "2013-03-22",\n                    0.841912\n                ],\n                [\n                    "2013-03-25",\n                    0.8417319999999999\n                ],\n                [\n                    "2013-03-26",\n                    0.841564\n                ],\n                [\n                    "2013-03-27",\n                    0.841476\n                ],\n                [\n                    "2013-03-28",\n                    0.841376\n                ],\n                [\n                    "2013-03-29",\n                    0.841256\n                ],\n                [\n                    "2013-04-01",\n                    0.8411759999999999\n                ],\n                [\n                    "2013-04-02",\n                    0.841044\n                ],\n                [\n                    "2013-04-03",\n                    0.840928\n                ],\n                [\n                    "2013-04-08",\n                    0.840952\n                ],\n                [\n                    "2013-04-09",\n                    0.841\n                ],\n                [\n                    "2013-04-10",\n                    0.8410519999999999\n                ],\n                [\n                    "2013-04-11",\n                    0.841096\n                ],\n                [\n                    "2013-04-12",\n                    0.841068\n                ],\n                [\n                    "2013-04-15",\n                    0.840996\n                ],\n                [\n                    "2013-04-16",\n                    0.840952\n                ],\n                [\n                    "2013-04-17",\n                    0.84096\n                ],\n                [\n                    "2013-04-18",\n                    0.8409719999999999\n                ],\n                [\n                    "2013-04-19",\n                    0.840992\n                ],\n                [\n                    "2013-04-22",\n                    0.841004\n                ],\n                [\n                    "2013-04-23",\n                    0.840952\n                ],\n                [\n                    "2013-04-24",\n                    0.840992\n                ],\n                [\n                    "2013-04-25",\n                    0.8409439999999999\n                ],\n                [\n                    "2013-04-26",\n                    0.8408880000000001\n                ],\n                [\n                    "2013-05-02",\n                    0.840832\n                ],\n                [\n                    "2013-05-03",\n                    0.8408599999999999\n                ],\n                [\n                    "2013-05-06",\n                    0.8409439999999999\n                ],\n                [\n                    "2013-05-07",\n                    0.841\n                ],\n                [\n                    "2013-05-08",\n                    0.8410559999999999\n                ],\n                [\n                    "2013-05-09",\n                    0.8411000000000001\n                ],\n                [\n                    "2013-05-10",\n                    0.84112\n                ],\n                [\n                    "2013-05-13",\n                    0.841092\n                ],\n                [\n                    "2013-05-14",\n                    0.8409160000000001\n                ],\n                [\n                    "2013-05-15",\n                    0.840756\n                ],\n                [\n                    "2013-05-16",\n                    0.840664\n                ],\n                [\n                    "2013-05-17",\n                    0.840664\n                ],\n                [\n                    "2013-05-20",\n                    0.840684\n                ],\n                [\n                    "2013-05-21",\n                    0.8407159999999999\n                ],\n                [\n                    "2013-05-22",\n                    0.84078\n                ],\n                [\n                    "2013-05-23",\n                    0.840788\n                ],\n                [\n                    "2013-05-24",\n                    0.840828\n                ],\n                [\n                    "2013-05-27",\n                    0.8408640000000001\n                ],\n                [\n                    "2013-05-28",\n                    0.8409800000000001\n                ],\n                [\n                    "2013-05-29",\n                    0.841092\n                ],\n                [\n                    "2013-05-30",\n                    0.841136\n                ],\n                [\n                    "2013-05-31",\n                    0.841156\n                ],\n                [\n                    "2013-06-03",\n                    0.8412200000000001\n                ],\n                [\n                    "2013-06-04",\n                    0.84128\n                ],\n                [\n                    "2013-06-05",\n                    0.841324\n                ],\n                [\n                    "2013-06-06",\n                    0.841328\n                ],\n                [\n                    "2013-06-07",\n                    0.841316\n                ],\n                [\n                    "2013-06-13",\n                    0.841224\n                ],\n                [\n                    "2013-06-14",\n                    0.841144\n                ],\n                [\n                    "2013-06-17",\n                    0.8411080000000001\n                ],\n                [\n                    "2013-06-18",\n                    0.841116\n                ],\n                [\n                    "2013-06-19",\n                    0.8411559999999999\n                ],\n                [\n                    "2013-06-20",\n                    0.8411040000000001\n                ],\n                [\n                    "2013-06-21",\n                    0.841068\n                ],\n                [\n                    "2013-06-24",\n                    0.840876\n                ],\n                [\n                    "2013-06-25",\n                    0.840708\n                ],\n                [\n                    "2013-06-26",\n                    0.840496\n                ],\n                [\n                    "2013-06-27",\n                    0.840244\n                ],\n                [\n                    "2013-06-28",\n                    0.840048\n                ],\n                [\n                    "2013-06-30",\n                    0.8398239999999999\n                ],\n                [\n                    "2013-07-01",\n                    0.839684\n                ],\n                [\n                    "2013-07-02",\n                    0.8396119999999999\n                ],\n                [\n                    "2013-07-03",\n                    0.8396\n                ],\n                [\n                    "2013-07-04",\n                    0.8396440000000001\n                ],\n                [\n                    "2013-07-05",\n                    0.8396719999999999\n                ],\n                [\n                    "2013-07-08",\n                    0.839664\n                ],\n                [\n                    "2013-07-09",\n                    0.839676\n                ],\n                [\n                    "2013-07-10",\n                    0.8396760000000001\n                ],\n                [\n                    "2013-07-11",\n                    0.839724\n                ],\n                [\n                    "2013-07-12",\n                    0.839748\n                ],\n                [\n                    "2013-07-15",\n                    0.839792\n                ],\n                [\n                    "2013-07-16",\n                    0.8398479999999999\n                ],\n                [\n                    "2013-07-17",\n                    0.8398720000000001\n                ],\n                [\n                    "2013-07-18",\n                    0.839764\n                ],\n                [\n                    "2013-07-19",\n                    0.8396119999999999\n                ],\n                [\n                    "2013-07-22",\n                    0.8395440000000001\n                ],\n                [\n                    "2013-07-23",\n                    0.839536\n                ],\n                [\n                    "2013-07-24",\n                    0.8395159999999999\n                ],\n                [\n                    "2013-07-25",\n                    0.839464\n                ],\n                [\n                    "2013-07-26",\n                    0.839496\n                ],\n                [\n                    "2013-07-29",\n                    0.8394879999999999\n                ],\n                [\n                    "2013-07-30",\n                    0.83948\n                ],\n                [\n                    "2013-07-31",\n                    0.839464\n                ],\n                [\n                    "2013-08-01",\n                    0.839524\n                ],\n                [\n                    "2013-08-02",\n                    0.83962\n                ],\n                [\n                    "2013-08-05",\n                    0.839752\n                ],\n                [\n                    "2013-08-06",\n                    0.8399399999999999\n                ],\n                [\n                    "2013-08-07",\n                    0.8401719999999999\n                ],\n                [\n                    "2013-08-08",\n                    0.840408\n                ],\n                [\n                    "2013-08-09",\n                    0.840676\n                ],\n                [\n                    "2013-08-12",\n                    0.84098\n                ],\n                [\n                    "2013-08-13",\n                    0.841236\n                ],\n                [\n                    "2013-08-14",\n                    0.841508\n                ],\n                [\n                    "2013-08-15",\n                    0.8417040000000001\n                ],\n                [\n                    "2013-08-16",\n                    0.8417960000000001\n                ],\n                [\n                    "2013-08-19",\n                    0.8419679999999999\n                ],\n                [\n                    "2013-08-20",\n                    0.842168\n                ],\n                [\n                    "2013-08-21",\n                    0.8422759999999999\n                ],\n                [\n                    "2013-08-22",\n                    0.842392\n                ],\n                [\n                    "2013-08-23",\n                    0.842524\n                ],\n                [\n                    "2013-08-26",\n                    0.842712\n                ],\n                [\n                    "2013-08-27",\n                    0.84292\n                ],\n                [\n                    "2013-08-28",\n                    0.843124\n                ],\n                [\n                    "2013-08-29",\n                    0.843336\n                ],\n                [\n                    "2013-08-30",\n                    0.8435119999999999\n                ],\n                [\n                    "2013-09-02",\n                    0.8436560000000001\n                ],\n                [\n                    "2013-09-03",\n                    0.8438880000000001\n                ],\n                [\n                    "2013-09-04",\n                    0.84412\n                ],\n                [\n                    "2013-09-05",\n                    0.844404\n                ],\n                [\n                    "2013-09-06",\n                    0.844712\n                ],\n                [\n                    "2013-09-09",\n                    0.8450599999999999\n                ],\n                [\n                    "2013-09-10",\n                    0.845452\n                ],\n                [\n                    "2013-09-11",\n                    0.845876\n                ],\n                [\n                    "2013-09-12",\n                    0.8463040000000001\n                ],\n                [\n                    "2013-09-13",\n                    0.846724\n                ],\n                [\n                    "2013-09-16",\n                    0.8472000000000001\n                ],\n                [\n                    "2013-09-17",\n                    0.847652\n                ],\n                [\n                    "2013-09-18",\n                    0.8481120000000001\n                ],\n                [\n                    "2013-09-23",\n                    0.848572\n                ],\n                [\n                    "2013-09-24",\n                    0.84906\n                ],\n                [\n                    "2013-09-25",\n                    0.849556\n                ],\n                [\n                    "2013-09-26",\n                    0.850012\n                ],\n                [\n                    "2013-09-27",\n                    0.8505119999999999\n                ],\n                [\n                    "2013-09-30",\n                    0.8510279999999999\n                ],\n                [\n                    "2013-10-08",\n                    0.851636\n                ],\n                [\n                    "2013-10-09",\n                    0.8523\n                ],\n                [\n                    "2013-10-10",\n                    0.852972\n                ],\n                [\n                    "2013-10-11",\n                    0.8537359999999999\n                ],\n                [\n                    "2013-10-14",\n                    0.8545\n                ],\n                [\n                    "2013-10-15",\n                    0.855272\n                ],\n                [\n                    "2013-10-16",\n                    0.855968\n                ],\n                [\n                    "2013-10-17",\n                    0.856652\n                ],\n                [\n                    "2013-10-18",\n                    0.8573280000000001\n                ],\n                [\n                    "2013-10-21",\n                    0.8580840000000001\n                ],\n                [\n                    "2013-10-22",\n                    0.8588000000000001\n                ],\n                [\n                    "2013-10-23",\n                    0.859432\n                ],\n                [\n                    "2013-10-24",\n                    0.860004\n                ],\n                [\n                    "2013-10-25",\n                    0.8604919999999999\n                ],\n                [\n                    "2013-10-28",\n                    0.860996\n                ],\n                [\n                    "2013-10-29",\n                    0.861476\n                ],\n                [\n                    "2013-10-30",\n                    0.86202\n                ],\n                [\n                    "2013-10-31",\n                    0.862424\n                ],\n                [\n                    "2013-11-01",\n                    0.8628279999999999\n                ],\n                [\n                    "2013-11-04",\n                    0.8631960000000001\n                ],\n                [\n                    "2013-11-05",\n                    0.863592\n                ],\n                [\n                    "2013-11-06",\n                    0.863932\n                ],\n                [\n                    "2013-11-07",\n                    0.8642799999999999\n                ],\n                [\n                    "2013-11-08",\n                    0.8645880000000001\n                ],\n                [\n                    "2013-11-11",\n                    0.8649399999999999\n                ],\n                [\n                    "2013-11-12",\n                    0.8653679999999999\n                ],\n                [\n                    "2013-11-13",\n                    0.865736\n                ],\n                [\n                    "2013-11-14",\n                    0.8661559999999999\n                ],\n                [\n                    "2013-11-15",\n                    0.8666079999999999\n                ],\n                [\n                    "2013-11-18",\n                    0.867056\n                ],\n                [\n                    "2013-11-19",\n                    0.86746\n                ],\n                [\n                    "2013-11-20",\n                    0.867916\n                ],\n                [\n                    "2013-11-21",\n                    0.8683759999999999\n                ],\n                [\n                    "2013-11-22",\n                    0.868836\n                ],\n                [\n                    "2013-11-25",\n                    0.869308\n                ],\n                [\n                    "2013-11-26",\n                    0.869784\n                ],\n                [\n                    "2013-11-27",\n                    0.8703159999999999\n                ],\n                [\n                    "2013-11-28",\n                    0.870944\n                ],\n                [\n                    "2013-11-29",\n                    0.871556\n                ],\n                [\n                    "2013-12-02",\n                    0.872072\n                ],\n                [\n                    "2013-12-03",\n                    0.872688\n                ],\n                [\n                    "2013-12-04",\n                    0.8734120000000001\n                ],\n                [\n                    "2013-12-05",\n                    0.8741239999999999\n                ],\n                [\n                    "2013-12-06",\n                    0.874828\n                ],\n                [\n                    "2013-12-09",\n                    0.8756079999999999\n                ],\n                [\n                    "2013-12-10",\n                    0.87636\n                ],\n                [\n                    "2013-12-11",\n                    0.8771359999999999\n                ],\n                [\n                    "2013-12-12",\n                    0.8779600000000001\n                ],\n                [\n                    "2013-12-13",\n                    0.878832\n                ],\n                [\n                    "2013-12-16",\n                    0.879632\n                ],\n                [\n                    "2013-12-17",\n                    0.8803759999999999\n                ],\n                [\n                    "2013-12-18",\n                    0.881216\n                ],\n                [\n                    "2013-12-19",\n                    0.88202\n                ],\n                [\n                    "2013-12-20",\n                    0.88276\n                ],\n                [\n                    "2013-12-23",\n                    0.883536\n                ],\n                [\n                    "2013-12-24",\n                    0.884308\n                ],\n                [\n                    "2013-12-25",\n                    0.885104\n                ],\n                [\n                    "2013-12-26",\n                    0.88586\n                ],\n                [\n                    "2013-12-27",\n                    0.88664\n                ],\n                [\n                    "2013-12-30",\n                    0.8874639999999999\n                ],\n                [\n                    "2013-12-31",\n                    0.888236\n                ],\n                [\n                    "2014-01-02",\n                    0.888972\n                ],\n                [\n                    "2014-01-03",\n                    0.889692\n                ],\n                [\n                    "2014-01-06",\n                    0.8903040000000001\n                ],\n                [\n                    "2014-01-07",\n                    0.8909\n                ],\n                [\n                    "2014-01-08",\n                    0.891552\n                ],\n                [\n                    "2014-01-09",\n                    0.8921600000000001\n                ],\n                [\n                    "2014-01-10",\n                    0.892696\n                ],\n                [\n                    "2014-01-13",\n                    0.8932040000000001\n                ],\n                [\n                    "2014-01-14",\n                    0.893768\n                ],\n                [\n                    "2014-01-15",\n                    0.894308\n                ],\n                [\n                    "2014-01-16",\n                    0.8947999999999999\n                ],\n                [\n                    "2014-01-17",\n                    0.895236\n                ],\n                [\n                    "2014-01-20",\n                    0.8956199999999999\n                ],\n                [\n                    "2014-01-21",\n                    0.895992\n                ],\n                [\n                    "2014-01-22",\n                    0.8964160000000001\n                ],\n                [\n                    "2014-01-23",\n                    0.89688\n                ],\n                [\n                    "2014-01-24",\n                    0.8973839999999998\n                ],\n                [\n                    "2014-01-27",\n                    0.8977240000000001\n                ],\n                [\n                    "2014-01-28",\n                    0.89804\n                ],\n                [\n                    "2014-01-29",\n                    0.898364\n                ],\n                [\n                    "2014-01-30",\n                    0.8986519999999999\n                ],\n                [\n                    "2014-02-07",\n                    0.898912\n                ],\n                [\n                    "2014-02-10",\n                    0.8992960000000001\n                ],\n                [\n                    "2014-02-11",\n                    0.899708\n                ],\n                [\n                    "2014-02-12",\n                    0.900108\n                ],\n                [\n                    "2014-02-13",\n                    0.9005279999999999\n                ],\n                [\n                    "2014-02-14",\n                    0.90098\n                ],\n                [\n                    "2014-02-17",\n                    0.9014160000000001\n                ],\n                [\n                    "2014-02-18",\n                    0.901804\n                ],\n                [\n                    "2014-02-19",\n                    0.902176\n                ],\n                [\n                    "2014-02-20",\n                    0.902548\n                ],\n                [\n                    "2014-02-21",\n                    0.902856\n                ],\n                [\n                    "2014-02-24",\n                    0.90312\n                ],\n                [\n                    "2014-02-25",\n                    0.903192\n                ],\n                [\n                    "2014-02-26",\n                    0.903264\n                ],\n                [\n                    "2014-02-27",\n                    0.9032199999999999\n                ],\n                [\n                    "2014-02-28",\n                    0.9031840000000001\n                ],\n                [\n                    "2014-03-03",\n                    0.9032720000000001\n                ],\n                [\n                    "2014-03-04",\n                    0.9033920000000001\n                ],\n                [\n                    "2014-03-05",\n                    0.903408\n                ],\n                [\n                    "2014-03-06",\n                    0.903448\n                ],\n                [\n                    "2014-03-07",\n                    0.903512\n                ],\n                [\n                    "2014-03-10",\n                    0.9034880000000001\n                ],\n                [\n                    "2014-03-11",\n                    0.903528\n                ],\n                [\n                    "2014-03-12",\n                    0.9035799999999999\n                ],\n                [\n                    "2014-03-13",\n                    0.90362\n                ],\n                [\n                    "2014-03-14",\n                    0.903608\n                ],\n                [\n                    "2014-03-17",\n                    0.9036879999999999\n                ],\n                [\n                    "2014-03-18",\n                    0.903732\n                ],\n                [\n                    "2014-03-19",\n                    0.903676\n                ],\n                [\n                    "2014-03-20",\n                    0.90354\n                ],\n                [\n                    "2014-03-21",\n                    0.9034840000000001\n                ],\n                [\n                    "2014-03-24",\n                    0.903428\n                ],\n                [\n                    "2014-03-25",\n                    0.903424\n                ],\n                [\n                    "2014-03-26",\n                    0.9034679999999999\n                ],\n                [\n                    "2014-03-27",\n                    0.9034439999999999\n                ],\n                [\n                    "2014-03-28",\n                    0.903396\n                ],\n                [\n                    "2014-03-31",\n                    0.903392\n                ],\n                [\n                    "2014-04-01",\n                    0.903432\n                ],\n                [\n                    "2014-04-02",\n                    0.903384\n                ],\n                [\n                    "2014-04-03",\n                    0.9032960000000001\n                ],\n                [\n                    "2014-04-04",\n                    0.9032479999999999\n                ],\n                [\n                    "2014-04-08",\n                    0.9033\n                ],\n                [\n                    "2014-04-09",\n                    0.903356\n                ],\n                [\n                    "2014-04-10",\n                    0.903448\n                ],\n                [\n                    "2014-04-11",\n                    0.903616\n                ],\n                [\n                    "2014-04-14",\n                    0.903836\n                ],\n                [\n                    "2014-04-15",\n                    0.9040159999999999\n                ],\n                [\n                    "2014-04-16",\n                    0.90422\n                ],\n                [\n                    "2014-04-17",\n                    0.904452\n                ],\n                [\n                    "2014-04-18",\n                    0.9046360000000001\n                ],\n                [\n                    "2014-04-21",\n                    0.9047759999999999\n                ],\n                [\n                    "2014-04-22",\n                    0.904912\n                ],\n                [\n                    "2014-04-23",\n                    0.905064\n                ],\n                [\n                    "2014-04-24",\n                    0.905192\n                ],\n                [\n                    "2014-04-25",\n                    0.905276\n                ],\n                [\n                    "2014-04-28",\n                    0.90528\n                ],\n                [\n                    "2014-04-29",\n                    0.9053\n                ],\n                [\n                    "2014-04-30",\n                    0.9053399999999999\n                ],\n                [\n                    "2014-05-05",\n                    0.905356\n                ],\n                [\n                    "2014-05-06",\n                    0.9053880000000001\n                ],\n                [\n                    "2014-05-07",\n                    0.905428\n                ],\n                [\n                    "2014-05-08",\n                    0.905416\n                ],\n                [\n                    "2014-05-09",\n                    0.905404\n                ],\n                [\n                    "2014-05-12",\n                    0.9054639999999999\n                ],\n                [\n                    "2014-05-13",\n                    0.9055120000000001\n                ],\n                [\n                    "2014-05-14",\n                    0.9054800000000001\n                ],\n                [\n                    "2014-05-15",\n                    0.905376\n                ],\n                [\n                    "2014-05-16",\n                    0.905236\n                ],\n                [\n                    "2014-05-19",\n                    0.905024\n                ],\n                [\n                    "2014-05-20",\n                    0.904824\n                ],\n                [\n                    "2014-05-21",\n                    0.904648\n                ],\n                [\n                    "2014-05-22",\n                    0.904504\n                ],\n                [\n                    "2014-05-23",\n                    0.904476\n                ],\n                [\n                    "2014-05-26",\n                    0.9044439999999999\n                ],\n                [\n                    "2014-05-27",\n                    0.9043439999999999\n                ],\n                [\n                    "2014-05-28",\n                    0.90424\n                ],\n                [\n                    "2014-05-29",\n                    0.904092\n                ],\n                [\n                    "2014-05-30",\n                    0.903956\n                ],\n                [\n                    "2014-06-03",\n                    0.9038120000000001\n                ],\n                [\n                    "2014-06-04",\n                    0.9036759999999999\n                ],\n                [\n                    "2014-06-05",\n                    0.903576\n                ],\n                [\n                    "2014-06-06",\n                    0.903436\n                ],\n                [\n                    "2014-06-09",\n                    0.903256\n                ],\n                [\n                    "2014-06-10",\n                    0.903108\n                ],\n                [\n                    "2014-06-11",\n                    0.903\n                ],\n                [\n                    "2014-06-12",\n                    0.902924\n                ],\n                [\n                    "2014-06-13",\n                    0.9028999999999999\n                ],\n                [\n                    "2014-06-16",\n                    0.9029360000000001\n                ],\n                [\n                    "2014-06-17",\n                    0.902904\n                ],\n                [\n                    "2014-06-18",\n                    0.9028639999999999\n                ],\n                [\n                    "2014-06-19",\n                    0.9028160000000001\n                ],\n                [\n                    "2014-06-20",\n                    0.9028400000000001\n                ],\n                [\n                    "2014-06-23",\n                    0.902872\n                ],\n                [\n                    "2014-06-24",\n                    0.902956\n                ],\n                [\n                    "2014-06-25",\n                    0.902968\n                ],\n                [\n                    "2014-06-26",\n                    0.9030159999999999\n                ],\n                [\n                    "2014-06-27",\n                    0.903156\n                ],\n                [\n                    "2014-06-30",\n                    0.9032960000000001\n                ],\n                [\n                    "2014-07-01",\n                    0.90354\n                ],\n                [\n                    "2014-07-02",\n                    0.903732\n                ],\n                [\n                    "2014-07-03",\n                    0.903888\n                ],\n                [\n                    "2014-07-04",\n                    0.904068\n                ],\n                [\n                    "2014-07-07",\n                    0.9042\n                ],\n                [\n                    "2014-07-08",\n                    0.90436\n                ],\n                [\n                    "2014-07-09",\n                    0.9044200000000001\n                ],\n                [\n                    "2014-07-10",\n                    0.904396\n                ],\n                [\n                    "2014-07-11",\n                    0.904368\n                ],\n                [\n                    "2014-07-14",\n                    0.904412\n                ],\n                [\n                    "2014-07-15",\n                    0.904496\n                ],\n                [\n                    "2014-07-16",\n                    0.904592\n                ],\n                [\n                    "2014-07-17",\n                    0.90466\n                ],\n                [\n                    "2014-07-18",\n                    0.9047399999999999\n                ],\n                [\n                    "2014-07-21",\n                    0.904784\n                ],\n                [\n                    "2014-07-22",\n                    0.9048879999999999\n                ],\n                [\n                    "2014-07-23",\n                    0.904916\n                ],\n                [\n                    "2014-07-24",\n                    0.904968\n                ],\n                [\n                    "2014-07-25",\n                    0.905116\n                ],\n                [\n                    "2014-07-28",\n                    0.905356\n                ],\n                [\n                    "2014-07-29",\n                    0.90568\n                ],\n                [\n                    "2014-07-30",\n                    0.905968\n                ],\n                [\n                    "2014-07-31",\n                    0.90622\n                ],\n                [\n                    "2014-08-01",\n                    0.906452\n                ],\n                [\n                    "2014-08-04",\n                    0.906772\n                ],\n                [\n                    "2014-08-05",\n                    0.90712\n                ],\n                [\n                    "2014-08-06",\n                    0.90752\n                ],\n                [\n                    "2014-08-07",\n                    0.90786\n                ],\n                [\n                    "2014-08-08",\n                    0.908208\n                ],\n                [\n                    "2014-08-11",\n                    0.908544\n                ],\n                [\n                    "2014-08-12",\n                    0.908856\n                ],\n                [\n                    "2014-08-13",\n                    0.9091119999999999\n                ],\n                [\n                    "2014-08-14",\n                    0.909304\n                ],\n                [\n                    "2014-08-15",\n                    0.909524\n                ],\n                [\n                    "2014-08-18",\n                    0.90976\n                ],\n                [\n                    "2014-08-19",\n                    0.909988\n                ],\n                [\n                    "2014-08-20",\n                    0.910188\n                ],\n                [\n                    "2014-08-21",\n                    0.910412\n                ],\n                [\n                    "2014-08-22",\n                    0.9106759999999999\n                ],\n                [\n                    "2014-08-25",\n                    0.910924\n                ],\n                [\n                    "2014-08-26",\n                    0.9111999999999999\n                ],\n                [\n                    "2014-08-27",\n                    0.911408\n                ],\n                [\n                    "2014-08-28",\n                    0.911592\n                ],\n                [\n                    "2014-08-29",\n                    0.911852\n                ],\n                [\n                    "2014-09-01",\n                    0.9121719999999999\n                ],\n                [\n                    "2014-09-02",\n                    0.912544\n                ],\n                [\n                    "2014-09-03",\n                    0.9128959999999999\n                ],\n                [\n                    "2014-09-04",\n                    0.913256\n                ],\n                [\n                    "2014-09-05",\n                    0.913688\n                ],\n                [\n                    "2014-09-09",\n                    0.9141279999999999\n                ],\n                [\n                    "2014-09-10",\n                    0.9145679999999999\n                ],\n                [\n                    "2014-09-11",\n                    0.9149599999999999\n                ],\n                [\n                    "2014-09-12",\n                    0.915308\n                ],\n                [\n                    "2014-09-15",\n                    0.9156519999999999\n                ],\n                [\n                    "2014-09-16",\n                    0.915844\n                ],\n                [\n                    "2014-09-17",\n                    0.916072\n                ],\n                [\n                    "2014-09-18",\n                    0.916304\n                ],\n                [\n                    "2014-09-19",\n                    0.9165519999999999\n                ],\n                [\n                    "2014-09-22",\n                    0.916744\n                ],\n                [\n                    "2014-09-23",\n                    0.9169559999999999\n                ],\n                [\n                    "2014-09-24",\n                    0.91716\n                ],\n                [\n                    "2014-09-25",\n                    0.917336\n                ],\n                [\n                    "2014-09-26",\n                    0.917544\n                ],\n                [\n                    "2014-09-29",\n                    0.9177759999999999\n                ],\n                [\n                    "2014-09-30",\n                    0.9179120000000001\n                ],\n                [\n                    "2014-10-08",\n                    0.918032\n                ],\n                [\n                    "2014-10-09",\n                    0.918176\n                ],\n                [\n                    "2014-10-10",\n                    0.91834\n                ],\n                [\n                    "2014-10-13",\n                    0.918432\n                ],\n                [\n                    "2014-10-14",\n                    0.9184680000000001\n                ],\n                [\n                    "2014-10-15",\n                    0.918468\n                ],\n                [\n                    "2014-10-16",\n                    0.9183600000000001\n                ],\n                [\n                    "2014-10-17",\n                    0.918272\n                ],\n                [\n                    "2014-10-20",\n                    0.9181759999999999\n                ],\n                [\n                    "2014-10-21",\n                    0.918036\n                ],\n                [\n                    "2014-10-22",\n                    0.9178359999999999\n                ],\n                [\n                    "2014-10-23",\n                    0.917664\n                ],\n                [\n                    "2014-10-24",\n                    0.917536\n                ],\n                [\n                    "2014-10-27",\n                    0.917368\n                ],\n                [\n                    "2014-10-28",\n                    0.917092\n                ],\n                [\n                    "2014-10-29",\n                    0.9168919999999999\n                ],\n                [\n                    "2014-10-30",\n                    0.9168\n                ],\n                [\n                    "2014-10-31",\n                    0.9167240000000001\n                ],\n                [\n                    "2014-11-03",\n                    0.916712\n                ],\n                [\n                    "2014-11-04",\n                    0.916668\n                ],\n                [\n                    "2014-11-05",\n                    0.916632\n                ],\n                [\n                    "2014-11-06",\n                    0.9165359999999999\n                ],\n                [\n                    "2014-11-07",\n                    0.916536\n                ],\n                [\n                    "2014-11-10",\n                    0.916624\n                ],\n                [\n                    "2014-11-11",\n                    0.916632\n                ],\n                [\n                    "2014-11-12",\n                    0.9166599999999999\n                ],\n                [\n                    "2014-11-13",\n                    0.91674\n                ],\n                [\n                    "2014-11-14",\n                    0.9168959999999999\n                ],\n                [\n                    "2014-11-17",\n                    0.9171079999999999\n                ],\n                [\n                    "2014-11-18",\n                    0.9172720000000001\n                ],\n                [\n                    "2014-11-19",\n                    0.917388\n                ],\n                [\n                    "2014-11-20",\n                    0.9175399999999999\n                ],\n                [\n                    "2014-11-21",\n                    0.917664\n                ],\n                [\n                    "2014-11-24",\n                    0.917756\n                ],\n                [\n                    "2014-11-25",\n                    0.91786\n                ],\n                [\n                    "2014-11-26",\n                    0.9180079999999999\n                ],\n                [\n                    "2014-11-27",\n                    0.918156\n                ],\n                [\n                    "2014-11-28",\n                    0.918344\n                ],\n                [\n                    "2014-12-01",\n                    0.9185639999999999\n                ],\n                [\n                    "2014-12-02",\n                    0.9188719999999999\n                ],\n                [\n                    "2014-12-03",\n                    0.9192520000000001\n                ],\n                [\n                    "2014-12-04",\n                    0.919692\n                ],\n                [\n                    "2014-12-05",\n                    0.9200039999999999\n                ],\n                [\n                    "2014-12-08",\n                    0.9203479999999999\n                ],\n                [\n                    "2014-12-09",\n                    0.920688\n                ],\n                [\n                    "2014-12-10",\n                    0.9211119999999999\n                ],\n                [\n                    "2014-12-11",\n                    0.921468\n                ],\n                [\n                    "2014-12-12",\n                    0.92186\n                ],\n                [\n                    "2014-12-15",\n                    0.9223159999999999\n                ],\n                [\n                    "2014-12-16",\n                    0.922708\n                ],\n                [\n                    "2014-12-17",\n                    0.923036\n                ],\n                [\n                    "2014-12-18",\n                    0.9234119999999999\n                ],\n                [\n                    "2014-12-19",\n                    0.923736\n                ],\n                [\n                    "2014-12-22",\n                    0.9240280000000001\n                ],\n                [\n                    "2014-12-23",\n                    0.9243720000000001\n                ],\n                [\n                    "2014-12-24",\n                    0.9247199999999999\n                ],\n                [\n                    "2014-12-25",\n                    0.9251039999999999\n                ],\n                [\n                    "2014-12-26",\n                    0.925548\n                ],\n                [\n                    "2014-12-29",\n                    0.9260039999999999\n                ],\n                [\n                    "2014-12-30",\n                    0.92638\n                ],\n                [\n                    "2014-12-31",\n                    0.9267880000000001\n                ],\n                [\n                    "2015-01-05",\n                    0.927372\n                ],\n                [\n                    "2015-01-06",\n                    0.928052\n                ],\n                [\n                    "2015-01-07",\n                    0.928652\n                ],\n                [\n                    "2015-01-08",\n                    0.929232\n                ],\n                [\n                    "2015-01-09",\n                    0.929744\n                ],\n                [\n                    "2015-01-12",\n                    0.930308\n                ],\n                [\n                    "2015-01-13",\n                    0.930932\n                ],\n                [\n                    "2015-01-14",\n                    0.9315519999999999\n                ],\n                [\n                    "2015-01-15",\n                    0.9322079999999999\n                ],\n                [\n                    "2015-01-16",\n                    0.932824\n                ],\n                [\n                    "2015-01-19",\n                    0.9332639999999999\n                ],\n                [\n                    "2015-01-20",\n                    0.933852\n                ],\n                [\n                    "2015-01-21",\n                    0.934568\n                ],\n                [\n                    "2015-01-22",\n                    0.935236\n                ],\n                [\n                    "2015-01-23",\n                    0.9358439999999999\n                ],\n                [\n                    "2015-01-26",\n                    0.936524\n                ],\n                [\n                    "2015-01-27",\n                    0.937304\n                ],\n                [\n                    "2015-01-28",\n                    0.938084\n                ],\n                [\n                    "2015-01-29",\n                    0.938808\n                ],\n                [\n                    "2015-01-30",\n                    0.939452\n                ],\n                [\n                    "2015-02-02",\n                    0.940024\n                ],\n                [\n                    "2015-02-03",\n                    0.940664\n                ],\n                [\n                    "2015-02-04",\n                    0.941372\n                ],\n                [\n                    "2015-02-05",\n                    0.942056\n                ],\n                [\n                    "2015-02-06",\n                    0.9427239999999999\n                ],\n                [\n                    "2015-02-09",\n                    0.9434600000000001\n                ],\n                [\n                    "2015-02-10",\n                    0.944216\n                ],\n                [\n                    "2015-02-11",\n                    0.9449\n                ],\n                [\n                    "2015-02-12",\n                    0.9456\n                ],\n                [\n                    "2015-02-13",\n                    0.946332\n                ],\n                [\n                    "2015-02-16",\n                    0.947144\n                ],\n                [\n                    "2015-02-17",\n                    0.947996\n                ],\n                [\n                    "2015-02-25",\n                    0.9488\n                ],\n                [\n                    "2015-02-26",\n                    0.949672\n                ],\n                [\n                    "2015-02-27",\n                    0.950548\n                ],\n                [\n                    "2015-03-02",\n                    0.9514880000000001\n                ],\n                [\n                    "2015-03-03",\n                    0.95238\n                ],\n                [\n                    "2015-03-04",\n                    0.9534\n                ],\n                [\n                    "2015-03-05",\n                    0.954484\n                ],\n                [\n                    "2015-03-06",\n                    0.955572\n                ],\n                [\n                    "2015-03-09",\n                    0.956816\n                ],\n                [\n                    "2015-03-10",\n                    0.958012\n                ],\n                [\n                    "2015-03-11",\n                    0.95916\n                ],\n                [\n                    "2015-03-12",\n                    0.960356\n                ],\n                [\n                    "2015-03-13",\n                    0.9616239999999999\n                ],\n                [\n                    "2015-03-16",\n                    0.96302\n                ],\n                [\n                    "2015-03-17",\n                    0.964424\n                ],\n                [\n                    "2015-03-18",\n                    0.9659639999999999\n                ],\n                [\n                    "2015-03-19",\n                    0.9674799999999999\n                ],\n                [\n                    "2015-03-20",\n                    0.969004\n                ],\n                [\n                    "2015-03-23",\n                    0.970596\n                ],\n                [\n                    "2015-03-24",\n                    0.972268\n                ],\n                [\n                    "2015-03-25",\n                    0.9738960000000001\n                ],\n                [\n                    "2015-03-26",\n                    0.9755\n                ],\n                [\n                    "2015-03-27",\n                    0.977188\n                ],\n                [\n                    "2015-03-30",\n                    0.979052\n                ],\n                [\n                    "2015-03-31",\n                    0.9808279999999999\n                ],\n                [\n                    "2015-04-01",\n                    0.982712\n                ],\n                [\n                    "2015-04-02",\n                    0.9846119999999999\n                ],\n                [\n                    "2015-04-03",\n                    0.9865120000000001\n                ],\n                [\n                    "2015-04-07",\n                    0.988548\n                ],\n                [\n                    "2015-04-08",\n                    0.9906\n                ],\n                [\n                    "2015-04-09",\n                    0.99256\n                ],\n                [\n                    "2015-04-10",\n                    0.9945839999999999\n                ],\n                [\n                    "2015-04-13",\n                    0.996656\n                ],\n                [\n                    "2015-04-14",\n                    0.998732\n                ],\n                [\n                    "2015-04-15",\n                    1.00064\n                ],\n                [\n                    "2015-04-16",\n                    1.002704\n                ],\n                [\n                    "2015-04-17",\n                    1.004828\n                ],\n                [\n                    "2015-04-20",\n                    1.006832\n                ],\n                [\n                    "2015-04-21",\n                    1.009088\n                ],\n                [\n                    "2015-04-22",\n                    1.011396\n                ],\n                [\n                    "2015-04-23",\n                    1.013732\n                ],\n                [\n                    "2015-04-24",\n                    1.0160639999999999\n                ],\n                [\n                    "2015-04-27",\n                    1.018432\n                ],\n                [\n                    "2015-04-28",\n                    1.020712\n                ],\n                [\n                    "2015-04-29",\n                    1.0231000000000001\n                ],\n                [\n                    "2015-04-30",\n                    1.02548\n                ],\n                [\n                    "2015-05-04",\n                    1.02786\n                ],\n                [\n                    "2015-05-05",\n                    1.0300040000000001\n                ],\n                [\n                    "2015-05-06",\n                    1.032168\n                ],\n                [\n                    "2015-05-07",\n                    1.034384\n                ],\n                [\n                    "2015-05-08",\n                    1.036644\n                ],\n                [\n                    "2015-05-11",\n                    1.0390039999999998\n                ],\n                [\n                    "2015-05-12",\n                    1.0413519999999998\n                ],\n                [\n                    "2015-05-13",\n                    1.043728\n                ],\n                [\n                    "2015-05-14",\n                    1.0461\n                ],\n                [\n                    "2015-05-15",\n                    1.048404\n                ],\n                [\n                    "2015-05-18",\n                    1.050664\n                ],\n                [\n                    "2015-05-19",\n                    1.053028\n                ],\n                [\n                    "2015-05-20",\n                    1.05552\n                ],\n                [\n                    "2015-05-21",\n                    1.058232\n                ],\n                [\n                    "2015-05-22",\n                    1.061096\n                ],\n                [\n                    "2015-05-25",\n                    1.064168\n                ],\n                [\n                    "2015-05-26",\n                    1.0673799999999998\n                ],\n                [\n                    "2015-05-27",\n                    1.070512\n                ],\n                [\n                    "2015-05-28",\n                    1.073272\n                ],\n                [\n                    "2015-05-29",\n                    1.076008\n                ],\n                [\n                    "2015-06-01",\n                    1.0789680000000001\n                ],\n                [\n                    "2015-06-02",\n                    1.082012\n                ],\n                [\n                    "2015-06-03",\n                    1.085108\n                ],\n                [\n                    "2015-06-04",\n                    1.088104\n                ],\n                [\n                    "2015-06-05",\n                    1.09114\n                ],\n                [\n                    "2015-06-08",\n                    1.09424\n                ],\n                [\n                    "2015-06-09",\n                    1.097344\n                ],\n                [\n                    "2015-06-10",\n                    1.1005639999999999\n                ],\n                [\n                    "2015-06-11",\n                    1.103732\n                ],\n                [\n                    "2015-06-12",\n                    1.107068\n                ],\n                [\n                    "2015-06-15",\n                    1.110356\n                ],\n                [\n                    "2015-06-16",\n                    1.1133680000000001\n                ],\n                [\n                    "2015-06-17",\n                    1.116432\n                ],\n                [\n                    "2015-06-18",\n                    1.119272\n                ],\n                [\n                    "2015-06-19",\n                    1.121728\n                ],\n                [\n                    "2015-06-23",\n                    1.1244599999999998\n                ],\n                [\n                    "2015-06-24",\n                    1.1274279999999999\n                ],\n                [\n                    "2015-06-25",\n                    1.130188\n                ],\n                [\n                    "2015-06-26",\n                    1.1325919999999998\n                ],\n                [\n                    "2015-06-29",\n                    1.134896\n                ],\n                [\n                    "2015-06-30",\n                    1.1375\n                ],\n                [\n                    "2015-07-01",\n                    1.139808\n                ],\n                [\n                    "2015-07-02",\n                    1.1418679999999999\n                ],\n                [\n                    "2015-07-03",\n                    1.1436000000000002\n                ],\n                [\n                    "2015-07-06",\n                    1.145372\n                ],\n                [\n                    "2015-07-07",\n                    1.1468960000000001\n                ],\n                [\n                    "2015-07-08",\n                    1.1481\n                ],\n                [\n                    "2015-07-09",\n                    1.1496959999999998\n                ],\n                [\n                    "2015-07-10",\n                    1.1516760000000001\n                ],\n                [\n                    "2015-07-13",\n                    1.153872\n                ],\n                [\n                    "2015-07-14",\n                    1.155956\n                ],\n                [\n                    "2015-07-15",\n                    1.157764\n                ],\n                [\n                    "2015-07-16",\n                    1.1596760000000002\n                ],\n                [\n                    "2015-07-17",\n                    1.1618159999999997\n                ],\n                [\n                    "2015-07-20",\n                    1.1639000000000002\n                ],\n                [\n                    "2015-07-21",\n                    1.165916\n                ],\n                [\n                    "2015-07-22",\n                    1.1678879999999998\n                ],\n                [\n                    "2015-07-23",\n                    1.169984\n                ],\n                [\n                    "2015-07-24",\n                    1.1720320000000002\n                ],\n                [\n                    "2015-07-27",\n                    1.173596\n                ],\n                [\n                    "2015-07-28",\n                    1.175172\n                ],\n                [\n                    "2015-07-29",\n                    1.176804\n                ],\n                [\n                    "2015-07-30",\n                    1.178352\n                ],\n                [\n                    "2015-07-31",\n                    1.1798719999999998\n                ],\n                [\n                    "2015-08-03",\n                    1.181396\n                ],\n                [\n                    "2015-08-04",\n                    1.182996\n                ],\n                [\n                    "2015-08-05",\n                    1.1845\n                ],\n                [\n                    "2015-08-06",\n                    1.1859680000000001\n                ],\n                [\n                    "2015-08-07",\n                    1.1874639999999999\n                ],\n                [\n                    "2015-08-10",\n                    1.189144\n                ],\n                [\n                    "2015-08-11",\n                    1.1907839999999998\n                ],\n                [\n                    "2015-08-12",\n                    1.192308\n                ],\n                [\n                    "2015-08-13",\n                    1.1938919999999997\n                ],\n                [\n                    "2015-08-14",\n                    1.1955360000000002\n                ],\n                [\n                    "2015-08-17",\n                    1.197184\n                ],\n                [\n                    "2015-08-18",\n                    1.1984480000000002\n                ],\n                [\n                    "2015-08-19",\n                    1.1998039999999999\n                ],\n                [\n                    "2015-08-20",\n                    1.2009920000000003\n                ],\n                [\n                    "2015-08-21",\n                    1.201964\n                ],\n                [\n                    "2015-08-24",\n                    1.202528\n                ],\n                [\n                    "2015-08-25",\n                    1.2029320000000001\n                ],\n                [\n                    "2015-08-26",\n                    1.203444\n                ],\n                [\n                    "2015-08-27",\n                    1.2041799999999998\n                ],\n                [\n                    "2015-08-28",\n                    1.205048\n                ],\n                [\n                    "2015-08-31",\n                    1.205828\n                ],\n                [\n                    "2015-09-01",\n                    1.20656\n                ],\n                [\n                    "2015-09-02",\n                    1.20736\n                ],\n                [\n                    "2015-09-07",\n                    1.2080279999999999\n                ],\n                [\n                    "2015-09-08",\n                    1.2088240000000001\n                ],\n                [\n                    "2015-09-09",\n                    1.20966\n                ],\n                [\n                    "2015-09-10",\n                    1.210392\n                ],\n                [\n                    "2015-09-11",\n                    1.2110880000000002\n                ],\n                [\n                    "2015-09-14",\n                    1.21162\n                ],\n                [\n                    "2015-09-15",\n                    1.2120119999999999\n                ],\n                [\n                    "2015-09-16",\n                    1.212604\n                ],\n                [\n                    "2015-09-17",\n                    1.2130839999999998\n                ],\n                [\n                    "2015-09-18",\n                    1.213608\n                ],\n                [\n                    "2015-09-21",\n                    1.2142639999999998\n                ],\n                [\n                    "2015-09-22",\n                    1.214928\n                ],\n                [\n                    "2015-09-23",\n                    1.2155\n                ],\n                [\n                    "2015-09-24",\n                    1.21622\n                ],\n                [\n                    "2015-09-25",\n                    1.2168160000000001\n                ],\n                [\n                    "2015-09-28",\n                    1.217424\n                ],\n                [\n                    "2015-09-29",\n                    1.21796\n                ],\n                [\n                    "2015-09-30",\n                    1.218624\n                ],\n                [\n                    "2015-10-08",\n                    1.2194159999999998\n                ],\n                [\n                    "2015-10-09",\n                    1.2201840000000002\n                ],\n                [\n                    "2015-10-12",\n                    1.2210919999999998\n                ],\n                [\n                    "2015-10-13",\n                    1.2220119999999999\n                ],\n                [\n                    "2015-10-14",\n                    1.222836\n                ],\n                [\n                    "2015-10-15",\n                    1.223756\n                ],\n                [\n                    "2015-10-16",\n                    1.2246759999999999\n                ],\n                [\n                    "2015-10-19",\n                    1.225612\n                ],\n                [\n                    "2015-10-20",\n                    1.22658\n                ],\n                [\n                    "2015-10-21",\n                    1.227368\n                ],\n                [\n                    "2015-10-22",\n                    1.228288\n                ],\n                [\n                    "2015-10-23",\n                    1.229316\n                ],\n                [\n                    "2015-10-26",\n                    1.2304680000000001\n                ],\n                [\n                    "2015-10-27",\n                    1.231592\n                ],\n                [\n                    "2015-10-28",\n                    1.232592\n                ],\n                [\n                    "2015-10-29",\n                    1.233684\n                ],\n                [\n                    "2015-10-30",\n                    1.2348200000000003\n                ],\n                [\n                    "2015-11-02",\n                    1.235952\n                ],\n                [\n                    "2015-11-03",\n                    1.237068\n                ],\n                [\n                    "2015-11-04",\n                    1.238368\n                ],\n                [\n                    "2015-11-05",\n                    1.23966\n                ],\n                [\n                    "2015-11-06",\n                    1.2409759999999999\n                ],\n                [\n                    "2015-11-09",\n                    1.2423440000000001\n                ],\n                [\n                    "2015-11-10",\n                    1.243684\n                ],\n                [\n                    "2015-11-11",\n                    1.245024\n                ],\n                [\n                    "2015-11-12",\n                    1.246412\n                ],\n                [\n                    "2015-11-13",\n                    1.247728\n                ],\n                [\n                    "2015-11-16",\n                    1.2490359999999998\n                ],\n                [\n                    "2015-11-17",\n                    1.250372\n                ],\n                [\n                    "2015-11-18",\n                    1.251584\n                ],\n                [\n                    "2015-11-19",\n                    1.252932\n                ],\n                [\n                    "2015-11-20",\n                    1.2542200000000001\n                ],\n                [\n                    "2015-11-23",\n                    1.2554679999999998\n                ],\n                [\n                    "2015-11-24",\n                    1.2567160000000002\n                ],\n                [\n                    "2015-11-25",\n                    1.258008\n                ],\n                [\n                    "2015-11-26",\n                    1.2593120000000002\n                ],\n                [\n                    "2015-11-27",\n                    1.260404\n                ],\n                [\n                    "2015-11-30",\n                    1.261544\n                ],\n                [\n                    "2015-12-01",\n                    1.2627000000000002\n                ],\n                [\n                    "2015-12-02",\n                    1.2639559999999999\n                ],\n                [\n                    "2015-12-03",\n                    1.2651759999999999\n                ],\n                [\n                    "2015-12-04",\n                    1.2663600000000002\n                ],\n                [\n                    "2015-12-07",\n                    1.26756\n                ],\n                [\n                    "2015-12-08",\n                    1.268624\n                ],\n                [\n                    "2015-12-09",\n                    1.269684\n                ],\n                [\n                    "2015-12-10",\n                    1.2706560000000002\n                ],\n                [\n                    "2015-12-11",\n                    1.271568\n                ],\n                [\n                    "2015-12-14",\n                    1.272484\n                ],\n                [\n                    "2015-12-15",\n                    1.2734879999999997\n                ],\n                [\n                    "2015-12-16",\n                    1.2744280000000001\n                ],\n                [\n                    "2015-12-17",\n                    1.2755800000000002\n                ],\n                [\n                    "2015-12-18",\n                    1.276632\n                ],\n                [\n                    "2015-12-21",\n                    1.27788\n                ],\n                [\n                    "2015-12-22",\n                    1.279148\n                ],\n                [\n                    "2015-12-23",\n                    1.2803399999999998\n                ],\n                [\n                    "2015-12-24",\n                    1.281508\n                ],\n                [\n                    "2015-12-25",\n                    1.282732\n                ],\n                [\n                    "2015-12-28",\n                    1.283808\n                ],\n                [\n                    "2015-12-29",\n                    1.2849840000000001\n                ],\n                [\n                    "2015-12-30",\n                    1.286164\n                ],\n                [\n                    "2015-12-31",\n                    1.2873039999999998\n                ],\n                [\n                    "2016-01-04",\n                    1.288136\n                ],\n                [\n                    "2016-01-05",\n                    1.28896\n                ],\n                [\n                    "2016-01-06",\n                    1.289812\n                ],\n                [\n                    "2016-01-07",\n                    1.29036\n                ],\n                [\n                    "2016-01-08",\n                    1.291048\n                ],\n                [\n                    "2016-01-11",\n                    1.291444\n                ],\n                [\n                    "2016-01-12",\n                    1.291656\n                ],\n                [\n                    "2016-01-13",\n                    1.291736\n                ],\n                [\n                    "2016-01-14",\n                    1.2919559999999999\n                ],\n                [\n                    "2016-01-15",\n                    1.29206\n                ],\n                [\n                    "2016-01-18",\n                    1.292244\n                ],\n                [\n                    "2016-01-19",\n                    1.2925360000000001\n                ],\n                [\n                    "2016-01-20",\n                    1.29268\n                ],\n                [\n                    "2016-01-21",\n                    1.292772\n                ],\n                [\n                    "2016-01-22",\n                    1.292876\n                ],\n                [\n                    "2016-01-25",\n                    1.292996\n                ],\n                [\n                    "2016-01-26",\n                    1.293152\n                ],\n                [\n                    "2016-01-27",\n                    1.293144\n                ],\n                [\n                    "2016-01-28",\n                    1.292932\n                ],\n                [\n                    "2016-01-29",\n                    1.2928199999999999\n                ],\n                [\n                    "2016-02-01",\n                    1.2927559999999998\n                ],\n                [\n                    "2016-02-02",\n                    1.292732\n                ],\n                [\n                    "2016-02-03",\n                    1.292684\n                ],\n                [\n                    "2016-02-04",\n                    1.29272\n                ],\n                [\n                    "2016-02-05",\n                    1.292752\n                ],\n                [\n                    "2016-02-15",\n                    1.29274\n                ],\n                [\n                    "2016-02-16",\n                    1.2928719999999998\n                ],\n                [\n                    "2016-02-17",\n                    1.292952\n                ],\n                [\n                    "2016-02-18",\n                    1.29302\n                ],\n                [\n                    "2016-02-19",\n                    1.29312\n                ],\n                [\n                    "2016-02-22",\n                    1.2933320000000001\n                ],\n                [\n                    "2016-02-23",\n                    1.293512\n                ],\n                [\n                    "2016-02-24",\n                    1.2936280000000002\n                ],\n                [\n                    "2016-02-25",\n                    1.293456\n                ],\n                [\n                    "2016-02-26",\n                    1.2933160000000001\n                ],\n                [\n                    "2016-02-29",\n                    1.293\n                ],\n                [\n                    "2016-03-01",\n                    1.292716\n                ],\n                [\n                    "2016-03-02",\n                    1.292548\n                ],\n                [\n                    "2016-03-03",\n                    1.2924200000000001\n                ],\n                [\n                    "2016-03-04",\n                    1.292264\n                ],\n                [\n                    "2016-03-07",\n                    1.2921399999999998\n                ],\n                [\n                    "2016-03-08",\n                    1.291972\n                ],\n                [\n                    "2016-03-09",\n                    1.291836\n                ],\n                [\n                    "2016-03-10",\n                    1.291624\n                ],\n                [\n                    "2016-03-11",\n                    1.29146\n                ],\n                [\n                    "2016-03-14",\n                    1.2913599999999998\n                ],\n                [\n                    "2016-03-15",\n                    1.291176\n                ],\n                [\n                    "2016-03-16",\n                    1.29092\n                ],\n                [\n                    "2016-03-17",\n                    1.29072\n                ],\n                [\n                    "2016-03-18",\n                    1.290584\n                ],\n                [\n                    "2016-03-21",\n                    1.290476\n                ],\n                [\n                    "2016-03-22",\n                    1.2902559999999998\n                ],\n                [\n                    "2016-03-23",\n                    1.29\n                ],\n                [\n                    "2016-03-24",\n                    1.28968\n                ],\n                [\n                    "2016-03-25",\n                    1.289392\n                ],\n                [\n                    "2016-03-28",\n                    1.2891279999999998\n                ],\n                [\n                    "2016-03-29",\n                    1.2886879999999998\n                ],\n                [\n                    "2016-03-30",\n                    1.2882920000000002\n                ],\n                [\n                    "2016-03-31",\n                    1.287924\n                ],\n                [\n                    "2016-04-01",\n                    1.28754\n                ],\n                [\n                    "2016-04-05",\n                    1.287212\n                ],\n                [\n                    "2016-04-06",\n                    1.2868680000000001\n                ],\n                [\n                    "2016-04-07",\n                    1.286484\n                ],\n                [\n                    "2016-04-08",\n                    1.285976\n                ],\n                [\n                    "2016-04-11",\n                    1.2854960000000002\n                ],\n                [\n                    "2016-04-12",\n                    1.284984\n                ],\n                [\n                    "2016-04-13",\n                    1.284404\n                ],\n                [\n                    "2016-04-14",\n                    1.28386\n                ],\n                [\n                    "2016-04-15",\n                    1.2833719999999997\n                ],\n                [\n                    "2016-04-18",\n                    1.28274\n                ],\n                [\n                    "2016-04-19",\n                    1.282088\n                ],\n                [\n                    "2016-04-20",\n                    1.281308\n                ],\n                [\n                    "2016-04-21",\n                    1.2806440000000001\n                ],\n                [\n                    "2016-04-22",\n                    1.27984\n                ],\n                [\n                    "2016-04-25",\n                    1.278952\n                ],\n                [\n                    "2016-04-26",\n                    1.2781959999999999\n                ],\n                [\n                    "2016-04-27",\n                    1.2771759999999999\n                ],\n                [\n                    "2016-04-28",\n                    1.276076\n                ],\n                [\n                    "2016-04-29",\n                    1.2750320000000002\n                ],\n                [\n                    "2016-05-03",\n                    1.274184\n                ],\n                [\n                    "2016-05-04",\n                    1.27326\n                ],\n                [\n                    "2016-05-05",\n                    1.272436\n                ],\n                [\n                    "2016-05-06",\n                    1.271384\n                ],\n                [\n                    "2016-05-09",\n                    1.2703119999999999\n                ],\n                [\n                    "2016-05-10",\n                    1.269296\n                ],\n                [\n                    "2016-05-11",\n                    1.268596\n                ],\n                [\n                    "2016-05-12",\n                    1.26794\n                ],\n                [\n                    "2016-05-13",\n                    1.267252\n                ],\n                [\n                    "2016-05-16",\n                    1.26652\n                ],\n                [\n                    "2016-05-17",\n                    1.2656079999999998\n                ],\n                [\n                    "2016-05-18",\n                    1.2645800000000003\n                ],\n                [\n                    "2016-05-19",\n                    1.263512\n                ],\n                [\n                    "2016-05-20",\n                    1.262548\n                ],\n                [\n                    "2016-05-23",\n                    1.261716\n                ],\n                [\n                    "2016-05-24",\n                    1.2608920000000001\n                ],\n                [\n                    "2016-05-25",\n                    1.259884\n                ],\n                [\n                    "2016-05-26",\n                    1.2587800000000002\n                ],\n                [\n                    "2016-05-27",\n                    1.257476\n                ],\n                [\n                    "2016-05-30",\n                    1.25604\n                ],\n                [\n                    "2016-05-31",\n                    1.254576\n                ],\n                [\n                    "2016-06-01",\n                    1.2530240000000001\n                ],\n                [\n                    "2016-06-02",\n                    1.251576\n                ],\n                [\n                    "2016-06-03",\n                    1.25058\n                ],\n                [\n                    "2016-06-06",\n                    1.249624\n                ],\n                [\n                    "2016-06-07",\n                    1.2484359999999999\n                ],\n                [\n                    "2016-06-08",\n                    1.247072\n                ],\n                [\n                    "2016-06-13",\n                    1.245524\n                ],\n                [\n                    "2016-06-14",\n                    1.244136\n                ],\n                [\n                    "2016-06-15",\n                    1.242848\n                ],\n                [\n                    "2016-06-16",\n                    1.241456\n                ],\n                [\n                    "2016-06-17",\n                    1.24016\n                ],\n                [\n                    "2016-06-20",\n                    1.2387519999999999\n                ],\n                [\n                    "2016-06-21",\n                    1.2372999999999998\n                ],\n                [\n                    "2016-06-22",\n                    1.23574\n                ],\n                [\n                    "2016-06-23",\n                    1.234216\n                ],\n                [\n                    "2016-06-24",\n                    1.232884\n                ],\n                [\n                    "2016-06-27",\n                    1.23162\n                ],\n                [\n                    "2016-06-28",\n                    1.2305720000000002\n                ],\n                [\n                    "2016-06-29",\n                    1.229868\n                ],\n                [\n                    "2016-06-30",\n                    1.2288960000000002\n                ],\n                [\n                    "2016-07-01",\n                    1.2277360000000002\n                ],\n                [\n                    "2016-07-04",\n                    1.226872\n                ],\n                [\n                    "2016-07-05",\n                    1.226436\n                ],\n                [\n                    "2016-07-06",\n                    1.2262120000000003\n                ],\n                [\n                    "2016-07-07",\n                    1.225616\n                ],\n                [\n                    "2016-07-08",\n                    1.2252720000000001\n                ],\n                [\n                    "2016-07-11",\n                    1.225272\n                ],\n                [\n                    "2016-07-12",\n                    1.225732\n                ],\n                [\n                    "2016-07-13",\n                    1.2260799999999998\n                ],\n                [\n                    "2016-07-14",\n                    1.2266599999999999\n                ],\n                [\n                    "2016-07-15",\n                    1.227632\n                ],\n                [\n                    "2016-07-18",\n                    1.228204\n                ],\n                [\n                    "2016-07-19",\n                    1.228288\n                ],\n                [\n                    "2016-07-20",\n                    1.2281399999999998\n                ],\n                [\n                    "2016-07-21",\n                    1.2281680000000001\n                ],\n                [\n                    "2016-07-22",\n                    1.22834\n                ],\n                [\n                    "2016-07-25",\n                    1.2284479999999998\n                ],\n                [\n                    "2016-07-26",\n                    1.22852\n                ],\n                [\n                    "2016-07-27",\n                    1.2285079999999997\n                ],\n                [\n                    "2016-07-28",\n                    1.2285760000000001\n                ],\n                [\n                    "2016-07-29",\n                    1.22866\n                ],\n                [\n                    "2016-08-01",\n                    1.228544\n                ],\n                [\n                    "2016-08-02",\n                    1.2284959999999998\n                ],\n                [\n                    "2016-08-03",\n                    1.2288999999999999\n                ],\n                [\n                    "2016-08-04",\n                    1.229276\n                ],\n                [\n                    "2016-08-05",\n                    1.229516\n                ],\n                [\n                    "2016-08-08",\n                    1.229908\n                ],\n                [\n                    "2016-08-09",\n                    1.230364\n                ],\n                [\n                    "2016-08-10",\n                    1.230748\n                ],\n                [\n                    "2016-08-11",\n                    1.2309960000000002\n                ],\n                [\n                    "2016-08-12",\n                    1.2313600000000002\n                ],\n                [\n                    "2016-08-15",\n                    1.2318639999999998\n                ],\n                [\n                    "2016-08-16",\n                    1.232296\n                ],\n                [\n                    "2016-08-17",\n                    1.2325760000000001\n                ],\n                [\n                    "2016-08-18",\n                    1.232788\n                ],\n                [\n                    "2016-08-19",\n                    1.233076\n                ],\n                [\n                    "2016-08-22",\n                    1.2333000000000003\n                ],\n                [\n                    "2016-08-23",\n                    1.233528\n                ],\n                [\n                    "2016-08-24",\n                    1.2336960000000001\n                ],\n                [\n                    "2016-08-25",\n                    1.2341520000000001\n                ],\n                [\n                    "2016-08-26",\n                    1.234512\n                ],\n                [\n                    "2016-08-29",\n                    1.235004\n                ],\n                [\n                    "2016-08-30",\n                    1.2357360000000002\n                ],\n                [\n                    "2016-08-31",\n                    1.2368599999999998\n                ],\n                [\n                    "2016-09-01",\n                    1.238104\n                ],\n                [\n                    "2016-09-02",\n                    1.239196\n                ],\n                [\n                    "2016-09-05",\n                    1.2400920000000002\n                ],\n                [\n                    "2016-09-06",\n                    1.240908\n                ],\n                [\n                    "2016-09-07",\n                    1.241752\n                ],\n                [\n                    "2016-09-08",\n                    1.2426879999999998\n                ],\n                [\n                    "2016-09-09",\n                    1.2435520000000002\n                ],\n                [\n                    "2016-09-12",\n                    1.24442\n                ],\n                [\n                    "2016-09-13",\n                    1.2451999999999999\n                ],\n                [\n                    "2016-09-14",\n                    1.245832\n                ],\n                [\n                    "2016-09-19",\n                    1.246572\n                ],\n                [\n                    "2016-09-20",\n                    1.247304\n                ],\n                [\n                    "2016-09-21",\n                    1.248172\n                ],\n                [\n                    "2016-09-22",\n                    1.24922\n                ],\n                [\n                    "2016-09-23",\n                    1.25002\n                ],\n                [\n                    "2016-09-26",\n                    1.250864\n                ],\n                [\n                    "2016-09-27",\n                    1.25172\n                ],\n                [\n                    "2016-09-28",\n                    1.252484\n                ],\n                [\n                    "2016-09-29",\n                    1.253256\n                ],\n                [\n                    "2016-09-30",\n                    1.254192\n                ],\n                [\n                    "2016-10-10",\n                    1.255144\n                ],\n                [\n                    "2016-10-11",\n                    1.256188\n                ],\n                [\n                    "2016-10-12",\n                    1.2571880000000002\n                ],\n                [\n                    "2016-10-13",\n                    1.2582079999999998\n                ],\n                [\n                    "2016-10-14",\n                    1.2591679999999998\n                ],\n                [\n                    "2016-10-17",\n                    1.2599440000000002\n                ],\n                [\n                    "2016-10-18",\n                    1.2607599999999999\n                ],\n                [\n                    "2016-10-19",\n                    1.261424\n                ],\n                [\n                    "2016-10-20",\n                    1.2620719999999999\n                ],\n                [\n                    "2016-10-21",\n                    1.2627840000000001\n                ],\n                [\n                    "2016-10-24",\n                    1.263436\n                ],\n                [\n                    "2016-10-25",\n                    1.2641360000000001\n                ],\n                [\n                    "2016-10-26",\n                    1.2648280000000003\n                ],\n                [\n                    "2016-10-27",\n                    1.265492\n                ],\n                [\n                    "2016-10-28",\n                    1.266368\n                ],\n                [\n                    "2016-10-31",\n                    1.267156\n                ],\n                [\n                    "2016-11-01",\n                    1.26788\n                ],\n                [\n                    "2016-11-02",\n                    1.268496\n                ],\n                [\n                    "2016-11-03",\n                    1.2691199999999998\n                ],\n                [\n                    "2016-11-04",\n                    1.269788\n                ],\n                [\n                    "2016-11-07",\n                    1.2703879999999999\n                ],\n                [\n                    "2016-11-08",\n                    1.2710439999999998\n                ],\n                [\n                    "2016-11-09",\n                    1.2717079999999998\n                ],\n                [\n                    "2016-11-10",\n                    1.2724360000000001\n                ],\n                [\n                    "2016-11-11",\n                    1.2729480000000002\n                ],\n                [\n                    "2016-11-14",\n                    1.273396\n                ],\n                [\n                    "2016-11-15",\n                    1.273824\n                ],\n                [\n                    "2016-11-16",\n                    1.2741959999999999\n                ],\n                [\n                    "2016-11-17",\n                    1.2746\n                ],\n                [\n                    "2016-11-18",\n                    1.274996\n                ],\n                [\n                    "2016-11-21",\n                    1.2754\n                ],\n                [\n                    "2016-11-22",\n                    1.275912\n                ],\n                [\n                    "2016-11-23",\n                    1.276496\n                ],\n                [\n                    "2016-11-24",\n                    1.277148\n                ],\n                [\n                    "2016-11-25",\n                    1.2778800000000001\n                ],\n                [\n                    "2016-11-28",\n                    1.278596\n                ],\n                [\n                    "2016-11-29",\n                    1.279452\n                ],\n                [\n                    "2016-11-30",\n                    1.2802719999999999\n                ],\n                [\n                    "2016-12-01",\n                    1.2811519999999998\n                ],\n                [\n                    "2016-12-02",\n                    1.281872\n                ],\n                [\n                    "2016-12-05",\n                    1.28248\n                ],\n                [\n                    "2016-12-06",\n                    1.2833720000000002\n                ],\n                [\n                    "2016-12-07",\n                    1.284252\n                ],\n                [\n                    "2016-12-08",\n                    1.285136\n                ],\n                [\n                    "2016-12-09",\n                    1.285916\n                ],\n                [\n                    "2016-12-12",\n                    1.2865240000000002\n                ],\n                [\n                    "2016-12-13",\n                    1.287208\n                ],\n                [\n                    "2016-12-14",\n                    1.287796\n                ],\n                [\n                    "2016-12-15",\n                    1.288428\n                ],\n                [\n                    "2016-12-16",\n                    1.289076\n                ],\n                [\n                    "2016-12-19",\n                    1.2897319999999999\n                ],\n                [\n                    "2016-12-20",\n                    1.2903600000000002\n                ],\n                [\n                    "2016-12-21",\n                    1.290932\n                ],\n                [\n                    "2016-12-22",\n                    1.291488\n                ],\n                [\n                    "2016-12-23",\n                    1.2919960000000001\n                ],\n                [\n                    "2016-12-26",\n                    1.292432\n                ],\n                [\n                    "2016-12-27",\n                    1.29284\n                ],\n                [\n                    "2016-12-28",\n                    1.293044\n                ],\n                [\n                    "2016-12-29",\n                    1.2932080000000001\n                ],\n                [\n                    "2016-12-30",\n                    1.293432\n                ],\n                [\n                    "2016-12-31",\n                    1.2937079999999999\n                ],\n                [\n                    "2017-01-03",\n                    1.2940359999999997\n                ],\n                [\n                    "2017-01-04",\n                    1.294596\n                ],\n                [\n                    "2017-01-05",\n                    1.2950679999999999\n                ],\n                [\n                    "2017-01-06",\n                    1.295532\n                ],\n                [\n                    "2017-01-09",\n                    1.296056\n                ],\n                [\n                    "2017-01-10",\n                    1.296936\n                ],\n                [\n                    "2017-01-11",\n                    1.2977199999999998\n                ],\n                [\n                    "2017-01-12",\n                    1.2983959999999999\n                ],\n                [\n                    "2017-01-13",\n                    1.299372\n                ],\n                [\n                    "2017-01-16",\n                    1.300268\n                ],\n                [\n                    "2017-01-17",\n                    1.3014560000000002\n                ],\n                [\n                    "2017-01-18",\n                    1.3026680000000002\n                ],\n                [\n                    "2017-01-19",\n                    1.303952\n                ],\n                [\n                    "2017-01-20",\n                    1.3051760000000001\n                ],\n                [\n                    "2017-01-23",\n                    1.3065120000000001\n                ],\n                [\n                    "2017-01-24",\n                    1.307824\n                ],\n                [\n                    "2017-01-25",\n                    1.3090119999999998\n                ],\n                [\n                    "2017-01-26",\n                    1.3103\n                ],\n                [\n                    "2017-02-03",\n                    1.3116840000000003\n                ],\n                [\n                    "2017-02-06",\n                    1.31304\n                ],\n                [\n                    "2017-02-07",\n                    1.3143479999999998\n                ],\n                [\n                    "2017-02-08",\n                    1.315872\n                ],\n                [\n                    "2017-02-09",\n                    1.3174640000000002\n                ],\n                [\n                    "2017-02-10",\n                    1.3191599999999999\n                ],\n                [\n                    "2017-02-13",\n                    1.3208440000000001\n                ],\n                [\n                    "2017-02-14",\n                    1.322512\n                ],\n                [\n                    "2017-02-15",\n                    1.3240640000000001\n                ],\n                [\n                    "2017-02-16",\n                    1.3256599999999998\n                ],\n                [\n                    "2017-02-17",\n                    1.327244\n                ],\n                [\n                    "2017-02-20",\n                    1.3290400000000002\n                ],\n                [\n                    "2017-02-21",\n                    1.3308680000000002\n                ],\n                [\n                    "2017-02-22",\n                    1.332644\n                ],\n                [\n                    "2017-02-23",\n                    1.33438\n                ],\n                [\n                    "2017-02-24",\n                    1.3361120000000002\n                ],\n                [\n                    "2017-02-27",\n                    1.33776\n                ],\n                [\n                    "2017-02-28",\n                    1.339336\n                ],\n                [\n                    "2017-03-01",\n                    1.3409360000000001\n                ],\n                [\n                    "2017-03-02",\n                    1.342512\n                ],\n                [\n                    "2017-03-03",\n                    1.344376\n                ],\n                [\n                    "2017-03-06",\n                    1.3462960000000002\n                ],\n                [\n                    "2017-03-07",\n                    1.348428\n                ],\n                [\n                    "2017-03-08",\n                    1.35046\n                ],\n                [\n                    "2017-03-09",\n                    1.352284\n                ],\n                [\n                    "2017-03-10",\n                    1.354164\n                ],\n                [\n                    "2017-03-13",\n                    1.3560919999999999\n                ],\n                [\n                    "2017-03-14",\n                    1.357976\n                ],\n                [\n                    "2017-03-15",\n                    1.3599160000000001\n                ],\n                [\n                    "2017-03-16",\n                    1.3618719999999997\n                ],\n                [\n                    "2017-03-17",\n                    1.363808\n                ],\n                [\n                    "2017-03-20",\n                    1.365772\n                ],\n                [\n                    "2017-03-21",\n                    1.367836\n                ],\n                [\n                    "2017-03-22",\n                    1.369964\n                ],\n                [\n                    "2017-03-23",\n                    1.372128\n                ],\n                [\n                    "2017-03-24",\n                    1.3742079999999999\n                ],\n                [\n                    "2017-03-27",\n                    1.376112\n                ],\n                [\n                    "2017-03-28",\n                    1.3779480000000002\n                ],\n                [\n                    "2017-03-29",\n                    1.379808\n                ],\n                [\n                    "2017-03-30",\n                    1.381624\n                ],\n                [\n                    "2017-03-31",\n                    1.383512\n                ],\n                [\n                    "2017-04-05",\n                    1.385372\n                ],\n                [\n                    "2017-04-06",\n                    1.387212\n                ],\n                [\n                    "2017-04-07",\n                    1.3891080000000002\n                ],\n                [\n                    "2017-04-10",\n                    1.39082\n                ],\n                [\n                    "2017-04-11",\n                    1.3924640000000001\n                ],\n                [\n                    "2017-04-12",\n                    1.394172\n                ],\n                [\n                    "2017-04-13",\n                    1.3958760000000001\n                ],\n                [\n                    "2017-04-14",\n                    1.397468\n                ],\n                [\n                    "2017-04-17",\n                    1.399196\n                ],\n                [\n                    "2017-04-18",\n                    1.4010799999999999\n                ],\n                [\n                    "2017-04-19",\n                    1.402936\n                ],\n                [\n                    "2017-04-20",\n                    1.4049280000000002\n                ],\n                [\n                    "2017-04-21",\n                    1.406852\n                ],\n                [\n                    "2017-04-24",\n                    1.408676\n                ],\n                [\n                    "2017-04-25",\n                    1.410672\n                ],\n                [\n                    "2017-04-26",\n                    1.412656\n                ],\n                [\n                    "2017-04-27",\n                    1.4146320000000001\n                ],\n                [\n                    "2017-04-28",\n                    1.416652\n                ],\n                [\n                    "2017-05-02",\n                    1.4187\n                ],\n                [\n                    "2017-05-03",\n                    1.420696\n                ],\n                [\n                    "2017-05-04",\n                    1.422684\n                ],\n                [\n                    "2017-05-05",\n                    1.4246360000000002\n                ],\n                [\n                    "2017-05-08",\n                    1.4264560000000002\n                ],\n                [\n                    "2017-05-09",\n                    1.428272\n                ],\n                [\n                    "2017-05-10",\n                    1.4300639999999998\n                ],\n                [\n                    "2017-05-11",\n                    1.43178\n                ],\n                [\n                    "2017-05-12",\n                    1.433568\n                ],\n                [\n                    "2017-05-15",\n                    1.435376\n                ],\n                [\n                    "2017-05-16",\n                    1.437472\n                ],\n                [\n                    "2017-05-17",\n                    1.439516\n                ],\n                [\n                    "2017-05-18",\n                    1.44148\n                ],\n                [\n                    "2017-05-19",\n                    1.44344\n                ],\n                [\n                    "2017-05-22",\n                    1.445432\n                ],\n                [\n                    "2017-05-23",\n                    1.44756\n                ],\n                [\n                    "2017-05-24",\n                    1.4495919999999998\n                ],\n                [\n                    "2017-05-25",\n                    1.4516560000000003\n                ],\n                [\n                    "2017-05-26",\n                    1.453848\n                ],\n                [\n                    "2017-05-31",\n                    1.4560520000000001\n                ],\n                [\n                    "2017-06-01",\n                    1.4582439999999999\n                ],\n                [\n                    "2017-06-02",\n                    1.4603519999999999\n                ],\n                [\n                    "2017-06-05",\n                    1.462472\n                ],\n                [\n                    "2017-06-06",\n                    1.464764\n                ],\n                [\n                    "2017-06-07",\n                    1.467136\n                ],\n                [\n                    "2017-06-08",\n                    1.4696479999999998\n                ],\n                [\n                    "2017-06-09",\n                    1.4721959999999998\n                ],\n                [\n                    "2017-06-12",\n                    1.4746839999999999\n                ],\n                [\n                    "2017-06-13",\n                    1.4771759999999998\n                ],\n                [\n                    "2017-06-14",\n                    1.479548\n                ],\n                [\n                    "2017-06-15",\n                    1.481768\n                ],\n                [\n                    "2017-06-16",\n                    1.483912\n                ],\n                [\n                    "2017-06-19",\n                    1.486124\n                ],\n                [\n                    "2017-06-20",\n                    1.488376\n                ],\n                [\n                    "2017-06-21",\n                    1.4909359999999998\n                ],\n                [\n                    "2017-06-22",\n                    1.493376\n                ],\n                [\n                    "2017-06-23",\n                    1.495804\n                ],\n                [\n                    "2017-06-26",\n                    1.498376\n                ],\n                [\n                    "2017-06-27",\n                    1.500864\n                ],\n                [\n                    "2017-06-28",\n                    1.5032320000000001\n                ],\n                [\n                    "2017-06-29",\n                    1.5056599999999998\n                ],\n                [\n                    "2017-06-30",\n                    1.508084\n                ],\n                [\n                    "2017-07-03",\n                    1.51042\n                ],\n                [\n                    "2017-07-04",\n                    1.512712\n                ],\n                [\n                    "2017-07-05",\n                    1.514984\n                ],\n                [\n                    "2017-07-06",\n                    1.517264\n                ],\n                [\n                    "2017-07-07",\n                    1.519452\n                ],\n                [\n                    "2017-07-10",\n                    1.5216319999999999\n                ],\n                [\n                    "2017-07-11",\n                    1.523948\n                ],\n                [\n                    "2017-07-12",\n                    1.5260919999999998\n                ],\n                [\n                    "2017-07-13",\n                    1.5281879999999999\n                ],\n                [\n                    "2017-07-14",\n                    1.5302079999999998\n                ],\n                [\n                    "2017-07-17",\n                    1.532184\n                ],\n                [\n                    "2017-07-18",\n                    1.5341559999999999\n                ],\n                [\n                    "2017-07-19",\n                    1.536096\n                ],\n                [\n                    "2017-07-20",\n                    1.537972\n                ],\n                [\n                    "2017-07-21",\n                    1.5399\n                ],\n                [\n                    "2017-07-24",\n                    1.541948\n                ],\n                [\n                    "2017-07-25",\n                    1.543924\n                ],\n                [\n                    "2017-07-26",\n                    1.545768\n                ],\n                [\n                    "2017-07-27",\n                    1.54768\n                ],\n                [\n                    "2017-07-28",\n                    1.5497319999999999\n                ],\n                [\n                    "2017-07-31",\n                    1.551732\n                ],\n                [\n                    "2017-08-01",\n                    1.553856\n                ],\n                [\n                    "2017-08-02",\n                    1.5559360000000002\n                ],\n                [\n                    "2017-08-03",\n                    1.55774\n                ],\n                [\n                    "2017-08-04",\n                    1.559596\n                ],\n                [\n                    "2017-08-07",\n                    1.5615160000000001\n                ],\n                [\n                    "2017-08-08",\n                    1.563448\n                ],\n                [\n                    "2017-08-09",\n                    1.565644\n                ],\n                [\n                    "2017-08-10",\n                    1.567836\n                ],\n                [\n                    "2017-08-11",\n                    1.5699\n                ],\n                [\n                    "2017-08-14",\n                    1.57208\n                ],\n                [\n                    "2017-08-15",\n                    1.574268\n                ],\n                [\n                    "2017-08-16",\n                    1.5763600000000002\n                ],\n                [\n                    "2017-08-17",\n                    1.5783479999999999\n                ],\n                [\n                    "2017-08-18",\n                    1.580372\n                ],\n                [\n                    "2017-08-21",\n                    1.582432\n                ],\n                [\n                    "2017-08-22",\n                    1.5844559999999999\n                ],\n                [\n                    "2017-08-23",\n                    1.5863960000000001\n                ],\n                [\n                    "2017-08-24",\n                    1.588328\n                ],\n                [\n                    "2017-08-25",\n                    1.59028\n                ],\n                [\n                    "2017-08-28",\n                    1.5923479999999999\n                ],\n                [\n                    "2017-08-29",\n                    1.594384\n                ],\n                [\n                    "2017-08-30",\n                    1.5965079999999998\n                ],\n                [\n                    "2017-08-31",\n                    1.598616\n                ],\n                [\n                    "2017-09-01",\n                    1.600752\n                ],\n                [\n                    "2017-09-04",\n                    1.602868\n                ],\n                [\n                    "2017-09-05",\n                    1.605012\n                ],\n                [\n                    "2017-09-06",\n                    1.607144\n                ],\n                [\n                    "2017-09-07",\n                    1.609224\n                ],\n                [\n                    "2017-09-08",\n                    1.6112360000000001\n                ],\n                [\n                    "2017-09-11",\n                    1.6133\n                ],\n                [\n                    "2017-09-12",\n                    1.6154240000000002\n                ],\n                [\n                    "2017-09-13",\n                    1.61764\n                ],\n                [\n                    "2017-09-14",\n                    1.6198000000000001\n                ],\n                [\n                    "2017-09-15",\n                    1.622056\n                ],\n                [\n                    "2017-09-18",\n                    1.624412\n                ],\n                [\n                    "2017-09-19",\n                    1.626744\n                ],\n                [\n                    "2017-09-20",\n                    1.629256\n                ],\n                [\n                    "2017-09-21",\n                    1.631736\n                ],\n                [\n                    "2017-09-22",\n                    1.634336\n                ],\n                [\n                    "2017-09-25",\n                    1.636932\n                ],\n                [\n                    "2017-09-26",\n                    1.639488\n                ],\n                [\n                    "2017-09-27",\n                    1.642036\n                ],\n                [\n                    "2017-09-28",\n                    1.644584\n                ],\n                [\n                    "2017-09-29",\n                    1.647196\n                ],\n                [\n                    "2017-10-09",\n                    1.650036\n                ],\n                [\n                    "2017-10-10",\n                    1.652888\n                ],\n                [\n                    "2017-10-11",\n                    1.6558880000000002\n                ],\n                [\n                    "2017-10-12",\n                    1.6588720000000001\n                ],\n                [\n                    "2017-10-13",\n                    1.661788\n                ],\n                [\n                    "2017-10-16",\n                    1.664596\n                ],\n                [\n                    "2017-10-17",\n                    1.6674399999999998\n                ],\n                [\n                    "2017-10-18",\n                    1.670408\n                ],\n                [\n                    "2017-10-19",\n                    1.673484\n                ],\n                [\n                    "2017-10-20",\n                    1.676472\n                ],\n                [\n                    "2017-10-23",\n                    1.679536\n                ],\n                [\n                    "2017-10-24",\n                    1.6825839999999999\n                ],\n                [\n                    "2017-10-25",\n                    1.685732\n                ],\n                [\n                    "2017-10-26",\n                    1.68894\n                ],\n                [\n                    "2017-10-27",\n                    1.6923119999999998\n                ],\n                [\n                    "2017-10-30",\n                    1.6956280000000001\n                ],\n                [\n                    "2017-10-31",\n                    1.6987959999999998\n                ],\n                [\n                    "2017-11-01",\n                    1.7018919999999997\n                ],\n                [\n                    "2017-11-02",\n                    1.7050640000000001\n                ],\n                [\n                    "2017-11-03",\n                    1.708256\n                ],\n                [\n                    "2017-11-06",\n                    1.711672\n                ],\n                [\n                    "2017-11-07",\n                    1.715036\n                ],\n                [\n                    "2017-11-08",\n                    1.7183799999999998\n                ],\n                [\n                    "2017-11-09",\n                    1.721776\n                ],\n                [\n                    "2017-11-10",\n                    1.725424\n                ],\n                [\n                    "2017-11-13",\n                    1.729044\n                ],\n                [\n                    "2017-11-14",\n                    1.732472\n                ],\n                [\n                    "2017-11-15",\n                    1.735988\n                ],\n                [\n                    "2017-11-16",\n                    1.739608\n                ],\n                [\n                    "2017-11-17",\n                    1.743228\n                ],\n                [\n                    "2017-11-20",\n                    1.7468599999999999\n                ],\n                [\n                    "2017-11-21",\n                    1.7506359999999999\n                ],\n                [\n                    "2017-11-22",\n                    1.75428\n                ],\n                [\n                    "2017-11-23",\n                    1.7575399999999999\n                ],\n                [\n                    "2017-11-24",\n                    1.760824\n                ],\n                [\n                    "2017-11-27",\n                    1.76398\n                ],\n                [\n                    "2017-11-28",\n                    1.7671880000000002\n                ],\n                [\n                    "2017-11-29",\n                    1.770128\n                ],\n                [\n                    "2017-11-30",\n                    1.7728960000000002\n                ],\n                [\n                    "2017-12-01",\n                    1.775624\n                ],\n                [\n                    "2017-12-04",\n                    1.7784799999999998\n                ],\n                [\n                    "2017-12-05",\n                    1.781272\n                ],\n                [\n                    "2017-12-06",\n                    1.7840600000000002\n                ],\n                [\n                    "2017-12-07",\n                    1.7866000000000002\n                ],\n                [\n                    "2017-12-08",\n                    1.7893960000000002\n                ],\n                [\n                    "2017-12-11",\n                    1.792636\n                ],\n                [\n                    "2017-12-12",\n                    1.795756\n                ],\n                [\n                    "2017-12-13",\n                    1.7990760000000001\n                ],\n                [\n                    "2017-12-14",\n                    1.802324\n                ],\n                [\n                    "2017-12-15",\n                    1.80546\n                ],\n                [\n                    "2017-12-18",\n                    1.808896\n                ],\n                [\n                    "2017-12-19",\n                    1.812368\n                ],\n                [\n                    "2017-12-20",\n                    1.816024\n                ],\n                [\n                    "2017-12-21",\n                    1.8198120000000002\n                ],\n                [\n                    "2017-12-22",\n                    1.823496\n                ],\n                [\n                    "2017-12-25",\n                    1.82722\n                ],\n                [\n                    "2017-12-26",\n                    1.8308799999999998\n                ],\n                [\n                    "2017-12-27",\n                    1.834332\n                ],\n                [\n                    "2017-12-28",\n                    1.8379960000000002\n                ],\n                [\n                    "2017-12-29",\n                    1.8417199999999998\n                ],\n                [\n                    "2017-12-31",\n                    1.8454279999999998\n                ],\n                [\n                    "2018-01-02",\n                    1.849168\n                ],\n                [\n                    "2018-01-03",\n                    1.852952\n                ],\n                [\n                    "2018-01-04",\n                    1.8568879999999999\n                ],\n                [\n                    "2018-01-05",\n                    1.8607960000000001\n                ],\n                [\n                    "2018-01-08",\n                    1.8647880000000001\n                ],\n                [\n                    "2018-01-09",\n                    1.868964\n                ],\n                [\n                    "2018-01-10",\n                    1.873164\n                ],\n                [\n                    "2018-01-11",\n                    1.877304\n                ],\n                [\n                    "2018-01-12",\n                    1.881628\n                ],\n                [\n                    "2018-01-15",\n                    1.885976\n                ],\n                [\n                    "2018-01-16",\n                    1.890324\n                ],\n                [\n                    "2018-01-17",\n                    1.8945120000000002\n                ],\n                [\n                    "2018-01-18",\n                    1.89876\n                ],\n                [\n                    "2018-01-19",\n                    1.9028999999999998\n                ],\n                [\n                    "2018-01-22",\n                    1.907432\n                ],\n                [\n                    "2018-01-23",\n                    1.9119439999999999\n                ],\n                [\n                    "2018-01-24",\n                    1.916272\n                ],\n                [\n                    "2018-01-25",\n                    1.920576\n                ],\n                [\n                    "2018-01-26",\n                    1.924912\n                ],\n                [\n                    "2018-01-29",\n                    1.9289199999999997\n                ],\n                [\n                    "2018-01-30",\n                    1.9328599999999998\n                ],\n                [\n                    "2018-01-31",\n                    1.936944\n                ],\n                [\n                    "2018-02-01",\n                    1.9409239999999999\n                ],\n                [\n                    "2018-02-02",\n                    1.944904\n                ],\n                [\n                    "2018-02-05",\n                    1.94858\n                ],\n                [\n                    "2018-02-06",\n                    1.952144\n                ],\n                [\n                    "2018-02-07",\n                    1.955356\n                ],\n                [\n                    "2018-02-08",\n                    1.958628\n                ],\n                [\n                    "2018-02-09",\n                    1.9617040000000001\n                ],\n                [\n                    "2018-02-12",\n                    1.9649560000000001\n                ],\n                [\n                    "2018-02-13",\n                    1.968304\n                ],\n                [\n                    "2018-02-14",\n                    1.971808\n                ],\n                [\n                    "2018-02-22",\n                    1.9755120000000002\n                ],\n                [\n                    "2018-02-23",\n                    1.979136\n                ],\n                [\n                    "2018-02-26",\n                    1.982608\n                ],\n                [\n                    "2018-02-27",\n                    1.9858879999999999\n                ],\n                [\n                    "2018-02-28",\n                    1.988984\n                ],\n                [\n                    "2018-03-01",\n                    1.9921520000000001\n                ],\n                [\n                    "2018-03-02",\n                    1.9953640000000001\n                ],\n                [\n                    "2018-03-05",\n                    1.998568\n                ],\n                [\n                    "2018-03-06",\n                    2.001772\n                ],\n                [\n                    "2018-03-07",\n                    2.0049479999999997\n                ],\n                [\n                    "2018-03-08",\n                    2.0083599999999997\n                ],\n                [\n                    "2018-03-09",\n                    2.011796\n                ],\n                [\n                    "2018-03-12",\n                    2.015148\n                ],\n                [\n                    "2018-03-13",\n                    2.018368\n                ],\n                [\n                    "2018-03-14",\n                    2.021636\n                ],\n                [\n                    "2018-03-15",\n                    2.0250839999999997\n                ],\n                [\n                    "2018-03-16",\n                    2.02834\n                ],\n                [\n                    "2018-03-19",\n                    2.031568\n                ],\n                [\n                    "2018-03-20",\n                    2.034728\n                ],\n                [\n                    "2018-03-21",\n                    2.0377479999999997\n                ],\n                [\n                    "2018-03-22",\n                    2.0405800000000003\n                ],\n                [\n                    "2018-03-23",\n                    2.043316\n                ],\n                [\n                    "2018-03-26",\n                    2.04594\n                ],\n                [\n                    "2018-03-27",\n                    2.048344\n                ],\n                [\n                    "2018-03-28",\n                    2.050364\n                ],\n                [\n                    "2018-03-29",\n                    2.052644\n                ],\n                [\n                    "2018-03-30",\n                    2.0549\n                ],\n                [\n                    "2018-04-02",\n                    2.0571840000000003\n                ],\n                [\n                    "2018-04-03",\n                    2.059496\n                ],\n                [\n                    "2018-04-04",\n                    2.0619479999999997\n                ],\n                [\n                    "2018-04-09",\n                    2.064352\n                ],\n                [\n                    "2018-04-10",\n                    2.0668\n                ],\n                [\n                    "2018-04-11",\n                    2.0692799999999996\n                ],\n                [\n                    "2018-04-12",\n                    2.07168\n                ],\n                [\n                    "2018-04-13",\n                    2.074\n                ],\n                [\n                    "2018-04-16",\n                    2.07632\n                ],\n                [\n                    "2018-04-17",\n                    2.078576\n                ],\n                [\n                    "2018-04-18",\n                    2.080712\n                ],\n                [\n                    "2018-04-19",\n                    2.0830279999999997\n                ],\n                [\n                    "2018-04-20",\n                    2.0853319999999997\n                ],\n                [\n                    "2018-04-23",\n                    2.0875879999999998\n                ],\n                [\n                    "2018-04-24",\n                    2.089944\n                ],\n                [\n                    "2018-04-25",\n                    2.092304\n                ],\n                [\n                    "2018-04-26",\n                    2.094288\n                ],\n                [\n                    "2018-04-27",\n                    2.096228\n                ],\n                [\n                    "2018-05-02",\n                    2.0983359999999998\n                ],\n                [\n                    "2018-05-03",\n                    2.100424\n                ],\n                [\n                    "2018-05-04",\n                    2.102552\n                ],\n                [\n                    "2018-05-07",\n                    2.1049279999999997\n                ],\n                [\n                    "2018-05-08",\n                    2.1074880000000005\n                ],\n                [\n                    "2018-05-09",\n                    2.1100320000000004\n                ],\n                [\n                    "2018-05-10",\n                    2.1126440000000004\n                ],\n                [\n                    "2018-05-11",\n                    2.1151999999999997\n                ],\n                [\n                    "2018-05-14",\n                    2.1179520000000003\n                ],\n                [\n                    "2018-05-15",\n                    2.120844\n                ],\n                [\n                    "2018-05-16",\n                    2.123736\n                ],\n                [\n                    "2018-05-17",\n                    2.126444\n                ],\n                [\n                    "2018-05-18",\n                    2.129128\n                ],\n                [\n                    "2018-05-21",\n                    2.131752\n                ],\n                [\n                    "2018-05-22",\n                    2.134364\n                ],\n                [\n                    "2018-05-23",\n                    2.136692\n                ],\n                [\n                    "2018-05-24",\n                    2.1390320000000003\n                ],\n                [\n                    "2018-05-25",\n                    2.141432\n                ],\n                [\n                    "2018-05-28",\n                    2.14404\n                ],\n                [\n                    "2018-05-29",\n                    2.146532\n                ],\n                [\n                    "2018-05-30",\n                    2.148972\n                ],\n                [\n                    "2018-05-31",\n                    2.1517440000000003\n                ],\n                [\n                    "2018-06-01",\n                    2.1544160000000003\n                ],\n                [\n                    "2018-06-04",\n                    2.157316\n                ],\n                [\n                    "2018-06-05",\n                    2.160316\n                ],\n                [\n                    "2018-06-06",\n                    2.1632599999999997\n                ],\n                [\n                    "2018-06-07",\n                    2.166152\n                ],\n                [\n                    "2018-06-08",\n                    2.169064\n                ],\n                [\n                    "2018-06-11",\n                    2.1718720000000005\n                ],\n                [\n                    "2018-06-12",\n                    2.1748879999999997\n                ],\n                [\n                    "2018-06-13",\n                    2.177688\n                ],\n                [\n                    "2018-06-14",\n                    2.18032\n                ],\n                [\n                    "2018-06-15",\n                    2.182824\n                ],\n                [\n                    "2018-06-19",\n                    2.184968\n                ],\n                [\n                    "2018-06-20",\n                    2.187416\n                ],\n                [\n                    "2018-06-21",\n                    2.189848\n                ],\n                [\n                    "2018-06-22",\n                    2.192332\n                ],\n                [\n                    "2018-06-25",\n                    2.19474\n                ],\n                [\n                    "2018-06-26",\n                    2.197056\n                ],\n                [\n                    "2018-06-27",\n                    2.1988959999999995\n                ],\n                [\n                    "2018-06-28",\n                    2.200544\n                ],\n                [\n                    "2018-06-29",\n                    2.2023599999999997\n                ],\n                [\n                    "2018-06-30",\n                    2.20406\n                ],\n                [\n                    "2018-07-02",\n                    2.205524\n                ],\n                [\n                    "2018-07-03",\n                    2.206944\n                ],\n                [\n                    "2018-07-04",\n                    2.208228\n                ],\n                [\n                    "2018-07-05",\n                    2.209436\n                ],\n                [\n                    "2018-07-06",\n                    2.210832\n                ],\n                [\n                    "2018-07-09",\n                    2.2126040000000002\n                ],\n                [\n                    "2018-07-10",\n                    2.2142560000000002\n                ],\n                [\n                    "2018-07-11",\n                    2.215788\n                ],\n                [\n                    "2018-07-12",\n                    2.217612\n                ],\n                [\n                    "2018-07-13",\n                    2.2196\n                ],\n                [\n                    "2018-07-16",\n                    2.221444\n                ],\n                [\n                    "2018-07-17",\n                    2.223252\n                ],\n                [\n                    "2018-07-18",\n                    2.224984\n                ],\n                [\n                    "2018-07-19",\n                    2.2266399999999997\n                ],\n                [\n                    "2018-07-20",\n                    2.22838\n                ],\n                [\n                    "2018-07-23",\n                    2.2300679999999997\n                ],\n                [\n                    "2018-07-24",\n                    2.23196\n                ],\n                [\n                    "2018-07-25",\n                    2.233692\n                ],\n                [\n                    "2018-07-26",\n                    2.235324\n                ],\n                [\n                    "2018-07-27",\n                    2.236824\n                ],\n                [\n                    "2018-07-30",\n                    2.2382440000000003\n                ],\n                [\n                    "2018-07-31",\n                    2.239876\n                ],\n                [\n                    "2018-08-01",\n                    2.2413239999999996\n                ],\n                [\n                    "2018-08-02",\n                    2.2423640000000002\n                ],\n                [\n                    "2018-08-03",\n                    2.243172\n                ],\n                [\n                    "2018-08-06",\n                    2.243848\n                ],\n                [\n                    "2018-08-07",\n                    2.244768\n                ],\n                [\n                    "2018-08-08",\n                    2.24556\n                ],\n                [\n                    "2018-08-09",\n                    2.2466399999999997\n                ],\n                [\n                    "2018-08-10",\n                    2.247616\n                ],\n                [\n                    "2018-08-13",\n                    2.24852\n                ],\n                [\n                    "2018-08-14",\n                    2.2492240000000003\n                ],\n                [\n                    "2018-08-15",\n                    2.249704\n                ],\n                [\n                    "2018-08-16",\n                    2.250152\n                ],\n                [\n                    "2018-08-17",\n                    2.250352\n                ],\n                [\n                    "2018-08-20",\n                    2.2506280000000003\n                ],\n                [\n                    "2018-08-21",\n                    2.2512119999999998\n                ],\n                [\n                    "2018-08-22",\n                    2.25174\n                ],\n                [\n                    "2018-08-23",\n                    2.252276\n                ],\n                [\n                    "2018-08-24",\n                    2.2527280000000003\n                ],\n                [\n                    "2018-08-27",\n                    2.25348\n                ],\n                [\n                    "2018-08-28",\n                    2.2541599999999997\n                ],\n                [\n                    "2018-08-29",\n                    2.254788\n                ],\n                [\n                    "2018-08-30",\n                    2.2553239999999994\n                ],\n                [\n                    "2018-08-31",\n                    2.25562\n                ],\n                [\n                    "2018-09-03",\n                    2.25596\n                ],\n                [\n                    "2018-09-04",\n                    2.2562800000000003\n                ],\n                [\n                    "2018-09-05",\n                    2.256424\n                ],\n                [\n                    "2018-09-06",\n                    2.256456\n                ],\n                [\n                    "2018-09-07",\n                    2.2566439999999997\n                ],\n                [\n                    "2018-09-10",\n                    2.2567600000000003\n                ],\n                [\n                    "2018-09-11",\n                    2.2569280000000003\n                ],\n                [\n                    "2018-09-12",\n                    2.257016\n                ],\n                [\n                    "2018-09-13",\n                    2.257184\n                ],\n                [\n                    "2018-09-14",\n                    2.25742\n                ],\n                [\n                    "2018-09-17",\n                    2.257572\n                ],\n                [\n                    "2018-09-18",\n                    2.257784\n                ],\n                [\n                    "2018-09-19",\n                    2.2581840000000004\n                ],\n                [\n                    "2018-09-20",\n                    2.2585319999999998\n                ],\n                [\n                    "2018-09-21",\n                    2.258988\n                ],\n                [\n                    "2018-09-25",\n                    2.259456\n                ],\n                [\n                    "2018-09-26",\n                    2.260008\n                ],\n                [\n                    "2018-09-27",\n                    2.26058\n                ],\n                [\n                    "2018-09-28",\n                    2.261148\n                ],\n                [\n                    "2018-10-08",\n                    2.261248\n                ],\n                [\n                    "2018-10-09",\n                    2.2614360000000002\n                ],\n                [\n                    "2018-10-10",\n                    2.261444\n                ],\n                [\n                    "2018-10-11",\n                    2.26116\n                ],\n                [\n                    "2018-10-12",\n                    2.2609760000000003\n                ],\n                [\n                    "2018-10-15",\n                    2.2604559999999996\n                ],\n                [\n                    "2018-10-16",\n                    2.259848\n                ],\n                [\n                    "2018-10-17",\n                    2.259096\n                ],\n                [\n                    "2018-10-18",\n                    2.258172\n                ],\n                [\n                    "2018-10-19",\n                    2.257476\n                ],\n                [\n                    "2018-10-22",\n                    2.2571560000000006\n                ],\n                [\n                    "2018-10-23",\n                    2.256444\n                ],\n                [\n                    "2018-10-24",\n                    2.2555\n                ],\n                [\n                    "2018-10-25",\n                    2.2543599999999997\n                ],\n                [\n                    "2018-10-26",\n                    2.25322\n                ],\n                [\n                    "2018-10-29",\n                    2.251612\n                ],\n                [\n                    "2018-10-30",\n                    2.2499160000000002\n                ],\n                [\n                    "2018-10-31",\n                    2.248296\n                ],\n                [\n                    "2018-11-01",\n                    2.246732\n                ],\n                [\n                    "2018-11-02",\n                    2.245348\n                ],\n                [\n                    "2018-11-05",\n                    2.2438960000000003\n                ],\n                [\n                    "2018-11-06",\n                    2.24242\n                ],\n                [\n                    "2018-11-07",\n                    2.2409879999999998\n                ],\n                [\n                    "2018-11-08",\n                    2.2394879999999997\n                ],\n                [\n                    "2018-11-09",\n                    2.237908\n                ],\n                [\n                    "2018-11-12",\n                    2.236124\n                ],\n                [\n                    "2018-11-13",\n                    2.234484\n                ],\n                [\n                    "2018-11-14",\n                    2.232812\n                ],\n                [\n                    "2018-11-15",\n                    2.231112\n                ],\n                [\n                    "2018-11-16",\n                    2.229232\n                ],\n                [\n                    "2018-11-19",\n                    2.227448\n                ],\n                [\n                    "2018-11-20",\n                    2.225656\n                ],\n                [\n                    "2018-11-21",\n                    2.223848\n                ],\n                [\n                    "2018-11-22",\n                    2.221892\n                ],\n                [\n                    "2018-11-23",\n                    2.219832\n                ],\n                [\n                    "2018-11-26",\n                    2.21778\n                ],\n                [\n                    "2018-11-27",\n                    2.2155120000000004\n                ],\n                [\n                    "2018-11-28",\n                    2.213472\n                ],\n                [\n                    "2018-11-29",\n                    2.211772\n                ],\n                [\n                    "2018-11-30",\n                    2.21016\n                ],\n                [\n                    "2018-12-03",\n                    2.208944\n                ],\n                [\n                    "2018-12-04",\n                    2.207644\n                ],\n                [\n                    "2018-12-05",\n                    2.206548\n                ],\n                [\n                    "2018-12-06",\n                    2.205376\n                ],\n                [\n                    "2018-12-07",\n                    2.2041800000000005\n                ],\n                [\n                    "2018-12-10",\n                    2.2027159999999997\n                ],\n                [\n                    "2018-12-11",\n                    2.201228\n                ],\n                [\n                    "2018-12-12",\n                    2.199884\n                ],\n                [\n                    "2018-12-13",\n                    2.1989\n                ],\n                [\n                    "2018-12-14",\n                    2.197668\n                ],\n                [\n                    "2018-12-17",\n                    2.196072\n                ],\n                [\n                    "2018-12-18",\n                    2.19448\n                ],\n                [\n                    "2018-12-19",\n                    2.1925839999999996\n                ],\n                [\n                    "2018-12-20",\n                    2.1906800000000004\n                ],\n                [\n                    "2018-12-21",\n                    2.1887760000000003\n                ],\n                [\n                    "2018-12-24",\n                    2.1867840000000003\n                ],\n                [\n                    "2018-12-25",\n                    2.184688\n                ],\n                [\n                    "2018-12-26",\n                    2.1824080000000006\n                ],\n                [\n                    "2018-12-27",\n                    2.1800520000000003\n                ],\n                [\n                    "2018-12-28",\n                    2.177824\n                ],\n                [\n                    "2018-12-31",\n                    2.175564\n                ],\n                [\n                    "2019-01-02",\n                    2.173316\n                ],\n                [\n                    "2019-01-03",\n                    2.17114\n                ],\n                [\n                    "2019-01-04",\n                    2.16888\n                ],\n                [\n                    "2019-01-07",\n                    2.166668\n                ],\n                [\n                    "2019-01-08",\n                    2.164444\n                ],\n                [\n                    "2019-01-09",\n                    2.1623319999999997\n                ],\n                [\n                    "2019-01-10",\n                    2.160192\n                ],\n                [\n                    "2019-01-11",\n                    2.1579880000000005\n                ],\n                [\n                    "2019-01-14",\n                    2.1556879999999996\n                ],\n                [\n                    "2019-01-15",\n                    2.153592\n                ],\n                [\n                    "2019-01-16",\n                    2.151244\n                ],\n                [\n                    "2019-01-17",\n                    2.14872\n                ],\n                [\n                    "2019-01-18",\n                    2.1464519999999996\n                ],\n                [\n                    "2019-01-21",\n                    2.144088\n                ],\n                [\n                    "2019-01-22",\n                    2.141584\n                ],\n                [\n                    "2019-01-23",\n                    2.139096\n                ],\n                [\n                    "2019-01-24",\n                    2.1368840000000002\n                ],\n                [\n                    "2019-01-25",\n                    2.134712\n                ],\n                [\n                    "2019-01-28",\n                    2.132724\n                ],\n                [\n                    "2019-01-29",\n                    2.130428\n                ],\n                [\n                    "2019-01-30",\n                    2.1279719999999998\n                ],\n                [\n                    "2019-01-31",\n                    2.125756\n                ],\n                [\n                    "2019-02-01",\n                    2.123636\n                ],\n                [\n                    "2019-02-11",\n                    2.121732\n                ],\n                [\n                    "2019-02-12",\n                    2.1201999999999996\n                ],\n                [\n                    "2019-02-13",\n                    2.118808\n                ],\n                [\n                    "2019-02-14",\n                    2.117368\n                ],\n                [\n                    "2019-02-15",\n                    2.115864\n                ],\n                [\n                    "2019-02-18",\n                    2.114672\n                ],\n                [\n                    "2019-02-19",\n                    2.113748\n                ],\n                [\n                    "2019-02-20",\n                    2.112944\n                ],\n                [\n                    "2019-02-21",\n                    2.112428\n                ],\n                [\n                    "2019-02-22",\n                    2.111852\n                ],\n                [\n                    "2019-02-25",\n                    2.1117440000000003\n                ],\n                [\n                    "2019-02-26",\n                    2.111196\n                ],\n                [\n                    "2019-02-27",\n                    2.110604\n                ],\n                [\n                    "2019-02-28",\n                    2.109908\n                ],\n                [\n                    "2019-03-01",\n                    2.109224\n                ],\n                [\n                    "2019-03-04",\n                    2.1087000000000002\n                ],\n                [\n                    "2019-03-05",\n                    2.108212\n                ],\n                [\n                    "2019-03-06",\n                    2.1078560000000004\n                ],\n                [\n                    "2019-03-07",\n                    2.107388\n                ],\n                [\n                    "2019-03-08",\n                    2.1066719999999997\n                ],\n                [\n                    "2019-03-11",\n                    2.106164\n                ],\n                [\n                    "2019-03-12",\n                    2.105708\n                ],\n                [\n                    "2019-03-13",\n                    2.10524\n                ],\n                [\n                    "2019-03-14",\n                    2.1048400000000003\n                ],\n                [\n                    "2019-03-15",\n                    2.1044880000000004\n                ],\n                [\n                    "2019-03-18",\n                    2.1045879999999997\n                ],\n                [\n                    "2019-03-19",\n                    2.104636\n                ],\n                [\n                    "2019-03-20",\n                    2.1047160000000003\n                ],\n                [\n                    "2019-03-21",\n                    2.1046799999999997\n                ],\n                [\n                    "2019-03-22",\n                    2.1045879999999997\n                ],\n                [\n                    "2019-03-25",\n                    2.1043879999999997\n                ],\n                [\n                    "2019-03-26",\n                    2.104232\n                ],\n                [\n                    "2019-03-27",\n                    2.104344\n                ],\n                [\n                    "2019-03-28",\n                    2.104636\n                ],\n                [\n                    "2019-03-29",\n                    2.1055119999999996\n                ],\n                [\n                    "2019-04-01",\n                    2.106764\n                ],\n                [\n                    "2019-04-02",\n                    2.1079920000000003\n                ],\n                [\n                    "2019-04-03",\n                    2.109288\n                ],\n                [\n                    "2019-04-04",\n                    2.111136\n                ],\n                [\n                    "2019-04-08",\n                    2.1127520000000004\n                ],\n                [\n                    "2019-04-09",\n                    2.114608\n                ],\n                [\n                    "2019-04-10",\n                    2.116744\n                ],\n                [\n                    "2019-04-11",\n                    2.1184520000000004\n                ],\n                [\n                    "2019-04-12",\n                    2.1199519999999996\n                ],\n                [\n                    "2019-04-15",\n                    2.12152\n                ],\n                [\n                    "2019-04-16",\n                    2.1231639999999996\n                ],\n                [\n                    "2019-04-17",\n                    2.124852\n                ],\n                [\n                    "2019-04-18",\n                    2.1267199999999997\n                ],\n                [\n                    "2019-04-19",\n                    2.1288359999999997\n                ],\n                [\n                    "2019-04-22",\n                    2.130832\n                ],\n                [\n                    "2019-04-23",\n                    2.133012\n                ],\n                [\n                    "2019-04-24",\n                    2.1352239999999996\n                ],\n                [\n                    "2019-04-25",\n                    2.136972\n                ],\n                [\n                    "2019-04-26",\n                    2.138788\n                ],\n                [\n                    "2019-04-29",\n                    2.140672\n                ],\n                [\n                    "2019-04-30",\n                    2.142412\n                ],\n                [\n                    "2019-05-06",\n                    2.143464\n                ],\n                [\n                    "2019-05-07",\n                    2.144972\n                ],\n                [\n                    "2019-05-08",\n                    2.146532\n                ],\n                [\n                    "2019-05-09",\n                    2.14772\n                ],\n                [\n                    "2019-05-10",\n                    2.149184\n                ],\n                [\n                    "2019-05-13",\n                    2.150628\n                ],\n                [\n                    "2019-05-14",\n                    2.151732\n                ],\n                [\n                    "2019-05-15",\n                    2.1531599999999997\n                ],\n                [\n                    "2019-05-16",\n                    2.1547199999999997\n                ],\n                [\n                    "2019-05-17",\n                    2.1559399999999997\n                ],\n                [\n                    "2019-05-20",\n                    2.157032\n                ],\n                [\n                    "2019-05-21",\n                    2.15802\n                ],\n                [\n                    "2019-05-22",\n                    2.1589319999999996\n                ],\n                [\n                    "2019-05-23",\n                    2.1595679999999997\n                ],\n                [\n                    "2019-05-24",\n                    2.1604680000000003\n                ],\n                [\n                    "2019-05-27",\n                    2.161324\n                ],\n                [\n                    "2019-05-28",\n                    2.1623200000000002\n                ],\n                [\n                    "2019-05-29",\n                    2.163288\n                ],\n                [\n                    "2019-05-30",\n                    2.164328\n                ],\n                [\n                    "2019-05-31",\n                    2.165388\n                ],\n                [\n                    "2019-06-03",\n                    2.166408\n                ],\n                [\n                    "2019-06-04",\n                    2.166996\n                ],\n                [\n                    "2019-06-05",\n                    2.1676640000000003\n                ],\n                [\n                    "2019-06-06",\n                    2.1682239999999995\n                ],\n                [\n                    "2019-06-10",\n                    2.1686199999999998\n                ],\n                [\n                    "2019-06-11",\n                    2.169552\n                ],\n                [\n                    "2019-06-12",\n                    2.1701400000000004\n                ],\n                [\n                    "2019-06-13",\n                    2.1705440000000005\n                ],\n                [\n                    "2019-06-14",\n                    2.170908\n                ],\n                [\n                    "2019-06-17",\n                    2.1712919999999998\n                ],\n                [\n                    "2019-06-18",\n                    2.1717239999999998\n                ],\n                [\n                    "2019-06-19",\n                    2.1722639999999998\n                ],\n                [\n                    "2019-06-20",\n                    2.172868\n                ],\n                [\n                    "2019-06-21",\n                    2.173544\n                ],\n                [\n                    "2019-06-24",\n                    2.1744879999999998\n                ],\n                [\n                    "2019-06-25",\n                    2.175432\n                ],\n                [\n                    "2019-06-26",\n                    2.1767000000000003\n                ],\n                [\n                    "2019-06-27",\n                    2.1779960000000003\n                ],\n                [\n                    "2019-06-28",\n                    2.179384\n                ],\n                [\n                    "2019-06-30",\n                    2.180776\n                ],\n                [\n                    "2019-07-01",\n                    2.18262\n                ],\n                [\n                    "2019-07-02",\n                    2.184616\n                ],\n                [\n                    "2019-07-03",\n                    2.186696\n                ],\n                [\n                    "2019-07-04",\n                    2.188912\n                ],\n                [\n                    "2019-07-05",\n                    2.1910840000000005\n                ],\n                [\n                    "2019-07-08",\n                    2.193056\n                ],\n                [\n                    "2019-07-09",\n                    2.195236\n                ],\n                [\n                    "2019-07-10",\n                    2.197648\n                ],\n                [\n                    "2019-07-11",\n                    2.200164\n                ],\n                [\n                    "2019-07-12",\n                    2.20282\n                ],\n                [\n                    "2019-07-15",\n                    2.2053360000000004\n                ],\n                [\n                    "2019-07-16",\n                    2.207404\n                ],\n                [\n                    "2019-07-17",\n                    2.20944\n                ],\n                [\n                    "2019-07-18",\n                    2.2114599999999998\n                ],\n                [\n                    "2019-07-19",\n                    2.21334\n                ],\n                [\n                    "2019-07-22",\n                    2.215028\n                ],\n                [\n                    "2019-07-23",\n                    2.216652\n                ],\n                [\n                    "2019-07-24",\n                    2.218424\n                ],\n                [\n                    "2019-07-25",\n                    2.22038\n                ],\n                [\n                    "2019-07-26",\n                    2.2223640000000002\n                ],\n                [\n                    "2019-07-29",\n                    2.224404\n                ],\n                [\n                    "2019-07-30",\n                    2.22652\n                ],\n                [\n                    "2019-07-31",\n                    2.22826\n                ],\n                [\n                    "2019-08-01",\n                    2.229912\n                ],\n                [\n                    "2019-08-02",\n                    2.231616\n                ],\n                [\n                    "2019-08-05",\n                    2.23318\n                ],\n                [\n                    "2019-08-06",\n                    2.23488\n                ],\n                [\n                    "2019-08-07",\n                    2.236424\n                ],\n                [\n                    "2019-08-08",\n                    2.2383480000000002\n                ],\n                [\n                    "2019-08-09",\n                    2.240452\n                ],\n                [\n                    "2019-08-12",\n                    2.242988\n                ],\n                [\n                    "2019-08-13",\n                    2.2456199999999997\n                ],\n                [\n                    "2019-08-14",\n                    2.2482159999999998\n                ],\n                [\n                    "2019-08-15",\n                    2.2510320000000004\n                ],\n                [\n                    "2019-08-16",\n                    2.253692\n                ],\n                [\n                    "2019-08-19",\n                    2.256444\n                ],\n                [\n                    "2019-08-20",\n                    2.259372\n                ],\n                [\n                    "2019-08-21",\n                    2.262324\n                ],\n                [\n                    "2019-08-22",\n                    2.265672\n                ],\n                [\n                    "2019-08-23",\n                    2.2692159999999997\n                ],\n                [\n                    "2019-08-26",\n                    2.2727320000000004\n                ],\n                [\n                    "2019-08-27",\n                    2.27642\n                ],\n                [\n                    "2019-08-28",\n                    2.2798559999999997\n                ],\n                [\n                    "2019-08-29",\n                    2.283436\n                ],\n                [\n                    "2019-08-30",\n                    2.2872280000000003\n                ],\n                [\n                    "2019-09-02",\n                    2.291192\n                ],\n                [\n                    "2019-09-03",\n                    2.294816\n                ],\n                [\n                    "2019-09-04",\n                    2.2983960000000003\n                ],\n                [\n                    "2019-09-05",\n                    2.302044\n                ],\n                [\n                    "2019-09-06",\n                    2.305724\n                ],\n                [\n                    "2019-09-09",\n                    2.309576\n                ],\n                [\n                    "2019-09-10",\n                    2.3133879999999998\n                ],\n                [\n                    "2019-09-11",\n                    2.3167999999999997\n                ],\n                [\n                    "2019-09-12",\n                    2.3205919999999995\n                ],\n                [\n                    "2019-09-16",\n                    2.3244520000000004\n                ],\n                [\n                    "2019-09-17",\n                    2.3281760000000005\n                ],\n                [\n                    "2019-09-18",\n                    2.332176\n                ],\n                [\n                    "2019-09-19",\n                    2.3361639999999997\n                ],\n                [\n                    "2019-09-20",\n                    2.340288\n                ],\n                [\n                    "2019-09-23",\n                    2.344268\n                ],\n                [\n                    "2019-09-24",\n                    2.348308\n                ],\n                [\n                    "2019-09-25",\n                    2.352328\n                ],\n                [\n                    "2019-09-26",\n                    2.356064\n                ],\n                [\n                    "2019-09-27",\n                    2.359604\n                ],\n                [\n                    "2019-09-30",\n                    2.3630240000000002\n                ],\n                [\n                    "2019-10-08",\n                    2.3663719999999997\n                ],\n                [\n                    "2019-10-09",\n                    2.369684\n                ],\n                [\n                    "2019-10-10",\n                    2.372884\n                ],\n                [\n                    "2019-10-11",\n                    2.376164\n                ],\n                [\n                    "2019-10-14",\n                    2.379416\n                ],\n                [\n                    "2019-10-15",\n                    2.383212\n                ],\n                [\n                    "2019-10-16",\n                    2.3868519999999998\n                ],\n                [\n                    "2019-10-17",\n                    2.390628\n                ],\n                [\n                    "2019-10-18",\n                    2.394516\n                ],\n                [\n                    "2019-10-21",\n                    2.398316\n                ],\n                [\n                    "2019-10-22",\n                    2.402324\n                ],\n                [\n                    "2019-10-23",\n                    2.4062240000000004\n                ],\n                [\n                    "2019-10-24",\n                    2.409948\n                ],\n                [\n                    "2019-10-25",\n                    2.4139480000000004\n                ],\n                [\n                    "2019-10-28",\n                    2.4178599999999997\n                ],\n                [\n                    "2019-10-29",\n                    2.4215519999999997\n                ],\n                [\n                    "2019-10-30",\n                    2.425496\n                ],\n                [\n                    "2019-10-31",\n                    2.429656\n                ],\n                [\n                    "2019-11-01",\n                    2.434208\n                ],\n                [\n                    "2019-11-04",\n                    2.4389160000000003\n                ],\n                [\n                    "2019-11-05",\n                    2.444072\n                ],\n                [\n                    "2019-11-06",\n                    2.4491680000000002\n                ],\n                [\n                    "2019-11-07",\n                    2.454132\n                ],\n                [\n                    "2019-11-08",\n                    2.458984\n                ],\n                [\n                    "2019-11-11",\n                    2.463316\n                ],\n                [\n                    "2019-11-12",\n                    2.467716\n                ],\n                [\n                    "2019-11-13",\n                    2.472304\n                ],\n                [\n                    "2019-11-14",\n                    2.476992\n                ],\n                [\n                    "2019-11-15",\n                    2.4816640000000003\n                ],\n                [\n                    "2019-11-18",\n                    2.486384\n                ],\n                [\n                    "2019-11-19",\n                    2.491184\n                ],\n                [\n                    "2019-11-20",\n                    2.4958400000000003\n                ],\n                [\n                    "2019-11-21",\n                    2.5005279999999996\n                ],\n                [\n                    "2019-11-22",\n                    2.5049639999999997\n                ],\n                [\n                    "2019-11-25",\n                    2.50936\n                ],\n                [\n                    "2019-11-26",\n                    2.5138000000000003\n                ],\n                [\n                    "2019-11-27",\n                    2.518308\n                ],\n                [\n                    "2019-11-28",\n                    2.522748\n                ],\n                [\n                    "2019-11-29",\n                    2.526936\n                ],\n                [\n                    "2019-12-02",\n                    2.531252\n                ],\n                [\n                    "2019-12-03",\n                    2.53564\n                ],\n                [\n                    "2019-12-04",\n                    2.540136\n                ],\n                [\n                    "2019-12-05",\n                    2.544556\n                ],\n                [\n                    "2019-12-06",\n                    2.549212\n                ],\n                [\n                    "2019-12-09",\n                    2.553716\n                ],\n                [\n                    "2019-12-10",\n                    2.5579560000000003\n                ],\n                [\n                    "2019-12-11",\n                    2.562112\n                ],\n                [\n                    "2019-12-12",\n                    2.566192\n                ],\n                [\n                    "2019-12-13",\n                    2.5706400000000005\n                ],\n                [\n                    "2019-12-16",\n                    2.575052\n                ],\n                [\n                    "2019-12-17",\n                    2.579652\n                ],\n                [\n                    "2019-12-18",\n                    2.584212\n                ],\n                [\n                    "2019-12-19",\n                    2.5886639999999996\n                ],\n                [\n                    "2019-12-20",\n                    2.5928959999999996\n                ],\n                [\n                    "2019-12-23",\n                    2.597184\n                ],\n                [\n                    "2019-12-24",\n                    2.6015680000000003\n                ],\n                [\n                    "2019-12-25",\n                    2.605912\n                ],\n                [\n                    "2019-12-26",\n                    2.6104680000000005\n                ],\n                [\n                    "2019-12-27",\n                    2.61512\n                ],\n                [\n                    "2019-12-30",\n                    2.62018\n                ],\n                [\n                    "2019-12-31",\n                    2.6252240000000002\n                ],\n                [\n                    "2020-01-02",\n                    2.630296\n                ],\n                [\n                    "2020-01-03",\n                    2.635256\n                ],\n                [\n                    "2020-01-06",\n                    2.64016\n                ],\n                [\n                    "2020-01-07",\n                    2.645116\n                ],\n                [\n                    "2020-01-08",\n                    2.6501040000000002\n                ],\n                [\n                    "2020-01-09",\n                    2.655396\n                ],\n                [\n                    "2020-01-10",\n                    2.660996\n                ],\n                [\n                    "2020-01-13",\n                    2.6665039999999998\n                ],\n                [\n                    "2020-01-14",\n                    2.67184\n                ],\n                [\n                    "2020-01-15",\n                    2.677248\n                ],\n                [\n                    "2020-01-16",\n                    2.6825240000000004\n                ],\n                [\n                    "2020-01-17",\n                    2.6878720000000005\n                ],\n                [\n                    "2020-01-20",\n                    2.693072\n                ],\n                [\n                    "2020-01-21",\n                    2.698096\n                ],\n                [\n                    "2020-01-22",\n                    2.7028359999999996\n                ],\n                [\n                    "2020-01-23",\n                    2.7071799999999997\n                ],\n                [\n                    "2020-02-03",\n                    2.710608\n                ],\n                [\n                    "2020-02-04",\n                    2.714008\n                ],\n                [\n                    "2020-02-05",\n                    2.7174560000000003\n                ],\n                [\n                    "2020-02-06",\n                    2.7211440000000002\n                ],\n                [\n                    "2020-02-07",\n                    2.724824\n                ],\n                [\n                    "2020-02-10",\n                    2.7284919999999997\n                ],\n                [\n                    "2020-02-11",\n                    2.7323600000000003\n                ],\n                [\n                    "2020-02-12",\n                    2.73618\n                ],\n                [\n                    "2020-02-13",\n                    2.739816\n                ],\n                [\n                    "2020-02-14",\n                    2.743556\n                ],\n                [\n                    "2020-02-17",\n                    2.747284\n                ],\n                [\n                    "2020-02-18",\n                    2.7508760000000003\n                ],\n                [\n                    "2020-02-19",\n                    2.7542999999999997\n                ],\n                [\n                    "2020-02-20",\n                    2.75806\n                ],\n                [\n                    "2020-02-21",\n                    2.761708\n                ],\n                [\n                    "2020-02-24",\n                    2.765092\n                ],\n                [\n                    "2020-02-25",\n                    2.76858\n                ],\n                [\n                    "2020-02-26",\n                    2.7716679999999996\n                ],\n                [\n                    "2020-02-27",\n                    2.7749319999999997\n                ],\n                [\n                    "2020-02-28",\n                    2.777792\n                ],\n                [\n                    "2020-03-02",\n                    2.780972\n                ],\n                [\n                    "2020-03-03",\n                    2.7842000000000002\n                ],\n                [\n                    "2020-03-04",\n                    2.7872200000000005\n                ],\n                [\n                    "2020-03-05",\n                    2.7909800000000002\n                ],\n                [\n                    "2020-03-06",\n                    2.7944319999999996\n                ],\n                [\n                    "2020-03-09",\n                    2.797432\n                ],\n                [\n                    "2020-03-10",\n                    2.8004959999999994\n                ],\n                [\n                    "2020-03-11",\n                    2.8033759999999996\n                ],\n                [\n                    "2020-03-12",\n                    2.805924\n                ],\n                [\n                    "2020-03-13",\n                    2.8083439999999995\n                ],\n                [\n                    "2020-03-16",\n                    2.810604\n                ],\n                [\n                    "2020-03-17",\n                    2.8128520000000004\n                ],\n                [\n                    "2020-03-18",\n                    2.8146799999999996\n                ],\n                [\n                    "2020-03-19",\n                    2.816228\n                ],\n                [\n                    "2020-03-20",\n                    2.8180200000000006\n                ],\n                [\n                    "2020-03-23",\n                    2.819416\n                ],\n                [\n                    "2020-03-24",\n                    2.8209159999999995\n                ],\n                [\n                    "2020-03-25",\n                    2.822232\n                ],\n                [\n                    "2020-03-26",\n                    2.8236040000000004\n                ],\n                [\n                    "2020-03-27",\n                    2.825144\n                ],\n                [\n                    "2020-03-30",\n                    2.826612\n                ],\n                [\n                    "2020-03-31",\n                    2.828156\n                ],\n                [\n                    "2020-04-01",\n                    2.829876\n                ],\n                [\n                    "2020-04-02",\n                    2.8316440000000003\n                ],\n                [\n                    "2020-04-03",\n                    2.833184\n                ],\n                [\n                    "2020-04-07",\n                    2.834844\n                ],\n                [\n                    "2020-04-08",\n                    2.8360920000000003\n                ],\n                [\n                    "2020-04-09",\n                    2.837172\n                ],\n                [\n                    "2020-04-10",\n                    2.838464\n                ],\n                [\n                    "2020-04-13",\n                    2.839804\n                ],\n                [\n                    "2020-04-14",\n                    2.8410520000000004\n                ],\n                [\n                    "2020-04-15",\n                    2.8422439999999995\n                ],\n                [\n                    "2020-04-16",\n                    2.843152\n                ],\n                [\n                    "2020-04-17",\n                    2.843944\n                ],\n                [\n                    "2020-04-20",\n                    2.845192\n                ],\n                [\n                    "2020-04-21",\n                    2.846288\n                ],\n                [\n                    "2020-04-22",\n                    2.8476440000000003\n                ],\n                [\n                    "2020-04-23",\n                    2.848904\n                ],\n                [\n                    "2020-04-24",\n                    2.8501239999999997\n                ],\n                [\n                    "2020-04-27",\n                    2.8511439999999997\n                ],\n                [\n                    "2020-04-28",\n                    2.852268\n                ],\n                [\n                    "2020-04-29",\n                    2.853388\n                ],\n                [\n                    "2020-04-30",\n                    2.85452\n                ],\n                [\n                    "2020-05-06",\n                    2.8557240000000004\n                ],\n                [\n                    "2020-05-07",\n                    2.8572319999999998\n                ],\n                [\n                    "2020-05-08",\n                    2.8589320000000003\n                ],\n                [\n                    "2020-05-11",\n                    2.860624\n                ],\n                [\n                    "2020-05-12",\n                    2.862348\n                ],\n                [\n                    "2020-05-13",\n                    2.864876\n                ],\n                [\n                    "2020-05-14",\n                    2.867168\n                ],\n                [\n                    "2020-05-15",\n                    2.869368\n                ],\n                [\n                    "2020-05-18",\n                    2.872044\n                ],\n                [\n                    "2020-05-19",\n                    2.874376\n                ],\n                [\n                    "2020-05-20",\n                    2.87668\n                ],\n                [\n                    "2020-05-21",\n                    2.8791480000000003\n                ],\n                [\n                    "2020-05-22",\n                    2.880872\n                ],\n                [\n                    "2020-05-25",\n                    2.8826080000000003\n                ],\n                [\n                    "2020-05-26",\n                    2.8847120000000004\n                ],\n                [\n                    "2020-05-27",\n                    2.886944\n                ],\n                [\n                    "2020-05-28",\n                    2.889116\n                ],\n                [\n                    "2020-05-29",\n                    2.891476\n                ],\n                [\n                    "2020-06-01",\n                    2.8944120000000004\n                ],\n                [\n                    "2020-06-02",\n                    2.897144\n                ],\n                [\n                    "2020-06-03",\n                    2.899788\n                ],\n                [\n                    "2020-06-04",\n                    2.902504\n                ],\n                [\n                    "2020-06-05",\n                    2.905364\n                ],\n                [\n                    "2020-06-08",\n                    2.908388\n                ],\n                [\n                    "2020-06-09",\n                    2.9115320000000002\n                ],\n                [\n                    "2020-06-10",\n                    2.9146680000000003\n                ],\n                [\n                    "2020-06-11",\n                    2.917772\n                ],\n                [\n                    "2020-06-12",\n                    2.920896\n                ],\n                [\n                    "2020-06-15",\n                    2.9237919999999997\n                ],\n                [\n                    "2020-06-16",\n                    2.926708\n                ],\n                [\n                    "2020-06-17",\n                    2.929136\n                ],\n                [\n                    "2020-06-18",\n                    2.931696\n                ],\n                [\n                    "2020-06-19",\n                    2.9346479999999997\n                ],\n                [\n                    "2020-06-22",\n                    2.93754\n                ],\n                [\n                    "2020-06-23",\n                    2.940696\n                ],\n                [\n                    "2020-06-24",\n                    2.943864\n                ],\n                [\n                    "2020-06-29",\n                    2.946868\n                ],\n                [\n                    "2020-06-30",\n                    2.94962\n                ],\n                [\n                    "2020-07-01",\n                    2.952908\n                ],\n                [\n                    "2020-07-02",\n                    2.9563960000000002\n                ],\n                [\n                    "2020-07-03",\n                    2.9598080000000007\n                ],\n                [\n                    "2020-07-06",\n                    2.963532\n                ],\n                [\n                    "2020-07-07",\n                    2.967296\n                ],\n                [\n                    "2020-07-08",\n                    2.971\n                ],\n                [\n                    "2020-07-09",\n                    2.974868\n                ],\n                [\n                    "2020-07-10",\n                    2.9784200000000003\n                ],\n                [\n                    "2020-07-13",\n                    2.982544\n                ],\n                [\n                    "2020-07-14",\n                    2.98686\n                ],\n                [\n                    "2020-07-15",\n                    2.9916039999999997\n                ],\n                [\n                    "2020-07-16",\n                    2.9949879999999998\n                ],\n                [\n                    "2020-07-17",\n                    2.998796\n                ],\n                [\n                    "2020-07-20",\n                    3.002652\n                ],\n                [\n                    "2020-07-21",\n                    3.006708\n                ],\n                [\n                    "2020-07-22",\n                    3.01096\n                ],\n                [\n                    "2020-07-23",\n                    3.015236\n                ],\n                [\n                    "2020-07-24",\n                    3.018888\n                ],\n                [\n                    "2020-07-27",\n                    3.022768\n                ],\n                [\n                    "2020-07-28",\n                    3.027052\n                ],\n                [\n                    "2020-07-29",\n                    3.0317760000000002\n                ],\n                [\n                    "2020-07-30",\n                    3.0365519999999995\n                ],\n                [\n                    "2020-07-31",\n                    3.041372\n                ],\n                [\n                    "2020-08-03",\n                    3.0463120000000004\n                ],\n                [\n                    "2020-08-04",\n                    3.0511800000000004\n                ],\n                [\n                    "2020-08-05",\n                    3.0560080000000003\n                ],\n                [\n                    "2020-08-06",\n                    3.0605320000000003\n                ],\n                [\n                    "2020-08-07",\n                    3.064832\n                ],\n                [\n                    "2020-08-10",\n                    3.069188\n                ],\n                [\n                    "2020-08-11",\n                    3.0736879999999998\n                ],\n                [\n                    "2020-08-12",\n                    3.078116\n                ],\n                [\n                    "2020-08-13",\n                    3.082684\n                ],\n                [\n                    "2020-08-14",\n                    3.0878360000000002\n                ],\n                [\n                    "2020-08-17",\n                    3.093208\n                ],\n                [\n                    "2020-08-18",\n                    3.0988\n                ],\n                [\n                    "2020-08-19",\n                    3.1041399999999997\n                ],\n                [\n                    "2020-08-20",\n                    3.109248\n                ],\n                [\n                    "2020-08-21",\n                    3.11442\n                ],\n                [\n                    "2020-08-24",\n                    3.1198960000000002\n                ],\n                [\n                    "2020-08-25",\n                    3.125572\n                ],\n                [\n                    "2020-08-26",\n                    3.131244\n                ],\n                [\n                    "2020-08-27",\n                    3.137096\n                ],\n                [\n                    "2020-08-28",\n                    3.1433400000000002\n                ],\n                [\n                    "2020-08-31",\n                    3.149368\n                ],\n                [\n                    "2020-09-01",\n                    3.155328\n                ],\n                [\n                    "2020-09-02",\n                    3.161036\n                ],\n                [\n                    "2020-09-03",\n                    3.16682\n                ],\n                [\n                    "2020-09-04",\n                    3.1724319999999997\n                ],\n                [\n                    "2020-09-07",\n                    3.1775119999999997\n                ],\n                [\n                    "2020-09-08",\n                    3.18234\n                ],\n                [\n                    "2020-09-09",\n                    3.186808\n                ],\n                [\n                    "2020-09-10",\n                    3.191308\n                ],\n                [\n                    "2020-09-11",\n                    3.196024\n                ],\n                [\n                    "2020-09-14",\n                    3.2009600000000002\n                ],\n                [\n                    "2020-09-15",\n                    3.20602\n                ],\n                [\n                    "2020-09-16",\n                    3.2108600000000003\n                ],\n                [\n                    "2020-09-17",\n                    3.215484\n                ],\n                [\n                    "2020-09-18",\n                    3.2202400000000004\n                ],\n                [\n                    "2020-09-21",\n                    3.224864\n                ],\n                [\n                    "2020-09-22",\n                    3.229708\n                ],\n                [\n                    "2020-09-23",\n                    3.234404\n                ],\n                [\n                    "2020-09-24",\n                    3.2389319999999997\n                ],\n                [\n                    "2020-09-25",\n                    3.243508\n                ],\n                [\n                    "2020-09-28",\n                    3.247916\n                ],\n                [\n                    "2020-09-29",\n                    3.252328\n                ],\n                [\n                    "2020-09-30",\n                    3.25684\n                ],\n                [\n                    "2020-10-09",\n                    3.2616279999999995\n                ],\n                [\n                    "2020-10-12",\n                    3.266784\n                ],\n                [\n                    "2020-10-13",\n                    3.272152\n                ],\n                [\n                    "2020-10-14",\n                    3.277528\n                ],\n                [\n                    "2020-10-15",\n                    3.282864\n                ],\n                [\n                    "2020-10-16",\n                    3.2880519999999995\n                ],\n                [\n                    "2020-10-19",\n                    3.29294\n                ],\n                [\n                    "2020-10-20",\n                    3.2982560000000003\n                ],\n                [\n                    "2020-10-21",\n                    3.303572\n                ],\n                [\n                    "2020-10-22",\n                    3.308872\n                ],\n                [\n                    "2020-10-23",\n                    3.313856\n                ],\n                [\n                    "2020-10-26",\n                    3.3185439999999997\n                ],\n                [\n                    "2020-10-27",\n                    3.32336\n                ],\n                [\n                    "2020-10-28",\n                    3.32874\n                ],\n                [\n                    "2020-10-29",\n                    3.33476\n                ],\n                [\n                    "2020-10-30",\n                    3.340148\n                ],\n                [\n                    "2020-11-02",\n                    3.345736\n                ],\n                [\n                    "2020-11-03",\n                    3.3515279999999996\n                ],\n                [\n                    "2020-11-04",\n                    3.357716\n                ],\n                [\n                    "2020-11-05",\n                    3.364108\n                ],\n                [\n                    "2020-11-06",\n                    3.3704640000000006\n                ],\n                [\n                    "2020-11-09",\n                    3.376904\n                ],\n                [\n                    "2020-11-10",\n                    3.3835879999999996\n                ],\n                [\n                    "2020-11-11",\n                    3.390092\n                ],\n                [\n                    "2020-11-12",\n                    3.396628\n                ],\n                [\n                    "2020-11-13",\n                    3.402748\n                ],\n                [\n                    "2020-11-16",\n                    3.40926\n                ],\n                [\n                    "2020-11-17",\n                    3.4157279999999997\n                ],\n                [\n                    "2020-11-18",\n                    3.421904\n                ],\n                [\n                    "2020-11-19",\n                    3.428356\n                ],\n                [\n                    "2020-11-20",\n                    3.435176\n                ],\n                [\n                    "2020-11-23",\n                    3.4421880000000002\n                ],\n                [\n                    "2020-11-24",\n                    3.449036\n                ],\n                [\n                    "2020-11-25",\n                    3.4553199999999995\n                ],\n                [\n                    "2020-11-26",\n                    3.461652\n                ],\n                [\n                    "2020-11-27",\n                    3.4681400000000004\n                ],\n                [\n                    "2020-11-30",\n                    3.474152\n                ],\n                [\n                    "2020-12-01",\n                    3.4803399999999995\n                ],\n                [\n                    "2020-12-02",\n                    3.486644\n                ],\n                [\n                    "2020-12-03",\n                    3.493308\n                ],\n                [\n                    "2020-12-04",\n                    3.500248\n                ],\n                [\n                    "2020-12-07",\n                    3.507144\n                ],\n                [\n                    "2020-12-08",\n                    3.514172\n                ],\n                [\n                    "2020-12-09",\n                    3.521092\n                ],\n                [\n                    "2020-12-10",\n                    3.5283559999999996\n                ],\n                [\n                    "2020-12-11",\n                    3.535708\n                ],\n                [\n                    "2020-12-14",\n                    3.5434680000000003\n                ],\n                [\n                    "2020-12-15",\n                    3.55112\n                ],\n                [\n                    "2020-12-16",\n                    3.559004\n                ],\n                [\n                    "2020-12-17",\n                    3.567028\n                ],\n                [\n                    "2020-12-18",\n                    3.575068\n                ],\n                [\n                    "2020-12-21",\n                    3.5832159999999997\n                ],\n                [\n                    "2020-12-22",\n                    3.591576\n                ],\n                [\n                    "2020-12-23",\n                    3.60004\n                ],\n                [\n                    "2020-12-24",\n                    3.6081679999999996\n                ],\n                [\n                    "2020-12-25",\n                    3.6164\n                ],\n                [\n                    "2020-12-28",\n                    3.625152\n                ],\n                [\n                    "2020-12-29",\n                    3.633752\n                ],\n                [\n                    "2020-12-30",\n                    3.64272\n                ],\n                [\n                    "2020-12-31",\n                    3.652048\n                ],\n                [\n                    "2021-01-04",\n                    3.6619\n                ],\n                [\n                    "2021-01-05",\n                    3.672404\n                ],\n                [\n                    "2021-01-06",\n                    3.6830760000000002\n                ],\n                [\n                    "2021-01-07",\n                    3.6940239999999998\n                ],\n                [\n                    "2021-01-08",\n                    3.704368\n                ],\n                [\n                    "2021-01-11",\n                    3.7139279999999997\n                ],\n                [\n                    "2021-01-12",\n                    3.723948\n                ],\n                [\n                    "2021-01-13",\n                    3.733732\n                ],\n                [\n                    "2021-01-14",\n                    3.7431\n                ],\n                [\n                    "2021-01-15",\n                    3.7521400000000003\n                ],\n                [\n                    "2021-01-18",\n                    3.761012\n                ],\n                [\n                    "2021-01-19",\n                    3.76948\n                ],\n                [\n                    "2021-01-20",\n                    3.777952\n                ],\n                [\n                    "2021-01-21",\n                    3.7867319999999998\n                ],\n                [\n                    "2021-01-22",\n                    3.79552\n                ],\n                [\n                    "2021-01-25",\n                    3.805288\n                ],\n                [\n                    "2021-01-26",\n                    3.8145439999999997\n                ],\n                [\n                    "2021-01-27",\n                    3.823616\n                ],\n                [\n                    "2021-01-28",\n                    3.8322559999999997\n                ],\n                [\n                    "2021-01-29",\n                    3.841116\n                ],\n                [\n                    "2021-02-01",\n                    3.8504480000000005\n                ],\n                [\n                    "2021-02-02",\n                    3.860568\n                ],\n                [\n                    "2021-02-03",\n                    3.871324\n                ],\n                [\n                    "2021-02-04",\n                    3.882968\n                ],\n                [\n                    "2021-02-05",\n                    3.89472\n                ],\n                [\n                    "2021-02-08",\n                    3.906544\n                ],\n                [\n                    "2021-02-09",\n                    3.9187039999999995\n                ],\n                [\n                    "2021-02-10",\n                    3.931868\n                ],\n                [\n                    "2021-02-18",\n                    3.9441760000000006\n                ],\n                [\n                    "2021-02-19",\n                    3.956156\n                ],\n                [\n                    "2021-02-22",\n                    3.966592\n                ],\n                [\n                    "2021-02-23",\n                    3.97708\n                ],\n                [\n                    "2021-02-24",\n                    3.986752\n                ],\n                [\n                    "2021-02-25",\n                    3.996152\n                ],\n                [\n                    "2021-02-26",\n                    4.004972\n                ],\n                [\n                    "2021-03-01",\n                    4.01392\n                ],\n                [\n                    "2021-03-02",\n                    4.022156\n                ],\n                [\n                    "2021-03-03",\n                    4.030752\n                ],\n                [\n                    "2021-03-04",\n                    4.03868\n                ],\n                [\n                    "2021-03-05",\n                    4.046676\n                ],\n                [\n                    "2021-03-08",\n                    4.053636\n                ],\n                [\n                    "2021-03-09",\n                    4.059956000000001\n                ],\n                [\n                    "2021-03-10",\n                    4.067212\n                ],\n                [\n                    "2021-03-11",\n                    4.074736\n                ],\n                [\n                    "2021-03-12",\n                    4.082268\n                ],\n                [\n                    "2021-03-15",\n                    4.088932\n                ],\n                [\n                    "2021-03-16",\n                    4.09524\n                ],\n                [\n                    "2021-03-17",\n                    4.1022799999999995\n                ],\n                [\n                    "2021-03-18",\n                    4.1102\n                ],\n                [\n                    "2021-03-19",\n                    4.117284000000001\n                ],\n                [\n                    "2021-03-22",\n                    4.124491999999999\n                ],\n                [\n                    "2021-03-23",\n                    4.131900000000001\n                ],\n                [\n                    "2021-03-24",\n                    4.139372\n                ],\n                [\n                    "2021-03-25",\n                    4.147124\n                ],\n                [\n                    "2021-03-26",\n                    4.155564\n                ],\n                [\n                    "2021-03-29",\n                    4.164464\n                ],\n                [\n                    "2021-03-30",\n                    4.173884\n                ],\n                [\n                    "2021-03-31",\n                    4.182816\n                ],\n                [\n                    "2021-04-01",\n                    4.1926120000000004\n                ],\n                [\n                    "2021-04-02",\n                    4.202704\n                ],\n                [\n                    "2021-04-06",\n                    4.212251999999999\n                ],\n                [\n                    "2021-04-07",\n                    4.22118\n                ],\n                [\n                    "2021-04-08",\n                    4.230196\n                ],\n                [\n                    "2021-04-09",\n                    4.238904\n                ],\n                [\n                    "2021-04-12",\n                    4.24724\n                ],\n                [\n                    "2021-04-13",\n                    4.255612\n                ],\n                [\n                    "2021-04-14",\n                    4.264176\n                ],\n                [\n                    "2021-04-15",\n                    4.272708000000001\n                ],\n                [\n                    "2021-04-16",\n                    4.2811840000000005\n                ],\n                [\n                    "2021-04-19",\n                    4.290144000000001\n                ],\n                [\n                    "2021-04-20",\n                    4.299196\n                ],\n                [\n                    "2021-04-21",\n                    4.308396\n                ],\n                [\n                    "2021-04-22",\n                    4.317488\n                ],\n                [\n                    "2021-04-23",\n                    4.326715999999999\n                ],\n                [\n                    "2021-04-26",\n                    4.335716\n                ],\n                [\n                    "2021-04-27",\n                    4.34498\n                ],\n                [\n                    "2021-04-28",\n                    4.354488\n                ],\n                [\n                    "2021-04-29",\n                    4.364056000000001\n                ],\n                [\n                    "2021-04-30",\n                    4.373496\n                ],\n                [\n                    "2021-05-06",\n                    4.381948\n                ],\n                [\n                    "2021-05-07",\n                    4.390059999999999\n                ],\n                [\n                    "2021-05-10",\n                    4.39788\n                ],\n                [\n                    "2021-05-11",\n                    4.406152\n                ],\n                [\n                    "2021-05-12",\n                    4.414408000000001\n                ],\n                [\n                    "2021-05-13",\n                    4.422759999999999\n                ],\n                [\n                    "2021-05-14",\n                    4.431388\n                ],\n                [\n                    "2021-05-17",\n                    4.440456\n                ],\n                [\n                    "2021-05-18",\n                    4.449392\n                ],\n                [\n                    "2021-05-19",\n                    4.458096\n                ],\n                [\n                    "2021-05-20",\n                    4.466948\n                ],\n                [\n                    "2021-05-21",\n                    4.475524\n                ],\n                [\n                    "2021-05-24",\n                    4.484139999999999\n                ],\n                [\n                    "2021-05-25",\n                    4.4933879999999995\n                ],\n                [\n                    "2021-05-26",\n                    4.50258\n                ],\n                [\n                    "2021-05-27",\n                    4.511591999999999\n                ],\n                [\n                    "2021-05-28",\n                    4.520444\n                ],\n                [\n                    "2021-05-31",\n                    4.529304\n                ],\n                [\n                    "2021-06-01",\n                    4.538116\n                ],\n                [\n                    "2021-06-02",\n                    4.547188\n                ],\n                [\n                    "2021-06-03",\n                    4.556244\n                ],\n                [\n                    "2021-06-04",\n                    4.565436\n                ],\n                [\n                    "2021-06-07",\n                    4.574804\n                ],\n                [\n                    "2021-06-08",\n                    4.583336\n                ],\n                [\n                    "2021-06-09",\n                    4.591768\n                ],\n                [\n                    "2021-06-10",\n                    4.6000559999999995\n                ],\n                [\n                    "2021-06-11",\n                    4.608092\n                ],\n                [\n                    "2021-06-15",\n                    4.616124\n                ],\n                [\n                    "2021-06-16",\n                    4.6236440000000005\n                ],\n                [\n                    "2021-06-17",\n                    4.631164\n                ],\n                [\n                    "2021-06-18",\n                    4.638404\n                ],\n                [\n                    "2021-06-21",\n                    4.645411999999999\n                ],\n                [\n                    "2021-06-22",\n                    4.652496\n                ],\n                [\n                    "2021-06-23",\n                    4.659508\n                ],\n                [\n                    "2021-06-24",\n                    4.666548\n                ],\n                [\n                    "2021-06-25",\n                    4.674124\n                ],\n                [\n                    "2021-06-28",\n                    4.6818040000000005\n                ],\n                [\n                    "2021-06-29",\n                    4.68926\n                ],\n                [\n                    "2021-06-30",\n                    4.696827999999999\n                ],\n                [\n                    "2021-07-01",\n                    4.704132\n                ],\n                [\n                    "2021-07-02",\n                    4.710864000000001\n                ],\n                [\n                    "2021-07-05",\n                    4.717327999999999\n                ],\n                [\n                    "2021-07-06",\n                    4.723672\n                ],\n                [\n                    "2021-07-07",\n                    4.730256000000001\n                ],\n                [\n                    "2021-07-08",\n                    4.736368000000001\n                ],\n                [\n                    "2021-07-09",\n                    4.7416\n                ],\n                [\n                    "2021-07-12",\n                    4.746776\n                ],\n                [\n                    "2021-07-13",\n                    4.752396000000001\n                ],\n                [\n                    "2021-07-14",\n                    4.757612\n                ],\n                [\n                    "2021-07-15",\n                    4.762844\n                ],\n                [\n                    "2021-07-16",\n                    4.767755999999999\n                ],\n                [\n                    "2021-07-19",\n                    4.772592\n                ],\n                [\n                    "2021-07-20",\n                    4.777291999999999\n                ],\n                [\n                    "2021-07-21",\n                    4.781328\n                ],\n                [\n                    "2021-07-22",\n                    4.785099999999999\n                ],\n                [\n                    "2021-07-23",\n                    4.788104000000001\n                ],\n                [\n                    "2021-07-26",\n                    4.791288000000001\n                ],\n                [\n                    "2021-07-27",\n                    4.793584\n                ],\n                [\n                    "2021-07-28",\n                    4.796008\n                ],\n                [\n                    "2021-07-29",\n                    4.798208000000001\n                ],\n                [\n                    "2021-07-30",\n                    4.799652\n                ],\n                [\n                    "2021-08-02",\n                    4.80158\n                ],\n                [\n                    "2021-08-03",\n                    4.804472\n                ],\n                [\n                    "2021-08-04",\n                    4.807192\n                ],\n                [\n                    "2021-08-05",\n                    4.809384\n                ],\n                [\n                    "2021-08-06",\n                    4.8111999999999995\n                ],\n                [\n                    "2021-08-09",\n                    4.813407999999999\n                ],\n                [\n                    "2021-08-10",\n                    4.816172000000001\n                ],\n                [\n                    "2021-08-11",\n                    4.818639999999999\n                ],\n                [\n                    "2021-08-12",\n                    4.82088\n                ],\n                [\n                    "2021-08-13",\n                    4.823152\n                ],\n                [\n                    "2021-08-16",\n                    4.825932\n                ],\n                [\n                    "2021-08-17",\n                    4.828184\n                ],\n                [\n                    "2021-08-18",\n                    4.830400000000001\n                ],\n                [\n                    "2021-08-19",\n                    4.8324\n                ],\n                [\n                    "2021-08-20",\n                    4.833956\n                ],\n                [\n                    "2021-08-23",\n                    4.8356\n                ],\n                [\n                    "2021-08-24",\n                    4.837096\n                ],\n                [\n                    "2021-08-25",\n                    4.838512\n                ],\n                [\n                    "2021-08-26",\n                    4.8393559999999995\n                ],\n                [\n                    "2021-08-27",\n                    4.840212\n                ],\n                [\n                    "2021-08-30",\n                    4.841496\n                ],\n                [\n                    "2021-08-31",\n                    4.842428\n                ],\n                [\n                    "2021-09-01",\n                    4.8434919999999995\n                ],\n                [\n                    "2021-09-02",\n                    4.843896\n                ],\n                [\n                    "2021-09-03",\n                    4.844532\n                ],\n                [\n                    "2021-09-06",\n                    4.845276\n                ],\n                [\n                    "2021-09-07",\n                    4.845511999999999\n                ],\n                [\n                    "2021-09-08",\n                    4.845628\n                ],\n                [\n                    "2021-09-09",\n                    4.845744000000001\n                ],\n                [\n                    "2021-09-10",\n                    4.846136\n                ],\n                [\n                    "2021-09-13",\n                    4.846171999999999\n                ],\n                [\n                    "2021-09-14",\n                    4.8464480000000005\n                ],\n                [\n                    "2021-09-15",\n                    4.84666\n                ],\n                [\n                    "2021-09-16",\n                    4.847128\n                ],\n                [\n                    "2021-09-17",\n                    4.84824\n                ],\n                [\n                    "2021-09-22",\n                    4.848592000000001\n                ],\n                [\n                    "2021-09-23",\n                    4.8487599999999995\n                ],\n                [\n                    "2021-09-24",\n                    4.849144\n                ],\n                [\n                    "2021-09-27",\n                    4.850332000000001\n                ],\n                [\n                    "2021-09-28",\n                    4.85166\n                ],\n                [\n                    "2021-09-29",\n                    4.85316\n                ],\n                [\n                    "2021-09-30",\n                    4.8547080000000005\n                ],\n                [\n                    "2021-10-08",\n                    4.856832000000001\n                ],\n                [\n                    "2021-10-11",\n                    4.859064\n                ],\n                [\n                    "2021-10-12",\n                    4.861244000000001\n                ],\n                [\n                    "2021-10-13",\n                    4.864116\n                ],\n                [\n                    "2021-10-14",\n                    4.86686\n                ],\n                [\n                    "2021-10-15",\n                    4.869508\n                ],\n                [\n                    "2021-10-18",\n                    4.871504\n                ],\n                [\n                    "2021-10-19",\n                    4.873792000000001\n                ],\n                [\n                    "2021-10-20",\n                    4.8758159999999995\n                ],\n                [\n                    "2021-10-21",\n                    4.877344\n                ],\n                [\n                    "2021-10-22",\n                    4.878984\n                ],\n                [\n                    "2021-10-25",\n                    4.880596000000001\n                ],\n                [\n                    "2021-10-26",\n                    4.8821840000000005\n                ],\n                [\n                    "2021-10-27",\n                    4.883648\n                ],\n                [\n                    "2021-10-28",\n                    4.885287999999999\n                ],\n                [\n                    "2021-10-29",\n                    4.886768\n                ],\n                [\n                    "2021-11-01",\n                    4.888044\n                ],\n                [\n                    "2021-11-02",\n                    4.889156\n                ],\n                [\n                    "2021-11-03",\n                    4.89042\n                ],\n                [\n                    "2021-11-04",\n                    4.8923440000000005\n                ],\n                [\n                    "2021-11-05",\n                    4.894247999999999\n                ],\n                [\n                    "2021-11-08",\n                    4.89558\n                ],\n                [\n                    "2021-11-09",\n                    4.8962\n                ],\n                [\n                    "2021-11-10",\n                    4.897112\n                ],\n                [\n                    "2021-11-11",\n                    4.897916\n                ],\n                [\n                    "2021-11-12",\n                    4.898636000000001\n                ],\n                [\n                    "2021-11-15",\n                    4.8991359999999995\n                ],\n                [\n                    "2021-11-16",\n                    4.899772\n                ],\n                [\n                    "2021-11-17",\n                    4.900216\n                ],\n                [\n                    "2021-11-18",\n                    4.9004319999999995\n                ],\n                [\n                    "2021-11-19",\n                    4.900595999999999\n                ],\n                [\n                    "2021-11-22",\n                    4.900928\n                ],\n                [\n                    "2021-11-23",\n                    4.9009480000000005\n                ],\n                [\n                    "2021-11-24",\n                    4.901504\n                ],\n                [\n                    "2021-11-25",\n                    4.9015640000000005\n                ],\n                [\n                    "2021-11-26",\n                    4.901599999999999\n                ],\n                [\n                    "2021-11-29",\n                    4.901884\n                ],\n                [\n                    "2021-11-30",\n                    4.90166\n                ],\n                [\n                    "2021-12-01",\n                    4.901216\n                ],\n                [\n                    "2021-12-02",\n                    4.90074\n                ],\n                [\n                    "2021-12-03",\n                    4.900728\n                ],\n                [\n                    "2021-12-06",\n                    4.901164\n                ],\n                [\n                    "2021-12-07",\n                    4.901572\n                ],\n                [\n                    "2021-12-08",\n                    4.902248\n                ],\n                [\n                    "2021-12-09",\n                    4.903656\n                ],\n                [\n                    "2021-12-10",\n                    4.904804\n                ],\n                [\n                    "2021-12-13",\n                    4.905916\n                ],\n                [\n                    "2021-12-14",\n                    4.906892\n                ],\n                [\n                    "2021-12-15",\n                    4.907384\n                ],\n                [\n                    "2021-12-16",\n                    4.907656\n                ],\n                [\n                    "2021-12-17",\n                    4.907472\n                ],\n                [\n                    "2021-12-20",\n                    4.9073720000000005\n                ],\n                [\n                    "2021-12-21",\n                    4.907212\n                ],\n                [\n                    "2021-12-22",\n                    4.907064\n                ],\n                [\n                    "2021-12-23",\n                    4.906791999999999\n                ],\n                [\n                    "2021-12-24",\n                    4.906708\n                ],\n                [\n                    "2021-12-27",\n                    4.906328\n                ],\n                [\n                    "2021-12-28",\n                    4.905812000000001\n                ],\n                [\n                    "2021-12-29",\n                    4.904684\n                ],\n                [\n                    "2021-12-30",\n                    4.90358\n                ],\n                [\n                    "2021-12-31",\n                    4.902264\n                ],\n                [\n                    "2022-01-04",\n                    4.90088\n                ],\n                [\n                    "2022-01-05",\n                    4.899536\n                ],\n                [\n                    "2022-01-06",\n                    4.8979\n                ],\n                [\n                    "2022-01-07",\n                    4.895536\n                ],\n                [\n                    "2022-01-10",\n                    4.893372\n                ],\n                [\n                    "2022-01-11",\n                    4.890555999999999\n                ],\n                [\n                    "2022-01-12",\n                    4.8874960000000005\n                ],\n                [\n                    "2022-01-13",\n                    4.883408\n                ],\n                [\n                    "2022-01-14",\n                    4.878547999999999\n                ],\n                [\n                    "2022-01-17",\n                    4.873712\n                ],\n                [\n                    "2022-01-18",\n                    4.868636\n                ],\n                [\n                    "2022-01-19",\n                    4.863936\n                ],\n                [\n                    "2022-01-20",\n                    4.86\n                ],\n                [\n                    "2022-01-21",\n                    4.855576\n                ],\n                [\n                    "2022-01-24",\n                    4.851248000000001\n                ],\n                [\n                    "2022-01-25",\n                    4.847172\n                ],\n                [\n                    "2022-01-26",\n                    4.843736\n                ],\n                [\n                    "2022-01-27",\n                    4.840064\n                ],\n                [\n                    "2022-01-28",\n                    4.836368\n                ],\n                [\n                    "2022-02-07",\n                    4.83254\n                ],\n                [\n                    "2022-02-08",\n                    4.827928\n                ],\n                [\n                    "2022-02-09",\n                    4.823768\n                ],\n                [\n                    "2022-02-10",\n                    4.818624000000001\n                ],\n                [\n                    "2022-02-11",\n                    4.8139520000000005\n                ],\n                [\n                    "2022-02-14",\n                    4.809464\n                ],\n                [\n                    "2022-02-15",\n                    4.805456\n                ],\n                [\n                    "2022-02-16",\n                    4.801376\n                ],\n                [\n                    "2022-02-17",\n                    4.796984\n                ],\n                [\n                    "2022-02-18",\n                    4.791856\n                ],\n                [\n                    "2022-02-21",\n                    4.786424\n                ],\n                [\n                    "2022-02-22",\n                    4.78068\n                ],\n                [\n                    "2022-02-23",\n                    4.7748159999999995\n                ],\n                [\n                    "2022-02-24",\n                    4.768243999999999\n                ],\n                [\n                    "2022-02-25",\n                    4.761340000000001\n                ],\n                [\n                    "2022-02-28",\n                    4.753364\n                ],\n                [\n                    "2022-03-01",\n                    4.74648\n                ],\n                [\n                    "2022-03-02",\n                    4.739488\n                ],\n                [\n                    "2022-03-03",\n                    4.7336279999999995\n                ],\n                [\n                    "2022-03-04",\n                    4.727616\n                ],\n                [\n                    "2022-03-07",\n                    4.721803999999999\n                ],\n                [\n                    "2022-03-08",\n                    4.7159640000000005\n                ],\n                [\n                    "2022-03-09",\n                    4.7107399999999995\n                ],\n                [\n                    "2022-03-10",\n                    4.705664\n                ],\n                [\n                    "2022-03-11",\n                    4.700799999999999\n                ],\n                [\n                    "2022-03-14",\n                    4.694972\n                ],\n                [\n                    "2022-03-15",\n                    4.6893\n                ],\n                [\n                    "2022-03-16",\n                    4.684019999999999\n                ],\n                [\n                    "2022-03-17",\n                    4.680396\n                ],\n                [\n                    "2022-03-18",\n                    4.677196\n                ],\n                [\n                    "2022-03-21",\n                    4.673444\n                ],\n                [\n                    "2022-03-22",\n                    4.6691080000000005\n                ],\n                [\n                    "2022-03-23",\n                    4.664772\n                ],\n                [\n                    "2022-03-24",\n                    4.660976\n                ],\n                [\n                    "2022-03-25",\n                    4.6566279999999995\n                ],\n                [\n                    "2022-03-28",\n                    4.651492\n                ],\n                [\n                    "2022-03-29",\n                    4.6458\n                ],\n                [\n                    "2022-03-30",\n                    4.6411359999999995\n                ],\n                [\n                    "2022-03-31",\n                    4.636344\n                ],\n                [\n                    "2022-04-01",\n                    4.63188\n                ],\n                [\n                    "2022-04-06",\n                    4.627392\n                ],\n                [\n                    "2022-04-07",\n                    4.622928\n                ],\n                [\n                    "2022-04-08",\n                    4.617935999999999\n                ],\n                [\n                    "2022-04-11",\n                    4.612171999999999\n                ],\n                [\n                    "2022-04-12",\n                    4.606788000000001\n                ],\n                [\n                    "2022-04-13",\n                    4.601588\n                ],\n                [\n                    "2022-04-14",\n                    4.5964279999999995\n                ],\n                [\n                    "2022-04-15",\n                    4.590664\n                ],\n                [\n                    "2022-04-18",\n                    4.585076\n                ],\n                [\n                    "2022-04-19",\n                    4.579975999999999\n                ],\n                [\n                    "2022-04-20",\n                    4.574739999999999\n                ],\n                [\n                    "2022-04-21",\n                    4.569732\n                ],\n                [\n                    "2022-04-22",\n                    4.564992\n                ],\n                [\n                    "2022-04-25",\n                    4.5596760000000005\n                ],\n                [\n                    "2022-04-26",\n                    4.554104000000001\n                ],\n                [\n                    "2022-04-27",\n                    4.54894\n                ],\n                [\n                    "2022-04-28",\n                    4.543856\n                ],\n                [\n                    "2022-04-29",\n                    4.538612\n                ],\n                [\n                    "2022-05-05",\n                    4.533316000000001\n                ],\n                [\n                    "2022-05-06",\n                    4.5273520000000005\n                ],\n                [\n                    "2022-05-09",\n                    4.521148\n                ],\n                [\n                    "2022-05-10",\n                    4.514816000000001\n                ],\n                [\n                    "2022-05-11",\n                    4.508972000000001\n                ],\n                [\n                    "2022-05-12",\n                    4.50302\n                ],\n                [\n                    "2022-05-13",\n                    4.496823999999999\n                ],\n                [\n                    "2022-05-16",\n                    4.490452\n                ],\n                [\n                    "2022-05-17",\n                    4.484568\n                ],\n                [\n                    "2022-05-18",\n                    4.479348\n                ],\n                [\n                    "2022-05-19",\n                    4.474252000000001\n                ],\n                [\n                    "2022-05-20",\n                    4.469824\n                ],\n                [\n                    "2022-05-23",\n                    4.464808\n                ],\n                [\n                    "2022-05-24",\n                    4.459384\n                ],\n                [\n                    "2022-05-25",\n                    4.45406\n                ],\n                [\n                    "2022-05-26",\n                    4.448348\n                ],\n                [\n                    "2022-05-27",\n                    4.4421800000000005\n                ],\n                [\n                    "2022-05-30",\n                    4.436496\n                ],\n                [\n                    "2022-05-31",\n                    4.431204\n                ],\n                [\n                    "2022-06-01",\n                    4.425675999999999\n                ],\n                [\n                    "2022-06-02",\n                    4.420292000000001\n                ],\n                [\n                    "2022-06-06",\n                    4.414896000000001\n                ],\n                [\n                    "2022-06-07",\n                    4.408968000000001\n                ],\n                [\n                    "2022-06-08",\n                    4.403424\n                ],\n                [\n                    "2022-06-09",\n                    4.3975480000000005\n                ],\n                [\n                    "2022-06-10",\n                    4.39206\n                ],\n                [\n                    "2022-06-13",\n                    4.386404\n                ],\n                [\n                    "2022-06-14",\n                    4.380856\n                ],\n                [\n                    "2022-06-15",\n                    4.375548\n                ],\n                [\n                    "2022-06-16",\n                    4.3701\n                ],\n                [\n                    "2022-06-17",\n                    4.364624\n                ],\n                [\n                    "2022-06-20",\n                    4.35938\n                ],\n                [\n                    "2022-06-21",\n                    4.3548800000000005\n                ],\n                [\n                    "2022-06-22",\n                    4.350144\n                ],\n                [\n                    "2022-06-23",\n                    4.345468\n                ],\n                [\n                    "2022-06-24",\n                    4.341388\n                ],\n                [\n                    "2022-06-27",\n                    4.337696\n                ],\n                [\n                    "2022-06-28",\n                    4.334416\n                ],\n                [\n                    "2022-06-29",\n                    4.330852\n                ],\n                [\n                    "2022-06-30",\n                    4.327932\n                ],\n                [\n                    "2022-07-01",\n                    4.325008\n                ],\n                [\n                    "2022-07-04",\n                    4.32204\n                ],\n                [\n                    "2022-07-05",\n                    4.31918\n                ],\n                [\n                    "2022-07-06",\n                    4.3160039999999995\n                ],\n                [\n                    "2022-07-07",\n                    4.312620000000001\n                ],\n                [\n                    "2022-07-08",\n                    4.308992\n                ],\n                [\n                    "2022-07-11",\n                    4.305415999999999\n                ],\n                [\n                    "2022-07-12",\n                    4.301636\n                ],\n                [\n                    "2022-07-13",\n                    4.297776\n                ],\n                [\n                    "2022-07-14",\n                    4.294487999999999\n                ],\n                [\n                    "2022-07-15",\n                    4.291276\n                ],\n                [\n                    "2022-07-18",\n                    4.288092000000001\n                ],\n                [\n                    "2022-07-19",\n                    4.284712\n                ],\n                [\n                    "2022-07-20",\n                    4.2817240000000005\n                ],\n                [\n                    "2022-07-21",\n                    4.278936000000001\n                ],\n                [\n                    "2022-07-22",\n                    4.275892\n                ],\n                [\n                    "2022-07-25",\n                    4.2725919999999995\n                ],\n                [\n                    "2022-07-26",\n                    4.26956\n                ],\n                [\n                    "2022-07-27",\n                    4.266028\n                ],\n                [\n                    "2022-07-28",\n                    4.262808\n                ],\n                [\n                    "2022-07-29",\n                    4.259067999999999\n                ],\n                [\n                    "2022-08-01",\n                    4.255484\n                ],\n                [\n                    "2022-08-02",\n                    4.251784\n                ],\n                [\n                    "2022-08-03",\n                    4.248248\n                ],\n                [\n                    "2022-08-04",\n                    4.245335999999999\n                ],\n                [\n                    "2022-08-05",\n                    4.24342\n                ],\n                [\n                    "2022-08-08",\n                    4.242076\n                ],\n                [\n                    "2022-08-09",\n                    4.240559999999999\n                ],\n                [\n                    "2022-08-10",\n                    4.238791999999999\n                ],\n                [\n                    "2022-08-11",\n                    4.237868\n                ],\n                [\n                    "2022-08-12",\n                    4.236447999999999\n                ],\n                [\n                    "2022-08-15",\n                    4.234612\n                ],\n                [\n                    "2022-08-16",\n                    4.232792000000001\n                ],\n                [\n                    "2022-08-17",\n                    4.231308\n                ],\n                [\n                    "2022-08-18",\n                    4.229644\n                ],\n                [\n                    "2022-08-19",\n                    4.227452\n                ],\n                [\n                    "2022-08-22",\n                    4.2247959999999996\n                ],\n                [\n                    "2022-08-23",\n                    4.222176\n                ],\n                [\n                    "2022-08-24",\n                    4.2197119999999995\n                ],\n                [\n                    "2022-08-25",\n                    4.217464\n                ],\n                [\n                    "2022-08-26",\n                    4.215164\n                ],\n                [\n                    "2022-08-29",\n                    4.21342\n                ],\n                [\n                    "2022-08-30",\n                    4.21166\n                ],\n                [\n                    "2022-08-31",\n                    4.21038\n                ],\n                [\n                    "2022-09-01",\n                    4.209612\n                ],\n                [\n                    "2022-09-02",\n                    4.208408\n                ],\n                [\n                    "2022-09-05",\n                    4.206676000000001\n                ],\n                [\n                    "2022-09-06",\n                    4.2049080000000005\n                ],\n                [\n                    "2022-09-07",\n                    4.20346\n                ],\n                [\n                    "2022-09-08",\n                    4.202132\n                ],\n                [\n                    "2022-09-09",\n                    4.20092\n                ],\n                [\n                    "2022-09-13",\n                    4.200044\n                ],\n                [\n                    "2022-09-14",\n                    4.198608\n                ],\n                [\n                    "2022-09-15",\n                    4.197559999999999\n                ],\n                [\n                    "2022-09-16",\n                    4.1959919999999995\n                ],\n                [\n                    "2022-09-19",\n                    4.194176\n                ],\n                [\n                    "2022-09-20",\n                    4.1924399999999995\n                ],\n                [\n                    "2022-09-21",\n                    4.190744\n                ],\n                [\n                    "2022-09-22",\n                    4.188908\n                ],\n                [\n                    "2022-09-23",\n                    4.186903999999999\n                ],\n                [\n                    "2022-09-26",\n                    4.185352\n                ],\n                [\n                    "2022-09-27",\n                    4.184296\n                ],\n                [\n                    "2022-09-28",\n                    4.1834560000000005\n                ],\n                [\n                    "2022-09-29",\n                    4.182532\n                ],\n                [\n                    "2022-09-30",\n                    4.181176000000001\n                ],\n                [\n                    "2022-10-10",\n                    4.179791999999999\n                ],\n                [\n                    "2022-10-11",\n                    4.178268\n                ],\n                [\n                    "2022-10-12",\n                    4.176323999999999\n                ],\n                [\n                    "2022-10-13",\n                    4.173328\n                ],\n                [\n                    "2022-10-14",\n                    4.1706840000000005\n                ],\n                [\n                    "2022-10-17",\n                    4.167868\n                ],\n                [\n                    "2022-10-18",\n                    4.16482\n                ],\n                [\n                    "2022-10-19",\n                    4.160947999999999\n                ],\n                [\n                    "2022-10-20",\n                    4.157132\n                ],\n                [\n                    "2022-10-21",\n                    4.153147999999999\n                ],\n                [\n                    "2022-10-24",\n                    4.148027999999999\n                ],\n                [\n                    "2022-10-25",\n                    4.143\n                ],\n                [\n                    "2022-10-26",\n                    4.137992000000001\n                ],\n                [\n                    "2022-10-27",\n                    4.133211999999999\n                ],\n                [\n                    "2022-10-28",\n                    4.127848\n                ],\n                [\n                    "2022-10-31",\n                    4.12246\n                ],\n                [\n                    "2022-11-01",\n                    4.117788000000001\n                ],\n                [\n                    "2022-11-02",\n                    4.113168\n                ],\n                [\n                    "2022-11-03",\n                    4.108504\n                ],\n                [\n                    "2022-11-04",\n                    4.104547999999999\n                ],\n                [\n                    "2022-11-07",\n                    4.101032\n                ],\n                [\n                    "2022-11-08",\n                    4.097344\n                ],\n                [\n                    "2022-11-09",\n                    4.0933\n                ],\n                [\n                    "2022-11-10",\n                    4.089508\n                ],\n                [\n                    "2022-11-11",\n                    4.086248\n                ],\n                [\n                    "2022-11-14",\n                    4.083064\n                ],\n                [\n                    "2022-11-15",\n                    4.079648\n                ],\n                [\n                    "2022-11-16",\n                    4.076264\n                ],\n                [\n                    "2022-11-17",\n                    4.072764\n                ],\n                [\n                    "2022-11-18",\n                    4.069488\n                ],\n                [\n                    "2022-11-21",\n                    4.066192\n                ],\n                [\n                    "2022-11-22",\n                    4.0628\n                ],\n                [\n                    "2022-11-23",\n                    4.059372\n                ],\n                [\n                    "2022-11-24",\n                    4.05582\n                ],\n                [\n                    "2022-11-25",\n                    4.05184\n                ],\n                [\n                    "2022-11-28",\n                    4.047964\n                ],\n                [\n                    "2022-11-29",\n                    4.044708\n                ],\n                [\n                    "2022-11-30",\n                    4.041352\n                ],\n                [\n                    "2022-12-01",\n                    4.0382240000000005\n                ],\n                [\n                    "2022-12-02",\n                    4.035036\n                ],\n                [\n                    "2022-12-05",\n                    4.03192\n                ],\n                [\n                    "2022-12-06",\n                    4.029208\n                ],\n                [\n                    "2022-12-07",\n                    4.026663999999999\n                ],\n                [\n                    "2022-12-08",\n                    4.024144000000001\n                ],\n                [\n                    "2022-12-09",\n                    4.022252\n                ],\n                [\n                    "2022-12-12",\n                    4.02016\n                ],\n                [\n                    "2022-12-13",\n                    4.018076\n                ],\n                [\n                    "2022-12-14",\n                    4.015828\n                ],\n                [\n                    "2022-12-15",\n                    4.013488\n                ],\n                [\n                    "2022-12-16",\n                    4.011232\n                ],\n                [\n                    "2022-12-19",\n                    4.008408\n                ],\n                [\n                    "2022-12-20",\n                    4.0047\n                ],\n                [\n                    "2022-12-21",\n                    4.0012360000000005\n                ],\n                [\n                    "2022-12-22",\n                    3.9979640000000005\n                ],\n                [\n                    "2022-12-23",\n                    3.994752\n                ],\n                [\n                    "2022-12-26",\n                    3.991616\n                ],\n                [\n                    "2022-12-27",\n                    3.988888\n                ],\n                [\n                    "2022-12-28",\n                    3.986484\n                ],\n                [\n                    "2022-12-29",\n                    3.984044\n                ],\n                [\n                    "2022-12-30",\n                    3.981628\n                ],\n                [\n                    "2022-12-31",\n                    3.979108\n                ],\n                [\n                    "2023-01-03",\n                    3.9760479999999996\n                ],\n                [\n                    "2023-01-04",\n                    3.972892\n                ],\n                [\n                    "2023-01-05",\n                    3.970404\n                ],\n                [\n                    "2023-01-06",\n                    3.9677\n                ],\n                [\n                    "2023-01-09",\n                    3.965808\n                ],\n                [\n                    "2023-01-10",\n                    3.963872\n                ],\n                [\n                    "2023-01-11",\n                    3.962016\n                ],\n                [\n                    "2023-01-12",\n                    3.960128\n                ],\n                [\n                    "2023-01-13",\n                    3.958708\n                ],\n                [\n                    "2023-01-16",\n                    3.957832\n                ],\n                [\n                    "2023-01-17",\n                    3.9569319999999997\n                ],\n                [\n                    "2023-01-18",\n                    3.955828\n                ],\n                [\n                    "2023-01-19",\n                    3.955\n                ],\n                [\n                    "2023-01-20",\n                    3.954052\n                ],\n                [\n                    "2023-01-30",\n                    3.953756\n                ],\n                [\n                    "2023-01-31",\n                    3.953156\n                ],\n                [\n                    "2023-02-01",\n                    3.952584\n                ],\n                [\n                    "2023-02-02",\n                    3.9519119999999996\n                ],\n                [\n                    "2023-02-03",\n                    3.9512599999999996\n                ],\n                [\n                    "2023-02-06",\n                    3.950028\n                ],\n                [\n                    "2023-02-07",\n                    3.948804\n                ],\n                [\n                    "2023-02-08",\n                    3.947596\n                ],\n                [\n                    "2023-02-09",\n                    3.947036\n                ],\n                [\n                    "2023-02-10",\n                    3.946248\n                ],\n                [\n                    "2023-02-13",\n                    3.9461440000000003\n                ],\n                [\n                    "2023-02-14",\n                    3.946344\n                ],\n                [\n                    "2023-02-15",\n                    3.946356\n                ],\n                [\n                    "2023-02-16",\n                    3.946704\n                ],\n                [\n                    "2023-02-17",\n                    3.94638\n                ],\n                [\n                    "2023-02-20",\n                    3.946568\n                ],\n                [\n                    "2023-02-21",\n                    3.946632\n                ],\n                [\n                    "2023-02-22",\n                    3.94662\n                ],\n                [\n                    "2023-02-23",\n                    3.946364\n                ],\n                [\n                    "2023-02-24",\n                    3.9457760000000004\n                ],\n                [\n                    "2023-02-27",\n                    3.945392\n                ],\n                [\n                    "2023-02-28",\n                    3.94496\n                ],\n                [\n                    "2023-03-01",\n                    3.944776\n                ],\n                [\n                    "2023-03-02",\n                    3.944912\n                ],\n                [\n                    "2023-03-03",\n                    3.944832\n                ],\n                [\n                    "2023-03-06",\n                    3.9451959999999997\n                ],\n                [\n                    "2023-03-07",\n                    3.945148\n                ],\n                [\n                    "2023-03-08",\n                    3.945012\n                ],\n                [\n                    "2023-03-09",\n                    3.944544\n                ],\n                [\n                    "2023-03-10",\n                    3.944036\n                ],\n                [\n                    "2023-03-13",\n                    3.9441879999999996\n                ],\n                [\n                    "2023-03-14",\n                    3.94442\n                ],\n                [\n                    "2023-03-15",\n                    3.945132\n                ],\n                [\n                    "2023-03-16",\n                    3.9460520000000003\n                ],\n                [\n                    "2023-03-17",\n                    3.9467559999999997\n                ],\n                [\n                    "2023-03-20",\n                    3.9469279999999998\n                ],\n                [\n                    "2023-03-21",\n                    3.947596\n                ],\n                [\n                    "2023-03-22",\n                    3.9488440000000002\n                ],\n                [\n                    "2023-03-23",\n                    3.950876\n                ],\n                [\n                    "2023-03-24",\n                    3.9525440000000005\n                ],\n                [\n                    "2023-03-27",\n                    3.953608\n                ],\n                [\n                    "2023-03-28",\n                    3.955\n                ],\n                [\n                    "2023-03-29",\n                    3.9565360000000003\n                ],\n                [\n                    "2023-03-30",\n                    3.958332\n                ],\n                [\n                    "2023-03-31",\n                    3.96004\n                ],\n                [\n                    "2023-04-03",\n                    3.9619919999999995\n                ],\n                [\n                    "2023-04-04",\n                    3.9644079999999997\n                ],\n                [\n                    "2023-04-06",\n                    3.966928\n                ],\n                [\n                    "2023-04-07",\n                    3.9694799999999995\n                ],\n                [\n                    "2023-04-10",\n                    3.971404\n                ],\n                [\n                    "2023-04-11",\n                    3.973192\n                ],\n                [\n                    "2023-04-12",\n                    3.974428\n                ],\n                [\n                    "2023-04-13",\n                    3.9758679999999997\n                ],\n                [\n                    "2023-04-14",\n                    3.977264\n                ],\n                [\n                    "2023-04-17",\n                    3.978904\n                ],\n                [\n                    "2023-04-18",\n                    3.981116\n                ],\n                [\n                    "2023-04-19",\n                    3.9825999999999997\n                ],\n                [\n                    "2023-04-20",\n                    3.9839719999999996\n                ],\n                [\n                    "2023-04-21",\n                    3.984684\n                ],\n                [\n                    "2023-04-24",\n                    3.985128\n                ],\n                [\n                    "2023-04-25",\n                    3.985732\n                ],\n                [\n                    "2023-04-26",\n                    3.986504\n                ],\n                [\n                    "2023-04-27",\n                    3.9873279999999998\n                ],\n                [\n                    "2023-04-28",\n                    3.988464\n                ],\n                [\n                    "2023-05-04",\n                    3.98952\n                ],\n                [\n                    "2023-05-05",\n                    3.991192\n                ],\n                [\n                    "2023-05-08",\n                    3.992624\n                ],\n                [\n                    "2023-05-09",\n                    3.9936960000000004\n                ],\n                [\n                    "2023-05-10",\n                    3.99452\n                ],\n                [\n                    "2023-05-11",\n                    3.9950039999999998\n                ],\n                [\n                    "2023-05-12",\n                    3.995232\n                ],\n                [\n                    "2023-05-15",\n                    3.996044\n                ],\n                [\n                    "2023-05-16",\n                    3.99698\n                ],\n                [\n                    "2023-05-17",\n                    3.9976040000000004\n                ],\n                [\n                    "2023-05-18",\n                    3.997936\n                ],\n                [\n                    "2023-05-19",\n                    3.998376\n                ],\n                [\n                    "2023-05-22",\n                    3.999012\n                ],\n                [\n                    "2023-05-23",\n                    3.999468\n                ],\n                [\n                    "2023-05-24",\n                    3.999504\n                ],\n                [\n                    "2023-05-25",\n                    3.999492\n                ],\n                [\n                    "2023-05-26",\n                    3.9995439999999998\n                ],\n                [\n                    "2023-05-29",\n                    3.999068\n                ],\n                [\n                    "2023-05-30",\n                    3.9986680000000003\n                ],\n                [\n                    "2023-05-31",\n                    3.9981760000000004\n                ],\n                [\n                    "2023-06-01",\n                    3.9977959999999997\n                ],\n                [\n                    "2023-06-02",\n                    3.9978039999999995\n                ],\n                [\n                    "2023-06-05",\n                    3.9976439999999998\n                ],\n                [\n                    "2023-06-06",\n                    3.997036\n                ],\n                [\n                    "2023-06-07",\n                    3.995924\n                ],\n                [\n                    "2023-06-08",\n                    3.994956\n                ],\n                [\n                    "2023-06-09",\n                    3.9939560000000003\n                ],\n                [\n                    "2023-06-12",\n                    3.993096\n                ],\n                [\n                    "2023-06-13",\n                    3.992256\n                ],\n                [\n                    "2023-06-14",\n                    3.991476\n                ],\n                [\n                    "2023-06-15",\n                    3.991264\n                ],\n                [\n                    "2023-06-16",\n                    3.990868\n                ],\n                [\n                    "2023-06-19",\n                    3.990404\n                ],\n                [\n                    "2023-06-20",\n                    3.989656\n                ],\n                [\n                    "2023-06-21",\n                    3.9886\n                ],\n                [\n                    "2023-06-26",\n                    3.9873399999999997\n                ],\n                [\n                    "2023-06-27",\n                    3.986016\n                ],\n                [\n                    "2023-06-28",\n                    3.984396\n                ],\n                [\n                    "2023-06-29",\n                    3.982712\n                ],\n                [\n                    "2023-06-30",\n                    3.981228\n                ],\n                [\n                    "2023-07-03",\n                    3.979796\n                ],\n                [\n                    "2023-07-04",\n                    3.9782040000000003\n                ],\n                [\n                    "2023-07-05",\n                    3.97604\n                ],\n                [\n                    "2023-07-06",\n                    3.973684\n                ],\n                [\n                    "2023-07-07",\n                    3.9714120000000004\n                ],\n                [\n                    "2023-07-10",\n                    3.9687200000000002\n                ],\n                [\n                    "2023-07-11",\n                    3.966288\n                ],\n                [\n                    "2023-07-12",\n                    3.963796\n                ],\n                [\n                    "2023-07-13",\n                    3.961768\n                ],\n                [\n                    "2023-07-14",\n                    3.959936\n                ],\n                [\n                    "2023-07-17",\n                    3.957888\n                ],\n                [\n                    "2023-07-18",\n                    3.9558\n                ],\n                [\n                    "2023-07-19",\n                    3.953932\n                ],\n                [\n                    "2023-07-20",\n                    3.9520679999999997\n                ],\n                [\n                    "2023-07-21",\n                    3.9503639999999995\n                ],\n                [\n                    "2023-07-24",\n                    3.9486479999999995\n                ],\n                [\n                    "2023-07-25",\n                    3.9475\n                ],\n                [\n                    "2023-07-26",\n                    3.946364\n                ],\n                [\n                    "2023-07-27",\n                    3.945348\n                ],\n                [\n                    "2023-07-28",\n                    3.9446120000000002\n                ],\n                [\n                    "2023-07-31",\n                    3.944028\n                ],\n                [\n                    "2023-08-01",\n                    3.943284\n                ],\n                [\n                    "2023-08-02",\n                    3.9424319999999997\n                ],\n                [\n                    "2023-08-03",\n                    3.9414520000000004\n                ],\n                [\n                    "2023-08-04",\n                    3.940768\n                ],\n                [\n                    "2023-08-07",\n                    3.9400159999999995\n                ],\n                [\n                    "2023-08-08",\n                    3.939656\n                ],\n                [\n                    "2023-08-09",\n                    3.9391319999999994\n                ],\n                [\n                    "2023-08-10",\n                    3.938684\n                ],\n                [\n                    "2023-08-11",\n                    3.938088\n                ],\n                [\n                    "2023-08-14",\n                    3.937112\n                ],\n                [\n                    "2023-08-15",\n                    3.9360399999999998\n                ],\n                [\n                    "2023-08-16",\n                    3.93504\n                ],\n                [\n                    "2023-08-17",\n                    3.9342599999999996\n                ],\n                [\n                    "2023-08-18",\n                    3.93344\n                ],\n                [\n                    "2023-08-21",\n                    3.9322880000000002\n                ],\n                [\n                    "2023-08-22",\n                    3.93106\n                ],\n                [\n                    "2023-08-23",\n                    3.929752\n                ],\n                [\n                    "2023-08-24",\n                    3.9288600000000002\n                ],\n                [\n                    "2023-08-25",\n                    3.9277200000000003\n                ],\n                [\n                    "2023-08-28",\n                    3.926852\n                ],\n                [\n                    "2023-08-29",\n                    3.926236\n                ],\n                [\n                    "2023-08-30",\n                    3.9255640000000005\n                ],\n                [\n                    "2023-08-31",\n                    3.9250760000000002\n                ],\n                [\n                    "2023-09-01",\n                    3.9249159999999996\n                ],\n                [\n                    "2023-09-04",\n                    3.9247479999999997\n                ],\n                [\n                    "2023-09-05",\n                    3.9242960000000005\n                ],\n                [\n                    "2023-09-06",\n                    3.92392\n                ],\n                [\n                    "2023-09-07",\n                    3.9233520000000004\n                ],\n                [\n                    "2023-09-08",\n                    3.922412\n                ],\n                [\n                    "2023-09-11",\n                    3.921724\n                ],\n                [\n                    "2023-09-12",\n                    3.9213160000000005\n                ],\n                [\n                    "2023-09-13",\n                    3.921112\n                ],\n                [\n                    "2023-09-14",\n                    3.9206679999999996\n                ],\n                [\n                    "2023-09-15",\n                    3.920184\n                ],\n                [\n                    "2023-09-18",\n                    3.919844\n                ],\n                [\n                    "2023-09-19",\n                    3.919196\n                ],\n                [\n                    "2023-09-20",\n                    3.918256\n                ],\n                [\n                    "2023-09-21",\n                    3.917236\n                ],\n                [\n                    "2023-09-22",\n                    3.916356\n                ],\n                [\n                    "2023-09-25",\n                    3.9157040000000003\n                ],\n                [\n                    "2023-09-26",\n                    3.9148159999999996\n                ],\n                [\n                    "2023-09-27",\n                    3.9137959999999996\n                ],\n                [\n                    "2023-09-28",\n                    3.9128559999999997\n                ],\n                [\n                    "2023-10-09",\n                    3.91214\n                ],\n                [\n                    "2023-10-10",\n                    3.911248\n                ],\n                [\n                    "2023-10-11",\n                    3.910116\n                ],\n                [\n                    "2023-10-12",\n                    3.9086839999999996\n                ],\n                [\n                    "2023-10-13",\n                    3.90724\n                ],\n                [\n                    "2023-10-16",\n                    3.9057720000000002\n                ],\n                [\n                    "2023-10-17",\n                    3.904436\n                ],\n                [\n                    "2023-10-18",\n                    3.9036639999999996\n                ],\n                [\n                    "2023-10-19",\n                    3.9024799999999997\n                ],\n                [\n                    "2023-10-20",\n                    3.9012399999999996\n                ],\n                [\n                    "2023-10-23",\n                    3.900188\n                ],\n                [\n                    "2023-10-24",\n                    3.8989000000000003\n                ],\n                [\n                    "2023-10-25",\n                    3.898076\n                ],\n                [\n                    "2023-10-26",\n                    3.8974080000000004\n                ],\n                [\n                    "2023-10-27",\n                    3.897328\n                ],\n                [\n                    "2023-10-30",\n                    3.897328\n                ],\n                [\n                    "2023-10-31",\n                    3.8974759999999997\n                ],\n                [\n                    "2023-11-01",\n                    3.898464\n                ],\n                [\n                    "2023-11-02",\n                    3.8993759999999997\n                ],\n                [\n                    "2023-11-03",\n                    3.9003999999999994\n                ],\n                [\n                    "2023-11-06",\n                    3.9018439999999996\n                ],\n                [\n                    "2023-11-07",\n                    3.9034\n                ],\n                [\n                    "2023-11-08",\n                    3.9050359999999995\n                ],\n                [\n                    "2023-11-09",\n                    3.905896\n                ],\n                [\n                    "2023-11-10",\n                    3.90632\n                ],\n                [\n                    "2023-11-13",\n                    3.906764\n                ],\n                [\n                    "2023-11-14",\n                    3.9066359999999998\n                ],\n                [\n                    "2023-11-15",\n                    3.9065839999999996\n                ],\n                [\n                    "2023-11-16",\n                    3.906616\n                ],\n                [\n                    "2023-11-17",\n                    3.906812\n                ],\n                [\n                    "2023-11-20",\n                    3.90696\n                ],\n                [\n                    "2023-11-21",\n                    3.906776\n                ],\n                [\n                    "2023-11-22",\n                    3.906552\n                ],\n                [\n                    "2023-11-23",\n                    3.9061239999999997\n                ],\n                [\n                    "2023-11-24",\n                    3.905584\n                ],\n                [\n                    "2023-11-27",\n                    3.905052\n                ],\n                [\n                    "2023-11-28",\n                    3.904504\n                ],\n                [\n                    "2023-11-29",\n                    3.9042200000000005\n                ],\n                [\n                    "2023-11-30",\n                    3.903944\n                ],\n                [\n                    "2023-12-01",\n                    3.9035480000000002\n                ],\n                [\n                    "2023-12-04",\n                    3.9030880000000003\n                ],\n                [\n                    "2023-12-05",\n                    3.902348\n                ],\n                [\n                    "2023-12-06",\n                    3.901612\n                ],\n                [\n                    "2023-12-07",\n                    3.9002839999999996\n                ],\n                [\n                    "2023-12-08",\n                    3.899016\n                ],\n                [\n                    "2023-12-11",\n                    3.897384\n                ],\n                [\n                    "2023-12-12",\n                    3.8959\n                ],\n                [\n                    "2023-12-13",\n                    3.893824\n                ],\n                [\n                    "2023-12-14",\n                    3.891264\n                ],\n                [\n                    "2023-12-15",\n                    3.888676\n                ],\n                [\n                    "2023-12-18",\n                    3.8860799999999998\n                ],\n                [\n                    "2023-12-19",\n                    3.883076\n                ],\n                [\n                    "2023-12-20",\n                    3.8801639999999997\n                ],\n                [\n                    "2023-12-21",\n                    3.877288\n                ],\n                [\n                    "2023-12-22",\n                    3.874192\n                ],\n                [\n                    "2023-12-25",\n                    3.8713\n                ],\n                [\n                    "2023-12-26",\n                    3.868244\n                ],\n                [\n                    "2023-12-27",\n                    3.865404\n                ],\n                [\n                    "2023-12-28",\n                    3.8634\n                ],\n                [\n                    "2023-12-29",\n                    3.861272\n                ],\n                [\n                    "2023-12-31",\n                    3.8589359999999995\n                ],\n                [\n                    "2024-01-02",\n                    3.856236\n                ],\n                [\n                    "2024-01-03",\n                    3.853612\n                ],\n                [\n                    "2024-01-04",\n                    3.8505599999999998\n                ],\n                [\n                    "2024-01-05",\n                    3.8475520000000003\n                ],\n                [\n                    "2024-01-08",\n                    3.844488\n                ],\n                [\n                    "2024-01-09",\n                    3.8413399999999998\n                ],\n                [\n                    "2024-01-10",\n                    3.838244\n                ],\n                [\n                    "2024-01-11",\n                    3.8354320000000004\n                ],\n                [\n                    "2024-01-12",\n                    3.832524\n                ],\n                [\n                    "2024-01-15",\n                    3.828944\n                ],\n                [\n                    "2024-01-16",\n                    3.8254280000000005\n                ],\n                [\n                    "2024-01-17",\n                    3.821424\n                ],\n                [\n                    "2024-01-18",\n                    3.8175\n                ],\n                [\n                    "2024-01-19",\n                    3.8136240000000003\n                ],\n                [\n                    "2024-01-22",\n                    3.809564\n                ],\n                [\n                    "2024-01-23",\n                    3.805108\n                ],\n                [\n                    "2024-01-24",\n                    3.8003920000000004\n                ],\n                [\n                    "2024-01-25",\n                    3.7959720000000003\n                ],\n                [\n                    "2024-01-26",\n                    3.791744\n                ],\n                [\n                    "2024-01-29",\n                    3.7876279999999998\n                ],\n                [\n                    "2024-01-30",\n                    3.78324\n                ],\n                [\n                    "2024-01-31",\n                    3.778576\n                ],\n                [\n                    "2024-02-01",\n                    3.774376\n                ],\n                [\n                    "2024-02-02",\n                    3.7700440000000004\n                ],\n                [\n                    "2024-02-05",\n                    3.765836\n                ],\n                [\n                    "2024-02-06",\n                    3.7622240000000002\n                ],\n                [\n                    "2024-02-07",\n                    3.759116\n                ],\n                [\n                    "2024-02-08",\n                    3.7559560000000003\n                ],\n                [\n                    "2024-02-19",\n                    3.7529079999999997\n                ],\n                [\n                    "2024-02-20",\n                    3.7494919999999996\n                ],\n                [\n                    "2024-02-21",\n                    3.7464159999999995\n                ],\n                [\n                    "2024-02-22",\n                    3.7429639999999997\n                ],\n                [\n                    "2024-02-23",\n                    3.7396239999999996\n                ],\n                [\n                    "2024-02-26",\n                    3.736344\n                ],\n                [\n                    "2024-02-27",\n                    3.7330799999999997\n                ],\n                [\n                    "2024-02-28",\n                    3.729844\n                ],\n                [\n                    "2024-02-29",\n                    3.726488\n                ],\n                [\n                    "2024-03-01",\n                    3.72334\n                ],\n                [\n                    "2024-03-04",\n                    3.720196\n                ],\n                [\n                    "2024-03-05",\n                    3.717388\n                ],\n                [\n                    "2024-03-06",\n                    3.7147159999999997\n                ],\n                [\n                    "2024-03-07",\n                    3.711924\n                ],\n                [\n                    "2024-03-08",\n                    3.709048\n                ],\n                [\n                    "2024-03-11",\n                    3.706212\n                ],\n                [\n                    "2024-03-12",\n                    3.703788\n                ],\n                [\n                    "2024-03-13",\n                    3.70142\n                ],\n                [\n                    "2024-03-14",\n                    3.6991\n                ],\n                [\n                    "2024-03-15",\n                    3.697112\n                ],\n                [\n                    "2024-03-18",\n                    3.6952559999999997\n                ],\n                [\n                    "2024-03-19",\n                    3.693564\n                ],\n                [\n                    "2024-03-20",\n                    3.692036\n                ],\n                [\n                    "2024-03-21",\n                    3.6902360000000005\n                ],\n                [\n                    "2024-03-22",\n                    3.6884\n                ],\n                [\n                    "2024-03-25",\n                    3.686652\n                ],\n                [\n                    "2024-03-26",\n                    3.68514\n                ],\n                [\n                    "2024-03-27",\n                    3.6837440000000004\n                ],\n                [\n                    "2024-03-28",\n                    3.682576\n                ],\n                [\n                    "2024-03-29",\n                    3.681044\n                ],\n                [\n                    "2024-04-01",\n                    3.6799159999999995\n                ],\n                [\n                    "2024-04-02",\n                    3.6786\n                ],\n                [\n                    "2024-04-03",\n                    3.6772799999999997\n                ],\n                [\n                    "2024-04-08",\n                    3.675768\n                ],\n                [\n                    "2024-04-09",\n                    3.67394\n                ],\n                [\n                    "2024-04-10",\n                    3.6719079999999997\n                ],\n                [\n                    "2024-04-11",\n                    3.6697040000000003\n                ],\n                [\n                    "2024-04-12",\n                    3.667356\n                ],\n                [\n                    "2024-04-15",\n                    3.665404\n                ],\n                [\n                    "2024-04-16",\n                    3.663192\n                ],\n                [\n                    "2024-04-17",\n                    3.661232\n                ],\n                [\n                    "2024-04-18",\n                    3.659428\n                ],\n                [\n                    "2024-04-19",\n                    3.657584\n                ],\n                [\n                    "2024-04-22",\n                    3.6560279999999996\n                ],\n                [\n                    "2024-04-23",\n                    3.6548000000000003\n                ],\n                [\n                    "2024-04-24",\n                    3.653536\n                ],\n                [\n                    "2024-04-25",\n                    3.652416\n                ],\n                [\n                    "2024-04-26",\n                    3.651364\n                ],\n                [\n                    "2024-04-29",\n                    3.650368\n                ],\n                [\n                    "2024-04-30",\n                    3.6496800000000005\n                ],\n                [\n                    "2024-05-06",\n                    3.649504\n                ],\n                [\n                    "2024-05-07",\n                    3.6494400000000002\n                ],\n                [\n                    "2024-05-08",\n                    3.6494839999999997\n                ],\n                [\n                    "2024-05-09",\n                    3.64946\n                ],\n                [\n                    "2024-05-10",\n                    3.649348\n                ],\n                [\n                    "2024-05-13",\n                    3.64902\n                ],\n                [\n                    "2024-05-14",\n                    3.648604\n                ],\n                [\n                    "2024-05-15",\n                    3.648184\n                ],\n                [\n                    "2024-05-16",\n                    3.647772\n                ],\n                [\n                    "2024-05-17",\n                    3.6475919999999995\n                ],\n                [\n                    "2024-05-20",\n                    3.6473839999999997\n                ],\n                [\n                    "2024-05-21",\n                    3.647136\n                ],\n                [\n                    "2024-05-22",\n                    3.6467959999999997\n                ],\n                [\n                    "2024-05-23",\n                    3.6465\n                ],\n                [\n                    "2024-05-24",\n                    3.645868\n                ],\n                [\n                    "2024-05-27",\n                    3.6455080000000004\n                ],\n                [\n                    "2024-05-28",\n                    3.64518\n                ],\n                [\n                    "2024-05-29",\n                    3.6448679999999998\n                ],\n                [\n                    "2024-05-30",\n                    3.644208\n                ],\n                [\n                    "2024-05-31",\n                    3.64322\n                ],\n                [\n                    "2024-06-03",\n                    3.642536\n                ],\n                [\n                    "2024-06-04",\n                    3.642152\n                ],\n                [\n                    "2024-06-05",\n                    3.6418039999999996\n                ],\n                [\n                    "2024-06-06",\n                    3.641532\n                ],\n                [\n                    "2024-06-07",\n                    3.6412240000000002\n                ],\n                [\n                    "2024-06-11",\n                    3.64088\n                ],\n                [\n                    "2024-06-12",\n                    3.640764\n                ],\n                [\n                    "2024-06-13",\n                    3.640392\n                ],\n                [\n                    "2024-06-14",\n                    3.6397360000000005\n                ],\n                [\n                    "2024-06-17",\n                    3.6392040000000003\n                ],\n                [\n                    "2024-06-18",\n                    3.638576\n                ],\n                [\n                    "2024-06-19",\n                    3.638024\n                ],\n                [\n                    "2024-06-20",\n                    3.6372359999999997\n                ],\n                [\n                    "2024-06-21",\n                    3.636368\n                ],\n                [\n                    "2024-06-24",\n                    3.635224\n                ],\n                [\n                    "2024-06-25",\n                    3.634036\n                ],\n                [\n                    "2024-06-26",\n                    3.632608\n                ],\n                [\n                    "2024-06-27",\n                    3.630748\n                ],\n                [\n                    "2024-06-28",\n                    3.628672\n                ],\n                [\n                    "2024-06-30",\n                    3.6268799999999994\n                ],\n                [\n                    "2024-07-01",\n                    3.625176\n                ],\n                [\n                    "2024-07-02",\n                    3.6235999999999997\n                ],\n                [\n                    "2024-07-03",\n                    3.6220920000000003\n                ],\n                [\n                    "2024-07-04",\n                    3.6203760000000003\n                ],\n                [\n                    "2024-07-05",\n                    3.61854\n                ],\n                [\n                    "2024-07-08",\n                    3.616672\n                ],\n                [\n                    "2024-07-09",\n                    3.6149\n                ],\n                [\n                    "2024-07-10",\n                    3.612904\n                ],\n                [\n                    "2024-07-11",\n                    3.6110279999999997\n                ],\n                [\n                    "2024-07-12",\n                    3.609496\n                ],\n                [\n                    "2024-07-15",\n                    3.6080360000000002\n                ],\n                [\n                    "2024-07-16",\n                    3.606596\n                ],\n                [\n                    "2024-07-17",\n                    3.605252\n                ],\n                [\n                    "2024-07-18",\n                    3.60388\n                ],\n                [\n                    "2024-07-19",\n                    3.6026599999999998\n                ],\n                [\n                    "2024-07-22",\n                    3.600956\n                ],\n                [\n                    "2024-07-23",\n                    3.598876\n                ],\n                [\n                    "2024-07-24",\n                    3.596772\n                ],\n                [\n                    "2024-07-25",\n                    3.594636\n                ],\n                [\n                    "2024-07-26",\n                    3.592688\n                ],\n                [\n                    "2024-07-29",\n                    3.590556\n                ],\n                [\n                    "2024-07-30",\n                    3.588184\n                ],\n                [\n                    "2024-07-31",\n                    3.586284\n                ],\n                [\n                    "2024-08-01",\n                    3.583532\n                ],\n                [\n                    "2024-08-02",\n                    3.580736\n                ],\n                [\n                    "2024-08-05",\n                    3.577828\n                ],\n                [\n                    "2024-08-06",\n                    3.57456\n                ],\n                [\n                    "2024-08-07",\n                    3.57144\n                ],\n                [\n                    "2024-08-08",\n                    3.5685840000000004\n                ],\n                [\n                    "2024-08-09",\n                    3.565728\n                ],\n                [\n                    "2024-08-12",\n                    3.562828\n                ],\n                [\n                    "2024-08-13",\n                    3.5597399999999997\n                ],\n                [\n                    "2024-08-14",\n                    3.5566400000000002\n                ],\n                [\n                    "2024-08-15",\n                    3.553632\n                ],\n                [\n                    "2024-08-16",\n                    3.550644\n                ],\n                [\n                    "2024-08-19",\n                    3.5476959999999997\n                ],\n                [\n                    "2024-08-20",\n                    3.544968\n                ],\n                [\n                    "2024-08-21",\n                    3.5424\n                ],\n                [\n                    "2024-08-22",\n                    3.539836\n                ],\n                [\n                    "2024-08-23",\n                    3.53738\n                ],\n                [\n                    "2024-08-26",\n                    3.534672\n                ],\n                [\n                    "2024-08-27",\n                    3.532152\n                ],\n                [\n                    "2024-08-28",\n                    3.529484\n                ],\n                [\n                    "2024-08-29",\n                    3.5269160000000004\n                ],\n                [\n                    "2024-08-30",\n                    3.52488\n                ],\n                [\n                    "2024-09-02",\n                    3.5222239999999996\n                ],\n                [\n                    "2024-09-03",\n                    3.519788\n                ],\n                [\n                    "2024-09-04",\n                    3.5173\n                ],\n                [\n                    "2024-09-05",\n                    3.5146040000000003\n                ],\n                [\n                    "2024-09-06",\n                    3.51172\n                ],\n                [\n                    "2024-09-09",\n                    3.5086639999999996\n                ],\n                [\n                    "2024-09-10",\n                    3.5054000000000003\n                ],\n                [\n                    "2024-09-11",\n                    3.5019080000000002\n                ],\n                [\n                    "2024-09-12",\n                    3.498364\n                ],\n                [\n                    "2024-09-13",\n                    3.4947960000000005\n                ],\n                [\n                    "2024-09-18",\n                    3.4915\n                ],\n                [\n                    "2024-09-19",\n                    3.48844\n                ],\n                [\n                    "2024-09-20",\n                    3.4853159999999996\n                ],\n                [\n                    "2024-09-23",\n                    3.48222\n                ],\n                [\n                    "2024-09-24",\n                    3.479516\n                ],\n                [\n                    "2024-09-25",\n                    3.4770840000000005\n                ],\n                [\n                    "2024-09-26",\n                    3.4755400000000005\n                ],\n                [\n                    "2024-09-27",\n                    3.474504\n                ],\n                [\n                    "2024-09-30",\n                    3.474612\n                ],\n                [\n                    "2024-10-08",\n                    3.475244\n                ],\n                [\n                    "2024-10-09",\n                    3.475012\n                ],\n                [\n                    "2024-10-10",\n                    3.4748560000000004\n                ],\n                [\n                    "2024-10-11",\n                    3.4744159999999997\n                ],\n                [\n                    "2024-10-14",\n                    3.474308\n                ],\n                [\n                    "2024-10-15",\n                    3.47378\n                ],\n                [\n                    "2024-10-16",\n                    3.47314\n                ],\n                [\n                    "2024-10-17",\n                    3.4722959999999996\n                ],\n                [\n                    "2024-10-18",\n                    3.471956\n                ],\n                [\n                    "2024-10-21",\n                    3.471652\n                ],\n                [\n                    "2024-10-22",\n                    3.4714720000000003\n                ],\n                [\n                    "2024-10-23",\n                    3.4716080000000002\n                ],\n                [\n                    "2024-10-24",\n                    3.471608\n                ],\n                [\n                    "2024-10-25",\n                    3.471636\n                ],\n                [\n                    "2024-10-28",\n                    3.471748\n                ],\n                [\n                    "2024-10-29",\n                    3.4721240000000004\n                ],\n                [\n                    "2024-10-30",\n                    3.4723800000000002\n                ],\n                [\n                    "2024-10-31",\n                    3.472544\n                ],\n                [\n                    "2024-11-01",\n                    3.472748\n                ],\n                [\n                    "2024-11-04",\n                    3.472904\n                ],\n                [\n                    "2024-11-05",\n                    3.473168\n                ],\n                [\n                    "2024-11-06",\n                    3.4731080000000003\n                ],\n                [\n                    "2024-11-07",\n                    3.4735080000000003\n                ],\n                [\n                    "2024-11-08",\n                    3.473748\n                ],\n                [\n                    "2024-11-11",\n                    3.473756\n                ],\n                [\n                    "2024-11-12",\n                    3.473856\n                ],\n                [\n                    "2024-11-13",\n                    3.473908\n                ],\n                [\n                    "2024-11-14",\n                    3.4738160000000002\n                ],\n                [\n                    "2024-11-15",\n                    3.473672\n                ],\n                [\n                    "2024-11-18",\n                    3.4734080000000005\n                ],\n                [\n                    "2024-11-19",\n                    3.473176\n                ],\n                [\n                    "2024-11-20",\n                    3.4730839999999996\n                ],\n                [\n                    "2024-11-21",\n                    3.473096\n                ],\n                [\n                    "2024-11-22",\n                    3.4727\n                ],\n                [\n                    "2024-11-25",\n                    3.472112\n                ],\n                [\n                    "2024-11-26",\n                    3.471688\n                ],\n                [\n                    "2024-11-27",\n                    3.4714440000000004\n                ],\n                [\n                    "2024-11-28",\n                    3.4710119999999995\n                ],\n                [\n                    "2024-11-29",\n                    3.4705880000000002\n                ],\n                [\n                    "2024-12-02",\n                    3.470344\n                ],\n                [\n                    "2024-12-03",\n                    3.470052\n                ],\n                [\n                    "2024-12-04",\n                    3.469812\n                ],\n                [\n                    "2024-12-05",\n                    3.46962\n                ],\n                [\n                    "2024-12-06",\n                    3.46956\n                ],\n                [\n                    "2024-12-09",\n                    3.4695639999999996\n                ],\n                [\n                    "2024-12-10",\n                    3.4697199999999997\n                ],\n                [\n                    "2024-12-11",\n                    3.4701839999999997\n                ],\n                [\n                    "2024-12-12",\n                    3.4710719999999995\n                ],\n                [\n                    "2024-12-13",\n                    3.47188\n                ],\n                [\n                    "2024-12-16",\n                    3.472484\n                ],\n                [\n                    "2024-12-17",\n                    3.473216\n                ],\n                [\n                    "2024-12-18",\n                    3.473892\n                ],\n                [\n                    "2024-12-19",\n                    3.474536\n                ],\n                [\n                    "2024-12-20",\n                    3.4750479999999997\n                ],\n                [\n                    "2024-12-23",\n                    3.475856\n                ],\n                [\n                    "2024-12-24",\n                    3.47696\n                ],\n                [\n                    "2024-12-25",\n                    3.4780680000000004\n                ],\n                [\n                    "2024-12-26",\n                    3.4791399999999997\n                ],\n                [\n                    "2024-12-27",\n                    3.480244\n                ],\n                [\n                    "2024-12-30",\n                    3.4814480000000003\n                ],\n                [\n                    "2024-12-31",\n                    3.482476\n                ],\n                [\n                    "2025-01-02",\n                    3.4832199999999998\n                ],\n                [\n                    "2025-01-03",\n                    3.483748\n                ],\n                [\n                    "2025-01-06",\n                    3.484236\n                ],\n                [\n                    "2025-01-07",\n                    3.484752\n                ],\n                [\n                    "2025-01-08",\n                    3.485016\n                ],\n                [\n                    "2025-01-09",\n                    3.4853039999999997\n                ],\n                [\n                    "2025-01-10",\n                    3.485404\n                ],\n                [\n                    "2025-01-13",\n                    3.485744\n                ],\n                [\n                    "2025-01-14",\n                    3.4863999999999997\n                ],\n                [\n                    "2025-01-15",\n                    3.487116\n                ],\n                [\n                    "2025-01-16",\n                    3.487812\n                ],\n                [\n                    "2025-01-17",\n                    3.488768\n                ],\n                [\n                    "2025-01-20",\n                    3.489828\n                ],\n                [\n                    "2025-01-21",\n                    3.4907839999999997\n                ],\n                [\n                    "2025-01-22",\n                    3.49144\n                ],\n                [\n                    "2025-01-23",\n                    3.4921159999999998\n                ],\n                [\n                    "2025-01-24",\n                    3.49288\n                ],\n                [\n                    "2025-01-27",\n                    3.49362\n                ],\n                [\n                    "2025-02-05",\n                    3.4944319999999998\n                ],\n                [\n                    "2025-02-06",\n                    3.4951440000000003\n                ],\n                [\n                    "2025-02-07",\n                    3.495984\n                ],\n                [\n                    "2025-02-10",\n                    3.497056\n                ],\n                [\n                    "2025-02-11",\n                    3.4980719999999996\n                ],\n                [\n                    "2025-02-12",\n                    3.499176\n                ],\n                [\n                    "2025-02-13",\n                    3.5002639999999996\n                ],\n                [\n                    "2025-02-14",\n                    3.501384\n                ],\n                [\n                    "2025-02-17",\n                    3.5024\n                ],\n                [\n                    "2025-02-18",\n                    3.50364\n                ],\n                [\n                    "2025-02-19",\n                    3.505056\n                ],\n                [\n                    "2025-02-20",\n                    3.50636\n                ],\n                [\n                    "2025-02-21",\n                    3.507728\n                ],\n                [\n                    "2025-02-24",\n                    3.5089479999999997\n                ],\n                [\n                    "2025-02-25",\n                    3.509484\n                ],\n                [\n                    "2025-02-26",\n                    3.5098999999999996\n                ],\n                [\n                    "2025-02-27",\n                    3.510576\n                ],\n                [\n                    "2025-02-28",\n                    3.511212\n                ],\n                [\n                    "2025-03-03",\n                    3.5118120000000004\n                ],\n                [\n                    "2025-03-04",\n                    3.5119680000000004\n                ],\n                [\n                    "2025-03-05",\n                    3.51212\n                ],\n                [\n                    "2025-03-06",\n                    3.5124\n                ],\n                [\n                    "2025-03-07",\n                    3.512808\n                ],\n                [\n                    "2025-03-10",\n                    3.513152\n                ],\n                [\n                    "2025-03-11",\n                    3.5138559999999996\n                ],\n                [\n                    "2025-03-12",\n                    3.514312\n                ],\n                [\n                    "2025-03-13",\n                    3.514632\n                ],\n                [\n                    "2025-03-14",\n                    3.51552\n                ],\n                [\n                    "2025-03-17",\n                    3.516216\n                ],\n                [\n                    "2025-03-18",\n                    3.517\n                ],\n                [\n                    "2025-03-19",\n                    3.5177519999999998\n                ],\n                [\n                    "2025-03-20",\n                    3.5184559999999996\n                ],\n                [\n                    "2025-03-21",\n                    3.518724\n                ],\n                [\n                    "2025-03-24",\n                    3.518708\n                ],\n                [\n                    "2025-03-25",\n                    3.518656\n                ],\n                [\n                    "2025-03-26",\n                    3.518656\n                ],\n                [\n                    "2025-03-27",\n                    3.5187360000000005\n                ],\n                [\n                    "2025-03-28",\n                    3.518704\n                ],\n                [\n                    "2025-03-31",\n                    3.518508\n                ],\n                [\n                    "2025-04-01",\n                    3.518308\n                ],\n                [\n                    "2025-04-02",\n                    3.518068\n                ],\n                [\n                    "2025-04-03",\n                    3.517912\n                ],\n                [\n                    "2025-04-07",\n                    3.5170519999999996\n                ],\n                [\n                    "2025-04-08",\n                    3.516232\n                ],\n                [\n                    "2025-04-09",\n                    3.5156840000000003\n                ],\n                [\n                    "2025-04-10",\n                    3.515192\n                ],\n                [\n                    "2025-04-11",\n                    3.514648\n                ],\n                [\n                    "2025-04-14",\n                    3.513672\n                ],\n                [\n                    "2025-04-15",\n                    3.512808\n                ],\n                [\n                    "2025-04-16",\n                    3.511944\n                ],\n                [\n                    "2025-04-17",\n                    3.5114319999999997\n                ],\n                [\n                    "2025-04-18",\n                    3.510864\n                ],\n                [\n                    "2025-04-21",\n                    3.5103760000000004\n                ],\n                [\n                    "2025-04-22",\n                    3.5098799999999994\n                ],\n                [\n                    "2025-04-23",\n                    3.509564\n                ],\n                [\n                    "2025-04-24",\n                    3.508808\n                ],\n                [\n                    "2025-04-25",\n                    3.5081759999999997\n                ],\n                [\n                    "2025-04-28",\n                    3.507468\n                ],\n                [\n                    "2025-04-29",\n                    3.50658\n                ],\n                [\n                    "2025-04-30",\n                    3.5058280000000006\n                ],\n                [\n                    "2025-05-06",\n                    3.505076\n                ],\n                [\n                    "2025-05-07",\n                    3.504328\n                ],\n                [\n                    "2025-05-08",\n                    3.503648\n                ],\n                [\n                    "2025-05-09",\n                    3.5029519999999996\n                ],\n                [\n                    "2025-05-12",\n                    3.502116\n                ],\n                [\n                    "2025-05-13",\n                    3.501132\n                ],\n                [\n                    "2025-05-14",\n                    3.500132\n                ],\n                [\n                    "2025-05-15",\n                    3.498704\n                ],\n                [\n                    "2025-05-16",\n                    3.4972039999999995\n                ],\n                [\n                    "2025-05-19",\n                    3.495688\n                ],\n                [\n                    "2025-05-20",\n                    3.4942159999999998\n                ],\n                [\n                    "2025-05-21",\n                    3.492792\n                ],\n                [\n                    "2025-05-22",\n                    3.49144\n                ],\n                [\n                    "2025-05-23",\n                    3.490064\n                ],\n                [\n                    "2025-05-26",\n                    3.488516\n                ],\n                [\n                    "2025-05-27",\n                    3.4868919999999997\n                ],\n                [\n                    "2025-05-28",\n                    3.48532\n                ],\n                [\n                    "2025-05-29",\n                    3.4838240000000003\n                ],\n                [\n                    "2025-05-30",\n                    3.482252\n                ],\n                [\n                    "2025-06-03",\n                    3.480728\n                ],\n                [\n                    "2025-06-04",\n                    3.47932\n                ],\n                [\n                    "2025-06-05",\n                    3.4781280000000003\n                ],\n                [\n                    "2025-06-06",\n                    3.476816\n                ],\n                [\n                    "2025-06-09",\n                    3.47558\n                ],\n                [\n                    "2025-06-10",\n                    3.474344\n                ],\n                [\n                    "2025-06-11",\n                    3.47338\n                ],\n                [\n                    "2025-06-12",\n                    3.472312\n                ],\n                [\n                    "2025-06-13",\n                    3.470972\n                ],\n                [\n                    "2025-06-16",\n                    3.469516\n                ],\n                [\n                    "2025-06-17",\n                    3.468136\n                ],\n                [\n                    "2025-06-18",\n                    3.4668399999999995\n                ],\n                [\n                    "2025-06-19",\n                    3.465596\n                ],\n                [\n                    "2025-06-20",\n                    3.464664\n                ],\n                [\n                    "2025-06-23",\n                    3.463616\n                ],\n                [\n                    "2025-06-24",\n                    3.4628720000000004\n                ],\n                [\n                    "2025-06-25",\n                    3.462116\n                ],\n                [\n                    "2025-06-26",\n                    3.4613159999999996\n                ],\n                [\n                    "2025-06-27",\n                    3.4605879999999996\n                ],\n                [\n                    "2025-06-30",\n                    3.4599559999999996\n                ],\n                [\n                    "2025-07-01",\n                    3.459424\n                ],\n                [\n                    "2025-07-02",\n                    3.459056\n                ],\n                [\n                    "2025-07-03",\n                    3.458716\n                ],\n                [\n                    "2025-07-04",\n                    3.4583760000000003\n                ],\n                [\n                    "2025-07-07",\n                    3.4579839999999997\n                ],\n                [\n                    "2025-07-08",\n                    3.457768\n                ],\n                [\n                    "2025-07-09",\n                    3.457692\n                ],\n                [\n                    "2025-07-10",\n                    3.4575400000000003\n                ],\n                [\n                    "2025-07-11",\n                    3.4574879999999997\n                ],\n                [\n                    "2025-07-14",\n                    3.457484\n                ],\n                [\n                    "2025-07-15",\n                    3.4576\n                ],\n                [\n                    "2025-07-16",\n                    3.457744\n                ],\n                [\n                    "2025-07-17",\n                    3.458036\n                ],\n                [\n                    "2025-07-18",\n                    3.458536\n                ],\n                [\n                    "2025-07-21",\n                    3.45894\n                ],\n                [\n                    "2025-07-22",\n                    3.4595040000000004\n                ],\n                [\n                    "2025-07-23",\n                    3.459884\n                ],\n                [\n                    "2025-07-24",\n                    3.4602000000000004\n                ],\n                [\n                    "2025-07-25",\n                    3.46044\n                ],\n                [\n                    "2025-07-28",\n                    3.4606079999999997\n                ],\n                [\n                    "2025-07-29",\n                    3.460584\n                ],\n                [\n                    "2025-07-30",\n                    3.460588\n                ],\n                [\n                    "2025-07-31",\n                    3.46016\n                ],\n                [\n                    "2025-08-01",\n                    3.459932\n                ],\n                [\n                    "2025-08-04",\n                    3.46024\n                ],\n                [\n                    "2025-08-05",\n                    3.460916\n                ],\n                [\n                    "2025-08-06",\n                    3.4616839999999995\n                ],\n                [\n                    "2025-08-07",\n                    3.462288\n                ],\n                [\n                    "2025-08-08",\n                    3.463096\n                ],\n                [\n                    "2025-08-11",\n                    3.464164\n                ],\n                [\n                    "2025-08-12",\n                    3.464976\n                ],\n                [\n                    "2025-08-13",\n                    3.466064\n                ],\n                [\n                    "2025-08-14",\n                    3.4672\n                ],\n                [\n                    "2025-08-15",\n                    3.4683919999999997\n                ],\n                [\n                    "2025-08-18",\n                    3.469692\n                ],\n                [\n                    "2025-08-19",\n                    3.4709519999999996\n                ],\n                [\n                    "2025-08-20",\n                    3.472352\n                ],\n                [\n                    "2025-08-21",\n                    3.473848\n                ],\n                [\n                    "2025-08-22",\n                    3.475428\n                ],\n                [\n                    "2025-08-25",\n                    3.4774000000000003\n                ],\n                [\n                    "2025-08-26",\n                    3.4795719999999997\n                ],\n                [\n                    "2025-08-27",\n                    3.481332\n                ],\n                [\n                    "2025-08-28",\n                    3.483056\n                ],\n                [\n                    "2025-08-29",\n                    3.48512\n                ],\n                [\n                    "2025-09-01",\n                    3.487248\n                ],\n                [\n                    "2025-09-02",\n                    3.48946\n                ],\n                [\n                    "2025-09-03",\n                    3.4916\n                ],\n                [\n                    "2025-09-04",\n                    3.493508\n                ],\n                [\n                    "2025-09-05",\n                    3.49566\n                ],\n                [\n                    "2025-09-08",\n                    3.4980879999999996\n                ],\n                [\n                    "2025-09-09",\n                    3.5008359999999996\n                ],\n                [\n                    "2025-09-10",\n                    3.50342\n                ],\n                [\n                    "2025-09-11",\n                    3.5057840000000002\n                ],\n                [\n                    "2025-09-12",\n                    3.508312\n                ],\n                [\n                    "2025-09-15",\n                    3.510676\n                ],\n                [\n                    "2025-09-16",\n                    3.5130559999999997\n                ],\n                [\n                    "2025-09-17",\n                    3.5154399999999995\n                ],\n                [\n                    "2025-09-18",\n                    3.517744\n                ],\n                [\n                    "2025-09-19",\n                    3.5202240000000002\n                ],\n                [\n                    "2025-09-22",\n                    3.522544\n                ],\n                [\n                    "2025-09-23",\n                    3.524772\n                ],\n                [\n                    "2025-09-24",\n                    3.527196\n                ],\n                [\n                    "2025-09-25",\n                    3.529584\n                ],\n                [\n                    "2025-09-26",\n                    3.531844\n                ],\n                [\n                    "2025-09-29",\n                    3.534096\n                ],\n                [\n                    "2025-09-30",\n                    3.5363160000000002\n                ],\n                [\n                    "2025-10-09",\n                    3.538384\n                ],\n                [\n                    "2025-10-10",\n                    3.5400840000000002\n                ],\n                [\n                    "2025-10-13",\n                    3.541368\n                ],\n                [\n                    "2025-10-14",\n                    3.541972\n                ],\n                [\n                    "2025-10-15",\n                    3.541976\n                ],\n                [\n                    "2025-10-16",\n                    3.5410399999999997\n                ],\n                [\n                    "2025-10-17",\n                    3.5393639999999995\n                ],\n                [\n                    "2025-10-20",\n                    3.538772\n                ],\n                [\n                    "2025-10-21",\n                    3.537912\n                ],\n                [\n                    "2025-10-22",\n                    3.53736\n                ],\n                [\n                    "2025-10-23",\n                    3.5367400000000004\n                ],\n                [\n                    "2025-10-24",\n                    3.5364599999999995\n                ],\n                [\n                    "2025-10-27",\n                    3.536404\n                ],\n                [\n                    "2025-10-28",\n                    3.536552\n                ],\n                [\n                    "2025-10-29",\n                    3.5363439999999997\n                ],\n                [\n                    "2025-10-30",\n                    3.5361239999999996\n                ],\n                [\n                    "2025-10-31",\n                    3.53584\n                ],\n                [\n                    "2025-11-03",\n                    3.5353639999999995\n                ],\n                [\n                    "2025-11-04",\n                    3.5349920000000004\n                ],\n                [\n                    "2025-11-05",\n                    3.5345239999999998\n                ],\n                [\n                    "2025-11-06",\n                    3.5340320000000003\n                ],\n                [\n                    "2025-11-07",\n                    3.5336480000000003\n                ],\n                [\n                    "2025-11-10",\n                    3.533808\n                ],\n                [\n                    "2025-11-11",\n                    3.534064\n                ],\n                [\n                    "2025-11-12",\n                    3.534236\n                ],\n                [\n                    "2025-11-13",\n                    3.5342679999999995\n                ],\n                [\n                    "2025-11-14",\n                    3.533904\n                ],\n                [\n                    "2025-11-17",\n                    3.533616\n                ],\n                [\n                    "2025-11-18",\n                    3.5326839999999997\n                ],\n                [\n                    "2025-11-19",\n                    3.532004\n                ],\n                [\n                    "2025-11-20",\n                    3.531352\n                ],\n                [\n                    "2025-11-21",\n                    3.53068\n                ],\n                [\n                    "2025-11-24",\n                    3.529924\n                ],\n                [\n                    "2025-11-25",\n                    3.5293319999999997\n                ],\n                [\n                    "2025-11-26",\n                    3.5289399999999995\n                ],\n                [\n                    "2025-11-27",\n                    3.52872\n                ],\n                [\n                    "2025-11-28",\n                    3.528576\n                ],\n                [\n                    "2025-12-01",\n                    3.5284720000000003\n                ],\n                [\n                    "2025-12-02",\n                    3.5283559999999996\n                ],\n                [\n                    "2025-12-03",\n                    3.528524\n                ],\n                [\n                    "2025-12-04",\n                    3.528652\n                ],\n                [\n                    "2025-12-05",\n                    3.528764\n                ],\n                [\n                    "2025-12-08",\n                    3.5285719999999996\n                ],\n                [\n                    "2025-12-09",\n                    3.528384\n                ],\n                [\n                    "2025-12-10",\n                    3.528192\n                ],\n                [\n                    "2025-12-11",\n                    3.52786\n                ],\n                [\n                    "2025-12-12",\n                    3.527584\n                ],\n                [\n                    "2025-12-15",\n                    3.5273440000000003\n                ],\n                [\n                    "2025-12-16",\n                    3.5271559999999997\n                ],\n                [\n                    "2025-12-17",\n                    3.5269159999999995\n                ],\n                [\n                    "2025-12-18",\n                    3.526576\n                ],\n                [\n                    "2025-12-19",\n                    3.5260920000000002\n                ],\n                [\n                    "2025-12-22",\n                    3.52546\n                ],\n                [\n                    "2025-12-23",\n                    3.5245\n                ],\n                [\n                    "2025-12-24",\n                    3.523796\n                ],\n                [\n                    "2025-12-25",\n                    3.523368\n                ],\n                [\n                    "2025-12-26",\n                    3.5228200000000003\n                ],\n                [\n                    "2025-12-29",\n                    3.522152\n                ],\n                [\n                    "2025-12-30",\n                    3.5216119999999997\n                ],\n                [\n                    "2025-12-31",\n                    3.521024\n                ],\n                [\n                    "2026-01-05",\n                    3.52066\n                ],\n                [\n                    "2026-01-06",\n                    3.5201879999999997\n                ],\n                [\n                    "2026-01-07",\n                    3.519676\n                ],\n                [\n                    "2026-01-08",\n                    3.519108\n                ],\n                [\n                    "2026-01-09",\n                    3.518548\n                ],\n                [\n                    "2026-01-12",\n                    3.5180279999999997\n                ],\n                [\n                    "2026-01-13",\n                    3.517328\n                ],\n                [\n                    "2026-01-14",\n                    3.5167920000000006\n                ],\n                [\n                    "2026-01-15",\n                    3.516384\n                ],\n                [\n                    "2026-01-16",\n                    3.5160679999999997\n                ],\n                [\n                    "2026-01-19",\n                    3.515668\n                ],\n                [\n                    "2026-01-20",\n                    3.515232\n                ],\n                [\n                    "2026-01-21",\n                    3.514576\n                ],\n                [\n                    "2026-01-22",\n                    3.5140480000000003\n                ],\n                [\n                    "2026-01-23",\n                    3.513516\n                ],\n                [\n                    "2026-01-26",\n                    3.5126720000000002\n                ],\n                [\n                    "2026-01-27",\n                    3.511892\n                ],\n                [\n                    "2026-01-28",\n                    3.511168\n                ],\n                [\n                    "2026-01-29",\n                    3.5108399999999995\n                ],\n                [\n                    "2026-01-30",\n                    3.5101400000000003\n                ],\n                [\n                    "2026-02-02",\n                    3.5095080000000003\n                ],\n                [\n                    "2026-02-03",\n                    3.5092239999999997\n                ],\n                [\n                    "2026-02-04",\n                    3.5093120000000004\n                ],\n                [\n                    "2026-02-05",\n                    3.509472\n                ],\n                [\n                    "2026-02-06",\n                    3.509388\n                ],\n                [\n                    "2026-02-09",\n                    3.5095280000000004\n                ],\n                [\n                    "2026-02-10",\n                    3.5094719999999997\n                ],\n                [\n                    "2026-02-11",\n                    3.509252\n                ],\n                [\n                    "2026-02-12",\n                    3.508904\n                ],\n                [\n                    "2026-02-13",\n                    3.508596\n                ],\n                [\n                    "2026-02-24",\n                    3.508136\n                ],\n                [\n                    "2026-02-25",\n                    3.507568\n                ],\n                [\n                    "2026-02-26",\n                    3.50674\n                ],\n                [\n                    "2026-02-27",\n                    3.5058960000000003\n                ],\n                [\n                    "2026-03-02",\n                    3.505004\n                ],\n                [\n                    "2026-03-03",\n                    3.503964\n                ],\n                [\n                    "2026-03-04",\n                    3.502744\n                ],\n                [\n                    "2026-03-05",\n                    3.50154\n                ],\n                [\n                    "2026-03-06",\n                    3.50046\n                ],\n                [\n                    "2026-03-09",\n                    3.49946\n                ],\n                [\n                    "2026-03-10",\n                    3.4984640000000002\n                ],\n                [\n                    "2026-03-11",\n                    3.4973199999999998\n                ],\n                [\n                    "2026-03-12",\n                    3.496208\n                ],\n                [\n                    "2026-03-13",\n                    3.495216\n                ],\n                [\n                    "2026-03-16",\n                    3.494476\n                ],\n                [\n                    "2026-03-17",\n                    3.493704\n                ],\n                [\n                    "2026-03-18",\n                    3.492676\n                ],\n                [\n                    "2026-03-19",\n                    3.4913559999999997\n                ],\n                [\n                    "2026-03-20",\n                    3.4899679999999997\n                ],\n                [\n                    "2026-03-23",\n                    3.48802\n                ],\n                [\n                    "2026-03-24",\n                    3.4861440000000004\n                ],\n                [\n                    "2026-03-25",\n                    3.4844079999999997\n                ],\n                [\n                    "2026-03-26",\n                    3.481964\n                ],\n                [\n                    "2026-03-27",\n                    3.479656\n                ],\n                [\n                    "2026-03-30",\n                    3.4772839999999996\n                ],\n                [\n                    "2026-03-31",\n                    3.474924\n                ],\n                [\n                    "2026-04-01",\n                    3.4728680000000005\n                ],\n                [\n                    "2026-04-02",\n                    3.471104\n                ],\n                [\n                    "2026-04-03",\n                    3.4691039999999997\n                ],\n                [\n                    "2026-04-07",\n                    3.4670719999999995\n                ],\n                [\n                    "2026-04-08",\n                    3.465232\n                ],\n                [\n                    "2026-04-09",\n                    3.4631\n                ],\n                [\n                    "2026-04-10",\n                    3.461096\n                ],\n                [\n                    "2026-04-13",\n                    3.4590759999999996\n                ],\n                [\n                    "2026-04-14",\n                    3.4572200000000004\n                ],\n                [\n                    "2026-04-15",\n                    3.45548\n                ],\n                [\n                    "2026-04-16",\n                    3.4539320000000004\n                ]\n            ],\n            "hoverAnimation": true,\n            "label": {\n                "show": false,\n                "margin": 8,\n                "richInheritPlainLabel": true,\n                "valueAnimation": false\n            },\n            "logBase": 10,\n            "seriesLayoutBy": "column",\n            "lineStyle": {\n                "show": false,\n                "width": 1.2\n            },\n            "areaStyle": {\n                "opacity": 0\n            },\n            "zlevel": 0,\n            "z": 0\n        }\n    ],\n    "legend": [\n        {\n            "data": [\n                "\\u5355\\u4f4d\\u51c0\\u503c",\n                "MA5",\n                "MA10",\n                "MA20",\n                "MA250"\n            ],\n            "selected": {},\n            "show": true,\n            "top": "4%",\n            "padding": 5,\n            "itemGap": 10,\n            "itemWidth": 25,\n            "itemHeight": 14,\n            "backgroundColor": "transparent",\n            "borderColor": "#ccc",\n            "borderRadius": 0,\n            "pageButtonItemGap": 5,\n            "pageButtonPosition": "end",\n            "pageFormatter": "{current}/{total}",\n            "pageIconColor": "#2f4554",\n            "pageIconInactiveColor": "#aaa",\n            "pageIconSize": 15,\n            "animationDurationUpdate": 800,\n            "selector": false,\n            "selectorPosition": "auto",\n            "selectorItemGap": 7,\n            "selectorButtonGap": 10,\n            "triggerEvent": false\n        }\n    ],\n    "tooltip": {\n        "show": true,\n        "trigger": "axis",\n        "triggerOn": "mousemove|click",\n        "axisPointer": {\n            "type": "line"\n        },\n        "showContent": true,\n        "alwaysShowContent": false,\n        "showDelay": 0,\n        "hideDelay": 100,\n        "enterable": false,\n        "confine": false,\n        "appendToBody": false,\n        "transitionDuration": 0.4,\n        "displayTransition": true,\n        "textStyle": {\n            "fontSize": 14,\n            "richInheritPlainLabel": true\n        },\n        "borderWidth": 0,\n        "padding": 5,\n        "order": "seriesAsc"\n    },\n    "xAxis": [\n        {\n            "type": "category",\n            "show": true,\n            "scale": false,\n            "nameLocation": "end",\n            "nameGap": 15,\n            "nameTruncate": {},\n            "nameMoveOverlap": true,\n            "axisLabel": {\n                "show": true,\n                "rotate": 35,\n                "margin": 8,\n                "richInheritPlainLabel": true,\n                "valueAnimation": false\n            },\n            "inverse": false,\n            "offset": 0,\n            "splitNumber": 5,\n            "boundaryGap": false,\n            "minInterval": 0,\n            "silent": false,\n            "triggerEvent": false,\n            "splitLine": {\n                "show": true,\n                "lineStyle": {\n                    "show": false\n                }\n            },\n            "animation": true,\n            "animationThreshold": 2000,\n            "animationDuration": 1000,\n            "animationEasing": "cubicOut",\n            "animationDelay": 0,\n            "animationDurationUpdate": 300,\n            "animationEasingUpdate": "cubicOut",\n            "animationDelayUpdate": 0,\n            "data": [\n                "2010-08-20",\n                "2010-08-27",\n                "2010-09-03",\n                "2010-09-10",\n                "2010-09-17",\n                "2010-09-21",\n                "2010-09-30",\n                "2010-10-08",\n                "2010-10-15",\n                "2010-10-22",\n                "2010-10-26",\n                "2010-10-27",\n                "2010-10-28",\n                "2010-10-29",\n                "2010-11-01",\n                "2010-11-02",\n                "2010-11-03",\n                "2010-11-04",\n                "2010-11-05",\n                "2010-11-08",\n                "2010-11-09",\n                "2010-11-10",\n                "2010-11-11",\n                "2010-11-12",\n                "2010-11-15",\n                "2010-11-16",\n                "2010-11-17",\n                "2010-11-18",\n                "2010-11-19",\n                "2010-11-22",\n                "2010-11-23",\n                "2010-11-24",\n                "2010-11-25",\n                "2010-11-26",\n                "2010-11-29",\n                "2010-11-30",\n                "2010-12-01",\n                "2010-12-02",\n                "2010-12-03",\n                "2010-12-06",\n                "2010-12-07",\n                "2010-12-08",\n                "2010-12-09",\n                "2010-12-10",\n                "2010-12-13",\n                "2010-12-14",\n                "2010-12-15",\n                "2010-12-16",\n                "2010-12-17",\n                "2010-12-20",\n                "2010-12-21",\n                "2010-12-22",\n                "2010-12-23",\n                "2010-12-24",\n                "2010-12-27",\n                "2010-12-28",\n                "2010-12-29",\n                "2010-12-30",\n                "2010-12-31",\n                "2011-01-04",\n                "2011-01-05",\n                "2011-01-06",\n                "2011-01-07",\n                "2011-01-10",\n                "2011-01-11",\n                "2011-01-12",\n                "2011-01-13",\n                "2011-01-14",\n                "2011-01-17",\n                "2011-01-18",\n                "2011-01-19",\n                "2011-01-20",\n                "2011-01-21",\n                "2011-01-24",\n                "2011-01-25",\n                "2011-01-26",\n                "2011-01-27",\n                "2011-01-28",\n                "2011-01-31",\n                "2011-02-01",\n                "2011-02-09",\n                "2011-02-10",\n                "2011-02-11",\n                "2011-02-14",\n                "2011-02-15",\n                "2011-02-16",\n                "2011-02-17",\n                "2011-02-18",\n                "2011-02-21",\n                "2011-02-22",\n                "2011-02-23",\n                "2011-02-24",\n                "2011-02-25",\n                "2011-02-28",\n                "2011-03-01",\n                "2011-03-02",\n                "2011-03-03",\n                "2011-03-04",\n                "2011-03-07",\n                "2011-03-08",\n                "2011-03-09",\n                "2011-03-10",\n                "2011-03-11",\n                "2011-03-14",\n                "2011-03-15",\n                "2011-03-16",\n                "2011-03-17",\n                "2011-03-18",\n                "2011-03-21",\n                "2011-03-22",\n                "2011-03-23",\n                "2011-03-24",\n                "2011-03-25",\n                "2011-03-28",\n                "2011-03-29",\n                "2011-03-30",\n                "2011-03-31",\n                "2011-04-01",\n                "2011-04-06",\n                "2011-04-07",\n                "2011-04-08",\n                "2011-04-11",\n                "2011-04-12",\n                "2011-04-13",\n                "2011-04-14",\n                "2011-04-15",\n                "2011-04-18",\n                "2011-04-19",\n                "2011-04-20",\n                "2011-04-21",\n                "2011-04-22",\n                "2011-04-25",\n                "2011-04-26",\n                "2011-04-27",\n                "2011-04-28",\n                "2011-04-29",\n                "2011-05-03",\n                "2011-05-04",\n                "2011-05-05",\n                "2011-05-06",\n                "2011-05-09",\n                "2011-05-10",\n                "2011-05-11",\n                "2011-05-12",\n                "2011-05-13",\n                "2011-05-16",\n                "2011-05-17",\n                "2011-05-18",\n                "2011-05-19",\n                "2011-05-20",\n                "2011-05-23",\n                "2011-05-24",\n                "2011-05-25",\n                "2011-05-26",\n                "2011-05-27",\n                "2011-05-30",\n                "2011-05-31",\n                "2011-06-01",\n                "2011-06-02",\n                "2011-06-03",\n                "2011-06-07",\n                "2011-06-08",\n                "2011-06-09",\n                "2011-06-10",\n                "2011-06-13",\n                "2011-06-14",\n                "2011-06-15",\n                "2011-06-16",\n                "2011-06-17",\n                "2011-06-20",\n                "2011-06-21",\n                "2011-06-22",\n                "2011-06-23",\n                "2011-06-24",\n                "2011-06-27",\n                "2011-06-28",\n                "2011-06-29",\n                "2011-06-30",\n                "2011-07-01",\n                "2011-07-04",\n                "2011-07-05",\n                "2011-07-06",\n                "2011-07-07",\n                "2011-07-08",\n                "2011-07-11",\n                "2011-07-12",\n                "2011-07-13",\n                "2011-07-14",\n                "2011-07-15",\n                "2011-07-18",\n                "2011-07-19",\n                "2011-07-20",\n                "2011-07-21",\n                "2011-07-22",\n                "2011-07-25",\n                "2011-07-26",\n                "2011-07-27",\n                "2011-07-28",\n                "2011-07-29",\n                "2011-08-01",\n                "2011-08-02",\n                "2011-08-03",\n                "2011-08-04",\n                "2011-08-05",\n                "2011-08-08",\n                "2011-08-09",\n                "2011-08-10",\n                "2011-08-11",\n                "2011-08-12",\n                "2011-08-15",\n                "2011-08-16",\n                "2011-08-17",\n                "2011-08-18",\n                "2011-08-19",\n                "2011-08-22",\n                "2011-08-23",\n                "2011-08-24",\n                "2011-08-25",\n                "2011-08-26",\n                "2011-08-29",\n                "2011-08-30",\n                "2011-08-31",\n                "2011-09-01",\n                "2011-09-02",\n                "2011-09-05",\n                "2011-09-06",\n                "2011-09-07",\n                "2011-09-08",\n                "2011-09-09",\n                "2011-09-13",\n                "2011-09-14",\n                "2011-09-15",\n                "2011-09-16",\n                "2011-09-19",\n                "2011-09-20",\n                "2011-09-21",\n                "2011-09-22",\n                "2011-09-23",\n                "2011-09-26",\n                "2011-09-27",\n                "2011-09-28",\n                "2011-09-29",\n                "2011-09-30",\n                "2011-10-10",\n                "2011-10-11",\n                "2011-10-12",\n                "2011-10-13",\n                "2011-10-14",\n                "2011-10-17",\n                "2011-10-18",\n                "2011-10-19",\n                "2011-10-20",\n                "2011-10-21",\n                "2011-10-24",\n                "2011-10-25",\n                "2011-10-26",\n                "2011-10-27",\n                "2011-10-28",\n                "2011-10-31",\n                "2011-11-01",\n                "2011-11-02",\n                "2011-11-03",\n                "2011-11-04",\n                "2011-11-07",\n                "2011-11-08",\n                "2011-11-09",\n                "2011-11-10",\n                "2011-11-11",\n                "2011-11-14",\n                "2011-11-15",\n                "2011-11-16",\n                "2011-11-17",\n                "2011-11-18",\n                "2011-11-21",\n                "2011-11-22",\n                "2011-11-23",\n                "2011-11-24",\n                "2011-11-25",\n                "2011-11-28",\n                "2011-11-29",\n                "2011-11-30",\n                "2011-12-01",\n                "2011-12-02",\n                "2011-12-05",\n                "2011-12-06",\n                "2011-12-07",\n                "2011-12-08",\n                "2011-12-09",\n                "2011-12-12",\n                "2011-12-13",\n                "2011-12-14",\n                "2011-12-15",\n                "2011-12-16",\n                "2011-12-19",\n                "2011-12-20",\n                "2011-12-21",\n                "2011-12-22",\n                "2011-12-23",\n                "2011-12-26",\n                "2011-12-27",\n                "2011-12-28",\n                "2011-12-29",\n                "2011-12-30",\n                "2011-12-31",\n                "2012-01-04",\n                "2012-01-05",\n                "2012-01-06",\n                "2012-01-09",\n                "2012-01-10",\n                "2012-01-11",\n                "2012-01-12",\n                "2012-01-13",\n                "2012-01-16",\n                "2012-01-17",\n                "2012-01-18",\n                "2012-01-19",\n                "2012-01-20",\n                "2012-01-30",\n                "2012-01-31",\n                "2012-02-01",\n                "2012-02-02",\n                "2012-02-03",\n                "2012-02-06",\n                "2012-02-07",\n                "2012-02-08",\n                "2012-02-09",\n                "2012-02-10",\n                "2012-02-13",\n                "2012-02-14",\n                "2012-02-15",\n                "2012-02-16",\n                "2012-02-17",\n                "2012-02-20",\n                "2012-02-21",\n                "2012-02-22",\n                "2012-02-23",\n                "2012-02-24",\n                "2012-02-27",\n                "2012-02-28",\n                "2012-02-29",\n                "2012-03-01",\n                "2012-03-02",\n                "2012-03-05",\n                "2012-03-06",\n                "2012-03-07",\n                "2012-03-08",\n                "2012-03-09",\n                "2012-03-12",\n                "2012-03-13",\n                "2012-03-14",\n                "2012-03-15",\n                "2012-03-16",\n                "2012-03-19",\n                "2012-03-20",\n                "2012-03-21",\n                "2012-03-22",\n                "2012-03-23",\n                "2012-03-26",\n                "2012-03-27",\n                "2012-03-28",\n                "2012-03-29",\n                "2012-03-30",\n                "2012-03-31",\n                "2012-04-05",\n                "2012-04-06",\n                "2012-04-09",\n                "2012-04-10",\n                "2012-04-11",\n                "2012-04-12",\n                "2012-04-13",\n                "2012-04-16",\n                "2012-04-17",\n                "2012-04-18",\n                "2012-04-19",\n                "2012-04-20",\n                "2012-04-23",\n                "2012-04-24",\n                "2012-04-25",\n                "2012-04-26",\n                "2012-04-27",\n                "2012-05-02",\n                "2012-05-03",\n                "2012-05-04",\n                "2012-05-07",\n                "2012-05-08",\n                "2012-05-09",\n                "2012-05-10",\n                "2012-05-11",\n                "2012-05-14",\n                "2012-05-15",\n                "2012-05-16",\n                "2012-05-17",\n                "2012-05-18",\n                "2012-05-21",\n                "2012-05-22",\n                "2012-05-23",\n                "2012-05-24",\n                "2012-05-25",\n                "2012-05-28",\n                "2012-05-29",\n                "2012-05-30",\n                "2012-05-31",\n                "2012-06-01",\n                "2012-06-04",\n                "2012-06-05",\n                "2012-06-06",\n                "2012-06-07",\n                "2012-06-08",\n                "2012-06-11",\n                "2012-06-12",\n                "2012-06-13",\n                "2012-06-14",\n                "2012-06-15",\n                "2012-06-18",\n                "2012-06-19",\n                "2012-06-20",\n                "2012-06-21",\n                "2012-06-25",\n                "2012-06-26",\n                "2012-06-27",\n                "2012-06-28",\n                "2012-06-29",\n                "2012-06-30",\n                "2012-07-02",\n                "2012-07-03",\n                "2012-07-04",\n                "2012-07-05",\n                "2012-07-06",\n                "2012-07-09",\n                "2012-07-10",\n                "2012-07-11",\n                "2012-07-12",\n                "2012-07-13",\n                "2012-07-16",\n                "2012-07-17",\n                "2012-07-18",\n                "2012-07-19",\n                "2012-07-20",\n                "2012-07-23",\n                "2012-07-24",\n                "2012-07-25",\n                "2012-07-26",\n                "2012-07-27",\n                "2012-07-30",\n                "2012-07-31",\n                "2012-08-01",\n                "2012-08-02",\n                "2012-08-03",\n                "2012-08-06",\n                "2012-08-07",\n                "2012-08-08",\n                "2012-08-09",\n                "2012-08-10",\n                "2012-08-13",\n                "2012-08-14",\n                "2012-08-15",\n                "2012-08-16",\n                "2012-08-17",\n                "2012-08-20",\n                "2012-08-21",\n                "2012-08-22",\n                "2012-08-23",\n                "2012-08-24",\n                "2012-08-27",\n                "2012-08-28",\n                "2012-08-29",\n                "2012-08-30",\n                "2012-08-31",\n                "2012-09-03",\n                "2012-09-04",\n                "2012-09-05",\n                "2012-09-06",\n                "2012-09-07",\n                "2012-09-10",\n                "2012-09-11",\n                "2012-09-12",\n                "2012-09-13",\n                "2012-09-14",\n                "2012-09-17",\n                "2012-09-18",\n                "2012-09-19",\n                "2012-09-20",\n                "2012-09-21",\n                "2012-09-24",\n                "2012-09-25",\n                "2012-09-26",\n                "2012-09-27",\n                "2012-09-28",\n                "2012-09-30",\n                "2012-10-08",\n                "2012-10-09",\n                "2012-10-10",\n                "2012-10-11",\n                "2012-10-12",\n                "2012-10-15",\n                "2012-10-16",\n                "2012-10-17",\n                "2012-10-18",\n                "2012-10-19",\n                "2012-10-22",\n                "2012-10-23",\n                "2012-10-24",\n                "2012-10-25",\n                "2012-10-26",\n                "2012-10-29",\n                "2012-10-30",\n                "2012-10-31",\n                "2012-11-01",\n                "2012-11-02",\n                "2012-11-05",\n                "2012-11-06",\n                "2012-11-07",\n                "2012-11-08",\n                "2012-11-09",\n                "2012-11-12",\n                "2012-11-13",\n                "2012-11-14",\n                "2012-11-15",\n                "2012-11-16",\n                "2012-11-19",\n                "2012-11-20",\n                "2012-11-21",\n                "2012-11-22",\n                "2012-11-23",\n                "2012-11-26",\n                "2012-11-27",\n                "2012-11-28",\n                "2012-11-29",\n                "2012-11-30",\n                "2012-12-03",\n                "2012-12-04",\n                "2012-12-05",\n                "2012-12-06",\n                "2012-12-07",\n                "2012-12-10",\n                "2012-12-11",\n                "2012-12-12",\n                "2012-12-13",\n                "2012-12-14",\n                "2012-12-17",\n                "2012-12-18",\n                "2012-12-19",\n                "2012-12-20",\n                "2012-12-21",\n                "2012-12-24",\n                "2012-12-25",\n                "2012-12-26",\n                "2012-12-27",\n                "2012-12-28",\n                "2012-12-31",\n                "2013-01-04",\n                "2013-01-07",\n                "2013-01-08",\n                "2013-01-09",\n                "2013-01-10",\n                "2013-01-11",\n                "2013-01-14",\n                "2013-01-15",\n                "2013-01-16",\n                "2013-01-17",\n                "2013-01-18",\n                "2013-01-21",\n                "2013-01-22",\n                "2013-01-23",\n                "2013-01-24",\n                "2013-01-25",\n                "2013-01-28",\n                "2013-01-29",\n                "2013-01-30",\n                "2013-01-31",\n                "2013-02-01",\n                "2013-02-04",\n                "2013-02-05",\n                "2013-02-06",\n                "2013-02-07",\n                "2013-02-08",\n                "2013-02-18",\n                "2013-02-19",\n                "2013-02-20",\n                "2013-02-21",\n                "2013-02-22",\n                "2013-02-25",\n                "2013-02-26",\n                "2013-02-27",\n                "2013-02-28",\n                "2013-03-01",\n                "2013-03-04",\n                "2013-03-05",\n                "2013-03-06",\n                "2013-03-07",\n                "2013-03-08",\n                "2013-03-11",\n                "2013-03-12",\n                "2013-03-13",\n                "2013-03-14",\n                "2013-03-15",\n                "2013-03-18",\n                "2013-03-19",\n                "2013-03-20",\n                "2013-03-21",\n                "2013-03-22",\n                "2013-03-25",\n                "2013-03-26",\n                "2013-03-27",\n                "2013-03-28",\n                "2013-03-29",\n                "2013-04-01",\n                "2013-04-02",\n                "2013-04-03",\n                "2013-04-08",\n                "2013-04-09",\n                "2013-04-10",\n                "2013-04-11",\n                "2013-04-12",\n                "2013-04-15",\n                "2013-04-16",\n                "2013-04-17",\n                "2013-04-18",\n                "2013-04-19",\n                "2013-04-22",\n                "2013-04-23",\n                "2013-04-24",\n                "2013-04-25",\n                "2013-04-26",\n                "2013-05-02",\n                "2013-05-03",\n                "2013-05-06",\n                "2013-05-07",\n                "2013-05-08",\n                "2013-05-09",\n                "2013-05-10",\n                "2013-05-13",\n                "2013-05-14",\n                "2013-05-15",\n                "2013-05-16",\n                "2013-05-17",\n                "2013-05-20",\n                "2013-05-21",\n                "2013-05-22",\n                "2013-05-23",\n                "2013-05-24",\n                "2013-05-27",\n                "2013-05-28",\n                "2013-05-29",\n                "2013-05-30",\n                "2013-05-31",\n                "2013-06-03",\n                "2013-06-04",\n                "2013-06-05",\n                "2013-06-06",\n                "2013-06-07",\n                "2013-06-13",\n                "2013-06-14",\n                "2013-06-17",\n                "2013-06-18",\n                "2013-06-19",\n                "2013-06-20",\n                "2013-06-21",\n                "2013-06-24",\n                "2013-06-25",\n                "2013-06-26",\n                "2013-06-27",\n                "2013-06-28",\n                "2013-06-30",\n                "2013-07-01",\n                "2013-07-02",\n                "2013-07-03",\n                "2013-07-04",\n                "2013-07-05",\n                "2013-07-08",\n                "2013-07-09",\n                "2013-07-10",\n                "2013-07-11",\n                "2013-07-12",\n                "2013-07-15",\n                "2013-07-16",\n                "2013-07-17",\n                "2013-07-18",\n                "2013-07-19",\n                "2013-07-22",\n                "2013-07-23",\n                "2013-07-24",\n                "2013-07-25",\n                "2013-07-26",\n                "2013-07-29",\n                "2013-07-30",\n                "2013-07-31",\n                "2013-08-01",\n                "2013-08-02",\n                "2013-08-05",\n                "2013-08-06",\n                "2013-08-07",\n                "2013-08-08",\n                "2013-08-09",\n                "2013-08-12",\n                "2013-08-13",\n                "2013-08-14",\n                "2013-08-15",\n                "2013-08-16",\n                "2013-08-19",\n                "2013-08-20",\n                "2013-08-21",\n                "2013-08-22",\n                "2013-08-23",\n                "2013-08-26",\n                "2013-08-27",\n                "2013-08-28",\n                "2013-08-29",\n                "2013-08-30",\n                "2013-09-02",\n                "2013-09-03",\n                "2013-09-04",\n                "2013-09-05",\n                "2013-09-06",\n                "2013-09-09",\n                "2013-09-10",\n                "2013-09-11",\n                "2013-09-12",\n                "2013-09-13",\n                "2013-09-16",\n                "2013-09-17",\n                "2013-09-18",\n                "2013-09-23",\n                "2013-09-24",\n                "2013-09-25",\n                "2013-09-26",\n                "2013-09-27",\n                "2013-09-30",\n                "2013-10-08",\n                "2013-10-09",\n                "2013-10-10",\n                "2013-10-11",\n                "2013-10-14",\n                "2013-10-15",\n                "2013-10-16",\n                "2013-10-17",\n                "2013-10-18",\n                "2013-10-21",\n                "2013-10-22",\n                "2013-10-23",\n                "2013-10-24",\n                "2013-10-25",\n                "2013-10-28",\n                "2013-10-29",\n                "2013-10-30",\n                "2013-10-31",\n                "2013-11-01",\n                "2013-11-04",\n                "2013-11-05",\n                "2013-11-06",\n                "2013-11-07",\n                "2013-11-08",\n                "2013-11-11",\n                "2013-11-12",\n                "2013-11-13",\n                "2013-11-14",\n                "2013-11-15",\n                "2013-11-18",\n                "2013-11-19",\n                "2013-11-20",\n                "2013-11-21",\n                "2013-11-22",\n                "2013-11-25",\n                "2013-11-26",\n                "2013-11-27",\n                "2013-11-28",\n                "2013-11-29",\n                "2013-12-02",\n                "2013-12-03",\n                "2013-12-04",\n                "2013-12-05",\n                "2013-12-06",\n                "2013-12-09",\n                "2013-12-10",\n                "2013-12-11",\n                "2013-12-12",\n                "2013-12-13",\n                "2013-12-16",\n                "2013-12-17",\n                "2013-12-18",\n                "2013-12-19",\n                "2013-12-20",\n                "2013-12-23",\n                "2013-12-24",\n                "2013-12-25",\n                "2013-12-26",\n                "2013-12-27",\n                "2013-12-30",\n                "2013-12-31",\n                "2014-01-02",\n                "2014-01-03",\n                "2014-01-06",\n                "2014-01-07",\n                "2014-01-08",\n                "2014-01-09",\n                "2014-01-10",\n                "2014-01-13",\n                "2014-01-14",\n                "2014-01-15",\n                "2014-01-16",\n                "2014-01-17",\n                "2014-01-20",\n                "2014-01-21",\n                "2014-01-22",\n                "2014-01-23",\n                "2014-01-24",\n                "2014-01-27",\n                "2014-01-28",\n                "2014-01-29",\n                "2014-01-30",\n                "2014-02-07",\n                "2014-02-10",\n                "2014-02-11",\n                "2014-02-12",\n                "2014-02-13",\n                "2014-02-14",\n                "2014-02-17",\n                "2014-02-18",\n                "2014-02-19",\n                "2014-02-20",\n                "2014-02-21",\n                "2014-02-24",\n                "2014-02-25",\n                "2014-02-26",\n                "2014-02-27",\n                "2014-02-28",\n                "2014-03-03",\n                "2014-03-04",\n                "2014-03-05",\n                "2014-03-06",\n                "2014-03-07",\n                "2014-03-10",\n                "2014-03-11",\n                "2014-03-12",\n                "2014-03-13",\n                "2014-03-14",\n                "2014-03-17",\n                "2014-03-18",\n                "2014-03-19",\n                "2014-03-20",\n                "2014-03-21",\n                "2014-03-24",\n                "2014-03-25",\n                "2014-03-26",\n                "2014-03-27",\n                "2014-03-28",\n                "2014-03-31",\n                "2014-04-01",\n                "2014-04-02",\n                "2014-04-03",\n                "2014-04-04",\n                "2014-04-08",\n                "2014-04-09",\n                "2014-04-10",\n                "2014-04-11",\n                "2014-04-14",\n                "2014-04-15",\n                "2014-04-16",\n                "2014-04-17",\n                "2014-04-18",\n                "2014-04-21",\n                "2014-04-22",\n                "2014-04-23",\n                "2014-04-24",\n                "2014-04-25",\n                "2014-04-28",\n                "2014-04-29",\n                "2014-04-30",\n                "2014-05-05",\n                "2014-05-06",\n                "2014-05-07",\n                "2014-05-08",\n                "2014-05-09",\n                "2014-05-12",\n                "2014-05-13",\n                "2014-05-14",\n                "2014-05-15",\n                "2014-05-16",\n                "2014-05-19",\n                "2014-05-20",\n                "2014-05-21",\n                "2014-05-22",\n                "2014-05-23",\n                "2014-05-26",\n                "2014-05-27",\n                "2014-05-28",\n                "2014-05-29",\n                "2014-05-30",\n                "2014-06-03",\n                "2014-06-04",\n                "2014-06-05",\n                "2014-06-06",\n                "2014-06-09",\n                "2014-06-10",\n                "2014-06-11",\n                "2014-06-12",\n                "2014-06-13",\n                "2014-06-16",\n                "2014-06-17",\n                "2014-06-18",\n                "2014-06-19",\n                "2014-06-20",\n                "2014-06-23",\n                "2014-06-24",\n                "2014-06-25",\n                "2014-06-26",\n                "2014-06-27",\n                "2014-06-30",\n                "2014-07-01",\n                "2014-07-02",\n                "2014-07-03",\n                "2014-07-04",\n                "2014-07-07",\n                "2014-07-08",\n                "2014-07-09",\n                "2014-07-10",\n                "2014-07-11",\n                "2014-07-14",\n                "2014-07-15",\n                "2014-07-16",\n                "2014-07-17",\n                "2014-07-18",\n                "2014-07-21",\n                "2014-07-22",\n                "2014-07-23",\n                "2014-07-24",\n                "2014-07-25",\n                "2014-07-28",\n                "2014-07-29",\n                "2014-07-30",\n                "2014-07-31",\n                "2014-08-01",\n                "2014-08-04",\n                "2014-08-05",\n                "2014-08-06",\n                "2014-08-07",\n                "2014-08-08",\n                "2014-08-11",\n                "2014-08-12",\n                "2014-08-13",\n                "2014-08-14",\n                "2014-08-15",\n                "2014-08-18",\n                "2014-08-19",\n                "2014-08-20",\n                "2014-08-21",\n                "2014-08-22",\n                "2014-08-25",\n                "2014-08-26",\n                "2014-08-27",\n                "2014-08-28",\n                "2014-08-29",\n                "2014-09-01",\n                "2014-09-02",\n                "2014-09-03",\n                "2014-09-04",\n                "2014-09-05",\n                "2014-09-09",\n                "2014-09-10",\n                "2014-09-11",\n                "2014-09-12",\n                "2014-09-15",\n                "2014-09-16",\n                "2014-09-17",\n                "2014-09-18",\n                "2014-09-19",\n                "2014-09-22",\n                "2014-09-23",\n                "2014-09-24",\n                "2014-09-25",\n                "2014-09-26",\n                "2014-09-29",\n                "2014-09-30",\n                "2014-10-08",\n                "2014-10-09",\n                "2014-10-10",\n                "2014-10-13",\n                "2014-10-14",\n                "2014-10-15",\n                "2014-10-16",\n                "2014-10-17",\n                "2014-10-20",\n                "2014-10-21",\n                "2014-10-22",\n                "2014-10-23",\n                "2014-10-24",\n                "2014-10-27",\n                "2014-10-28",\n                "2014-10-29",\n                "2014-10-30",\n                "2014-10-31",\n                "2014-11-03",\n                "2014-11-04",\n                "2014-11-05",\n                "2014-11-06",\n                "2014-11-07",\n                "2014-11-10",\n                "2014-11-11",\n                "2014-11-12",\n                "2014-11-13",\n                "2014-11-14",\n                "2014-11-17",\n                "2014-11-18",\n                "2014-11-19",\n                "2014-11-20",\n                "2014-11-21",\n                "2014-11-24",\n                "2014-11-25",\n                "2014-11-26",\n                "2014-11-27",\n                "2014-11-28",\n                "2014-12-01",\n                "2014-12-02",\n                "2014-12-03",\n                "2014-12-04",\n                "2014-12-05",\n                "2014-12-08",\n                "2014-12-09",\n                "2014-12-10",\n                "2014-12-11",\n                "2014-12-12",\n                "2014-12-15",\n                "2014-12-16",\n                "2014-12-17",\n                "2014-12-18",\n                "2014-12-19",\n                "2014-12-22",\n                "2014-12-23",\n                "2014-12-24",\n                "2014-12-25",\n                "2014-12-26",\n                "2014-12-29",\n                "2014-12-30",\n                "2014-12-31",\n                "2015-01-05",\n                "2015-01-06",\n                "2015-01-07",\n                "2015-01-08",\n                "2015-01-09",\n                "2015-01-12",\n                "2015-01-13",\n                "2015-01-14",\n                "2015-01-15",\n                "2015-01-16",\n                "2015-01-19",\n                "2015-01-20",\n                "2015-01-21",\n                "2015-01-22",\n                "2015-01-23",\n                "2015-01-26",\n                "2015-01-27",\n                "2015-01-28",\n                "2015-01-29",\n                "2015-01-30",\n                "2015-02-02",\n                "2015-02-03",\n                "2015-02-04",\n                "2015-02-05",\n                "2015-02-06",\n                "2015-02-09",\n                "2015-02-10",\n                "2015-02-11",\n                "2015-02-12",\n                "2015-02-13",\n                "2015-02-16",\n                "2015-02-17",\n                "2015-02-25",\n                "2015-02-26",\n                "2015-02-27",\n                "2015-03-02",\n                "2015-03-03",\n                "2015-03-04",\n                "2015-03-05",\n                "2015-03-06",\n                "2015-03-09",\n                "2015-03-10",\n                "2015-03-11",\n                "2015-03-12",\n                "2015-03-13",\n                "2015-03-16",\n                "2015-03-17",\n                "2015-03-18",\n                "2015-03-19",\n                "2015-03-20",\n                "2015-03-23",\n                "2015-03-24",\n                "2015-03-25",\n                "2015-03-26",\n                "2015-03-27",\n                "2015-03-30",\n                "2015-03-31",\n                "2015-04-01",\n                "2015-04-02",\n                "2015-04-03",\n                "2015-04-07",\n                "2015-04-08",\n                "2015-04-09",\n                "2015-04-10",\n                "2015-04-13",\n                "2015-04-14",\n                "2015-04-15",\n                "2015-04-16",\n                "2015-04-17",\n                "2015-04-20",\n                "2015-04-21",\n                "2015-04-22",\n                "2015-04-23",\n                "2015-04-24",\n                "2015-04-27",\n                "2015-04-28",\n                "2015-04-29",\n                "2015-04-30",\n                "2015-05-04",\n                "2015-05-05",\n                "2015-05-06",\n                "2015-05-07",\n                "2015-05-08",\n                "2015-05-11",\n                "2015-05-12",\n                "2015-05-13",\n                "2015-05-14",\n                "2015-05-15",\n                "2015-05-18",\n                "2015-05-19",\n                "2015-05-20",\n                "2015-05-21",\n                "2015-05-22",\n                "2015-05-25",\n                "2015-05-26",\n                "2015-05-27",\n                "2015-05-28",\n                "2015-05-29",\n                "2015-06-01",\n                "2015-06-02",\n                "2015-06-03",\n                "2015-06-04",\n                "2015-06-05",\n                "2015-06-08",\n                "2015-06-09",\n                "2015-06-10",\n                "2015-06-11",\n                "2015-06-12",\n                "2015-06-15",\n                "2015-06-16",\n                "2015-06-17",\n                "2015-06-18",\n                "2015-06-19",\n                "2015-06-23",\n                "2015-06-24",\n                "2015-06-25",\n                "2015-06-26",\n                "2015-06-29",\n                "2015-06-30",\n                "2015-07-01",\n                "2015-07-02",\n                "2015-07-03",\n                "2015-07-06",\n                "2015-07-07",\n                "2015-07-08",\n                "2015-07-09",\n                "2015-07-10",\n                "2015-07-13",\n                "2015-07-14",\n                "2015-07-15",\n                "2015-07-16",\n                "2015-07-17",\n                "2015-07-20",\n                "2015-07-21",\n                "2015-07-22",\n                "2015-07-23",\n                "2015-07-24",\n                "2015-07-27",\n                "2015-07-28",\n                "2015-07-29",\n                "2015-07-30",\n                "2015-07-31",\n                "2015-08-03",\n                "2015-08-04",\n                "2015-08-05",\n                "2015-08-06",\n                "2015-08-07",\n                "2015-08-10",\n                "2015-08-11",\n                "2015-08-12",\n                "2015-08-13",\n                "2015-08-14",\n                "2015-08-17",\n                "2015-08-18",\n                "2015-08-19",\n                "2015-08-20",\n                "2015-08-21",\n                "2015-08-24",\n                "2015-08-25",\n                "2015-08-26",\n                "2015-08-27",\n                "2015-08-28",\n                "2015-08-31",\n                "2015-09-01",\n                "2015-09-02",\n                "2015-09-07",\n                "2015-09-08",\n                "2015-09-09",\n                "2015-09-10",\n                "2015-09-11",\n                "2015-09-14",\n                "2015-09-15",\n                "2015-09-16",\n                "2015-09-17",\n                "2015-09-18",\n                "2015-09-21",\n                "2015-09-22",\n                "2015-09-23",\n                "2015-09-24",\n                "2015-09-25",\n                "2015-09-28",\n                "2015-09-29",\n                "2015-09-30",\n                "2015-10-08",\n                "2015-10-09",\n                "2015-10-12",\n                "2015-10-13",\n                "2015-10-14",\n                "2015-10-15",\n                "2015-10-16",\n                "2015-10-19",\n                "2015-10-20",\n                "2015-10-21",\n                "2015-10-22",\n                "2015-10-23",\n                "2015-10-26",\n                "2015-10-27",\n                "2015-10-28",\n                "2015-10-29",\n                "2015-10-30",\n                "2015-11-02",\n                "2015-11-03",\n                "2015-11-04",\n                "2015-11-05",\n                "2015-11-06",\n                "2015-11-09",\n                "2015-11-10",\n                "2015-11-11",\n                "2015-11-12",\n                "2015-11-13",\n                "2015-11-16",\n                "2015-11-17",\n                "2015-11-18",\n                "2015-11-19",\n                "2015-11-20",\n                "2015-11-23",\n                "2015-11-24",\n                "2015-11-25",\n                "2015-11-26",\n                "2015-11-27",\n                "2015-11-30",\n                "2015-12-01",\n                "2015-12-02",\n                "2015-12-03",\n                "2015-12-04",\n                "2015-12-07",\n                "2015-12-08",\n                "2015-12-09",\n                "2015-12-10",\n                "2015-12-11",\n                "2015-12-14",\n                "2015-12-15",\n                "2015-12-16",\n                "2015-12-17",\n                "2015-12-18",\n                "2015-12-21",\n                "2015-12-22",\n                "2015-12-23",\n                "2015-12-24",\n                "2015-12-25",\n                "2015-12-28",\n                "2015-12-29",\n                "2015-12-30",\n                "2015-12-31",\n                "2016-01-04",\n                "2016-01-05",\n                "2016-01-06",\n                "2016-01-07",\n                "2016-01-08",\n                "2016-01-11",\n                "2016-01-12",\n                "2016-01-13",\n                "2016-01-14",\n                "2016-01-15",\n                "2016-01-18",\n                "2016-01-19",\n                "2016-01-20",\n                "2016-01-21",\n                "2016-01-22",\n                "2016-01-25",\n                "2016-01-26",\n                "2016-01-27",\n                "2016-01-28",\n                "2016-01-29",\n                "2016-02-01",\n                "2016-02-02",\n                "2016-02-03",\n                "2016-02-04",\n                "2016-02-05",\n                "2016-02-15",\n                "2016-02-16",\n                "2016-02-17",\n                "2016-02-18",\n                "2016-02-19",\n                "2016-02-22",\n                "2016-02-23",\n                "2016-02-24",\n                "2016-02-25",\n                "2016-02-26",\n                "2016-02-29",\n                "2016-03-01",\n                "2016-03-02",\n                "2016-03-03",\n                "2016-03-04",\n                "2016-03-07",\n                "2016-03-08",\n                "2016-03-09",\n                "2016-03-10",\n                "2016-03-11",\n                "2016-03-14",\n                "2016-03-15",\n                "2016-03-16",\n                "2016-03-17",\n                "2016-03-18",\n                "2016-03-21",\n                "2016-03-22",\n                "2016-03-23",\n                "2016-03-24",\n                "2016-03-25",\n                "2016-03-28",\n                "2016-03-29",\n                "2016-03-30",\n                "2016-03-31",\n                "2016-04-01",\n                "2016-04-05",\n                "2016-04-06",\n                "2016-04-07",\n                "2016-04-08",\n                "2016-04-11",\n                "2016-04-12",\n                "2016-04-13",\n                "2016-04-14",\n                "2016-04-15",\n                "2016-04-18",\n                "2016-04-19",\n                "2016-04-20",\n                "2016-04-21",\n                "2016-04-22",\n                "2016-04-25",\n                "2016-04-26",\n                "2016-04-27",\n                "2016-04-28",\n                "2016-04-29",\n                "2016-05-03",\n                "2016-05-04",\n                "2016-05-05",\n                "2016-05-06",\n                "2016-05-09",\n                "2016-05-10",\n                "2016-05-11",\n                "2016-05-12",\n                "2016-05-13",\n                "2016-05-16",\n                "2016-05-17",\n                "2016-05-18",\n                "2016-05-19",\n                "2016-05-20",\n                "2016-05-23",\n                "2016-05-24",\n                "2016-05-25",\n                "2016-05-26",\n                "2016-05-27",\n                "2016-05-30",\n                "2016-05-31",\n                "2016-06-01",\n                "2016-06-02",\n                "2016-06-03",\n                "2016-06-06",\n                "2016-06-07",\n                "2016-06-08",\n                "2016-06-13",\n                "2016-06-14",\n                "2016-06-15",\n                "2016-06-16",\n                "2016-06-17",\n                "2016-06-20",\n                "2016-06-21",\n                "2016-06-22",\n                "2016-06-23",\n                "2016-06-24",\n                "2016-06-27",\n                "2016-06-28",\n                "2016-06-29",\n                "2016-06-30",\n                "2016-07-01",\n                "2016-07-04",\n                "2016-07-05",\n                "2016-07-06",\n                "2016-07-07",\n                "2016-07-08",\n                "2016-07-11",\n                "2016-07-12",\n                "2016-07-13",\n                "2016-07-14",\n                "2016-07-15",\n                "2016-07-18",\n                "2016-07-19",\n                "2016-07-20",\n                "2016-07-21",\n                "2016-07-22",\n                "2016-07-25",\n                "2016-07-26",\n                "2016-07-27",\n                "2016-07-28",\n                "2016-07-29",\n                "2016-08-01",\n                "2016-08-02",\n                "2016-08-03",\n                "2016-08-04",\n                "2016-08-05",\n                "2016-08-08",\n                "2016-08-09",\n                "2016-08-10",\n                "2016-08-11",\n                "2016-08-12",\n                "2016-08-15",\n                "2016-08-16",\n                "2016-08-17",\n                "2016-08-18",\n                "2016-08-19",\n                "2016-08-22",\n                "2016-08-23",\n                "2016-08-24",\n                "2016-08-25",\n                "2016-08-26",\n                "2016-08-29",\n                "2016-08-30",\n                "2016-08-31",\n                "2016-09-01",\n                "2016-09-02",\n                "2016-09-05",\n                "2016-09-06",\n                "2016-09-07",\n                "2016-09-08",\n                "2016-09-09",\n                "2016-09-12",\n                "2016-09-13",\n                "2016-09-14",\n                "2016-09-19",\n                "2016-09-20",\n                "2016-09-21",\n                "2016-09-22",\n                "2016-09-23",\n                "2016-09-26",\n                "2016-09-27",\n                "2016-09-28",\n                "2016-09-29",\n                "2016-09-30",\n                "2016-10-10",\n                "2016-10-11",\n                "2016-10-12",\n                "2016-10-13",\n                "2016-10-14",\n                "2016-10-17",\n                "2016-10-18",\n                "2016-10-19",\n                "2016-10-20",\n                "2016-10-21",\n                "2016-10-24",\n                "2016-10-25",\n                "2016-10-26",\n                "2016-10-27",\n                "2016-10-28",\n                "2016-10-31",\n                "2016-11-01",\n                "2016-11-02",\n                "2016-11-03",\n                "2016-11-04",\n                "2016-11-07",\n                "2016-11-08",\n                "2016-11-09",\n                "2016-11-10",\n                "2016-11-11",\n                "2016-11-14",\n                "2016-11-15",\n                "2016-11-16",\n                "2016-11-17",\n                "2016-11-18",\n                "2016-11-21",\n                "2016-11-22",\n                "2016-11-23",\n                "2016-11-24",\n                "2016-11-25",\n                "2016-11-28",\n                "2016-11-29",\n                "2016-11-30",\n                "2016-12-01",\n                "2016-12-02",\n                "2016-12-05",\n                "2016-12-06",\n                "2016-12-07",\n                "2016-12-08",\n                "2016-12-09",\n                "2016-12-12",\n                "2016-12-13",\n                "2016-12-14",\n                "2016-12-15",\n                "2016-12-16",\n                "2016-12-19",\n                "2016-12-20",\n                "2016-12-21",\n                "2016-12-22",\n                "2016-12-23",\n                "2016-12-26",\n                "2016-12-27",\n                "2016-12-28",\n                "2016-12-29",\n                "2016-12-30",\n                "2016-12-31",\n                "2017-01-03",\n                "2017-01-04",\n                "2017-01-05",\n                "2017-01-06",\n                "2017-01-09",\n                "2017-01-10",\n                "2017-01-11",\n                "2017-01-12",\n                "2017-01-13",\n                "2017-01-16",\n                "2017-01-17",\n                "2017-01-18",\n                "2017-01-19",\n                "2017-01-20",\n                "2017-01-23",\n                "2017-01-24",\n                "2017-01-25",\n                "2017-01-26",\n                "2017-02-03",\n                "2017-02-06",\n                "2017-02-07",\n                "2017-02-08",\n                "2017-02-09",\n                "2017-02-10",\n                "2017-02-13",\n                "2017-02-14",\n                "2017-02-15",\n                "2017-02-16",\n                "2017-02-17",\n                "2017-02-20",\n                "2017-02-21",\n                "2017-02-22",\n                "2017-02-23",\n                "2017-02-24",\n                "2017-02-27",\n                "2017-02-28",\n                "2017-03-01",\n                "2017-03-02",\n                "2017-03-03",\n                "2017-03-06",\n                "2017-03-07",\n                "2017-03-08",\n                "2017-03-09",\n                "2017-03-10",\n                "2017-03-13",\n                "2017-03-14",\n                "2017-03-15",\n                "2017-03-16",\n                "2017-03-17",\n                "2017-03-20",\n                "2017-03-21",\n                "2017-03-22",\n                "2017-03-23",\n                "2017-03-24",\n                "2017-03-27",\n                "2017-03-28",\n                "2017-03-29",\n                "2017-03-30",\n                "2017-03-31",\n                "2017-04-05",\n                "2017-04-06",\n                "2017-04-07",\n                "2017-04-10",\n                "2017-04-11",\n                "2017-04-12",\n                "2017-04-13",\n                "2017-04-14",\n                "2017-04-17",\n                "2017-04-18",\n                "2017-04-19",\n                "2017-04-20",\n                "2017-04-21",\n                "2017-04-24",\n                "2017-04-25",\n                "2017-04-26",\n                "2017-04-27",\n                "2017-04-28",\n                "2017-05-02",\n                "2017-05-03",\n                "2017-05-04",\n                "2017-05-05",\n                "2017-05-08",\n                "2017-05-09",\n                "2017-05-10",\n                "2017-05-11",\n                "2017-05-12",\n                "2017-05-15",\n                "2017-05-16",\n                "2017-05-17",\n                "2017-05-18",\n                "2017-05-19",\n                "2017-05-22",\n                "2017-05-23",\n                "2017-05-24",\n                "2017-05-25",\n                "2017-05-26",\n                "2017-05-31",\n                "2017-06-01",\n                "2017-06-02",\n                "2017-06-05",\n                "2017-06-06",\n                "2017-06-07",\n                "2017-06-08",\n                "2017-06-09",\n                "2017-06-12",\n                "2017-06-13",\n                "2017-06-14",\n                "2017-06-15",\n                "2017-06-16",\n                "2017-06-19",\n                "2017-06-20",\n                "2017-06-21",\n                "2017-06-22",\n                "2017-06-23",\n                "2017-06-26",\n                "2017-06-27",\n                "2017-06-28",\n                "2017-06-29",\n                "2017-06-30",\n                "2017-07-03",\n                "2017-07-04",\n                "2017-07-05",\n                "2017-07-06",\n                "2017-07-07",\n                "2017-07-10",\n                "2017-07-11",\n                "2017-07-12",\n                "2017-07-13",\n                "2017-07-14",\n                "2017-07-17",\n                "2017-07-18",\n                "2017-07-19",\n                "2017-07-20",\n                "2017-07-21",\n                "2017-07-24",\n                "2017-07-25",\n                "2017-07-26",\n                "2017-07-27",\n                "2017-07-28",\n                "2017-07-31",\n                "2017-08-01",\n                "2017-08-02",\n                "2017-08-03",\n                "2017-08-04",\n                "2017-08-07",\n                "2017-08-08",\n                "2017-08-09",\n                "2017-08-10",\n                "2017-08-11",\n                "2017-08-14",\n                "2017-08-15",\n                "2017-08-16",\n                "2017-08-17",\n                "2017-08-18",\n                "2017-08-21",\n                "2017-08-22",\n                "2017-08-23",\n                "2017-08-24",\n                "2017-08-25",\n                "2017-08-28",\n                "2017-08-29",\n                "2017-08-30",\n                "2017-08-31",\n                "2017-09-01",\n                "2017-09-04",\n                "2017-09-05",\n                "2017-09-06",\n                "2017-09-07",\n                "2017-09-08",\n                "2017-09-11",\n                "2017-09-12",\n                "2017-09-13",\n                "2017-09-14",\n                "2017-09-15",\n                "2017-09-18",\n                "2017-09-19",\n                "2017-09-20",\n                "2017-09-21",\n                "2017-09-22",\n                "2017-09-25",\n                "2017-09-26",\n                "2017-09-27",\n                "2017-09-28",\n                "2017-09-29",\n                "2017-10-09",\n                "2017-10-10",\n                "2017-10-11",\n                "2017-10-12",\n                "2017-10-13",\n                "2017-10-16",\n                "2017-10-17",\n                "2017-10-18",\n                "2017-10-19",\n                "2017-10-20",\n                "2017-10-23",\n                "2017-10-24",\n                "2017-10-25",\n                "2017-10-26",\n                "2017-10-27",\n                "2017-10-30",\n                "2017-10-31",\n                "2017-11-01",\n                "2017-11-02",\n                "2017-11-03",\n                "2017-11-06",\n                "2017-11-07",\n                "2017-11-08",\n                "2017-11-09",\n                "2017-11-10",\n                "2017-11-13",\n                "2017-11-14",\n                "2017-11-15",\n                "2017-11-16",\n                "2017-11-17",\n                "2017-11-20",\n                "2017-11-21",\n                "2017-11-22",\n                "2017-11-23",\n                "2017-11-24",\n                "2017-11-27",\n                "2017-11-28",\n                "2017-11-29",\n                "2017-11-30",\n                "2017-12-01",\n                "2017-12-04",\n                "2017-12-05",\n                "2017-12-06",\n                "2017-12-07",\n                "2017-12-08",\n                "2017-12-11",\n                "2017-12-12",\n                "2017-12-13",\n                "2017-12-14",\n                "2017-12-15",\n                "2017-12-18",\n                "2017-12-19",\n                "2017-12-20",\n                "2017-12-21",\n                "2017-12-22",\n                "2017-12-25",\n                "2017-12-26",\n                "2017-12-27",\n                "2017-12-28",\n                "2017-12-29",\n                "2017-12-31",\n                "2018-01-02",\n                "2018-01-03",\n                "2018-01-04",\n                "2018-01-05",\n                "2018-01-08",\n                "2018-01-09",\n                "2018-01-10",\n                "2018-01-11",\n                "2018-01-12",\n                "2018-01-15",\n                "2018-01-16",\n                "2018-01-17",\n                "2018-01-18",\n                "2018-01-19",\n                "2018-01-22",\n                "2018-01-23",\n                "2018-01-24",\n                "2018-01-25",\n                "2018-01-26",\n                "2018-01-29",\n                "2018-01-30",\n                "2018-01-31",\n                "2018-02-01",\n                "2018-02-02",\n                "2018-02-05",\n                "2018-02-06",\n                "2018-02-07",\n                "2018-02-08",\n                "2018-02-09",\n                "2018-02-12",\n                "2018-02-13",\n                "2018-02-14",\n                "2018-02-22",\n                "2018-02-23",\n                "2018-02-26",\n                "2018-02-27",\n                "2018-02-28",\n                "2018-03-01",\n                "2018-03-02",\n                "2018-03-05",\n                "2018-03-06",\n                "2018-03-07",\n                "2018-03-08",\n                "2018-03-09",\n                "2018-03-12",\n                "2018-03-13",\n                "2018-03-14",\n                "2018-03-15",\n                "2018-03-16",\n                "2018-03-19",\n                "2018-03-20",\n                "2018-03-21",\n                "2018-03-22",\n                "2018-03-23",\n                "2018-03-26",\n                "2018-03-27",\n                "2018-03-28",\n                "2018-03-29",\n                "2018-03-30",\n                "2018-04-02",\n                "2018-04-03",\n                "2018-04-04",\n                "2018-04-09",\n                "2018-04-10",\n                "2018-04-11",\n                "2018-04-12",\n                "2018-04-13",\n                "2018-04-16",\n                "2018-04-17",\n                "2018-04-18",\n                "2018-04-19",\n                "2018-04-20",\n                "2018-04-23",\n                "2018-04-24",\n                "2018-04-25",\n                "2018-04-26",\n                "2018-04-27",\n                "2018-05-02",\n                "2018-05-03",\n                "2018-05-04",\n                "2018-05-07",\n                "2018-05-08",\n                "2018-05-09",\n                "2018-05-10",\n                "2018-05-11",\n                "2018-05-14",\n                "2018-05-15",\n                "2018-05-16",\n                "2018-05-17",\n                "2018-05-18",\n                "2018-05-21",\n                "2018-05-22",\n                "2018-05-23",\n                "2018-05-24",\n                "2018-05-25",\n                "2018-05-28",\n                "2018-05-29",\n                "2018-05-30",\n                "2018-05-31",\n                "2018-06-01",\n                "2018-06-04",\n                "2018-06-05",\n                "2018-06-06",\n                "2018-06-07",\n                "2018-06-08",\n                "2018-06-11",\n                "2018-06-12",\n                "2018-06-13",\n                "2018-06-14",\n                "2018-06-15",\n                "2018-06-19",\n                "2018-06-20",\n                "2018-06-21",\n                "2018-06-22",\n                "2018-06-25",\n                "2018-06-26",\n                "2018-06-27",\n                "2018-06-28",\n                "2018-06-29",\n                "2018-06-30",\n                "2018-07-02",\n                "2018-07-03",\n                "2018-07-04",\n                "2018-07-05",\n                "2018-07-06",\n                "2018-07-09",\n                "2018-07-10",\n                "2018-07-11",\n                "2018-07-12",\n                "2018-07-13",\n                "2018-07-16",\n                "2018-07-17",\n                "2018-07-18",\n                "2018-07-19",\n                "2018-07-20",\n                "2018-07-23",\n                "2018-07-24",\n                "2018-07-25",\n                "2018-07-26",\n                "2018-07-27",\n                "2018-07-30",\n                "2018-07-31",\n                "2018-08-01",\n                "2018-08-02",\n                "2018-08-03",\n                "2018-08-06",\n                "2018-08-07",\n                "2018-08-08",\n                "2018-08-09",\n                "2018-08-10",\n                "2018-08-13",\n                "2018-08-14",\n                "2018-08-15",\n                "2018-08-16",\n                "2018-08-17",\n                "2018-08-20",\n                "2018-08-21",\n                "2018-08-22",\n                "2018-08-23",\n                "2018-08-24",\n                "2018-08-27",\n                "2018-08-28",\n                "2018-08-29",\n                "2018-08-30",\n                "2018-08-31",\n                "2018-09-03",\n                "2018-09-04",\n                "2018-09-05",\n                "2018-09-06",\n                "2018-09-07",\n                "2018-09-10",\n                "2018-09-11",\n                "2018-09-12",\n                "2018-09-13",\n                "2018-09-14",\n                "2018-09-17",\n                "2018-09-18",\n                "2018-09-19",\n                "2018-09-20",\n                "2018-09-21",\n                "2018-09-25",\n                "2018-09-26",\n                "2018-09-27",\n                "2018-09-28",\n                "2018-10-08",\n                "2018-10-09",\n                "2018-10-10",\n                "2018-10-11",\n                "2018-10-12",\n                "2018-10-15",\n                "2018-10-16",\n                "2018-10-17",\n                "2018-10-18",\n                "2018-10-19",\n                "2018-10-22",\n                "2018-10-23",\n                "2018-10-24",\n                "2018-10-25",\n                "2018-10-26",\n                "2018-10-29",\n                "2018-10-30",\n                "2018-10-31",\n                "2018-11-01",\n                "2018-11-02",\n                "2018-11-05",\n                "2018-11-06",\n                "2018-11-07",\n                "2018-11-08",\n                "2018-11-09",\n                "2018-11-12",\n                "2018-11-13",\n                "2018-11-14",\n                "2018-11-15",\n                "2018-11-16",\n                "2018-11-19",\n                "2018-11-20",\n                "2018-11-21",\n                "2018-11-22",\n                "2018-11-23",\n                "2018-11-26",\n                "2018-11-27",\n                "2018-11-28",\n                "2018-11-29",\n                "2018-11-30",\n                "2018-12-03",\n                "2018-12-04",\n                "2018-12-05",\n                "2018-12-06",\n                "2018-12-07",\n                "2018-12-10",\n                "2018-12-11",\n                "2018-12-12",\n                "2018-12-13",\n                "2018-12-14",\n                "2018-12-17",\n                "2018-12-18",\n                "2018-12-19",\n                "2018-12-20",\n                "2018-12-21",\n                "2018-12-24",\n                "2018-12-25",\n                "2018-12-26",\n                "2018-12-27",\n                "2018-12-28",\n                "2018-12-31",\n                "2019-01-02",\n                "2019-01-03",\n                "2019-01-04",\n                "2019-01-07",\n                "2019-01-08",\n                "2019-01-09",\n                "2019-01-10",\n                "2019-01-11",\n                "2019-01-14",\n                "2019-01-15",\n                "2019-01-16",\n                "2019-01-17",\n                "2019-01-18",\n                "2019-01-21",\n                "2019-01-22",\n                "2019-01-23",\n                "2019-01-24",\n                "2019-01-25",\n                "2019-01-28",\n                "2019-01-29",\n                "2019-01-30",\n                "2019-01-31",\n                "2019-02-01",\n                "2019-02-11",\n                "2019-02-12",\n                "2019-02-13",\n                "2019-02-14",\n                "2019-02-15",\n                "2019-02-18",\n                "2019-02-19",\n                "2019-02-20",\n                "2019-02-21",\n                "2019-02-22",\n                "2019-02-25",\n                "2019-02-26",\n                "2019-02-27",\n                "2019-02-28",\n                "2019-03-01",\n                "2019-03-04",\n                "2019-03-05",\n                "2019-03-06",\n                "2019-03-07",\n                "2019-03-08",\n                "2019-03-11",\n                "2019-03-12",\n                "2019-03-13",\n                "2019-03-14",\n                "2019-03-15",\n                "2019-03-18",\n                "2019-03-19",\n                "2019-03-20",\n                "2019-03-21",\n                "2019-03-22",\n                "2019-03-25",\n                "2019-03-26",\n                "2019-03-27",\n                "2019-03-28",\n                "2019-03-29",\n                "2019-04-01",\n                "2019-04-02",\n                "2019-04-03",\n                "2019-04-04",\n                "2019-04-08",\n                "2019-04-09",\n                "2019-04-10",\n                "2019-04-11",\n                "2019-04-12",\n                "2019-04-15",\n                "2019-04-16",\n                "2019-04-17",\n                "2019-04-18",\n                "2019-04-19",\n                "2019-04-22",\n                "2019-04-23",\n                "2019-04-24",\n                "2019-04-25",\n                "2019-04-26",\n                "2019-04-29",\n                "2019-04-30",\n                "2019-05-06",\n                "2019-05-07",\n                "2019-05-08",\n                "2019-05-09",\n                "2019-05-10",\n                "2019-05-13",\n                "2019-05-14",\n                "2019-05-15",\n                "2019-05-16",\n                "2019-05-17",\n                "2019-05-20",\n                "2019-05-21",\n                "2019-05-22",\n                "2019-05-23",\n                "2019-05-24",\n                "2019-05-27",\n                "2019-05-28",\n                "2019-05-29",\n                "2019-05-30",\n                "2019-05-31",\n                "2019-06-03",\n                "2019-06-04",\n                "2019-06-05",\n                "2019-06-06",\n                "2019-06-10",\n                "2019-06-11",\n                "2019-06-12",\n                "2019-06-13",\n                "2019-06-14",\n                "2019-06-17",\n                "2019-06-18",\n                "2019-06-19",\n                "2019-06-20",\n                "2019-06-21",\n                "2019-06-24",\n                "2019-06-25",\n                "2019-06-26",\n                "2019-06-27",\n                "2019-06-28",\n                "2019-06-30",\n                "2019-07-01",\n                "2019-07-02",\n                "2019-07-03",\n                "2019-07-04",\n                "2019-07-05",\n                "2019-07-08",\n                "2019-07-09",\n                "2019-07-10",\n                "2019-07-11",\n                "2019-07-12",\n                "2019-07-15",\n                "2019-07-16",\n                "2019-07-17",\n                "2019-07-18",\n                "2019-07-19",\n                "2019-07-22",\n                "2019-07-23",\n                "2019-07-24",\n                "2019-07-25",\n                "2019-07-26",\n                "2019-07-29",\n                "2019-07-30",\n                "2019-07-31",\n                "2019-08-01",\n                "2019-08-02",\n                "2019-08-05",\n                "2019-08-06",\n                "2019-08-07",\n                "2019-08-08",\n                "2019-08-09",\n                "2019-08-12",\n                "2019-08-13",\n                "2019-08-14",\n                "2019-08-15",\n                "2019-08-16",\n                "2019-08-19",\n                "2019-08-20",\n                "2019-08-21",\n                "2019-08-22",\n                "2019-08-23",\n                "2019-08-26",\n                "2019-08-27",\n                "2019-08-28",\n                "2019-08-29",\n                "2019-08-30",\n                "2019-09-02",\n                "2019-09-03",\n                "2019-09-04",\n                "2019-09-05",\n                "2019-09-06",\n                "2019-09-09",\n                "2019-09-10",\n                "2019-09-11",\n                "2019-09-12",\n                "2019-09-16",\n                "2019-09-17",\n                "2019-09-18",\n                "2019-09-19",\n                "2019-09-20",\n                "2019-09-23",\n                "2019-09-24",\n                "2019-09-25",\n                "2019-09-26",\n                "2019-09-27",\n                "2019-09-30",\n                "2019-10-08",\n                "2019-10-09",\n                "2019-10-10",\n                "2019-10-11",\n                "2019-10-14",\n                "2019-10-15",\n                "2019-10-16",\n                "2019-10-17",\n                "2019-10-18",\n                "2019-10-21",\n                "2019-10-22",\n                "2019-10-23",\n                "2019-10-24",\n                "2019-10-25",\n                "2019-10-28",\n                "2019-10-29",\n                "2019-10-30",\n                "2019-10-31",\n                "2019-11-01",\n                "2019-11-04",\n                "2019-11-05",\n                "2019-11-06",\n                "2019-11-07",\n                "2019-11-08",\n                "2019-11-11",\n                "2019-11-12",\n                "2019-11-13",\n                "2019-11-14",\n                "2019-11-15",\n                "2019-11-18",\n                "2019-11-19",\n                "2019-11-20",\n                "2019-11-21",\n                "2019-11-22",\n                "2019-11-25",\n                "2019-11-26",\n                "2019-11-27",\n                "2019-11-28",\n                "2019-11-29",\n                "2019-12-02",\n                "2019-12-03",\n                "2019-12-04",\n                "2019-12-05",\n                "2019-12-06",\n                "2019-12-09",\n                "2019-12-10",\n                "2019-12-11",\n                "2019-12-12",\n                "2019-12-13",\n                "2019-12-16",\n                "2019-12-17",\n                "2019-12-18",\n                "2019-12-19",\n                "2019-12-20",\n                "2019-12-23",\n                "2019-12-24",\n                "2019-12-25",\n                "2019-12-26",\n                "2019-12-27",\n                "2019-12-30",\n                "2019-12-31",\n                "2020-01-02",\n                "2020-01-03",\n                "2020-01-06",\n                "2020-01-07",\n                "2020-01-08",\n                "2020-01-09",\n                "2020-01-10",\n                "2020-01-13",\n                "2020-01-14",\n                "2020-01-15",\n                "2020-01-16",\n                "2020-01-17",\n                "2020-01-20",\n                "2020-01-21",\n                "2020-01-22",\n                "2020-01-23",\n                "2020-02-03",\n                "2020-02-04",\n                "2020-02-05",\n                "2020-02-06",\n                "2020-02-07",\n                "2020-02-10",\n                "2020-02-11",\n                "2020-02-12",\n                "2020-02-13",\n                "2020-02-14",\n                "2020-02-17",\n                "2020-02-18",\n                "2020-02-19",\n                "2020-02-20",\n                "2020-02-21",\n                "2020-02-24",\n                "2020-02-25",\n                "2020-02-26",\n                "2020-02-27",\n                "2020-02-28",\n                "2020-03-02",\n                "2020-03-03",\n                "2020-03-04",\n                "2020-03-05",\n                "2020-03-06",\n                "2020-03-09",\n                "2020-03-10",\n                "2020-03-11",\n                "2020-03-12",\n                "2020-03-13",\n                "2020-03-16",\n                "2020-03-17",\n                "2020-03-18",\n                "2020-03-19",\n                "2020-03-20",\n                "2020-03-23",\n                "2020-03-24",\n                "2020-03-25",\n                "2020-03-26",\n                "2020-03-27",\n                "2020-03-30",\n                "2020-03-31",\n                "2020-04-01",\n                "2020-04-02",\n                "2020-04-03",\n                "2020-04-07",\n                "2020-04-08",\n                "2020-04-09",\n                "2020-04-10",\n                "2020-04-13",\n                "2020-04-14",\n                "2020-04-15",\n                "2020-04-16",\n                "2020-04-17",\n                "2020-04-20",\n                "2020-04-21",\n                "2020-04-22",\n                "2020-04-23",\n                "2020-04-24",\n                "2020-04-27",\n                "2020-04-28",\n                "2020-04-29",\n                "2020-04-30",\n                "2020-05-06",\n                "2020-05-07",\n                "2020-05-08",\n                "2020-05-11",\n                "2020-05-12",\n                "2020-05-13",\n                "2020-05-14",\n                "2020-05-15",\n                "2020-05-18",\n                "2020-05-19",\n                "2020-05-20",\n                "2020-05-21",\n                "2020-05-22",\n                "2020-05-25",\n                "2020-05-26",\n                "2020-05-27",\n                "2020-05-28",\n                "2020-05-29",\n                "2020-06-01",\n                "2020-06-02",\n                "2020-06-03",\n                "2020-06-04",\n                "2020-06-05",\n                "2020-06-08",\n                "2020-06-09",\n                "2020-06-10",\n                "2020-06-11",\n                "2020-06-12",\n                "2020-06-15",\n                "2020-06-16",\n                "2020-06-17",\n                "2020-06-18",\n                "2020-06-19",\n                "2020-06-22",\n                "2020-06-23",\n                "2020-06-24",\n                "2020-06-29",\n                "2020-06-30",\n                "2020-07-01",\n                "2020-07-02",\n                "2020-07-03",\n                "2020-07-06",\n                "2020-07-07",\n                "2020-07-08",\n                "2020-07-09",\n                "2020-07-10",\n                "2020-07-13",\n                "2020-07-14",\n                "2020-07-15",\n                "2020-07-16",\n                "2020-07-17",\n                "2020-07-20",\n                "2020-07-21",\n                "2020-07-22",\n                "2020-07-23",\n                "2020-07-24",\n                "2020-07-27",\n                "2020-07-28",\n                "2020-07-29",\n                "2020-07-30",\n                "2020-07-31",\n                "2020-08-03",\n                "2020-08-04",\n                "2020-08-05",\n                "2020-08-06",\n                "2020-08-07",\n                "2020-08-10",\n                "2020-08-11",\n                "2020-08-12",\n                "2020-08-13",\n                "2020-08-14",\n                "2020-08-17",\n                "2020-08-18",\n                "2020-08-19",\n                "2020-08-20",\n                "2020-08-21",\n                "2020-08-24",\n                "2020-08-25",\n                "2020-08-26",\n                "2020-08-27",\n                "2020-08-28",\n                "2020-08-31",\n                "2020-09-01",\n                "2020-09-02",\n                "2020-09-03",\n                "2020-09-04",\n                "2020-09-07",\n                "2020-09-08",\n                "2020-09-09",\n                "2020-09-10",\n                "2020-09-11",\n                "2020-09-14",\n                "2020-09-15",\n                "2020-09-16",\n                "2020-09-17",\n                "2020-09-18",\n                "2020-09-21",\n                "2020-09-22",\n                "2020-09-23",\n                "2020-09-24",\n                "2020-09-25",\n                "2020-09-28",\n                "2020-09-29",\n                "2020-09-30",\n                "2020-10-09",\n                "2020-10-12",\n                "2020-10-13",\n                "2020-10-14",\n                "2020-10-15",\n                "2020-10-16",\n                "2020-10-19",\n                "2020-10-20",\n                "2020-10-21",\n                "2020-10-22",\n                "2020-10-23",\n                "2020-10-26",\n                "2020-10-27",\n                "2020-10-28",\n                "2020-10-29",\n                "2020-10-30",\n                "2020-11-02",\n                "2020-11-03",\n                "2020-11-04",\n                "2020-11-05",\n                "2020-11-06",\n                "2020-11-09",\n                "2020-11-10",\n                "2020-11-11",\n                "2020-11-12",\n                "2020-11-13",\n                "2020-11-16",\n                "2020-11-17",\n                "2020-11-18",\n                "2020-11-19",\n                "2020-11-20",\n                "2020-11-23",\n                "2020-11-24",\n                "2020-11-25",\n                "2020-11-26",\n                "2020-11-27",\n                "2020-11-30",\n                "2020-12-01",\n                "2020-12-02",\n                "2020-12-03",\n                "2020-12-04",\n                "2020-12-07",\n                "2020-12-08",\n                "2020-12-09",\n                "2020-12-10",\n                "2020-12-11",\n                "2020-12-14",\n                "2020-12-15",\n                "2020-12-16",\n                "2020-12-17",\n                "2020-12-18",\n                "2020-12-21",\n                "2020-12-22",\n                "2020-12-23",\n                "2020-12-24",\n                "2020-12-25",\n                "2020-12-28",\n                "2020-12-29",\n                "2020-12-30",\n                "2020-12-31",\n                "2021-01-04",\n                "2021-01-05",\n                "2021-01-06",\n                "2021-01-07",\n                "2021-01-08",\n                "2021-01-11",\n                "2021-01-12",\n                "2021-01-13",\n                "2021-01-14",\n                "2021-01-15",\n                "2021-01-18",\n                "2021-01-19",\n                "2021-01-20",\n                "2021-01-21",\n                "2021-01-22",\n                "2021-01-25",\n                "2021-01-26",\n                "2021-01-27",\n                "2021-01-28",\n                "2021-01-29",\n                "2021-02-01",\n                "2021-02-02",\n                "2021-02-03",\n                "2021-02-04",\n                "2021-02-05",\n                "2021-02-08",\n                "2021-02-09",\n                "2021-02-10",\n                "2021-02-18",\n                "2021-02-19",\n                "2021-02-22",\n                "2021-02-23",\n                "2021-02-24",\n                "2021-02-25",\n                "2021-02-26",\n                "2021-03-01",\n                "2021-03-02",\n                "2021-03-03",\n                "2021-03-04",\n                "2021-03-05",\n                "2021-03-08",\n                "2021-03-09",\n                "2021-03-10",\n                "2021-03-11",\n                "2021-03-12",\n                "2021-03-15",\n                "2021-03-16",\n                "2021-03-17",\n                "2021-03-18",\n                "2021-03-19",\n                "2021-03-22",\n                "2021-03-23",\n                "2021-03-24",\n                "2021-03-25",\n                "2021-03-26",\n                "2021-03-29",\n                "2021-03-30",\n                "2021-03-31",\n                "2021-04-01",\n                "2021-04-02",\n                "2021-04-06",\n                "2021-04-07",\n                "2021-04-08",\n                "2021-04-09",\n                "2021-04-12",\n                "2021-04-13",\n                "2021-04-14",\n                "2021-04-15",\n                "2021-04-16",\n                "2021-04-19",\n                "2021-04-20",\n                "2021-04-21",\n                "2021-04-22",\n                "2021-04-23",\n                "2021-04-26",\n                "2021-04-27",\n                "2021-04-28",\n                "2021-04-29",\n                "2021-04-30",\n                "2021-05-06",\n                "2021-05-07",\n                "2021-05-10",\n                "2021-05-11",\n                "2021-05-12",\n                "2021-05-13",\n                "2021-05-14",\n                "2021-05-17",\n                "2021-05-18",\n                "2021-05-19",\n                "2021-05-20",\n                "2021-05-21",\n                "2021-05-24",\n                "2021-05-25",\n                "2021-05-26",\n                "2021-05-27",\n                "2021-05-28",\n                "2021-05-31",\n                "2021-06-01",\n                "2021-06-02",\n                "2021-06-03",\n                "2021-06-04",\n                "2021-06-07",\n                "2021-06-08",\n                "2021-06-09",\n                "2021-06-10",\n                "2021-06-11",\n                "2021-06-15",\n                "2021-06-16",\n                "2021-06-17",\n                "2021-06-18",\n                "2021-06-21",\n                "2021-06-22",\n                "2021-06-23",\n                "2021-06-24",\n                "2021-06-25",\n                "2021-06-28",\n                "2021-06-29",\n                "2021-06-30",\n                "2021-07-01",\n                "2021-07-02",\n                "2021-07-05",\n                "2021-07-06",\n                "2021-07-07",\n                "2021-07-08",\n                "2021-07-09",\n                "2021-07-12",\n                "2021-07-13",\n                "2021-07-14",\n                "2021-07-15",\n                "2021-07-16",\n                "2021-07-19",\n                "2021-07-20",\n                "2021-07-21",\n                "2021-07-22",\n                "2021-07-23",\n                "2021-07-26",\n                "2021-07-27",\n                "2021-07-28",\n                "2021-07-29",\n                "2021-07-30",\n                "2021-08-02",\n                "2021-08-03",\n                "2021-08-04",\n                "2021-08-05",\n                "2021-08-06",\n                "2021-08-09",\n                "2021-08-10",\n                "2021-08-11",\n                "2021-08-12",\n                "2021-08-13",\n                "2021-08-16",\n                "2021-08-17",\n                "2021-08-18",\n                "2021-08-19",\n                "2021-08-20",\n                "2021-08-23",\n                "2021-08-24",\n                "2021-08-25",\n                "2021-08-26",\n                "2021-08-27",\n                "2021-08-30",\n                "2021-08-31",\n                "2021-09-01",\n                "2021-09-02",\n                "2021-09-03",\n                "2021-09-06",\n                "2021-09-07",\n                "2021-09-08",\n                "2021-09-09",\n                "2021-09-10",\n                "2021-09-13",\n                "2021-09-14",\n                "2021-09-15",\n                "2021-09-16",\n                "2021-09-17",\n                "2021-09-22",\n                "2021-09-23",\n                "2021-09-24",\n                "2021-09-27",\n                "2021-09-28",\n                "2021-09-29",\n                "2021-09-30",\n                "2021-10-08",\n                "2021-10-11",\n                "2021-10-12",\n                "2021-10-13",\n                "2021-10-14",\n                "2021-10-15",\n                "2021-10-18",\n                "2021-10-19",\n                "2021-10-20",\n                "2021-10-21",\n                "2021-10-22",\n                "2021-10-25",\n                "2021-10-26",\n                "2021-10-27",\n                "2021-10-28",\n                "2021-10-29",\n                "2021-11-01",\n                "2021-11-02",\n                "2021-11-03",\n                "2021-11-04",\n                "2021-11-05",\n                "2021-11-08",\n                "2021-11-09",\n                "2021-11-10",\n                "2021-11-11",\n                "2021-11-12",\n                "2021-11-15",\n                "2021-11-16",\n                "2021-11-17",\n                "2021-11-18",\n                "2021-11-19",\n                "2021-11-22",\n                "2021-11-23",\n                "2021-11-24",\n                "2021-11-25",\n                "2021-11-26",\n                "2021-11-29",\n                "2021-11-30",\n                "2021-12-01",\n                "2021-12-02",\n                "2021-12-03",\n                "2021-12-06",\n                "2021-12-07",\n                "2021-12-08",\n                "2021-12-09",\n                "2021-12-10",\n                "2021-12-13",\n                "2021-12-14",\n                "2021-12-15",\n                "2021-12-16",\n                "2021-12-17",\n                "2021-12-20",\n                "2021-12-21",\n                "2021-12-22",\n                "2021-12-23",\n                "2021-12-24",\n                "2021-12-27",\n                "2021-12-28",\n                "2021-12-29",\n                "2021-12-30",\n                "2021-12-31",\n                "2022-01-04",\n                "2022-01-05",\n                "2022-01-06",\n                "2022-01-07",\n                "2022-01-10",\n                "2022-01-11",\n                "2022-01-12",\n                "2022-01-13",\n                "2022-01-14",\n                "2022-01-17",\n                "2022-01-18",\n                "2022-01-19",\n                "2022-01-20",\n                "2022-01-21",\n                "2022-01-24",\n                "2022-01-25",\n                "2022-01-26",\n                "2022-01-27",\n                "2022-01-28",\n                "2022-02-07",\n                "2022-02-08",\n                "2022-02-09",\n                "2022-02-10",\n                "2022-02-11",\n                "2022-02-14",\n                "2022-02-15",\n                "2022-02-16",\n                "2022-02-17",\n                "2022-02-18",\n                "2022-02-21",\n                "2022-02-22",\n                "2022-02-23",\n                "2022-02-24",\n                "2022-02-25",\n                "2022-02-28",\n                "2022-03-01",\n                "2022-03-02",\n                "2022-03-03",\n                "2022-03-04",\n                "2022-03-07",\n                "2022-03-08",\n                "2022-03-09",\n                "2022-03-10",\n                "2022-03-11",\n                "2022-03-14",\n                "2022-03-15",\n                "2022-03-16",\n                "2022-03-17",\n                "2022-03-18",\n                "2022-03-21",\n                "2022-03-22",\n                "2022-03-23",\n                "2022-03-24",\n                "2022-03-25",\n                "2022-03-28",\n                "2022-03-29",\n                "2022-03-30",\n                "2022-03-31",\n                "2022-04-01",\n                "2022-04-06",\n                "2022-04-07",\n                "2022-04-08",\n                "2022-04-11",\n                "2022-04-12",\n                "2022-04-13",\n                "2022-04-14",\n                "2022-04-15",\n                "2022-04-18",\n                "2022-04-19",\n                "2022-04-20",\n                "2022-04-21",\n                "2022-04-22",\n                "2022-04-25",\n                "2022-04-26",\n                "2022-04-27",\n                "2022-04-28",\n                "2022-04-29",\n                "2022-05-05",\n                "2022-05-06",\n                "2022-05-09",\n                "2022-05-10",\n                "2022-05-11",\n                "2022-05-12",\n                "2022-05-13",\n                "2022-05-16",\n                "2022-05-17",\n                "2022-05-18",\n                "2022-05-19",\n                "2022-05-20",\n                "2022-05-23",\n                "2022-05-24",\n                "2022-05-25",\n                "2022-05-26",\n                "2022-05-27",\n                "2022-05-30",\n                "2022-05-31",\n                "2022-06-01",\n                "2022-06-02",\n                "2022-06-06",\n                "2022-06-07",\n                "2022-06-08",\n                "2022-06-09",\n                "2022-06-10",\n                "2022-06-13",\n                "2022-06-14",\n                "2022-06-15",\n                "2022-06-16",\n                "2022-06-17",\n                "2022-06-20",\n                "2022-06-21",\n                "2022-06-22",\n                "2022-06-23",\n                "2022-06-24",\n                "2022-06-27",\n                "2022-06-28",\n                "2022-06-29",\n                "2022-06-30",\n                "2022-07-01",\n                "2022-07-04",\n                "2022-07-05",\n                "2022-07-06",\n                "2022-07-07",\n                "2022-07-08",\n                "2022-07-11",\n                "2022-07-12",\n                "2022-07-13",\n                "2022-07-14",\n                "2022-07-15",\n                "2022-07-18",\n                "2022-07-19",\n                "2022-07-20",\n                "2022-07-21",\n                "2022-07-22",\n                "2022-07-25",\n                "2022-07-26",\n                "2022-07-27",\n                "2022-07-28",\n                "2022-07-29",\n                "2022-08-01",\n                "2022-08-02",\n                "2022-08-03",\n                "2022-08-04",\n                "2022-08-05",\n                "2022-08-08",\n                "2022-08-09",\n                "2022-08-10",\n                "2022-08-11",\n                "2022-08-12",\n                "2022-08-15",\n                "2022-08-16",\n                "2022-08-17",\n                "2022-08-18",\n                "2022-08-19",\n                "2022-08-22",\n                "2022-08-23",\n                "2022-08-24",\n                "2022-08-25",\n                "2022-08-26",\n                "2022-08-29",\n                "2022-08-30",\n                "2022-08-31",\n                "2022-09-01",\n                "2022-09-02",\n                "2022-09-05",\n                "2022-09-06",\n                "2022-09-07",\n                "2022-09-08",\n                "2022-09-09",\n                "2022-09-13",\n                "2022-09-14",\n                "2022-09-15",\n                "2022-09-16",\n                "2022-09-19",\n                "2022-09-20",\n                "2022-09-21",\n                "2022-09-22",\n                "2022-09-23",\n                "2022-09-26",\n                "2022-09-27",\n                "2022-09-28",\n                "2022-09-29",\n                "2022-09-30",\n                "2022-10-10",\n                "2022-10-11",\n                "2022-10-12",\n                "2022-10-13",\n                "2022-10-14",\n                "2022-10-17",\n                "2022-10-18",\n                "2022-10-19",\n                "2022-10-20",\n                "2022-10-21",\n                "2022-10-24",\n                "2022-10-25",\n                "2022-10-26",\n                "2022-10-27",\n                "2022-10-28",\n                "2022-10-31",\n                "2022-11-01",\n                "2022-11-02",\n                "2022-11-03",\n                "2022-11-04",\n                "2022-11-07",\n                "2022-11-08",\n                "2022-11-09",\n                "2022-11-10",\n                "2022-11-11",\n                "2022-11-14",\n                "2022-11-15",\n                "2022-11-16",\n                "2022-11-17",\n                "2022-11-18",\n                "2022-11-21",\n                "2022-11-22",\n                "2022-11-23",\n                "2022-11-24",\n                "2022-11-25",\n                "2022-11-28",\n                "2022-11-29",\n                "2022-11-30",\n                "2022-12-01",\n                "2022-12-02",\n                "2022-12-05",\n                "2022-12-06",\n                "2022-12-07",\n                "2022-12-08",\n                "2022-12-09",\n                "2022-12-12",\n                "2022-12-13",\n                "2022-12-14",\n                "2022-12-15",\n                "2022-12-16",\n                "2022-12-19",\n                "2022-12-20",\n                "2022-12-21",\n                "2022-12-22",\n                "2022-12-23",\n                "2022-12-26",\n                "2022-12-27",\n                "2022-12-28",\n                "2022-12-29",\n                "2022-12-30",\n                "2022-12-31",\n                "2023-01-03",\n                "2023-01-04",\n                "2023-01-05",\n                "2023-01-06",\n                "2023-01-09",\n                "2023-01-10",\n                "2023-01-11",\n                "2023-01-12",\n                "2023-01-13",\n                "2023-01-16",\n                "2023-01-17",\n                "2023-01-18",\n                "2023-01-19",\n                "2023-01-20",\n                "2023-01-30",\n                "2023-01-31",\n                "2023-02-01",\n                "2023-02-02",\n                "2023-02-03",\n                "2023-02-06",\n                "2023-02-07",\n                "2023-02-08",\n                "2023-02-09",\n                "2023-02-10",\n                "2023-02-13",\n                "2023-02-14",\n                "2023-02-15",\n                "2023-02-16",\n                "2023-02-17",\n                "2023-02-20",\n                "2023-02-21",\n                "2023-02-22",\n                "2023-02-23",\n                "2023-02-24",\n                "2023-02-27",\n                "2023-02-28",\n                "2023-03-01",\n                "2023-03-02",\n                "2023-03-03",\n                "2023-03-06",\n                "2023-03-07",\n                "2023-03-08",\n                "2023-03-09",\n                "2023-03-10",\n                "2023-03-13",\n                "2023-03-14",\n                "2023-03-15",\n                "2023-03-16",\n                "2023-03-17",\n                "2023-03-20",\n                "2023-03-21",\n                "2023-03-22",\n                "2023-03-23",\n                "2023-03-24",\n                "2023-03-27",\n                "2023-03-28",\n                "2023-03-29",\n                "2023-03-30",\n                "2023-03-31",\n                "2023-04-03",\n                "2023-04-04",\n                "2023-04-06",\n                "2023-04-07",\n                "2023-04-10",\n                "2023-04-11",\n                "2023-04-12",\n                "2023-04-13",\n                "2023-04-14",\n                "2023-04-17",\n                "2023-04-18",\n                "2023-04-19",\n                "2023-04-20",\n                "2023-04-21",\n                "2023-04-24",\n                "2023-04-25",\n                "2023-04-26",\n                "2023-04-27",\n                "2023-04-28",\n                "2023-05-04",\n                "2023-05-05",\n                "2023-05-08",\n                "2023-05-09",\n                "2023-05-10",\n                "2023-05-11",\n                "2023-05-12",\n                "2023-05-15",\n                "2023-05-16",\n                "2023-05-17",\n                "2023-05-18",\n                "2023-05-19",\n                "2023-05-22",\n                "2023-05-23",\n                "2023-05-24",\n                "2023-05-25",\n                "2023-05-26",\n                "2023-05-29",\n                "2023-05-30",\n                "2023-05-31",\n                "2023-06-01",\n                "2023-06-02",\n                "2023-06-05",\n                "2023-06-06",\n                "2023-06-07",\n                "2023-06-08",\n                "2023-06-09",\n                "2023-06-12",\n                "2023-06-13",\n                "2023-06-14",\n                "2023-06-15",\n                "2023-06-16",\n                "2023-06-19",\n                "2023-06-20",\n                "2023-06-21",\n                "2023-06-26",\n                "2023-06-27",\n                "2023-06-28",\n                "2023-06-29",\n                "2023-06-30",\n                "2023-07-03",\n                "2023-07-04",\n                "2023-07-05",\n                "2023-07-06",\n                "2023-07-07",\n                "2023-07-10",\n                "2023-07-11",\n                "2023-07-12",\n                "2023-07-13",\n                "2023-07-14",\n                "2023-07-17",\n                "2023-07-18",\n                "2023-07-19",\n                "2023-07-20",\n                "2023-07-21",\n                "2023-07-24",\n                "2023-07-25",\n                "2023-07-26",\n                "2023-07-27",\n                "2023-07-28",\n                "2023-07-31",\n                "2023-08-01",\n                "2023-08-02",\n                "2023-08-03",\n                "2023-08-04",\n                "2023-08-07",\n                "2023-08-08",\n                "2023-08-09",\n                "2023-08-10",\n                "2023-08-11",\n                "2023-08-14",\n                "2023-08-15",\n                "2023-08-16",\n                "2023-08-17",\n                "2023-08-18",\n                "2023-08-21",\n                "2023-08-22",\n                "2023-08-23",\n                "2023-08-24",\n                "2023-08-25",\n                "2023-08-28",\n                "2023-08-29",\n                "2023-08-30",\n                "2023-08-31",\n                "2023-09-01",\n                "2023-09-04",\n                "2023-09-05",\n                "2023-09-06",\n                "2023-09-07",\n                "2023-09-08",\n                "2023-09-11",\n                "2023-09-12",\n                "2023-09-13",\n                "2023-09-14",\n                "2023-09-15",\n                "2023-09-18",\n                "2023-09-19",\n                "2023-09-20",\n                "2023-09-21",\n                "2023-09-22",\n                "2023-09-25",\n                "2023-09-26",\n                "2023-09-27",\n                "2023-09-28",\n                "2023-10-09",\n                "2023-10-10",\n                "2023-10-11",\n                "2023-10-12",\n                "2023-10-13",\n                "2023-10-16",\n                "2023-10-17",\n                "2023-10-18",\n                "2023-10-19",\n                "2023-10-20",\n                "2023-10-23",\n                "2023-10-24",\n                "2023-10-25",\n                "2023-10-26",\n                "2023-10-27",\n                "2023-10-30",\n                "2023-10-31",\n                "2023-11-01",\n                "2023-11-02",\n                "2023-11-03",\n                "2023-11-06",\n                "2023-11-07",\n                "2023-11-08",\n                "2023-11-09",\n                "2023-11-10",\n                "2023-11-13",\n                "2023-11-14",\n                "2023-11-15",\n                "2023-11-16",\n                "2023-11-17",\n                "2023-11-20",\n                "2023-11-21",\n                "2023-11-22",\n                "2023-11-23",\n                "2023-11-24",\n                "2023-11-27",\n                "2023-11-28",\n                "2023-11-29",\n                "2023-11-30",\n                "2023-12-01",\n                "2023-12-04",\n                "2023-12-05",\n                "2023-12-06",\n                "2023-12-07",\n                "2023-12-08",\n                "2023-12-11",\n                "2023-12-12",\n                "2023-12-13",\n                "2023-12-14",\n                "2023-12-15",\n                "2023-12-18",\n                "2023-12-19",\n                "2023-12-20",\n                "2023-12-21",\n                "2023-12-22",\n                "2023-12-25",\n                "2023-12-26",\n                "2023-12-27",\n                "2023-12-28",\n                "2023-12-29",\n                "2023-12-31",\n                "2024-01-02",\n                "2024-01-03",\n                "2024-01-04",\n                "2024-01-05",\n                "2024-01-08",\n                "2024-01-09",\n                "2024-01-10",\n                "2024-01-11",\n                "2024-01-12",\n                "2024-01-15",\n                "2024-01-16",\n                "2024-01-17",\n                "2024-01-18",\n                "2024-01-19",\n                "2024-01-22",\n                "2024-01-23",\n                "2024-01-24",\n                "2024-01-25",\n                "2024-01-26",\n                "2024-01-29",\n                "2024-01-30",\n                "2024-01-31",\n                "2024-02-01",\n                "2024-02-02",\n                "2024-02-05",\n                "2024-02-06",\n                "2024-02-07",\n                "2024-02-08",\n                "2024-02-19",\n                "2024-02-20",\n                "2024-02-21",\n                "2024-02-22",\n                "2024-02-23",\n                "2024-02-26",\n                "2024-02-27",\n                "2024-02-28",\n                "2024-02-29",\n                "2024-03-01",\n                "2024-03-04",\n                "2024-03-05",\n                "2024-03-06",\n                "2024-03-07",\n                "2024-03-08",\n                "2024-03-11",\n                "2024-03-12",\n                "2024-03-13",\n                "2024-03-14",\n                "2024-03-15",\n                "2024-03-18",\n                "2024-03-19",\n                "2024-03-20",\n                "2024-03-21",\n                "2024-03-22",\n                "2024-03-25",\n                "2024-03-26",\n                "2024-03-27",\n                "2024-03-28",\n                "2024-03-29",\n                "2024-04-01",\n                "2024-04-02",\n                "2024-04-03",\n                "2024-04-08",\n                "2024-04-09",\n                "2024-04-10",\n                "2024-04-11",\n                "2024-04-12",\n                "2024-04-15",\n                "2024-04-16",\n                "2024-04-17",\n                "2024-04-18",\n                "2024-04-19",\n                "2024-04-22",\n                "2024-04-23",\n                "2024-04-24",\n                "2024-04-25",\n                "2024-04-26",\n                "2024-04-29",\n                "2024-04-30",\n                "2024-05-06",\n                "2024-05-07",\n                "2024-05-08",\n                "2024-05-09",\n                "2024-05-10",\n                "2024-05-13",\n                "2024-05-14",\n                "2024-05-15",\n                "2024-05-16",\n                "2024-05-17",\n                "2024-05-20",\n                "2024-05-21",\n                "2024-05-22",\n                "2024-05-23",\n                "2024-05-24",\n                "2024-05-27",\n                "2024-05-28",\n                "2024-05-29",\n                "2024-05-30",\n                "2024-05-31",\n                "2024-06-03",\n                "2024-06-04",\n                "2024-06-05",\n                "2024-06-06",\n                "2024-06-07",\n                "2024-06-11",\n                "2024-06-12",\n                "2024-06-13",\n                "2024-06-14",\n                "2024-06-17",\n                "2024-06-18",\n                "2024-06-19",\n                "2024-06-20",\n                "2024-06-21",\n                "2024-06-24",\n                "2024-06-25",\n                "2024-06-26",\n                "2024-06-27",\n                "2024-06-28",\n                "2024-06-30",\n                "2024-07-01",\n                "2024-07-02",\n                "2024-07-03",\n                "2024-07-04",\n                "2024-07-05",\n                "2024-07-08",\n                "2024-07-09",\n                "2024-07-10",\n                "2024-07-11",\n                "2024-07-12",\n                "2024-07-15",\n                "2024-07-16",\n                "2024-07-17",\n                "2024-07-18",\n                "2024-07-19",\n                "2024-07-22",\n                "2024-07-23",\n                "2024-07-24",\n                "2024-07-25",\n                "2024-07-26",\n                "2024-07-29",\n                "2024-07-30",\n                "2024-07-31",\n                "2024-08-01",\n                "2024-08-02",\n                "2024-08-05",\n                "2024-08-06",\n                "2024-08-07",\n                "2024-08-08",\n                "2024-08-09",\n                "2024-08-12",\n                "2024-08-13",\n                "2024-08-14",\n                "2024-08-15",\n                "2024-08-16",\n                "2024-08-19",\n                "2024-08-20",\n                "2024-08-21",\n                "2024-08-22",\n                "2024-08-23",\n                "2024-08-26",\n                "2024-08-27",\n                "2024-08-28",\n                "2024-08-29",\n                "2024-08-30",\n                "2024-09-02",\n                "2024-09-03",\n                "2024-09-04",\n                "2024-09-05",\n                "2024-09-06",\n                "2024-09-09",\n                "2024-09-10",\n                "2024-09-11",\n                "2024-09-12",\n                "2024-09-13",\n                "2024-09-18",\n                "2024-09-19",\n                "2024-09-20",\n                "2024-09-23",\n                "2024-09-24",\n                "2024-09-25",\n                "2024-09-26",\n                "2024-09-27",\n                "2024-09-30",\n                "2024-10-08",\n                "2024-10-09",\n                "2024-10-10",\n                "2024-10-11",\n                "2024-10-14",\n                "2024-10-15",\n                "2024-10-16",\n                "2024-10-17",\n                "2024-10-18",\n                "2024-10-21",\n                "2024-10-22",\n                "2024-10-23",\n                "2024-10-24",\n                "2024-10-25",\n                "2024-10-28",\n                "2024-10-29",\n                "2024-10-30",\n                "2024-10-31",\n                "2024-11-01",\n                "2024-11-04",\n                "2024-11-05",\n                "2024-11-06",\n                "2024-11-07",\n                "2024-11-08",\n                "2024-11-11",\n                "2024-11-12",\n                "2024-11-13",\n                "2024-11-14",\n                "2024-11-15",\n                "2024-11-18",\n                "2024-11-19",\n                "2024-11-20",\n                "2024-11-21",\n                "2024-11-22",\n                "2024-11-25",\n                "2024-11-26",\n                "2024-11-27",\n                "2024-11-28",\n                "2024-11-29",\n                "2024-12-02",\n                "2024-12-03",\n                "2024-12-04",\n                "2024-12-05",\n                "2024-12-06",\n                "2024-12-09",\n                "2024-12-10",\n                "2024-12-11",\n                "2024-12-12",\n                "2024-12-13",\n                "2024-12-16",\n                "2024-12-17",\n                "2024-12-18",\n                "2024-12-19",\n                "2024-12-20",\n                "2024-12-23",\n                "2024-12-24",\n                "2024-12-25",\n                "2024-12-26",\n                "2024-12-27",\n                "2024-12-30",\n                "2024-12-31",\n                "2025-01-02",\n                "2025-01-03",\n                "2025-01-06",\n                "2025-01-07",\n                "2025-01-08",\n                "2025-01-09",\n                "2025-01-10",\n                "2025-01-13",\n                "2025-01-14",\n                "2025-01-15",\n                "2025-01-16",\n                "2025-01-17",\n                "2025-01-20",\n                "2025-01-21",\n                "2025-01-22",\n                "2025-01-23",\n                "2025-01-24",\n                "2025-01-27",\n                "2025-02-05",\n                "2025-02-06",\n                "2025-02-07",\n                "2025-02-10",\n                "2025-02-11",\n                "2025-02-12",\n                "2025-02-13",\n                "2025-02-14",\n                "2025-02-17",\n                "2025-02-18",\n                "2025-02-19",\n                "2025-02-20",\n                "2025-02-21",\n                "2025-02-24",\n                "2025-02-25",\n                "2025-02-26",\n                "2025-02-27",\n                "2025-02-28",\n                "2025-03-03",\n                "2025-03-04",\n                "2025-03-05",\n                "2025-03-06",\n                "2025-03-07",\n                "2025-03-10",\n                "2025-03-11",\n                "2025-03-12",\n                "2025-03-13",\n                "2025-03-14",\n                "2025-03-17",\n                "2025-03-18",\n                "2025-03-19",\n                "2025-03-20",\n                "2025-03-21",\n                "2025-03-24",\n                "2025-03-25",\n                "2025-03-26",\n                "2025-03-27",\n                "2025-03-28",\n                "2025-03-31",\n                "2025-04-01",\n                "2025-04-02",\n                "2025-04-03",\n                "2025-04-07",\n                "2025-04-08",\n                "2025-04-09",\n                "2025-04-10",\n                "2025-04-11",\n                "2025-04-14",\n                "2025-04-15",\n                "2025-04-16",\n                "2025-04-17",\n                "2025-04-18",\n                "2025-04-21",\n                "2025-04-22",\n                "2025-04-23",\n                "2025-04-24",\n                "2025-04-25",\n                "2025-04-28",\n                "2025-04-29",\n                "2025-04-30",\n                "2025-05-06",\n                "2025-05-07",\n                "2025-05-08",\n                "2025-05-09",\n                "2025-05-12",\n                "2025-05-13",\n                "2025-05-14",\n                "2025-05-15",\n                "2025-05-16",\n                "2025-05-19",\n                "2025-05-20",\n                "2025-05-21",\n                "2025-05-22",\n                "2025-05-23",\n                "2025-05-26",\n                "2025-05-27",\n                "2025-05-28",\n                "2025-05-29",\n                "2025-05-30",\n                "2025-06-03",\n                "2025-06-04",\n                "2025-06-05",\n                "2025-06-06",\n                "2025-06-09",\n                "2025-06-10",\n                "2025-06-11",\n                "2025-06-12",\n                "2025-06-13",\n                "2025-06-16",\n                "2025-06-17",\n                "2025-06-18",\n                "2025-06-19",\n                "2025-06-20",\n                "2025-06-23",\n                "2025-06-24",\n                "2025-06-25",\n                "2025-06-26",\n                "2025-06-27",\n                "2025-06-30",\n                "2025-07-01",\n                "2025-07-02",\n                "2025-07-03",\n                "2025-07-04",\n                "2025-07-07",\n                "2025-07-08",\n                "2025-07-09",\n                "2025-07-10",\n                "2025-07-11",\n                "2025-07-14",\n                "2025-07-15",\n                "2025-07-16",\n                "2025-07-17",\n                "2025-07-18",\n                "2025-07-21",\n                "2025-07-22",\n                "2025-07-23",\n                "2025-07-24",\n                "2025-07-25",\n                "2025-07-28",\n                "2025-07-29",\n                "2025-07-30",\n                "2025-07-31",\n                "2025-08-01",\n                "2025-08-04",\n                "2025-08-05",\n                "2025-08-06",\n                "2025-08-07",\n                "2025-08-08",\n                "2025-08-11",\n                "2025-08-12",\n                "2025-08-13",\n                "2025-08-14",\n                "2025-08-15",\n                "2025-08-18",\n                "2025-08-19",\n                "2025-08-20",\n                "2025-08-21",\n                "2025-08-22",\n                "2025-08-25",\n                "2025-08-26",\n                "2025-08-27",\n                "2025-08-28",\n                "2025-08-29",\n                "2025-09-01",\n                "2025-09-02",\n                "2025-09-03",\n                "2025-09-04",\n                "2025-09-05",\n                "2025-09-08",\n                "2025-09-09",\n                "2025-09-10",\n                "2025-09-11",\n                "2025-09-12",\n                "2025-09-15",\n                "2025-09-16",\n                "2025-09-17",\n                "2025-09-18",\n                "2025-09-19",\n                "2025-09-22",\n                "2025-09-23",\n                "2025-09-24",\n                "2025-09-25",\n                "2025-09-26",\n                "2025-09-29",\n                "2025-09-30",\n                "2025-10-09",\n                "2025-10-10",\n                "2025-10-13",\n                "2025-10-14",\n                "2025-10-15",\n                "2025-10-16",\n                "2025-10-17",\n                "2025-10-20",\n                "2025-10-21",\n                "2025-10-22",\n                "2025-10-23",\n                "2025-10-24",\n                "2025-10-27",\n                "2025-10-28",\n                "2025-10-29",\n                "2025-10-30",\n                "2025-10-31",\n                "2025-11-03",\n                "2025-11-04",\n                "2025-11-05",\n                "2025-11-06",\n                "2025-11-07",\n                "2025-11-10",\n                "2025-11-11",\n                "2025-11-12",\n                "2025-11-13",\n                "2025-11-14",\n                "2025-11-17",\n                "2025-11-18",\n                "2025-11-19",\n                "2025-11-20",\n                "2025-11-21",\n                "2025-11-24",\n                "2025-11-25",\n                "2025-11-26",\n                "2025-11-27",\n                "2025-11-28",\n                "2025-12-01",\n                "2025-12-02",\n                "2025-12-03",\n                "2025-12-04",\n                "2025-12-05",\n                "2025-12-08",\n                "2025-12-09",\n                "2025-12-10",\n                "2025-12-11",\n                "2025-12-12",\n                "2025-12-15",\n                "2025-12-16",\n                "2025-12-17",\n                "2025-12-18",\n                "2025-12-19",\n                "2025-12-22",\n                "2025-12-23",\n                "2025-12-24",\n                "2025-12-25",\n                "2025-12-26",\n                "2025-12-29",\n                "2025-12-30",\n                "2025-12-31",\n                "2026-01-05",\n                "2026-01-06",\n                "2026-01-07",\n                "2026-01-08",\n                "2026-01-09",\n                "2026-01-12",\n                "2026-01-13",\n                "2026-01-14",\n                "2026-01-15",\n                "2026-01-16",\n                "2026-01-19",\n                "2026-01-20",\n                "2026-01-21",\n                "2026-01-22",\n                "2026-01-23",\n                "2026-01-26",\n                "2026-01-27",\n                "2026-01-28",\n                "2026-01-29",\n                "2026-01-30",\n                "2026-02-02",\n                "2026-02-03",\n                "2026-02-04",\n                "2026-02-05",\n                "2026-02-06",\n                "2026-02-09",\n                "2026-02-10",\n                "2026-02-11",\n                "2026-02-12",\n                "2026-02-13",\n                "2026-02-24",\n                "2026-02-25",\n                "2026-02-26",\n                "2026-02-27",\n                "2026-03-02",\n                "2026-03-03",\n                "2026-03-04",\n                "2026-03-05",\n                "2026-03-06",\n                "2026-03-09",\n                "2026-03-10",\n                "2026-03-11",\n                "2026-03-12",\n                "2026-03-13",\n                "2026-03-16",\n                "2026-03-17",\n                "2026-03-18",\n                "2026-03-19",\n                "2026-03-20",\n                "2026-03-23",\n                "2026-03-24",\n                "2026-03-25",\n                "2026-03-26",\n                "2026-03-27",\n                "2026-03-30",\n                "2026-03-31",\n                "2026-04-01",\n                "2026-04-02",\n                "2026-04-03",\n                "2026-04-07",\n                "2026-04-08",\n                "2026-04-09",\n                "2026-04-10",\n                "2026-04-13",\n                "2026-04-14",\n                "2026-04-15",\n                "2026-04-16"\n            ]\n        }\n    ],\n    "yAxis": [\n        {\n            "type": "value",\n            "show": true,\n            "scale": true,\n            "nameLocation": "end",\n            "nameGap": 15,\n            "nameTruncate": {},\n            "nameMoveOverlap": true,\n            "inverse": false,\n            "offset": 0,\n            "splitNumber": 5,\n            "minInterval": 0,\n            "silent": false,\n            "triggerEvent": false,\n            "splitLine": {\n                "show": true,\n                "lineStyle": {\n                    "show": false\n                }\n            },\n            "animation": true,\n            "animationThreshold": 2000,\n            "animationDuration": 1000,\n            "animationEasing": "cubicOut",\n            "animationDelay": 0,\n            "animationDurationUpdate": 300,\n            "animationEasingUpdate": "cubicOut",\n            "animationDelayUpdate": 0\n        }\n    ],\n    "title": [\n        {\n            "show": true,\n            "text": "\\u6d4b\\u8bd5\\u57fa\\u91d1 (110022) \\u51c0\\u503c\\u8d70\\u52bf",\n            "target": "blank",\n            "subtarget": "blank",\n            "padding": 5,\n            "itemGap": 10,\n            "textAlign": "auto",\n            "textVerticalAlign": "auto",\n            "triggerEvent": false\n        }\n    ],\n    "dataZoom": [\n        {\n            "show": true,\n            "type": "inside",\n            "showDetail": true,\n            "showDataShadow": true,\n            "realtime": true,\n            "start": 75,\n            "end": 100,\n            "orient": "horizontal",\n            "zoomLock": false,\n            "filterMode": "filter",\n            "disabled": false,\n            "zoomOnMouseWheel": true,\n            "moveOnMouseMove": true,\n            "moveOnMouseWheel": true,\n            "preventDefaultMouseMove": true\n        },\n        {\n            "show": true,\n            "type": "slider",\n            "showDetail": true,\n            "showDataShadow": true,\n            "realtime": true,\n            "start": 75,\n            "end": 100,\n            "orient": "horizontal",\n            "zoomLock": false,\n            "bottom": "2%",\n            "filterMode": "filter"\n        }\n    ]\n};chart.setOption(option);window.addEventListener(\'resize\', () => chart.resize());</script></body></html>' : 应包含 ma-controls-row DOM 标识

======================================================================
FAIL: test_dynamic_kline_ma_layout_contract_write_dynamic_chart_html (test_main_page_redesign.PageRedesignHelperTests.test_dynamic_kline_ma_layout_contract_write_dynamic_chart_html)
与 get_chart_html() 相同的断言，但通过 write_dynamic_chart_html 输出文件验证契约一致性
----------------------------------------------------------------------
Traceback (most recent call last):
  File "E:\ai_project\tests\test_main_page_redesign.py", line 146, in test_dynamic_kline_ma_layout_contract_write_dynamic_chart_html
    self.assertIn("ma-controls-row", html, "应包含 ma-controls-row DOM 标识（write_dynamic_chart_html 输出）")
    ~~~~~~~~~~~~~^^^^^^^^^^^^^^^^^^^^^^^^^^^^^^^^^^^^^^^^^^^^^^^^^^^^^^^^^^^^^^^^^^^^^^^^^^^^^^^^^^^^^^^^^^^^^
AssertionError: 'ma-controls-row' not found in '<!doctype html><html lang=\'zh-CN\'><head><meta charset=\'utf-8\'><meta name=\'viewport\' content=\'width=device-width, initial-scale=1\'><title>测试基金 (110022) 净值走势</title><script src="echarts.min.js"></script><style>html,body{margin:0;height:100%;background:#F0F2F5;}body{font-family:\'Microsoft YaHei UI\',\'Segoe UI\',sans-serif;color:#111827;}.page{height:100vh;display:flex;flex-direction:column;padding:16px;box-sizing:border-box;gap:12px;}.toolbar{display:flex;justify-content:space-between;align-items:center;gap:12px;flex-wrap:wrap;}.title{font-size:18px;font-weight:700;}.hint{font-size:12px;color:#6B7280;}.chart-card{flex:1;min-height:420px;background:#FFFFFF;border-radius:16px;box-shadow:0 8px 24px rgba(15,23,42,.08);padding:12px;box-sizing:border-box;}#dynamic-chart{width:100%;height:100%;}</style></head><body><div class=\'page\'><div class=\'toolbar\'><div class=\'title\'>测试基金 (110022) 净值走势</div><div class=\'hint\'>支持缩放、悬浮提示和图片导出</div></div><div class=\'chart-card\'><div id=\'dynamic-chart\'></div></div></div><script>const chart = echarts.init(document.getElementById(\'dynamic-chart\'), \'white\', {renderer: \'canvas\', locale: \'ZH\'});const option = {"series": [], "xAxis": []};chart.setOption(option);window.addEventListener(\'resize\', () => chart.resize());</script></body></html>' : 应包含 ma-controls-row DOM 标识（write_dynamic_chart_html 输出）

----------------------------------------------------------------------
Ran 17 tests in 0.440s

FAILED (failures=2)
